interactions:
- request:
    body: '{"notes": "Test setup for cherrydb-client-py test test_geo_layer_repo_create_get__online"}'
    headers:
      X-API-Key:
      - DUMMY
      accept:
      - '*/*'
      accept-encoding:
      - gzip, deflate
      connection:
      - keep-alive
      content-length:
      - '90'
      content-type:
      - application/json
      host:
      - localhost:8000
      user-agent:
      - cherrydb-client-py
    method: POST
    uri: http://localhost:8000/api/v1/meta/
  response:
    content: '{"detail":"Unknown API key."}'
    headers:
      content-length:
      - '29'
      content-type:
      - application/json
      date:
      - Tue, 21 Feb 2023 18:57:26 GMT
      server:
      - uvicorn
    http_version: HTTP/1.1
    status_code: 401
- request:
    body: '{"notes": "Test setup for cherrydb-client-py test test_geo_layer_repo_create_get__online"}'
    headers:
      X-API-Key:
      - DUMMY
      accept:
      - '*/*'
      accept-encoding:
      - gzip, deflate
      connection:
      - keep-alive
      content-length:
      - '90'
      content-type:
      - application/json
      host:
      - localhost:8000
      user-agent:
      - cherrydb-client-py
    method: POST
    uri: http://localhost:8000/api/v1/meta/
  response:
    content: '{"notes":"Test setup for cherrydb-client-py test test_geo_layer_repo_create_get__online","uuid":"71fe21a2-a577-4b73-96e5-2f02b65cd1fb","created_at":"2023-02-21T18:57:38.551466+00:00","created_by":"pjrule@me.com"}'
    headers:
      content-length:
      - '212'
      content-type:
      - application/json
      date:
      - Tue, 21 Feb 2023 18:57:38 GMT
      server:
      - uvicorn
    http_version: HTTP/1.1
    status_code: 201
- request:
    body: '{"path": "test_geo_layer_repo_create_get__online", "description": "cherrydb-client-py
      test test_geo_layer_repo_create_get__online", "public": true}'
    headers:
      X-API-Key:
      - DUMMY
      accept:
      - '*/*'
      accept-encoding:
      - gzip, deflate
      connection:
      - keep-alive
      content-length:
      - '147'
      content-type:
      - application/json
      host:
      - localhost:8000
      user-agent:
      - cherrydb-client-py
      x-cherry-meta-id:
      - 71fe21a2-a577-4b73-96e5-2f02b65cd1fb
    method: POST
    uri: http://localhost:8000/api/v1/namespaces/
  response:
    content: '{"path":"test_geo_layer_repo_create_get__online","description":"cherrydb-client-py
      test test_geo_layer_repo_create_get__online","public":true,"meta":{"notes":"Test
      setup for cherrydb-client-py test test_geo_layer_repo_create_get__online","uuid":"71fe21a2-a577-4b73-96e5-2f02b65cd1fb","created_at":"2023-02-21T18:57:38.551466+00:00","created_by":"pjrule@me.com"}}'
    headers:
      content-length:
      - '362'
      content-type:
      - application/json
      date:
      - Tue, 21 Feb 2023 18:57:38 GMT
      etag:
      - '"43a3515e-db3d-49a2-b268-32a822a08cc7"'
      server:
      - uvicorn
    http_version: HTTP/1.1
    status_code: 201
- request:
    body: '{"notes": "adding a geographic layer"}'
    headers:
      X-API-Key:
      - DUMMY
      accept:
      - '*/*'
      accept-encoding:
      - gzip, deflate
      connection:
      - keep-alive
      content-length:
      - '38'
      content-type:
      - application/json
      host:
      - localhost:8000
      user-agent:
      - cherrydb-client-py
    method: POST
    uri: http://localhost:8000/api/v1/meta/
  response:
    content: '{"notes":"adding a geographic layer","uuid":"299e4c50-4f0a-4b37-aa22-9cc84aa51a21","created_at":"2023-02-21T18:57:38.588686+00:00","created_by":"pjrule@me.com"}'
    headers:
      content-length:
      - '160'
      content-type:
      - application/json
      date:
      - Tue, 21 Feb 2023 18:57:38 GMT
      server:
      - uvicorn
    http_version: HTTP/1.1
    status_code: 201
- request:
    body: '{"path": "blocks/2020", "description": "2020 Census blocks", "source_url":
      "https://www.census.gov/"}'
    headers:
      X-API-Key:
      - DUMMY
      accept:
      - '*/*'
      accept-encoding:
      - gzip, deflate
      connection:
      - keep-alive
      content-length:
      - '101'
      content-type:
      - application/json
      host:
      - localhost:8000
      user-agent:
      - cherrydb-client-py
      x-cherry-meta-id:
      - 299e4c50-4f0a-4b37-aa22-9cc84aa51a21
    method: POST
    uri: http://localhost:8000/api/v1/layers/test_geo_layer_repo_create_get__online
  response:
    content: '{"path":"blocks/2020","description":"2020 Census blocks","source_url":null,"meta":{"notes":"adding
      a geographic layer","uuid":"299e4c50-4f0a-4b37-aa22-9cc84aa51a21","created_at":"2023-02-21T18:57:38.588686+00:00","created_by":"pjrule@me.com"},"namespace":"test_geo_layer_repo_create_get__online"}'
    headers:
      content-length:
      - '296'
      content-type:
      - application/json
      date:
      - Tue, 21 Feb 2023 18:57:38 GMT
      etag:
      - '"272e08e3-2c73-45fd-9a70-7b08afc68b1c"'
      server:
      - uvicorn
    http_version: HTTP/1.1
    status_code: 201
- request:
    body: ''
    headers:
      X-API-Key:
      - DUMMY
      accept:
      - '*/*'
      accept-encoding:
      - gzip, deflate
      connection:
      - keep-alive
      host:
      - localhost:8000
      if-none-match:
      - '"272e08e3-2c73-45fd-9a70-7b08afc68b1c"'
      user-agent:
      - cherrydb-client-py
    method: GET
    uri: http://localhost:8000/api/v1/layers/test_geo_layer_repo_create_get__online/blocks/2020
  response:
    content: '{"path":"blocks/2020","description":"2020 Census blocks","source_url":null,"meta":{"notes":"adding
      a geographic layer","uuid":"299e4c50-4f0a-4b37-aa22-9cc84aa51a21","created_at":"2023-02-21T18:57:38.588686+00:00","created_by":"pjrule@me.com"},"namespace":"test_geo_layer_repo_create_get__online"}'
    headers:
      content-length:
      - '296'
      content-type:
      - application/json
      date:
      - Tue, 21 Feb 2023 18:57:38 GMT
      etag:
      - '"272e08e3-2c73-45fd-9a70-7b08afc68b1c"'
      server:
      - uvicorn
    http_version: HTTP/1.1
    status_code: 200
- request:
    body: ''
    headers:
      X-API-Key:
      - DUMMY
      accept:
      - '*/*'
      accept-encoding:
      - gzip, deflate
      connection:
      - keep-alive
      host:
      - localhost:8000
      if-none-match:
      - '"272e08e3-2c73-45fd-9a70-7b08afc68b1c"'
      user-agent:
      - cherrydb-client-py
    method: GET
    uri: http://localhost:8000/api/v1/layers/test_geo_layer_repo_create_get__online/blocks/2020
  response:
    content: '{"path":"blocks/2020","description":"2020 Census blocks","source_url":null,"meta":{"notes":"adding
      a geographic layer","uuid":"299e4c50-4f0a-4b37-aa22-9cc84aa51a21","created_at":"2023-02-21T18:57:38.588686+00:00","created_by":"pjrule@me.com"},"namespace":"test_geo_layer_repo_create_get__online"}'
    headers:
      content-length:
      - '296'
      content-type:
      - application/json
      date:
      - Tue, 21 Feb 2023 18:57:38 GMT
      etag:
      - '"272e08e3-2c73-45fd-9a70-7b08afc68b1c"'
      server:
      - uvicorn
    http_version: HTTP/1.1
    status_code: 200
- request:
    body: '{"notes": "Test setup for cherrydb-client-py test test_geo_layer_repo_create_get__online"}'
    headers:
      X-API-Key:
      - DUMMY
      accept:
      - '*/*'
      accept-encoding:
      - gzip, deflate
      connection:
      - keep-alive
      content-length:
      - '90'
      content-type:
      - application/json
      host:
      - localhost:8000
      user-agent:
      - cherrydb-client-py
    method: POST
    uri: http://localhost:8000/api/v1/meta/
  response:
    content: '{"notes":"Test setup for cherrydb-client-py test test_geo_layer_repo_create_get__online","uuid":"4044cfde-0e38-412e-8933-3e7ce582306e","created_at":"2023-02-21T19:35:54.671804+00:00","created_by":"pjrule@me.com"}'
    headers:
      content-length:
      - '212'
      content-type:
      - application/json
      date:
      - Tue, 21 Feb 2023 19:35:54 GMT
      server:
      - uvicorn
    http_version: HTTP/1.1
    status_code: 201
- request:
    body: '{"path": "test_geo_layer_repo_create_get__online", "description": "cherrydb-client-py
      test test_geo_layer_repo_create_get__online", "public": true}'
    headers:
      X-API-Key:
      - DUMMY
      accept:
      - '*/*'
      accept-encoding:
      - gzip, deflate
      connection:
      - keep-alive
      content-length:
      - '147'
      content-type:
      - application/json
      host:
      - localhost:8000
      user-agent:
      - cherrydb-client-py
      x-cherry-meta-id:
      - 4044cfde-0e38-412e-8933-3e7ce582306e
    method: POST
    uri: http://localhost:8000/api/v1/namespaces/
  response:
    content: '{"path":"test_geo_layer_repo_create_get__online","description":"cherrydb-client-py
      test test_geo_layer_repo_create_get__online","public":true,"meta":{"notes":"Test
      setup for cherrydb-client-py test test_geo_layer_repo_create_get__online","uuid":"4044cfde-0e38-412e-8933-3e7ce582306e","created_at":"2023-02-21T19:35:54.671804+00:00","created_by":"pjrule@me.com"}}'
    headers:
      content-length:
      - '362'
      content-type:
      - application/json
      date:
      - Tue, 21 Feb 2023 19:35:54 GMT
      etag:
      - '"2ec82e5f-260e-4fe0-9f8d-c6477df2cf24"'
      server:
      - uvicorn
    http_version: HTTP/1.1
    status_code: 201
- request:
    body: '{"notes": "adding a geographic layer"}'
    headers:
      X-API-Key:
      - DUMMY
      accept:
      - '*/*'
      accept-encoding:
      - gzip, deflate
      connection:
      - keep-alive
      content-length:
      - '38'
      content-type:
      - application/json
      host:
      - localhost:8000
      user-agent:
      - cherrydb-client-py
    method: POST
    uri: http://localhost:8000/api/v1/meta/
  response:
    content: '{"notes":"adding a geographic layer","uuid":"bb1a7a05-a8d6-473b-88a4-36e7bce22d60","created_at":"2023-02-21T19:35:54.713291+00:00","created_by":"pjrule@me.com"}'
    headers:
      content-length:
      - '160'
      content-type:
      - application/json
      date:
      - Tue, 21 Feb 2023 19:35:54 GMT
      server:
      - uvicorn
    http_version: HTTP/1.1
    status_code: 201
- request:
    body: '{"notes": "Test setup for cherrydb-client-py test test_geo_layer_repo_create_get__online"}'
    headers:
      X-API-Key:
      - DUMMY
      accept:
      - '*/*'
      accept-encoding:
      - gzip, deflate
      connection:
      - keep-alive
      content-length:
      - '90'
      content-type:
      - application/json
      host:
      - localhost:8000
      user-agent:
      - cherrydb-client-py
    method: POST
    uri: http://localhost:8000/api/v1/meta/
  response:
    content: '{"notes":"Test setup for cherrydb-client-py test test_geo_layer_repo_create_get__online","uuid":"8fd5e1b0-9f2c-4df9-a866-4f84f4aed464","created_at":"2023-02-21T19:39:53.605512+00:00","created_by":"pjrule@me.com"}'
    headers:
      content-length:
      - '212'
      content-type:
      - application/json
      date:
      - Tue, 21 Feb 2023 19:39:53 GMT
      server:
      - uvicorn
    http_version: HTTP/1.1
    status_code: 201
- request:
    body: '{"path": "test_geo_layer_repo_create_get__online", "description": "cherrydb-client-py
      test test_geo_layer_repo_create_get__online", "public": true}'
    headers:
      X-API-Key:
      - DUMMY
      accept:
      - '*/*'
      accept-encoding:
      - gzip, deflate
      connection:
      - keep-alive
      content-length:
      - '147'
      content-type:
      - application/json
      host:
      - localhost:8000
      user-agent:
      - cherrydb-client-py
      x-cherry-meta-id:
      - 8fd5e1b0-9f2c-4df9-a866-4f84f4aed464
    method: POST
    uri: http://localhost:8000/api/v1/namespaces/
  response:
    content: '{"detail":"Object creation failed. Reason: Failed to create namespace
      ''test_geo_layer_repo_create_get__online''. (The namespace may already exist.)"}'
    headers:
      content-length:
      - '148'
      content-type:
      - application/json
      date:
      - Tue, 21 Feb 2023 19:39:53 GMT
      server:
      - uvicorn
    http_version: HTTP/1.1
    status_code: 422
- request:
    body: '{"notes": "Test setup for cherrydb-client-py test test_geo_layer_repo_create_get__online"}'
    headers:
      X-API-Key:
      - DUMMY
      accept:
      - '*/*'
      accept-encoding:
      - gzip, deflate
      connection:
      - keep-alive
      content-length:
      - '90'
      content-type:
      - application/json
      host:
      - localhost:8000
      user-agent:
      - cherrydb-client-py
    method: POST
    uri: http://localhost:8000/api/v1/meta/
  response:
    content: '{"notes":"Test setup for cherrydb-client-py test test_geo_layer_repo_create_get__online","uuid":"0c529a25-dbfc-48cc-b926-72a0c4f6fd16","created_at":"2023-02-21T19:40:01.173917+00:00","created_by":"pjrule@me.com"}'
    headers:
      content-length:
      - '212'
      content-type:
      - application/json
      date:
      - Tue, 21 Feb 2023 19:40:00 GMT
      server:
      - uvicorn
    http_version: HTTP/1.1
    status_code: 201
- request:
    body: '{"path": "test_geo_layer_repo_create_get__online", "description": "cherrydb-client-py
      test test_geo_layer_repo_create_get__online", "public": true}'
    headers:
      X-API-Key:
      - DUMMY
      accept:
      - '*/*'
      accept-encoding:
      - gzip, deflate
      connection:
      - keep-alive
      content-length:
      - '147'
      content-type:
      - application/json
      host:
      - localhost:8000
      user-agent:
      - cherrydb-client-py
      x-cherry-meta-id:
      - 0c529a25-dbfc-48cc-b926-72a0c4f6fd16
    method: POST
    uri: http://localhost:8000/api/v1/namespaces/
  response:
    content: '{"path":"test_geo_layer_repo_create_get__online","description":"cherrydb-client-py
      test test_geo_layer_repo_create_get__online","public":true,"meta":{"notes":"Test
      setup for cherrydb-client-py test test_geo_layer_repo_create_get__online","uuid":"0c529a25-dbfc-48cc-b926-72a0c4f6fd16","created_at":"2023-02-21T19:40:01.173917+00:00","created_by":"pjrule@me.com"}}'
    headers:
      content-length:
      - '362'
      content-type:
      - application/json
      date:
      - Tue, 21 Feb 2023 19:40:00 GMT
      etag:
      - '"c97d56d8-a70e-4231-86e8-6a7bce2a1e30"'
      server:
      - uvicorn
    http_version: HTTP/1.1
    status_code: 201
- request:
    body: '{"notes": "adding a geographic layer"}'
    headers:
      X-API-Key:
      - DUMMY
      accept:
      - '*/*'
      accept-encoding:
      - gzip, deflate
      connection:
      - keep-alive
      content-length:
      - '38'
      content-type:
      - application/json
      host:
      - localhost:8000
      user-agent:
      - cherrydb-client-py
    method: POST
    uri: http://localhost:8000/api/v1/meta/
  response:
    content: '{"notes":"adding a geographic layer","uuid":"0176969c-2c9d-45b1-a507-0c07bfe80035","created_at":"2023-02-21T19:40:01.221582+00:00","created_by":"pjrule@me.com"}'
    headers:
      content-length:
      - '160'
      content-type:
      - application/json
      date:
      - Tue, 21 Feb 2023 19:40:00 GMT
      server:
      - uvicorn
    http_version: HTTP/1.1
    status_code: 201
- request:
    body: '{"notes": "Test setup for cherrydb-client-py test test_geo_layer_repo_create_get__online"}'
    headers:
      X-API-Key:
      - DUMMY
      accept:
      - '*/*'
      accept-encoding:
      - gzip, deflate
      connection:
      - keep-alive
      content-length:
      - '90'
      content-type:
      - application/json
      host:
      - localhost:8000
      user-agent:
      - cherrydb-client-py
    method: POST
    uri: http://localhost:8000/api/v1/meta/
  response:
    content: '{"notes":"Test setup for cherrydb-client-py test test_geo_layer_repo_create_get__online","uuid":"26d3c61e-0a7c-47d9-97f4-fd924d0a09d7","created_at":"2023-02-21T19:40:44.361115+00:00","created_by":"pjrule@me.com"}'
    headers:
      content-length:
      - '212'
      content-type:
      - application/json
      date:
      - Tue, 21 Feb 2023 19:40:44 GMT
      server:
      - uvicorn
    http_version: HTTP/1.1
    status_code: 201
- request:
    body: '{"path": "test_geo_layer_repo_create_get__online", "description": "cherrydb-client-py
      test test_geo_layer_repo_create_get__online", "public": true}'
    headers:
      X-API-Key:
      - DUMMY
      accept:
      - '*/*'
      accept-encoding:
      - gzip, deflate
      connection:
      - keep-alive
      content-length:
      - '147'
      content-type:
      - application/json
      host:
      - localhost:8000
      user-agent:
      - cherrydb-client-py
      x-cherry-meta-id:
      - 26d3c61e-0a7c-47d9-97f4-fd924d0a09d7
    method: POST
    uri: http://localhost:8000/api/v1/namespaces/
  response:
    content: '{"path":"test_geo_layer_repo_create_get__online","description":"cherrydb-client-py
      test test_geo_layer_repo_create_get__online","public":true,"meta":{"notes":"Test
      setup for cherrydb-client-py test test_geo_layer_repo_create_get__online","uuid":"26d3c61e-0a7c-47d9-97f4-fd924d0a09d7","created_at":"2023-02-21T19:40:44.361115+00:00","created_by":"pjrule@me.com"}}'
    headers:
      content-length:
      - '362'
      content-type:
      - application/json
      date:
      - Tue, 21 Feb 2023 19:40:44 GMT
      etag:
      - '"21b5bca4-7713-4ef5-a162-3c965b744213"'
      server:
      - uvicorn
    http_version: HTTP/1.1
    status_code: 201
- request:
    body: '{"notes": "adding a geographic layer"}'
    headers:
      X-API-Key:
      - DUMMY
      accept:
      - '*/*'
      accept-encoding:
      - gzip, deflate
      connection:
      - keep-alive
      content-length:
      - '38'
      content-type:
      - application/json
      host:
      - localhost:8000
      user-agent:
      - cherrydb-client-py
    method: POST
    uri: http://localhost:8000/api/v1/meta/
  response:
    content: '{"notes":"adding a geographic layer","uuid":"4e6d18af-4d9c-4fd0-bb23-c8f059f6410e","created_at":"2023-02-21T19:40:44.523803+00:00","created_by":"pjrule@me.com"}'
    headers:
      content-length:
      - '160'
      content-type:
      - application/json
      date:
      - Tue, 21 Feb 2023 19:40:44 GMT
      server:
      - uvicorn
    http_version: HTTP/1.1
    status_code: 201
- request:
    body: '{"path": "blocks/2020", "description": "2020 Census blocks", "source_url":
      "https://www.census.gov/"}'
    headers:
      X-API-Key:
      - DUMMY
      accept:
      - '*/*'
      accept-encoding:
      - gzip, deflate
      connection:
      - keep-alive
      content-length:
      - '101'
      content-type:
      - application/json
      host:
      - localhost:8000
      user-agent:
      - cherrydb-client-py
      x-cherry-meta-id:
      - 4e6d18af-4d9c-4fd0-bb23-c8f059f6410e
    method: POST
    uri: http://localhost:8000/api/v1/layers/test_geo_layer_repo_create_get__online
  response:
    content: '{"path":"blocks/2020","description":"2020 Census blocks","source_url":null,"meta":{"notes":"adding
      a geographic layer","uuid":"4e6d18af-4d9c-4fd0-bb23-c8f059f6410e","created_at":"2023-02-21T19:40:44.523803+00:00","created_by":"pjrule@me.com"},"namespace":"test_geo_layer_repo_create_get__online"}'
    headers:
      content-length:
      - '296'
      content-type:
      - application/json
      date:
      - Tue, 21 Feb 2023 19:40:44 GMT
      etag:
      - '"0f887d3c-835f-4a94-8bb7-c9dd9c6d4514"'
      server:
      - uvicorn
    http_version: HTTP/1.1
    status_code: 201
- request:
    body: '{"notes": "Test setup for cherrydb-client-py test test_geo_layer_repo_create_get__online"}'
    headers:
      X-API-Key:
      - DUMMY
      accept:
      - '*/*'
      accept-encoding:
      - gzip, deflate
      connection:
      - keep-alive
      content-length:
      - '90'
      content-type:
      - application/json
      host:
      - localhost:8000
      user-agent:
      - cherrydb-client-py
    method: POST
    uri: http://localhost:8000/api/v1/meta/
  response:
    content: '{"notes":"Test setup for cherrydb-client-py test test_geo_layer_repo_create_get__online","uuid":"cc3114da-892b-49c8-b1cc-7133e5211bfb","created_at":"2023-02-21T19:42:08.085016+00:00","created_by":"pjrule@me.com"}'
    headers:
      content-length:
      - '212'
      content-type:
      - application/json
      date:
      - Tue, 21 Feb 2023 19:42:07 GMT
      server:
      - uvicorn
    http_version: HTTP/1.1
    status_code: 201
- request:
    body: '{"path": "test_geo_layer_repo_create_get__online", "description": "cherrydb-client-py
      test test_geo_layer_repo_create_get__online", "public": true}'
    headers:
      X-API-Key:
      - DUMMY
      accept:
      - '*/*'
      accept-encoding:
      - gzip, deflate
      connection:
      - keep-alive
      content-length:
      - '147'
      content-type:
      - application/json
      host:
      - localhost:8000
      user-agent:
      - cherrydb-client-py
      x-cherry-meta-id:
      - cc3114da-892b-49c8-b1cc-7133e5211bfb
    method: POST
    uri: http://localhost:8000/api/v1/namespaces/
  response:
    content: '{"path":"test_geo_layer_repo_create_get__online","description":"cherrydb-client-py
      test test_geo_layer_repo_create_get__online","public":true,"meta":{"notes":"Test
      setup for cherrydb-client-py test test_geo_layer_repo_create_get__online","uuid":"cc3114da-892b-49c8-b1cc-7133e5211bfb","created_at":"2023-02-21T19:42:08.085016+00:00","created_by":"pjrule@me.com"}}'
    headers:
      content-length:
      - '362'
      content-type:
      - application/json
      date:
      - Tue, 21 Feb 2023 19:42:07 GMT
      etag:
      - '"142f3d76-0a07-4704-8afc-c47c0d5c261c"'
      server:
      - uvicorn
    http_version: HTTP/1.1
    status_code: 201
- request:
    body: '{"notes": "adding a geographic layer"}'
    headers:
      X-API-Key:
      - DUMMY
      accept:
      - '*/*'
      accept-encoding:
      - gzip, deflate
      connection:
      - keep-alive
      content-length:
      - '38'
      content-type:
      - application/json
      host:
      - localhost:8000
      user-agent:
      - cherrydb-client-py
    method: POST
    uri: http://localhost:8000/api/v1/meta/
  response:
    content: '{"notes":"adding a geographic layer","uuid":"cfcc6c27-f441-4854-acfa-4796301e8e5d","created_at":"2023-02-21T19:42:08.124820+00:00","created_by":"pjrule@me.com"}'
    headers:
      content-length:
      - '160'
      content-type:
      - application/json
      date:
      - Tue, 21 Feb 2023 19:42:07 GMT
      server:
      - uvicorn
    http_version: HTTP/1.1
    status_code: 201
- request:
    body: '{"path": "blocks/2020", "description": "2020 Census blocks", "source_url":
      "https://www.census.gov/"}'
    headers:
      X-API-Key:
      - DUMMY
      accept:
      - '*/*'
      accept-encoding:
      - gzip, deflate
      connection:
      - keep-alive
      content-length:
      - '101'
      content-type:
      - application/json
      host:
      - localhost:8000
      user-agent:
      - cherrydb-client-py
      x-cherry-meta-id:
      - cfcc6c27-f441-4854-acfa-4796301e8e5d
    method: POST
    uri: http://localhost:8000/api/v1/layers/test_geo_layer_repo_create_get__online
  response:
    content: '{"path":"blocks/2020","description":"2020 Census blocks","source_url":null,"meta":{"notes":"adding
      a geographic layer","uuid":"cfcc6c27-f441-4854-acfa-4796301e8e5d","created_at":"2023-02-21T19:42:08.124820+00:00","created_by":"pjrule@me.com"},"namespace":"test_geo_layer_repo_create_get__online"}'
    headers:
      content-length:
      - '296'
      content-type:
      - application/json
      date:
      - Tue, 21 Feb 2023 19:42:07 GMT
      etag:
      - '"571e36fc-fe0e-425d-9450-c21fdff0ee96"'
      server:
      - uvicorn
    http_version: HTTP/1.1
    status_code: 201
- request:
    body: '{"notes": "Test setup for cherrydb-client-py test test_geo_layer_repo_create_get__online"}'
    headers:
      X-API-Key:
      - DUMMY
      accept:
      - '*/*'
      accept-encoding:
      - gzip, deflate
      connection:
      - keep-alive
      content-length:
      - '90'
      content-type:
      - application/json
      host:
      - localhost:8000
      user-agent:
      - cherrydb-client-py
    method: POST
    uri: http://localhost:8000/api/v1/meta/
  response:
    content: '{"notes":"Test setup for cherrydb-client-py test test_geo_layer_repo_create_get__online","uuid":"084360f5-4798-491a-9b10-c8a2ea42e1c3","created_at":"2023-02-21T19:42:49.420180+00:00","created_by":"pjrule@me.com"}'
    headers:
      content-length:
      - '212'
      content-type:
      - application/json
      date:
      - Tue, 21 Feb 2023 19:42:49 GMT
      server:
      - uvicorn
    http_version: HTTP/1.1
    status_code: 201
- request:
    body: '{"path": "test_geo_layer_repo_create_get__online", "description": "cherrydb-client-py
      test test_geo_layer_repo_create_get__online", "public": true}'
    headers:
      X-API-Key:
      - DUMMY
      accept:
      - '*/*'
      accept-encoding:
      - gzip, deflate
      connection:
      - keep-alive
      content-length:
      - '147'
      content-type:
      - application/json
      host:
      - localhost:8000
      user-agent:
      - cherrydb-client-py
      x-cherry-meta-id:
      - 084360f5-4798-491a-9b10-c8a2ea42e1c3
    method: POST
    uri: http://localhost:8000/api/v1/namespaces/
  response:
    content: '{"detail":"Object creation failed. Reason: Failed to create namespace
      ''test_geo_layer_repo_create_get__online''. (The namespace may already exist.)"}'
    headers:
      content-length:
      - '148'
      content-type:
      - application/json
      date:
      - Tue, 21 Feb 2023 19:42:49 GMT
      server:
      - uvicorn
    http_version: HTTP/1.1
    status_code: 422
- request:
    body: '{"notes": "Test setup for cherrydb-client-py test test_geo_layer_repo_create_get__online"}'
    headers:
      X-API-Key:
      - DUMMY
      accept:
      - '*/*'
      accept-encoding:
      - gzip, deflate
      connection:
      - keep-alive
      content-length:
      - '90'
      content-type:
      - application/json
      host:
      - localhost:8000
      user-agent:
      - cherrydb-client-py
    method: POST
    uri: http://localhost:8000/api/v1/meta/
  response:
    content: '{"notes":"Test setup for cherrydb-client-py test test_geo_layer_repo_create_get__online","uuid":"3f0266f7-6d72-4e4e-a043-a0d30176a3e7","created_at":"2023-02-21T19:42:58.193202+00:00","created_by":"pjrule@me.com"}'
    headers:
      content-length:
      - '212'
      content-type:
      - application/json
      date:
      - Tue, 21 Feb 2023 19:42:57 GMT
      server:
      - uvicorn
    http_version: HTTP/1.1
    status_code: 201
- request:
    body: '{"path": "test_geo_layer_repo_create_get__online", "description": "cherrydb-client-py
      test test_geo_layer_repo_create_get__online", "public": true}'
    headers:
      X-API-Key:
      - DUMMY
      accept:
      - '*/*'
      accept-encoding:
      - gzip, deflate
      connection:
      - keep-alive
      content-length:
      - '147'
      content-type:
      - application/json
      host:
      - localhost:8000
      user-agent:
      - cherrydb-client-py
      x-cherry-meta-id:
      - 3f0266f7-6d72-4e4e-a043-a0d30176a3e7
    method: POST
    uri: http://localhost:8000/api/v1/namespaces/
  response:
    content: '{"path":"test_geo_layer_repo_create_get__online","description":"cherrydb-client-py
      test test_geo_layer_repo_create_get__online","public":true,"meta":{"notes":"Test
      setup for cherrydb-client-py test test_geo_layer_repo_create_get__online","uuid":"3f0266f7-6d72-4e4e-a043-a0d30176a3e7","created_at":"2023-02-21T19:42:58.193202+00:00","created_by":"pjrule@me.com"}}'
    headers:
      content-length:
      - '362'
      content-type:
      - application/json
      date:
      - Tue, 21 Feb 2023 19:42:57 GMT
      etag:
      - '"e9de5c08-b602-4f6b-807d-ca63a69c6cc2"'
      server:
      - uvicorn
    http_version: HTTP/1.1
    status_code: 201
- request:
    body: '{"notes": "adding a geographic layer"}'
    headers:
      X-API-Key:
      - DUMMY
      accept:
      - '*/*'
      accept-encoding:
      - gzip, deflate
      connection:
      - keep-alive
      content-length:
      - '38'
      content-type:
      - application/json
      host:
      - localhost:8000
      user-agent:
      - cherrydb-client-py
    method: POST
    uri: http://localhost:8000/api/v1/meta/
  response:
    content: '{"notes":"adding a geographic layer","uuid":"ed217696-eb47-41c1-b6f1-9763333d5926","created_at":"2023-02-21T19:42:58.232779+00:00","created_by":"pjrule@me.com"}'
    headers:
      content-length:
      - '160'
      content-type:
      - application/json
      date:
      - Tue, 21 Feb 2023 19:42:57 GMT
      server:
      - uvicorn
    http_version: HTTP/1.1
    status_code: 201
- request:
    body: '{"path": "blocks/2020", "description": "2020 Census blocks", "source_url":
      "https://www.census.gov/"}'
    headers:
      X-API-Key:
      - DUMMY
      accept:
      - '*/*'
      accept-encoding:
      - gzip, deflate
      connection:
      - keep-alive
      content-length:
      - '101'
      content-type:
      - application/json
      host:
      - localhost:8000
      user-agent:
      - cherrydb-client-py
      x-cherry-meta-id:
      - ed217696-eb47-41c1-b6f1-9763333d5926
    method: POST
    uri: http://localhost:8000/api/v1/layers/test_geo_layer_repo_create_get__online
  response:
    content: '{"path":"blocks/2020","description":"2020 Census blocks","source_url":null,"meta":{"notes":"adding
      a geographic layer","uuid":"ed217696-eb47-41c1-b6f1-9763333d5926","created_at":"2023-02-21T19:42:58.232779+00:00","created_by":"pjrule@me.com"},"namespace":"test_geo_layer_repo_create_get__online"}'
    headers:
      content-length:
      - '296'
      content-type:
      - application/json
      date:
      - Tue, 21 Feb 2023 19:42:57 GMT
      etag:
      - '"881aa129-70ca-416b-ab1d-8ce48a856b07"'
      server:
      - uvicorn
    http_version: HTTP/1.1
    status_code: 201
- request:
    body: '{"notes": "Test setup for cherrydb-client-py test test_geo_layer_repo_create_get__online"}'
    headers:
      X-API-Key:
      - DUMMY
      accept:
      - '*/*'
      accept-encoding:
      - gzip, deflate
      connection:
      - keep-alive
      content-length:
      - '90'
      content-type:
      - application/json
      host:
      - localhost:8000
      user-agent:
      - cherrydb-client-py
    method: POST
    uri: http://localhost:8000/api/v1/meta/
  response:
    content: '{"notes":"Test setup for cherrydb-client-py test test_geo_layer_repo_create_get__online","uuid":"b30abb42-00a7-43a0-8f46-e014b9ea4ba1","created_at":"2023-02-21T19:43:37.176155+00:00","created_by":"pjrule@me.com"}'
    headers:
      content-length:
      - '212'
      content-type:
      - application/json
      date:
      - Tue, 21 Feb 2023 19:43:36 GMT
      server:
      - uvicorn
    http_version: HTTP/1.1
    status_code: 201
- request:
    body: '{"path": "test_geo_layer_repo_create_get__online", "description": "cherrydb-client-py
      test test_geo_layer_repo_create_get__online", "public": true}'
    headers:
      X-API-Key:
      - DUMMY
      accept:
      - '*/*'
      accept-encoding:
      - gzip, deflate
      connection:
      - keep-alive
      content-length:
      - '147'
      content-type:
      - application/json
      host:
      - localhost:8000
      user-agent:
      - cherrydb-client-py
      x-cherry-meta-id:
      - b30abb42-00a7-43a0-8f46-e014b9ea4ba1
    method: POST
    uri: http://localhost:8000/api/v1/namespaces/
  response:
    content: '{"detail":"Object creation failed. Reason: Failed to create namespace
      ''test_geo_layer_repo_create_get__online''. (The namespace may already exist.)"}'
    headers:
      content-length:
      - '148'
      content-type:
      - application/json
      date:
      - Tue, 21 Feb 2023 19:43:36 GMT
      server:
      - uvicorn
    http_version: HTTP/1.1
    status_code: 422
- request:
    body: '{"notes": "Test setup for cherrydb-client-py test test_geo_layer_repo_create_get__online"}'
    headers:
      X-API-Key:
      - DUMMY
      accept:
      - '*/*'
      accept-encoding:
      - gzip, deflate
      connection:
      - keep-alive
      content-length:
      - '90'
      content-type:
      - application/json
      host:
      - localhost:8000
      user-agent:
      - cherrydb-client-py
    method: POST
    uri: http://localhost:8000/api/v1/meta/
  response:
    content: '{"notes":"Test setup for cherrydb-client-py test test_geo_layer_repo_create_get__online","uuid":"d8ca3c72-f4c6-484b-b215-e86e91fe9cf6","created_at":"2023-02-21T19:43:42.029518+00:00","created_by":"pjrule@me.com"}'
    headers:
      content-length:
      - '212'
      content-type:
      - application/json
      date:
      - Tue, 21 Feb 2023 19:43:41 GMT
      server:
      - uvicorn
    http_version: HTTP/1.1
    status_code: 201
- request:
    body: '{"path": "test_geo_layer_repo_create_get__online", "description": "cherrydb-client-py
      test test_geo_layer_repo_create_get__online", "public": true}'
    headers:
      X-API-Key:
      - DUMMY
      accept:
      - '*/*'
      accept-encoding:
      - gzip, deflate
      connection:
      - keep-alive
      content-length:
      - '147'
      content-type:
      - application/json
      host:
      - localhost:8000
      user-agent:
      - cherrydb-client-py
      x-cherry-meta-id:
      - d8ca3c72-f4c6-484b-b215-e86e91fe9cf6
    method: POST
    uri: http://localhost:8000/api/v1/namespaces/
  response:
    content: '{"path":"test_geo_layer_repo_create_get__online","description":"cherrydb-client-py
      test test_geo_layer_repo_create_get__online","public":true,"meta":{"notes":"Test
      setup for cherrydb-client-py test test_geo_layer_repo_create_get__online","uuid":"d8ca3c72-f4c6-484b-b215-e86e91fe9cf6","created_at":"2023-02-21T19:43:42.029518+00:00","created_by":"pjrule@me.com"}}'
    headers:
      content-length:
      - '362'
      content-type:
      - application/json
      date:
      - Tue, 21 Feb 2023 19:43:41 GMT
      etag:
      - '"39bd17ca-dd95-4124-aa88-fca6b7417c5c"'
      server:
      - uvicorn
    http_version: HTTP/1.1
    status_code: 201
- request:
    body: '{"notes": "adding a geographic layer"}'
    headers:
      X-API-Key:
      - DUMMY
      accept:
      - '*/*'
      accept-encoding:
      - gzip, deflate
      connection:
      - keep-alive
      content-length:
      - '38'
      content-type:
      - application/json
      host:
      - localhost:8000
      user-agent:
      - cherrydb-client-py
    method: POST
    uri: http://localhost:8000/api/v1/meta/
  response:
    content: '{"notes":"adding a geographic layer","uuid":"2a8f42be-866b-4340-9302-287a980007ee","created_at":"2023-02-21T19:43:42.082872+00:00","created_by":"pjrule@me.com"}'
    headers:
      content-length:
      - '160'
      content-type:
      - application/json
      date:
      - Tue, 21 Feb 2023 19:43:41 GMT
      server:
      - uvicorn
    http_version: HTTP/1.1
    status_code: 201
- request:
    body: '{"path": "blocks/2020", "description": "2020 Census blocks", "source_url":
      "https://www.census.gov/"}'
    headers:
      X-API-Key:
      - DUMMY
      accept:
      - '*/*'
      accept-encoding:
      - gzip, deflate
      connection:
      - keep-alive
      content-length:
      - '101'
      content-type:
      - application/json
      host:
      - localhost:8000
      user-agent:
      - cherrydb-client-py
      x-cherry-meta-id:
      - 2a8f42be-866b-4340-9302-287a980007ee
    method: POST
    uri: http://localhost:8000/api/v1/layers/test_geo_layer_repo_create_get__online
  response:
    content: '{"path":"blocks/2020","description":"2020 Census blocks","source_url":null,"meta":{"notes":"adding
      a geographic layer","uuid":"2a8f42be-866b-4340-9302-287a980007ee","created_at":"2023-02-21T19:43:42.082872+00:00","created_by":"pjrule@me.com"},"namespace":"test_geo_layer_repo_create_get__online"}'
    headers:
      content-length:
      - '296'
      content-type:
      - application/json
      date:
      - Tue, 21 Feb 2023 19:43:41 GMT
      etag:
      - '"bb1355fb-775c-4a51-96b3-ed502b721f5a"'
      server:
      - uvicorn
    http_version: HTTP/1.1
    status_code: 201
- request:
    body: '{"notes": "Test setup for cherrydb-client-py test test_geo_layer_repo_create_get__online"}'
    headers:
      X-API-Key:
      - DUMMY
      accept:
      - '*/*'
      accept-encoding:
      - gzip, deflate
      connection:
      - keep-alive
      content-length:
      - '90'
      content-type:
      - application/json
      host:
      - localhost:8000
      user-agent:
      - cherrydb-client-py
    method: POST
    uri: http://localhost:8000/api/v1/meta/
  response:
    content: '{"notes":"Test setup for cherrydb-client-py test test_geo_layer_repo_create_get__online","uuid":"15f5dc2b-c70f-41c4-8efa-2db406104d87","created_at":"2023-02-21T19:44:40.891223+00:00","created_by":"pjrule@me.com"}'
    headers:
      content-length:
      - '212'
      content-type:
      - application/json
      date:
      - Tue, 21 Feb 2023 19:44:40 GMT
      server:
      - uvicorn
    http_version: HTTP/1.1
    status_code: 201
- request:
    body: '{"path": "test_geo_layer_repo_create_get__online", "description": "cherrydb-client-py
      test test_geo_layer_repo_create_get__online", "public": true}'
    headers:
      X-API-Key:
      - DUMMY
      accept:
      - '*/*'
      accept-encoding:
      - gzip, deflate
      connection:
      - keep-alive
      content-length:
      - '147'
      content-type:
      - application/json
      host:
      - localhost:8000
      user-agent:
      - cherrydb-client-py
      x-cherry-meta-id:
      - 15f5dc2b-c70f-41c4-8efa-2db406104d87
    method: POST
    uri: http://localhost:8000/api/v1/namespaces/
  response:
    content: '{"path":"test_geo_layer_repo_create_get__online","description":"cherrydb-client-py
      test test_geo_layer_repo_create_get__online","public":true,"meta":{"notes":"Test
      setup for cherrydb-client-py test test_geo_layer_repo_create_get__online","uuid":"15f5dc2b-c70f-41c4-8efa-2db406104d87","created_at":"2023-02-21T19:44:40.891223+00:00","created_by":"pjrule@me.com"}}'
    headers:
      content-length:
      - '362'
      content-type:
      - application/json
      date:
      - Tue, 21 Feb 2023 19:44:40 GMT
      etag:
      - '"078b6265-3c18-4dc5-8e0f-f37e87804b88"'
      server:
      - uvicorn
    http_version: HTTP/1.1
    status_code: 201
- request:
    body: '{"notes": "adding a geographic layer"}'
    headers:
      X-API-Key:
      - DUMMY
      accept:
      - '*/*'
      accept-encoding:
      - gzip, deflate
      connection:
      - keep-alive
      content-length:
      - '38'
      content-type:
      - application/json
      host:
      - localhost:8000
      user-agent:
      - cherrydb-client-py
    method: POST
    uri: http://localhost:8000/api/v1/meta/
  response:
    content: '{"notes":"adding a geographic layer","uuid":"5a867089-bbe0-47c7-a884-1a333b885a1d","created_at":"2023-02-21T19:44:40.931571+00:00","created_by":"pjrule@me.com"}'
    headers:
      content-length:
      - '160'
      content-type:
      - application/json
      date:
      - Tue, 21 Feb 2023 19:44:40 GMT
      server:
      - uvicorn
    http_version: HTTP/1.1
    status_code: 201
- request:
    body: '{"path": "blocks/2020", "description": "2020 Census blocks", "source_url":
      "https://www.census.gov/"}'
    headers:
      X-API-Key:
      - DUMMY
      accept:
      - '*/*'
      accept-encoding:
      - gzip, deflate
      connection:
      - keep-alive
      content-length:
      - '101'
      content-type:
      - application/json
      host:
      - localhost:8000
      user-agent:
      - cherrydb-client-py
      x-cherry-meta-id:
      - 5a867089-bbe0-47c7-a884-1a333b885a1d
    method: POST
    uri: http://localhost:8000/api/v1/layers/test_geo_layer_repo_create_get__online
  response:
    content: '{"path":"blocks/2020","description":"2020 Census blocks","source_url":null,"meta":{"notes":"adding
      a geographic layer","uuid":"5a867089-bbe0-47c7-a884-1a333b885a1d","created_at":"2023-02-21T19:44:40.931571+00:00","created_by":"pjrule@me.com"},"namespace":"test_geo_layer_repo_create_get__online"}'
    headers:
      content-length:
      - '296'
      content-type:
      - application/json
      date:
      - Tue, 21 Feb 2023 19:44:40 GMT
      etag:
      - '"624c36d0-ad21-47ea-8875-49f6bce50dba"'
      server:
      - uvicorn
    http_version: HTTP/1.1
    status_code: 201
- request:
    body: '{"notes": "Test setup for cherrydb-client-py test test_geo_layer_repo_create_get__online"}'
    headers:
      X-API-Key:
      - DUMMY
      accept:
      - '*/*'
      accept-encoding:
      - gzip, deflate
      connection:
      - keep-alive
      content-length:
      - '90'
      content-type:
      - application/json
      host:
      - localhost:8000
      user-agent:
      - cherrydb-client-py
    method: POST
    uri: http://localhost:8000/api/v1/meta/
  response:
    content: '{"notes":"Test setup for cherrydb-client-py test test_geo_layer_repo_create_get__online","uuid":"2bf8dd83-34ac-42c8-99cc-b2eb8e66103c","created_at":"2023-02-21T19:48:19.813690+00:00","created_by":"pjrule@me.com"}'
    headers:
      content-length:
      - '212'
      content-type:
      - application/json
      date:
      - Tue, 21 Feb 2023 19:48:18 GMT
      server:
      - uvicorn
    http_version: HTTP/1.1
    status_code: 201
- request:
    body: '{"path": "test_geo_layer_repo_create_get__online", "description": "cherrydb-client-py
      test test_geo_layer_repo_create_get__online", "public": true}'
    headers:
      X-API-Key:
      - DUMMY
      accept:
      - '*/*'
      accept-encoding:
      - gzip, deflate
      connection:
      - keep-alive
      content-length:
      - '147'
      content-type:
      - application/json
      host:
      - localhost:8000
      user-agent:
      - cherrydb-client-py
      x-cherry-meta-id:
      - 2bf8dd83-34ac-42c8-99cc-b2eb8e66103c
    method: POST
    uri: http://localhost:8000/api/v1/namespaces/
  response:
    content: '{"path":"test_geo_layer_repo_create_get__online","description":"cherrydb-client-py
      test test_geo_layer_repo_create_get__online","public":true,"meta":{"notes":"Test
      setup for cherrydb-client-py test test_geo_layer_repo_create_get__online","uuid":"2bf8dd83-34ac-42c8-99cc-b2eb8e66103c","created_at":"2023-02-21T19:48:19.813690+00:00","created_by":"pjrule@me.com"}}'
    headers:
      content-length:
      - '362'
      content-type:
      - application/json
      date:
      - Tue, 21 Feb 2023 19:48:18 GMT
      etag:
      - '"effeb19a-bda8-4c97-9080-95d1eaeb4b3f"'
      server:
      - uvicorn
    http_version: HTTP/1.1
    status_code: 201
- request:
    body: '{"notes": "adding a geographic layer"}'
    headers:
      X-API-Key:
      - DUMMY
      accept:
      - '*/*'
      accept-encoding:
      - gzip, deflate
      connection:
      - keep-alive
      content-length:
      - '38'
      content-type:
      - application/json
      host:
      - localhost:8000
      user-agent:
      - cherrydb-client-py
    method: POST
    uri: http://localhost:8000/api/v1/meta/
  response:
    content: '{"notes":"adding a geographic layer","uuid":"9be3b897-a297-4a3d-8f5a-bf634152b96e","created_at":"2023-02-21T19:48:19.854099+00:00","created_by":"pjrule@me.com"}'
    headers:
      content-length:
      - '160'
      content-type:
      - application/json
      date:
      - Tue, 21 Feb 2023 19:48:18 GMT
      server:
      - uvicorn
    http_version: HTTP/1.1
    status_code: 201
- request:
    body: '{"path": "blocks/2020", "description": "2020 Census blocks", "source_url":
      "https://www.census.gov/"}'
    headers:
      X-API-Key:
      - DUMMY
      accept:
      - '*/*'
      accept-encoding:
      - gzip, deflate
      connection:
      - keep-alive
      content-length:
      - '101'
      content-type:
      - application/json
      host:
      - localhost:8000
      user-agent:
      - cherrydb-client-py
      x-cherry-meta-id:
      - 9be3b897-a297-4a3d-8f5a-bf634152b96e
    method: POST
    uri: http://localhost:8000/api/v1/layers/test_geo_layer_repo_create_get__online
  response:
    content: '{"path":"blocks/2020","description":"2020 Census blocks","source_url":null,"meta":{"notes":"adding
      a geographic layer","uuid":"9be3b897-a297-4a3d-8f5a-bf634152b96e","created_at":"2023-02-21T19:48:19.854099+00:00","created_by":"pjrule@me.com"},"namespace":"test_geo_layer_repo_create_get__online"}'
    headers:
      content-length:
      - '296'
      content-type:
      - application/json
      date:
      - Tue, 21 Feb 2023 19:48:18 GMT
      etag:
      - '"b9f5003a-d8f4-434d-822a-e7635c0b0e52"'
      server:
      - uvicorn
    http_version: HTTP/1.1
    status_code: 201
- request:
    body: '{"notes": "Test setup for cherrydb-client-py test test_geo_layer_repo_create_get__online"}'
    headers:
      X-API-Key:
      - DUMMY
      accept:
      - '*/*'
      accept-encoding:
      - gzip, deflate
      connection:
      - keep-alive
      content-length:
      - '90'
      content-type:
      - application/json
      host:
      - localhost:8000
      user-agent:
      - cherrydb-client-py
    method: POST
    uri: http://localhost:8000/api/v1/meta/
  response:
    content: '{"notes":"Test setup for cherrydb-client-py test test_geo_layer_repo_create_get__online","uuid":"1be9db01-e27a-4d1b-8c25-cfa5b9da3141","created_at":"2023-02-21T19:48:52.423773+00:00","created_by":"pjrule@me.com"}'
    headers:
      content-length:
      - '212'
      content-type:
      - application/json
      date:
      - Tue, 21 Feb 2023 19:48:52 GMT
      server:
      - uvicorn
    http_version: HTTP/1.1
    status_code: 201
- request:
    body: '{"path": "test_geo_layer_repo_create_get__online", "description": "cherrydb-client-py
      test test_geo_layer_repo_create_get__online", "public": true}'
    headers:
      X-API-Key:
      - DUMMY
      accept:
      - '*/*'
      accept-encoding:
      - gzip, deflate
      connection:
      - keep-alive
      content-length:
      - '147'
      content-type:
      - application/json
      host:
      - localhost:8000
      user-agent:
      - cherrydb-client-py
      x-cherry-meta-id:
      - 1be9db01-e27a-4d1b-8c25-cfa5b9da3141
    method: POST
    uri: http://localhost:8000/api/v1/namespaces/
  response:
    content: '{"detail":"Object creation failed. Reason: Failed to create namespace
      ''test_geo_layer_repo_create_get__online''. (The namespace may already exist.)"}'
    headers:
      content-length:
      - '148'
      content-type:
      - application/json
      date:
      - Tue, 21 Feb 2023 19:48:52 GMT
      server:
      - uvicorn
    http_version: HTTP/1.1
    status_code: 422
- request:
    body: '{"notes": "Test setup for cherrydb-client-py test test_geo_layer_repo_create_get__online"}'
    headers:
      X-API-Key:
      - DUMMY
      accept:
      - '*/*'
      accept-encoding:
      - gzip, deflate
      connection:
      - keep-alive
      content-length:
      - '90'
      content-type:
      - application/json
      host:
      - localhost:8000
      user-agent:
      - cherrydb-client-py
    method: POST
    uri: http://localhost:8000/api/v1/meta/
  response:
    content: '{"notes":"Test setup for cherrydb-client-py test test_geo_layer_repo_create_get__online","uuid":"c7143ae2-5189-4913-96c4-21d2ecbc612a","created_at":"2023-02-21T19:49:01.772832+00:00","created_by":"pjrule@me.com"}'
    headers:
      content-length:
      - '212'
      content-type:
      - application/json
      date:
      - Tue, 21 Feb 2023 19:49:01 GMT
      server:
      - uvicorn
    http_version: HTTP/1.1
    status_code: 201
- request:
    body: '{"path": "test_geo_layer_repo_create_get__online", "description": "cherrydb-client-py
      test test_geo_layer_repo_create_get__online", "public": true}'
    headers:
      X-API-Key:
      - DUMMY
      accept:
      - '*/*'
      accept-encoding:
      - gzip, deflate
      connection:
      - keep-alive
      content-length:
      - '147'
      content-type:
      - application/json
      host:
      - localhost:8000
      user-agent:
      - cherrydb-client-py
      x-cherry-meta-id:
      - c7143ae2-5189-4913-96c4-21d2ecbc612a
    method: POST
    uri: http://localhost:8000/api/v1/namespaces/
  response:
    content: '{"path":"test_geo_layer_repo_create_get__online","description":"cherrydb-client-py
      test test_geo_layer_repo_create_get__online","public":true,"meta":{"notes":"Test
      setup for cherrydb-client-py test test_geo_layer_repo_create_get__online","uuid":"c7143ae2-5189-4913-96c4-21d2ecbc612a","created_at":"2023-02-21T19:49:01.772832+00:00","created_by":"pjrule@me.com"}}'
    headers:
      content-length:
      - '362'
      content-type:
      - application/json
      date:
      - Tue, 21 Feb 2023 19:49:01 GMT
      etag:
      - '"269cfdde-7710-4eb9-ac75-0cf84963618a"'
      server:
      - uvicorn
    http_version: HTTP/1.1
    status_code: 201
- request:
    body: '{"notes": "adding a geographic layer"}'
    headers:
      X-API-Key:
      - DUMMY
      accept:
      - '*/*'
      accept-encoding:
      - gzip, deflate
      connection:
      - keep-alive
      content-length:
      - '38'
      content-type:
      - application/json
      host:
      - localhost:8000
      user-agent:
      - cherrydb-client-py
    method: POST
    uri: http://localhost:8000/api/v1/meta/
  response:
    content: '{"notes":"adding a geographic layer","uuid":"6a665388-25ed-4609-8b3d-06de6c64383b","created_at":"2023-02-21T19:49:01.829649+00:00","created_by":"pjrule@me.com"}'
    headers:
      content-length:
      - '160'
      content-type:
      - application/json
      date:
      - Tue, 21 Feb 2023 19:49:01 GMT
      server:
      - uvicorn
    http_version: HTTP/1.1
    status_code: 201
- request:
    body: '{"path": "blocks/2020", "description": "2020 Census blocks", "source_url":
      "https://www.census.gov/"}'
    headers:
      X-API-Key:
      - DUMMY
      accept:
      - '*/*'
      accept-encoding:
      - gzip, deflate
      connection:
      - keep-alive
      content-length:
      - '101'
      content-type:
      - application/json
      host:
      - localhost:8000
      user-agent:
      - cherrydb-client-py
      x-cherry-meta-id:
      - 6a665388-25ed-4609-8b3d-06de6c64383b
    method: POST
    uri: http://localhost:8000/api/v1/layers/test_geo_layer_repo_create_get__online
  response:
    content: '{"path":"blocks/2020","description":"2020 Census blocks","source_url":null,"meta":{"notes":"adding
      a geographic layer","uuid":"6a665388-25ed-4609-8b3d-06de6c64383b","created_at":"2023-02-21T19:49:01.829649+00:00","created_by":"pjrule@me.com"},"namespace":"test_geo_layer_repo_create_get__online"}'
    headers:
      content-length:
      - '296'
      content-type:
      - application/json
      date:
      - Tue, 21 Feb 2023 19:49:01 GMT
      etag:
      - '"d64d7b1a-df8c-403f-b1ec-5d2fb7603317"'
      server:
      - uvicorn
    http_version: HTTP/1.1
    status_code: 201
- request:
    body: '{"notes": "Test setup for cherrydb-client-py test test_geo_layer_repo_create_get__online"}'
    headers:
      X-API-Key:
      - DUMMY
      accept:
      - '*/*'
      accept-encoding:
      - gzip, deflate
      connection:
      - keep-alive
      content-length:
      - '90'
      content-type:
      - application/json
      host:
      - localhost:8000
      user-agent:
      - cherrydb-client-py
    method: POST
    uri: http://localhost:8000/api/v1/meta/
  response:
    content: '{"notes":"Test setup for cherrydb-client-py test test_geo_layer_repo_create_get__online","uuid":"ae847836-dda4-4477-9491-3d552f66e64c","created_at":"2023-02-21T19:58:01.653777+00:00","created_by":"pjrule@me.com"}'
    headers:
      content-length:
      - '212'
      content-type:
      - application/json
      date:
      - Tue, 21 Feb 2023 19:58:00 GMT
      server:
      - uvicorn
    http_version: HTTP/1.1
    status_code: 201
- request:
    body: '{"path": "test_geo_layer_repo_create_get__online", "description": "cherrydb-client-py
      test test_geo_layer_repo_create_get__online", "public": true}'
    headers:
      X-API-Key:
      - DUMMY
      accept:
      - '*/*'
      accept-encoding:
      - gzip, deflate
      connection:
      - keep-alive
      content-length:
      - '147'
      content-type:
      - application/json
      host:
      - localhost:8000
      user-agent:
      - cherrydb-client-py
      x-cherry-meta-id:
      - ae847836-dda4-4477-9491-3d552f66e64c
    method: POST
    uri: http://localhost:8000/api/v1/namespaces/
  response:
    content: '{"path":"test_geo_layer_repo_create_get__online","description":"cherrydb-client-py
      test test_geo_layer_repo_create_get__online","public":true,"meta":{"notes":"Test
      setup for cherrydb-client-py test test_geo_layer_repo_create_get__online","uuid":"ae847836-dda4-4477-9491-3d552f66e64c","created_at":"2023-02-21T19:58:01.653777+00:00","created_by":"pjrule@me.com"}}'
    headers:
      content-length:
      - '362'
      content-type:
      - application/json
      date:
      - Tue, 21 Feb 2023 19:58:00 GMT
      etag:
      - '"78476f6b-f343-4ee8-9378-bde4a6070158"'
      server:
      - uvicorn
    http_version: HTTP/1.1
    status_code: 201
- request:
    body: '{"notes": "adding a geographic layer"}'
    headers:
      X-API-Key:
      - DUMMY
      accept:
      - '*/*'
      accept-encoding:
      - gzip, deflate
      connection:
      - keep-alive
      content-length:
      - '38'
      content-type:
      - application/json
      host:
      - localhost:8000
      user-agent:
      - cherrydb-client-py
    method: POST
    uri: http://localhost:8000/api/v1/meta/
  response:
    content: '{"notes":"adding a geographic layer","uuid":"5b014ea0-e96d-42e4-bb43-982ca72f0454","created_at":"2023-02-21T19:58:01.694952+00:00","created_by":"pjrule@me.com"}'
    headers:
      content-length:
      - '160'
      content-type:
      - application/json
      date:
      - Tue, 21 Feb 2023 19:58:00 GMT
      server:
      - uvicorn
    http_version: HTTP/1.1
    status_code: 201
- request:
    body: '{"path": "blocks/2020", "description": "2020 Census blocks", "source_url":
      "https://www.census.gov/"}'
    headers:
      X-API-Key:
      - DUMMY
      accept:
      - '*/*'
      accept-encoding:
      - gzip, deflate
      connection:
      - keep-alive
      content-length:
      - '101'
      content-type:
      - application/json
      host:
      - localhost:8000
      user-agent:
      - cherrydb-client-py
      x-cherry-meta-id:
      - 5b014ea0-e96d-42e4-bb43-982ca72f0454
    method: POST
    uri: http://localhost:8000/api/v1/layers/test_geo_layer_repo_create_get__online
  response:
    content: '{"path":"blocks/2020","description":"2020 Census blocks","source_url":null,"meta":{"notes":"adding
      a geographic layer","uuid":"5b014ea0-e96d-42e4-bb43-982ca72f0454","created_at":"2023-02-21T19:58:01.694952+00:00","created_by":"pjrule@me.com"},"namespace":"test_geo_layer_repo_create_get__online"}'
    headers:
      content-length:
      - '296'
      content-type:
      - application/json
      date:
      - Tue, 21 Feb 2023 19:58:00 GMT
      etag:
      - '"332f1d46-5d15-4770-9e2f-e551879efb2e"'
      server:
      - uvicorn
    http_version: HTTP/1.1
    status_code: 201
- request:
    body: ''
    headers:
      X-API-Key:
      - DUMMY
      accept:
      - '*/*'
      accept-encoding:
      - gzip, deflate
      connection:
      - keep-alive
      host:
      - localhost:8000
      if-none-match:
      - '"332f1d46-5d15-4770-9e2f-e551879efb2e"'
      user-agent:
      - cherrydb-client-py
    method: GET
    uri: http://localhost:8000/api/v1/layers/test_geo_layer_repo_create_get__online/blocks/2020
  response:
    content: '{"path":"blocks/2020","description":"2020 Census blocks","source_url":null,"meta":{"notes":"adding
      a geographic layer","uuid":"5b014ea0-e96d-42e4-bb43-982ca72f0454","created_at":"2023-02-21T19:58:01.694952+00:00","created_by":"pjrule@me.com"},"namespace":"test_geo_layer_repo_create_get__online"}'
    headers:
      content-length:
      - '296'
      content-type:
      - application/json
      date:
      - Tue, 21 Feb 2023 19:58:00 GMT
      etag:
      - '"332f1d46-5d15-4770-9e2f-e551879efb2e"'
      server:
      - uvicorn
    http_version: HTTP/1.1
    status_code: 200
- request:
    body: ''
    headers:
      X-API-Key:
      - DUMMY
      accept:
      - '*/*'
      accept-encoding:
      - gzip, deflate
      connection:
      - keep-alive
      host:
      - localhost:8000
      if-none-match:
      - '"332f1d46-5d15-4770-9e2f-e551879efb2e"'
      user-agent:
      - cherrydb-client-py
    method: GET
    uri: http://localhost:8000/api/v1/layers/test_geo_layer_repo_create_get__online/blocks/2020
  response:
    content: '{"path":"blocks/2020","description":"2020 Census blocks","source_url":null,"meta":{"notes":"adding
      a geographic layer","uuid":"5b014ea0-e96d-42e4-bb43-982ca72f0454","created_at":"2023-02-21T19:58:01.694952+00:00","created_by":"pjrule@me.com"},"namespace":"test_geo_layer_repo_create_get__online"}'
    headers:
      content-length:
      - '296'
      content-type:
      - application/json
      date:
      - Tue, 21 Feb 2023 19:58:00 GMT
      etag:
      - '"332f1d46-5d15-4770-9e2f-e551879efb2e"'
      server:
      - uvicorn
    http_version: HTTP/1.1
    status_code: 200
- request:
    body: '{"notes": "Test setup for cherrydb-client-py test test_geo_layer_repo_create_get__online"}'
    headers:
      X-API-Key:
      - DUMMY
      accept:
      - '*/*'
      accept-encoding:
      - gzip, deflate
      connection:
      - keep-alive
      content-length:
      - '90'
      content-type:
      - application/json
      host:
      - localhost:8000
      user-agent:
      - cherrydb-client-py
    method: POST
    uri: http://localhost:8000/api/v1/meta/
  response:
    content: '{"notes":"Test setup for cherrydb-client-py test test_geo_layer_repo_create_get__online","uuid":"0de61f72-d586-484a-a822-8f3db84570ac","created_at":"2023-02-21T19:59:17.959726+00:00","created_by":"pjrule@me.com"}'
    headers:
      content-length:
      - '212'
      content-type:
      - application/json
      date:
      - Tue, 21 Feb 2023 19:59:17 GMT
      server:
      - uvicorn
    http_version: HTTP/1.1
    status_code: 201
- request:
    body: '{"path": "test_geo_layer_repo_create_get__online", "description": "cherrydb-client-py
      test test_geo_layer_repo_create_get__online", "public": true}'
    headers:
      X-API-Key:
      - DUMMY
      accept:
      - '*/*'
      accept-encoding:
      - gzip, deflate
      connection:
      - keep-alive
      content-length:
      - '147'
      content-type:
      - application/json
      host:
      - localhost:8000
      user-agent:
      - cherrydb-client-py
      x-cherry-meta-id:
      - 0de61f72-d586-484a-a822-8f3db84570ac
    method: POST
    uri: http://localhost:8000/api/v1/namespaces/
  response:
    content: '{"path":"test_geo_layer_repo_create_get__online","description":"cherrydb-client-py
      test test_geo_layer_repo_create_get__online","public":true,"meta":{"notes":"Test
      setup for cherrydb-client-py test test_geo_layer_repo_create_get__online","uuid":"0de61f72-d586-484a-a822-8f3db84570ac","created_at":"2023-02-21T19:59:17.959726+00:00","created_by":"pjrule@me.com"}}'
    headers:
      content-length:
      - '362'
      content-type:
      - application/json
      date:
      - Tue, 21 Feb 2023 19:59:17 GMT
      etag:
      - '"48d66d1a-0ce2-4251-b72f-ccad9790ad76"'
      server:
      - uvicorn
    http_version: HTTP/1.1
    status_code: 201
- request:
    body: '{"notes": "adding a geographic layer"}'
    headers:
      X-API-Key:
      - DUMMY
      accept:
      - '*/*'
      accept-encoding:
      - gzip, deflate
      connection:
      - keep-alive
      content-length:
      - '38'
      content-type:
      - application/json
      host:
      - localhost:8000
      user-agent:
      - cherrydb-client-py
    method: POST
    uri: http://localhost:8000/api/v1/meta/
  response:
    content: '{"notes":"adding a geographic layer","uuid":"689d4d07-3889-40a7-83d8-cc1bb813956a","created_at":"2023-02-21T19:59:17.999002+00:00","created_by":"pjrule@me.com"}'
    headers:
      content-length:
      - '160'
      content-type:
      - application/json
      date:
      - Tue, 21 Feb 2023 19:59:17 GMT
      server:
      - uvicorn
    http_version: HTTP/1.1
    status_code: 201
- request:
    body: '{"path": "blocks/2020", "description": "2020 Census blocks", "source_url":
      "https://www.census.gov/"}'
    headers:
      X-API-Key:
      - DUMMY
      accept:
      - '*/*'
      accept-encoding:
      - gzip, deflate
      connection:
      - keep-alive
      content-length:
      - '101'
      content-type:
      - application/json
      host:
      - localhost:8000
      user-agent:
      - cherrydb-client-py
      x-cherry-meta-id:
      - 689d4d07-3889-40a7-83d8-cc1bb813956a
    method: POST
    uri: http://localhost:8000/api/v1/layers/test_geo_layer_repo_create_get__online
  response:
    content: '{"path":"blocks/2020","description":"2020 Census blocks","source_url":null,"meta":{"notes":"adding
      a geographic layer","uuid":"689d4d07-3889-40a7-83d8-cc1bb813956a","created_at":"2023-02-21T19:59:17.999002+00:00","created_by":"pjrule@me.com"},"namespace":"test_geo_layer_repo_create_get__online"}'
    headers:
      content-length:
      - '296'
      content-type:
      - application/json
      date:
      - Tue, 21 Feb 2023 19:59:17 GMT
      etag:
      - '"39cfa98b-de81-4434-b42e-8cf57eb4aafb"'
      server:
      - uvicorn
    http_version: HTTP/1.1
    status_code: 201
- request:
    body: ''
    headers:
      X-API-Key:
      - DUMMY
      accept:
      - '*/*'
      accept-encoding:
      - gzip, deflate
      connection:
      - keep-alive
      host:
      - localhost:8000
      if-none-match:
      - '"39cfa98b-de81-4434-b42e-8cf57eb4aafb"'
      user-agent:
      - cherrydb-client-py
    method: GET
    uri: http://localhost:8000/api/v1/layers/test_geo_layer_repo_create_get__online/blocks/2020
  response:
    content: '{"path":"blocks/2020","description":"2020 Census blocks","source_url":null,"meta":{"notes":"adding
      a geographic layer","uuid":"689d4d07-3889-40a7-83d8-cc1bb813956a","created_at":"2023-02-21T19:59:17.999002+00:00","created_by":"pjrule@me.com"},"namespace":"test_geo_layer_repo_create_get__online"}'
    headers:
      content-length:
      - '296'
      content-type:
      - application/json
      date:
      - Tue, 21 Feb 2023 19:59:17 GMT
      etag:
      - '"39cfa98b-de81-4434-b42e-8cf57eb4aafb"'
      server:
      - uvicorn
    http_version: HTTP/1.1
    status_code: 200
- request:
    body: ''
    headers:
      X-API-Key:
      - DUMMY
      accept:
      - '*/*'
      accept-encoding:
      - gzip, deflate
      connection:
      - keep-alive
      host:
      - localhost:8000
      if-none-match:
      - '"39cfa98b-de81-4434-b42e-8cf57eb4aafb"'
      user-agent:
      - cherrydb-client-py
    method: GET
    uri: http://localhost:8000/api/v1/layers/test_geo_layer_repo_create_get__online/blocks/2020
  response:
    content: '{"path":"blocks/2020","description":"2020 Census blocks","source_url":null,"meta":{"notes":"adding
      a geographic layer","uuid":"689d4d07-3889-40a7-83d8-cc1bb813956a","created_at":"2023-02-21T19:59:17.999002+00:00","created_by":"pjrule@me.com"},"namespace":"test_geo_layer_repo_create_get__online"}'
    headers:
      content-length:
      - '296'
      content-type:
      - application/json
      date:
      - Tue, 21 Feb 2023 19:59:17 GMT
      etag:
      - '"39cfa98b-de81-4434-b42e-8cf57eb4aafb"'
      server:
      - uvicorn
    http_version: HTTP/1.1
    status_code: 200
- request:
    body: '{"notes": "Test setup for cherrydb-client-py test test_geo_layer_repo_create_get__online"}'
    headers:
      X-API-Key:
      - DUMMY
      accept:
      - '*/*'
      accept-encoding:
      - gzip, deflate
      connection:
      - keep-alive
      content-length:
      - '90'
      content-type:
      - application/json
      host:
      - localhost:8000
      user-agent:
      - cherrydb-client-py
    method: POST
    uri: http://localhost:8000/api/v1/meta/
  response:
    content: '{"notes":"Test setup for cherrydb-client-py test test_geo_layer_repo_create_get__online","uuid":"47588098-12f0-4666-85b9-1e27f3a6f808","created_at":"2023-02-21T19:59:52.803586+00:00","created_by":"pjrule@me.com"}'
    headers:
      content-length:
      - '212'
      content-type:
      - application/json
      date:
      - Tue, 21 Feb 2023 19:59:52 GMT
      server:
      - uvicorn
    http_version: HTTP/1.1
    status_code: 201
- request:
    body: '{"path": "test_geo_layer_repo_create_get__online", "description": "cherrydb-client-py
      test test_geo_layer_repo_create_get__online", "public": true}'
    headers:
      X-API-Key:
      - DUMMY
      accept:
      - '*/*'
      accept-encoding:
      - gzip, deflate
      connection:
      - keep-alive
      content-length:
      - '147'
      content-type:
      - application/json
      host:
      - localhost:8000
      user-agent:
      - cherrydb-client-py
      x-cherry-meta-id:
      - 47588098-12f0-4666-85b9-1e27f3a6f808
    method: POST
    uri: http://localhost:8000/api/v1/namespaces/
  response:
    content: '{"path":"test_geo_layer_repo_create_get__online","description":"cherrydb-client-py
      test test_geo_layer_repo_create_get__online","public":true,"meta":{"notes":"Test
      setup for cherrydb-client-py test test_geo_layer_repo_create_get__online","uuid":"47588098-12f0-4666-85b9-1e27f3a6f808","created_at":"2023-02-21T19:59:52.803586+00:00","created_by":"pjrule@me.com"}}'
    headers:
      content-length:
      - '362'
      content-type:
      - application/json
      date:
      - Tue, 21 Feb 2023 19:59:52 GMT
      etag:
      - '"d3eb1a15-b6fe-454f-8c8f-fa567bcafc8b"'
      server:
      - uvicorn
    http_version: HTTP/1.1
    status_code: 201
- request:
    body: '{"notes": "adding a geographic layer"}'
    headers:
      X-API-Key:
      - DUMMY
      accept:
      - '*/*'
      accept-encoding:
      - gzip, deflate
      connection:
      - keep-alive
      content-length:
      - '38'
      content-type:
      - application/json
      host:
      - localhost:8000
      user-agent:
      - cherrydb-client-py
    method: POST
    uri: http://localhost:8000/api/v1/meta/
  response:
    content: '{"notes":"adding a geographic layer","uuid":"85df1556-86c4-4fda-820c-52e42b431e40","created_at":"2023-02-21T19:59:52.845300+00:00","created_by":"pjrule@me.com"}'
    headers:
      content-length:
      - '160'
      content-type:
      - application/json
      date:
      - Tue, 21 Feb 2023 19:59:52 GMT
      server:
      - uvicorn
    http_version: HTTP/1.1
    status_code: 201
- request:
    body: '{"path": "blocks/2020", "description": "2020 Census blocks", "source_url":
      "https://www.census.gov/"}'
    headers:
      X-API-Key:
      - DUMMY
      accept:
      - '*/*'
      accept-encoding:
      - gzip, deflate
      connection:
      - keep-alive
      content-length:
      - '101'
      content-type:
      - application/json
      host:
      - localhost:8000
      user-agent:
      - cherrydb-client-py
      x-cherry-meta-id:
      - 85df1556-86c4-4fda-820c-52e42b431e40
    method: POST
    uri: http://localhost:8000/api/v1/layers/test_geo_layer_repo_create_get__online
  response:
    content: '{"path":"blocks/2020","description":"2020 Census blocks","source_url":null,"meta":{"notes":"adding
      a geographic layer","uuid":"85df1556-86c4-4fda-820c-52e42b431e40","created_at":"2023-02-21T19:59:52.845300+00:00","created_by":"pjrule@me.com"},"namespace":"test_geo_layer_repo_create_get__online"}'
    headers:
      content-length:
      - '296'
      content-type:
      - application/json
      date:
      - Tue, 21 Feb 2023 19:59:52 GMT
      etag:
      - '"e3eea1cb-3ec9-4821-85af-6bb8e677712b"'
      server:
      - uvicorn
    http_version: HTTP/1.1
    status_code: 201
- request:
    body: ''
    headers:
      X-API-Key:
      - DUMMY
      accept:
      - '*/*'
      accept-encoding:
      - gzip, deflate
      connection:
      - keep-alive
      host:
      - localhost:8000
      if-none-match:
      - '"e3eea1cb-3ec9-4821-85af-6bb8e677712b"'
      user-agent:
      - cherrydb-client-py
    method: GET
    uri: http://localhost:8000/api/v1/layers/test_geo_layer_repo_create_get__online/blocks/2020
  response:
    content: '{"path":"blocks/2020","description":"2020 Census blocks","source_url":null,"meta":{"notes":"adding
      a geographic layer","uuid":"85df1556-86c4-4fda-820c-52e42b431e40","created_at":"2023-02-21T19:59:52.845300+00:00","created_by":"pjrule@me.com"},"namespace":"test_geo_layer_repo_create_get__online"}'
    headers:
      content-length:
      - '296'
      content-type:
      - application/json
      date:
      - Tue, 21 Feb 2023 19:59:52 GMT
      etag:
      - '"e3eea1cb-3ec9-4821-85af-6bb8e677712b"'
      server:
      - uvicorn
    http_version: HTTP/1.1
    status_code: 200
- request:
    body: ''
    headers:
      X-API-Key:
      - DUMMY
      accept:
      - '*/*'
      accept-encoding:
      - gzip, deflate
      connection:
      - keep-alive
      host:
      - localhost:8000
      if-none-match:
      - '"e3eea1cb-3ec9-4821-85af-6bb8e677712b"'
      user-agent:
      - cherrydb-client-py
    method: GET
    uri: http://localhost:8000/api/v1/layers/test_geo_layer_repo_create_get__online/blocks/2020
  response:
    content: '{"path":"blocks/2020","description":"2020 Census blocks","source_url":null,"meta":{"notes":"adding
      a geographic layer","uuid":"85df1556-86c4-4fda-820c-52e42b431e40","created_at":"2023-02-21T19:59:52.845300+00:00","created_by":"pjrule@me.com"},"namespace":"test_geo_layer_repo_create_get__online"}'
    headers:
      content-length:
      - '296'
      content-type:
      - application/json
      date:
      - Tue, 21 Feb 2023 19:59:52 GMT
      etag:
      - '"e3eea1cb-3ec9-4821-85af-6bb8e677712b"'
      server:
      - uvicorn
    http_version: HTTP/1.1
    status_code: 200
- request:
    body: '{"notes": "Test setup for cherrydb-client-py test test_geo_layer_repo_create_get__online"}'
    headers:
      X-API-Key:
      - DUMMY
      accept:
      - '*/*'
      accept-encoding:
      - gzip, deflate
      connection:
      - keep-alive
      content-length:
      - '90'
      content-type:
      - application/json
      host:
      - localhost:8000
      user-agent:
      - cherrydb-client-py
    method: POST
    uri: http://localhost:8000/api/v1/meta/
  response:
    content: '{"notes":"Test setup for cherrydb-client-py test test_geo_layer_repo_create_get__online","uuid":"d9c7a4e8-408e-41cc-a158-7e060b91ac4a","created_at":"2023-02-21T21:29:32.027778+00:00","created_by":"pjrule@me.com"}'
    headers:
      content-length:
      - '212'
      content-type:
      - application/json
      date:
      - Tue, 21 Feb 2023 21:29:31 GMT
      server:
      - uvicorn
    http_version: HTTP/1.1
    status_code: 201
- request:
    body: '{"path": "test_geo_layer_repo_create_get__online", "description": "cherrydb-client-py
      test test_geo_layer_repo_create_get__online", "public": true}'
    headers:
      X-API-Key:
      - DUMMY
      accept:
      - '*/*'
      accept-encoding:
      - gzip, deflate
      connection:
      - keep-alive
      content-length:
      - '147'
      content-type:
      - application/json
      host:
      - localhost:8000
      user-agent:
      - cherrydb-client-py
      x-cherry-meta-id:
      - d9c7a4e8-408e-41cc-a158-7e060b91ac4a
    method: POST
    uri: http://localhost:8000/api/v1/namespaces/
  response:
    content: '{"path":"test_geo_layer_repo_create_get__online","description":"cherrydb-client-py
      test test_geo_layer_repo_create_get__online","public":true,"meta":{"notes":"Test
      setup for cherrydb-client-py test test_geo_layer_repo_create_get__online","uuid":"d9c7a4e8-408e-41cc-a158-7e060b91ac4a","created_at":"2023-02-21T21:29:32.027778+00:00","created_by":"pjrule@me.com"}}'
    headers:
      content-length:
      - '362'
      content-type:
      - application/json
      date:
      - Tue, 21 Feb 2023 21:29:31 GMT
      etag:
      - '"9570328f-0cfc-44ee-9de6-25419a811338"'
      server:
      - uvicorn
    http_version: HTTP/1.1
    status_code: 201
- request:
    body: '{"notes": "adding a geographic layer"}'
    headers:
      X-API-Key:
      - DUMMY
      accept:
      - '*/*'
      accept-encoding:
      - gzip, deflate
      connection:
      - keep-alive
      content-length:
      - '38'
      content-type:
      - application/json
      host:
      - localhost:8000
      user-agent:
      - cherrydb-client-py
    method: POST
    uri: http://localhost:8000/api/v1/meta/
  response:
    content: '{"notes":"adding a geographic layer","uuid":"fadae46d-2ec7-46b0-8400-afcd2ec326e2","created_at":"2023-02-21T21:29:32.201215+00:00","created_by":"pjrule@me.com"}'
    headers:
      content-length:
      - '160'
      content-type:
      - application/json
      date:
      - Tue, 21 Feb 2023 21:29:31 GMT
      server:
      - uvicorn
    http_version: HTTP/1.1
    status_code: 201
- request:
    body: '{"path": "blocks/2020", "description": "2020 Census blocks", "source_url":
      "https://www.census.gov/"}'
    headers:
      X-API-Key:
      - DUMMY
      accept:
      - '*/*'
      accept-encoding:
      - gzip, deflate
      connection:
      - keep-alive
      content-length:
      - '101'
      content-type:
      - application/json
      host:
      - localhost:8000
      user-agent:
      - cherrydb-client-py
      x-cherry-meta-id:
      - fadae46d-2ec7-46b0-8400-afcd2ec326e2
    method: POST
    uri: http://localhost:8000/api/v1/layers/test_geo_layer_repo_create_get__online
  response:
    content: '{"path":"blocks/2020","description":"2020 Census blocks","source_url":null,"meta":{"notes":"adding
      a geographic layer","uuid":"fadae46d-2ec7-46b0-8400-afcd2ec326e2","created_at":"2023-02-21T21:29:32.201215+00:00","created_by":"pjrule@me.com"},"namespace":"test_geo_layer_repo_create_get__online"}'
    headers:
      content-length:
      - '296'
      content-type:
      - application/json
      date:
      - Tue, 21 Feb 2023 21:29:31 GMT
      etag:
      - '"8a6831ec-fd42-4185-b509-1060a7180216"'
      server:
      - uvicorn
    http_version: HTTP/1.1
    status_code: 201
- request:
    body: ''
    headers:
      X-API-Key:
      - DUMMY
      accept:
      - '*/*'
      accept-encoding:
      - gzip, deflate
      connection:
      - keep-alive
      host:
      - localhost:8000
      if-none-match:
      - '"8a6831ec-fd42-4185-b509-1060a7180216"'
      user-agent:
      - cherrydb-client-py
    method: GET
    uri: http://localhost:8000/api/v1/layers/test_geo_layer_repo_create_get__online/blocks/2020
  response:
    content: '{"path":"blocks/2020","description":"2020 Census blocks","source_url":null,"meta":{"notes":"adding
      a geographic layer","uuid":"fadae46d-2ec7-46b0-8400-afcd2ec326e2","created_at":"2023-02-21T21:29:32.201215+00:00","created_by":"pjrule@me.com"},"namespace":"test_geo_layer_repo_create_get__online"}'
    headers:
      content-length:
      - '296'
      content-type:
      - application/json
      date:
      - Tue, 21 Feb 2023 21:29:31 GMT
      etag:
      - '"8a6831ec-fd42-4185-b509-1060a7180216"'
      server:
      - uvicorn
    http_version: HTTP/1.1
    status_code: 200
- request:
    body: ''
    headers:
      X-API-Key:
      - DUMMY
      accept:
      - '*/*'
      accept-encoding:
      - gzip, deflate
      connection:
      - keep-alive
      host:
      - localhost:8000
      if-none-match:
      - '"8a6831ec-fd42-4185-b509-1060a7180216"'
      user-agent:
      - cherrydb-client-py
    method: GET
    uri: http://localhost:8000/api/v1/layers/test_geo_layer_repo_create_get__online/blocks/2020
  response:
    content: '{"path":"blocks/2020","description":"2020 Census blocks","source_url":null,"meta":{"notes":"adding
      a geographic layer","uuid":"fadae46d-2ec7-46b0-8400-afcd2ec326e2","created_at":"2023-02-21T21:29:32.201215+00:00","created_by":"pjrule@me.com"},"namespace":"test_geo_layer_repo_create_get__online"}'
    headers:
      content-length:
      - '296'
      content-type:
      - application/json
      date:
      - Tue, 21 Feb 2023 21:29:31 GMT
      etag:
      - '"8a6831ec-fd42-4185-b509-1060a7180216"'
      server:
      - uvicorn
    http_version: HTTP/1.1
    status_code: 200
- request:
    body: '{"notes": "Test setup for cherrydb-client-py test test_geo_layer_repo_create_get__online"}'
    headers:
      X-API-Key:
      - DUMMY
      accept:
      - '*/*'
      accept-encoding:
      - gzip, deflate
      connection:
      - keep-alive
      content-length:
      - '90'
      content-type:
      - application/json
      host:
      - localhost:8000
      user-agent:
      - cherrydb-client-py
    method: POST
    uri: http://localhost:8000/api/v1/meta/
  response:
    content: '{"notes":"Test setup for cherrydb-client-py test test_geo_layer_repo_create_get__online","uuid":"92ba3307-e8df-4649-8430-01aa57074d82","created_at":"2023-02-21T21:32:51.775579+00:00","created_by":"pjrule@me.com"}'
    headers:
      content-length:
      - '212'
      content-type:
      - application/json
      date:
      - Tue, 21 Feb 2023 21:32:51 GMT
      server:
      - uvicorn
    http_version: HTTP/1.1
    status_code: 201
- request:
    body: '{"path": "test_geo_layer_repo_create_get__online", "description": "cherrydb-client-py
      test test_geo_layer_repo_create_get__online", "public": true}'
    headers:
      X-API-Key:
      - DUMMY
      accept:
      - '*/*'
      accept-encoding:
      - gzip, deflate
      connection:
      - keep-alive
      content-length:
      - '147'
      content-type:
      - application/json
      host:
      - localhost:8000
      user-agent:
      - cherrydb-client-py
      x-cherry-meta-id:
      - 92ba3307-e8df-4649-8430-01aa57074d82
    method: POST
    uri: http://localhost:8000/api/v1/namespaces/
  response:
    content: '{"path":"test_geo_layer_repo_create_get__online","description":"cherrydb-client-py
      test test_geo_layer_repo_create_get__online","public":true,"meta":{"notes":"Test
      setup for cherrydb-client-py test test_geo_layer_repo_create_get__online","uuid":"92ba3307-e8df-4649-8430-01aa57074d82","created_at":"2023-02-21T21:32:51.775579+00:00","created_by":"pjrule@me.com"}}'
    headers:
      content-length:
      - '362'
      content-type:
      - application/json
      date:
      - Tue, 21 Feb 2023 21:32:51 GMT
      etag:
      - '"f841cdd0-8764-4224-b169-79064fb87436"'
      server:
      - uvicorn
    http_version: HTTP/1.1
    status_code: 201
- request:
    body: '{"notes": "adding a geographic layer"}'
    headers:
      X-API-Key:
      - DUMMY
      accept:
      - '*/*'
      accept-encoding:
      - gzip, deflate
      connection:
      - keep-alive
      content-length:
      - '38'
      content-type:
      - application/json
      host:
      - localhost:8000
      user-agent:
      - cherrydb-client-py
    method: POST
    uri: http://localhost:8000/api/v1/meta/
  response:
    content: '{"notes":"adding a geographic layer","uuid":"eef6fc17-666a-4a92-b135-dbf216e3b774","created_at":"2023-02-21T21:32:51.816899+00:00","created_by":"pjrule@me.com"}'
    headers:
      content-length:
      - '160'
      content-type:
      - application/json
      date:
      - Tue, 21 Feb 2023 21:32:51 GMT
      server:
      - uvicorn
    http_version: HTTP/1.1
    status_code: 201
- request:
    body: '{"path": "blocks/2020", "description": "2020 Census blocks", "source_url":
      "https://www.census.gov/"}'
    headers:
      X-API-Key:
      - DUMMY
      accept:
      - '*/*'
      accept-encoding:
      - gzip, deflate
      connection:
      - keep-alive
      content-length:
      - '101'
      content-type:
      - application/json
      host:
      - localhost:8000
      user-agent:
      - cherrydb-client-py
      x-cherry-meta-id:
      - eef6fc17-666a-4a92-b135-dbf216e3b774
    method: POST
    uri: http://localhost:8000/api/v1/layers/test_geo_layer_repo_create_get__online
  response:
    content: '{"path":"blocks/2020","description":"2020 Census blocks","source_url":null,"meta":{"notes":"adding
      a geographic layer","uuid":"eef6fc17-666a-4a92-b135-dbf216e3b774","created_at":"2023-02-21T21:32:51.816899+00:00","created_by":"pjrule@me.com"},"namespace":"test_geo_layer_repo_create_get__online"}'
    headers:
      content-length:
      - '296'
      content-type:
      - application/json
      date:
      - Tue, 21 Feb 2023 21:32:51 GMT
      etag:
      - '"0bcc9e51-789e-4fb7-92f8-87c27837a90f"'
      server:
      - uvicorn
    http_version: HTTP/1.1
    status_code: 201
- request:
    body: ''
    headers:
      X-API-Key:
      - DUMMY
      accept:
      - '*/*'
      accept-encoding:
      - gzip, deflate
      connection:
      - keep-alive
      host:
      - localhost:8000
      if-none-match:
      - '"0bcc9e51-789e-4fb7-92f8-87c27837a90f"'
      user-agent:
      - cherrydb-client-py
    method: GET
    uri: http://localhost:8000/api/v1/layers/test_geo_layer_repo_create_get__online/blocks/2020
  response:
    content: '{"path":"blocks/2020","description":"2020 Census blocks","source_url":null,"meta":{"notes":"adding
      a geographic layer","uuid":"eef6fc17-666a-4a92-b135-dbf216e3b774","created_at":"2023-02-21T21:32:51.816899+00:00","created_by":"pjrule@me.com"},"namespace":"test_geo_layer_repo_create_get__online"}'
    headers:
      content-length:
      - '296'
      content-type:
      - application/json
      date:
      - Tue, 21 Feb 2023 21:32:51 GMT
      etag:
      - '"0bcc9e51-789e-4fb7-92f8-87c27837a90f"'
      server:
      - uvicorn
    http_version: HTTP/1.1
    status_code: 200
- request:
    body: ''
    headers:
      X-API-Key:
      - DUMMY
      accept:
      - '*/*'
      accept-encoding:
      - gzip, deflate
      connection:
      - keep-alive
      host:
      - localhost:8000
      if-none-match:
      - '"0bcc9e51-789e-4fb7-92f8-87c27837a90f"'
      user-agent:
      - cherrydb-client-py
    method: GET
    uri: http://localhost:8000/api/v1/layers/test_geo_layer_repo_create_get__online/blocks/2020
  response:
    content: '{"path":"blocks/2020","description":"2020 Census blocks","source_url":null,"meta":{"notes":"adding
      a geographic layer","uuid":"eef6fc17-666a-4a92-b135-dbf216e3b774","created_at":"2023-02-21T21:32:51.816899+00:00","created_by":"pjrule@me.com"},"namespace":"test_geo_layer_repo_create_get__online"}'
    headers:
      content-length:
      - '296'
      content-type:
      - application/json
      date:
      - Tue, 21 Feb 2023 21:32:51 GMT
      etag:
      - '"0bcc9e51-789e-4fb7-92f8-87c27837a90f"'
      server:
      - uvicorn
    http_version: HTTP/1.1
    status_code: 200
- request:
    body: '{"notes": "Test setup for cherrydb-client-py test test_geo_layer_repo_create_get__online"}'
    headers:
      X-API-Key:
      - DUMMY
      accept:
      - '*/*'
      accept-encoding:
      - gzip, deflate
      connection:
      - keep-alive
      content-length:
      - '90'
      content-type:
      - application/json
      host:
      - localhost:8000
      user-agent:
      - cherrydb-client-py
    method: POST
    uri: http://localhost:8000/api/v1/meta/
  response:
    content: '{"notes":"Test setup for cherrydb-client-py test test_geo_layer_repo_create_get__online","uuid":"fc61d0ee-d4a7-45d4-8fdb-85f3de41cba4","created_at":"2023-02-21T21:33:13.864018+00:00","created_by":"pjrule@me.com"}'
    headers:
      content-length:
      - '212'
      content-type:
      - application/json
      date:
      - Tue, 21 Feb 2023 21:33:13 GMT
      server:
      - uvicorn
    http_version: HTTP/1.1
    status_code: 201
- request:
    body: '{"path": "test_geo_layer_repo_create_get__online", "description": "cherrydb-client-py
      test test_geo_layer_repo_create_get__online", "public": true}'
    headers:
      X-API-Key:
      - DUMMY
      accept:
      - '*/*'
      accept-encoding:
      - gzip, deflate
      connection:
      - keep-alive
      content-length:
      - '147'
      content-type:
      - application/json
      host:
      - localhost:8000
      user-agent:
      - cherrydb-client-py
      x-cherry-meta-id:
      - fc61d0ee-d4a7-45d4-8fdb-85f3de41cba4
    method: POST
    uri: http://localhost:8000/api/v1/namespaces/
  response:
    content: '{"path":"test_geo_layer_repo_create_get__online","description":"cherrydb-client-py
      test test_geo_layer_repo_create_get__online","public":true,"meta":{"notes":"Test
      setup for cherrydb-client-py test test_geo_layer_repo_create_get__online","uuid":"fc61d0ee-d4a7-45d4-8fdb-85f3de41cba4","created_at":"2023-02-21T21:33:13.864018+00:00","created_by":"pjrule@me.com"}}'
    headers:
      content-length:
      - '362'
      content-type:
      - application/json
      date:
      - Tue, 21 Feb 2023 21:33:13 GMT
      etag:
      - '"71d4d92e-b8cd-40c7-b39a-f354b4c5705c"'
      server:
      - uvicorn
    http_version: HTTP/1.1
    status_code: 201
- request:
    body: '{"notes": "adding a geographic layer"}'
    headers:
      X-API-Key:
      - DUMMY
      accept:
      - '*/*'
      accept-encoding:
      - gzip, deflate
      connection:
      - keep-alive
      content-length:
      - '38'
      content-type:
      - application/json
      host:
      - localhost:8000
      user-agent:
      - cherrydb-client-py
    method: POST
    uri: http://localhost:8000/api/v1/meta/
  response:
    content: '{"notes":"adding a geographic layer","uuid":"dc98db8c-e81e-4e17-aac6-8364459dfb7b","created_at":"2023-02-21T21:33:13.902991+00:00","created_by":"pjrule@me.com"}'
    headers:
      content-length:
      - '160'
      content-type:
      - application/json
      date:
      - Tue, 21 Feb 2023 21:33:13 GMT
      server:
      - uvicorn
    http_version: HTTP/1.1
    status_code: 201
- request:
    body: '{"path": "blocks/2020", "description": "2020 Census blocks", "source_url":
      "https://www.census.gov/"}'
    headers:
      X-API-Key:
      - DUMMY
      accept:
      - '*/*'
      accept-encoding:
      - gzip, deflate
      connection:
      - keep-alive
      content-length:
      - '101'
      content-type:
      - application/json
      host:
      - localhost:8000
      user-agent:
      - cherrydb-client-py
      x-cherry-meta-id:
      - dc98db8c-e81e-4e17-aac6-8364459dfb7b
    method: POST
    uri: http://localhost:8000/api/v1/layers/test_geo_layer_repo_create_get__online
  response:
    content: '{"path":"blocks/2020","description":"2020 Census blocks","source_url":null,"meta":{"notes":"adding
      a geographic layer","uuid":"dc98db8c-e81e-4e17-aac6-8364459dfb7b","created_at":"2023-02-21T21:33:13.902991+00:00","created_by":"pjrule@me.com"},"namespace":"test_geo_layer_repo_create_get__online"}'
    headers:
      content-length:
      - '296'
      content-type:
      - application/json
      date:
      - Tue, 21 Feb 2023 21:33:13 GMT
      etag:
      - '"3ed1c7bf-4870-499e-9d27-d5b66a11e9d8"'
      server:
      - uvicorn
    http_version: HTTP/1.1
    status_code: 201
- request:
    body: ''
    headers:
      X-API-Key:
      - DUMMY
      accept:
      - '*/*'
      accept-encoding:
      - gzip, deflate
      connection:
      - keep-alive
      host:
      - localhost:8000
      if-none-match:
      - '"3ed1c7bf-4870-499e-9d27-d5b66a11e9d8"'
      user-agent:
      - cherrydb-client-py
    method: GET
    uri: http://localhost:8000/api/v1/layers/test_geo_layer_repo_create_get__online/blocks/2020
  response:
    content: '{"path":"blocks/2020","description":"2020 Census blocks","source_url":null,"meta":{"notes":"adding
      a geographic layer","uuid":"dc98db8c-e81e-4e17-aac6-8364459dfb7b","created_at":"2023-02-21T21:33:13.902991+00:00","created_by":"pjrule@me.com"},"namespace":"test_geo_layer_repo_create_get__online"}'
    headers:
      content-length:
      - '296'
      content-type:
      - application/json
      date:
      - Tue, 21 Feb 2023 21:33:13 GMT
      etag:
      - '"3ed1c7bf-4870-499e-9d27-d5b66a11e9d8"'
      server:
      - uvicorn
    http_version: HTTP/1.1
    status_code: 200
- request:
    body: ''
    headers:
      X-API-Key:
      - DUMMY
      accept:
      - '*/*'
      accept-encoding:
      - gzip, deflate
      connection:
      - keep-alive
      host:
      - localhost:8000
      if-none-match:
      - '"3ed1c7bf-4870-499e-9d27-d5b66a11e9d8"'
      user-agent:
      - cherrydb-client-py
    method: GET
    uri: http://localhost:8000/api/v1/layers/test_geo_layer_repo_create_get__online/blocks/2020
  response:
    content: '{"path":"blocks/2020","description":"2020 Census blocks","source_url":null,"meta":{"notes":"adding
      a geographic layer","uuid":"dc98db8c-e81e-4e17-aac6-8364459dfb7b","created_at":"2023-02-21T21:33:13.902991+00:00","created_by":"pjrule@me.com"},"namespace":"test_geo_layer_repo_create_get__online"}'
    headers:
      content-length:
      - '296'
      content-type:
      - application/json
      date:
      - Tue, 21 Feb 2023 21:33:13 GMT
      etag:
      - '"3ed1c7bf-4870-499e-9d27-d5b66a11e9d8"'
      server:
      - uvicorn
    http_version: HTTP/1.1
    status_code: 200
- request:
    body: '{"notes": "Test setup for cherrydb-client-py test test_geo_layer_repo_create_get__online"}'
    headers:
      X-API-Key:
      - DUMMY
      accept:
      - '*/*'
      accept-encoding:
      - gzip, deflate
      connection:
      - keep-alive
      content-length:
      - '90'
      content-type:
      - application/json
      host:
      - localhost:8000
      user-agent:
      - cherrydb-client-py
    method: POST
    uri: http://localhost:8000/api/v1/meta/
  response:
    content: '{"notes":"Test setup for cherrydb-client-py test test_geo_layer_repo_create_get__online","uuid":"111d5185-8bf9-4c16-b195-e5a83961b0ec","created_at":"2023-02-21T21:41:28.295575+00:00","created_by":"pjrule@me.com"}'
    headers:
      content-length:
      - '212'
      content-type:
      - application/json
      date:
      - Tue, 21 Feb 2023 21:41:27 GMT
      server:
      - uvicorn
    http_version: HTTP/1.1
    status_code: 201
- request:
    body: '{"path": "test_geo_layer_repo_create_get__online", "description": "cherrydb-client-py
      test test_geo_layer_repo_create_get__online", "public": true}'
    headers:
      X-API-Key:
      - DUMMY
      accept:
      - '*/*'
      accept-encoding:
      - gzip, deflate
      connection:
      - keep-alive
      content-length:
      - '147'
      content-type:
      - application/json
      host:
      - localhost:8000
      user-agent:
      - cherrydb-client-py
      x-cherry-meta-id:
      - 111d5185-8bf9-4c16-b195-e5a83961b0ec
    method: POST
    uri: http://localhost:8000/api/v1/namespaces/
  response:
    content: '{"path":"test_geo_layer_repo_create_get__online","description":"cherrydb-client-py
      test test_geo_layer_repo_create_get__online","public":true,"meta":{"notes":"Test
      setup for cherrydb-client-py test test_geo_layer_repo_create_get__online","uuid":"111d5185-8bf9-4c16-b195-e5a83961b0ec","created_at":"2023-02-21T21:41:28.295575+00:00","created_by":"pjrule@me.com"}}'
    headers:
      content-length:
      - '362'
      content-type:
      - application/json
      date:
      - Tue, 21 Feb 2023 21:41:27 GMT
      etag:
      - '"8d72333e-716b-4951-b3b0-c7b151233e20"'
      server:
      - uvicorn
    http_version: HTTP/1.1
    status_code: 201
- request:
    body: '{"notes": "adding a geographic layer"}'
    headers:
      X-API-Key:
      - DUMMY
      accept:
      - '*/*'
      accept-encoding:
      - gzip, deflate
      connection:
      - keep-alive
      content-length:
      - '38'
      content-type:
      - application/json
      host:
      - localhost:8000
      user-agent:
      - cherrydb-client-py
    method: POST
    uri: http://localhost:8000/api/v1/meta/
  response:
    content: '{"notes":"adding a geographic layer","uuid":"8a968930-bb18-4a1c-8011-913a52fdbf83","created_at":"2023-02-21T21:41:28.336633+00:00","created_by":"pjrule@me.com"}'
    headers:
      content-length:
      - '160'
      content-type:
      - application/json
      date:
      - Tue, 21 Feb 2023 21:41:27 GMT
      server:
      - uvicorn
    http_version: HTTP/1.1
    status_code: 201
- request:
    body: '{"path": "blocks/2020", "description": "2020 Census blocks", "source_url":
      "https://www.census.gov/"}'
    headers:
      X-API-Key:
      - DUMMY
      accept:
      - '*/*'
      accept-encoding:
      - gzip, deflate
      connection:
      - keep-alive
      content-length:
      - '101'
      content-type:
      - application/json
      host:
      - localhost:8000
      user-agent:
      - cherrydb-client-py
      x-cherry-meta-id:
      - 8a968930-bb18-4a1c-8011-913a52fdbf83
    method: POST
    uri: http://localhost:8000/api/v1/layers/test_geo_layer_repo_create_get__online
  response:
    content: '{"path":"blocks/2020","description":"2020 Census blocks","source_url":null,"meta":{"notes":"adding
      a geographic layer","uuid":"8a968930-bb18-4a1c-8011-913a52fdbf83","created_at":"2023-02-21T21:41:28.336633+00:00","created_by":"pjrule@me.com"},"namespace":"test_geo_layer_repo_create_get__online"}'
    headers:
      content-length:
      - '296'
      content-type:
      - application/json
      date:
      - Tue, 21 Feb 2023 21:41:27 GMT
      etag:
      - '"75eda3db-aa79-4b15-a457-7d369725c7ad"'
      server:
      - uvicorn
    http_version: HTTP/1.1
    status_code: 201
- request:
    body: ''
    headers:
      X-API-Key:
      - DUMMY
      accept:
      - '*/*'
      accept-encoding:
      - gzip, deflate
      connection:
      - keep-alive
      host:
      - localhost:8000
      if-none-match:
      - '"75eda3db-aa79-4b15-a457-7d369725c7ad"'
      user-agent:
      - cherrydb-client-py
    method: GET
    uri: http://localhost:8000/api/v1/layers/test_geo_layer_repo_create_get__online/blocks/2020
  response:
    content: '{"path":"blocks/2020","description":"2020 Census blocks","source_url":null,"meta":{"notes":"adding
      a geographic layer","uuid":"8a968930-bb18-4a1c-8011-913a52fdbf83","created_at":"2023-02-21T21:41:28.336633+00:00","created_by":"pjrule@me.com"},"namespace":"test_geo_layer_repo_create_get__online"}'
    headers:
      content-length:
      - '296'
      content-type:
      - application/json
      date:
      - Tue, 21 Feb 2023 21:41:27 GMT
      etag:
      - '"75eda3db-aa79-4b15-a457-7d369725c7ad"'
      server:
      - uvicorn
    http_version: HTTP/1.1
    status_code: 200
- request:
    body: ''
    headers:
      X-API-Key:
      - DUMMY
      accept:
      - '*/*'
      accept-encoding:
      - gzip, deflate
      connection:
      - keep-alive
      host:
      - localhost:8000
      if-none-match:
      - '"75eda3db-aa79-4b15-a457-7d369725c7ad"'
      user-agent:
      - cherrydb-client-py
    method: GET
    uri: http://localhost:8000/api/v1/layers/test_geo_layer_repo_create_get__online/blocks/2020
  response:
    content: '{"path":"blocks/2020","description":"2020 Census blocks","source_url":null,"meta":{"notes":"adding
      a geographic layer","uuid":"8a968930-bb18-4a1c-8011-913a52fdbf83","created_at":"2023-02-21T21:41:28.336633+00:00","created_by":"pjrule@me.com"},"namespace":"test_geo_layer_repo_create_get__online"}'
    headers:
      content-length:
      - '296'
      content-type:
      - application/json
      date:
      - Tue, 21 Feb 2023 21:41:28 GMT
      etag:
      - '"75eda3db-aa79-4b15-a457-7d369725c7ad"'
      server:
      - uvicorn
    http_version: HTTP/1.1
    status_code: 200
- request:
    body: '{"notes": "Test setup for cherrydb-client-py test test_geo_layer_repo_create_get__online"}'
    headers:
      X-API-Key:
      - DUMMY
      accept:
      - '*/*'
      accept-encoding:
      - gzip, deflate
      connection:
      - keep-alive
      content-length:
      - '90'
      content-type:
      - application/json
      host:
      - localhost:8000
      user-agent:
      - cherrydb-client-py
    method: POST
    uri: http://localhost:8000/api/v1/meta/
  response:
    content: '{"notes":"Test setup for cherrydb-client-py test test_geo_layer_repo_create_get__online","uuid":"215e8379-61b6-4b53-b614-94b56e4c123b","created_at":"2023-02-21T21:56:35.806862+00:00","created_by":"pjrule@me.com"}'
    headers:
      content-length:
      - '212'
      content-type:
      - application/json
      date:
      - Tue, 21 Feb 2023 21:56:34 GMT
      server:
      - uvicorn
    http_version: HTTP/1.1
    status_code: 201
- request:
    body: '{"path": "test_geo_layer_repo_create_get__online", "description": "cherrydb-client-py
      test test_geo_layer_repo_create_get__online", "public": true}'
    headers:
      X-API-Key:
      - DUMMY
      accept:
      - '*/*'
      accept-encoding:
      - gzip, deflate
      connection:
      - keep-alive
      content-length:
      - '147'
      content-type:
      - application/json
      host:
      - localhost:8000
      user-agent:
      - cherrydb-client-py
      x-cherry-meta-id:
      - 215e8379-61b6-4b53-b614-94b56e4c123b
    method: POST
    uri: http://localhost:8000/api/v1/namespaces/
  response:
    content: '{"path":"test_geo_layer_repo_create_get__online","description":"cherrydb-client-py
      test test_geo_layer_repo_create_get__online","public":true,"meta":{"notes":"Test
      setup for cherrydb-client-py test test_geo_layer_repo_create_get__online","uuid":"215e8379-61b6-4b53-b614-94b56e4c123b","created_at":"2023-02-21T21:56:35.806862+00:00","created_by":"pjrule@me.com"}}'
    headers:
      content-length:
      - '362'
      content-type:
      - application/json
      date:
      - Tue, 21 Feb 2023 21:56:34 GMT
      etag:
      - '"0d63251e-e18f-4dad-aa90-0ae9a655db6b"'
      server:
      - uvicorn
    http_version: HTTP/1.1
    status_code: 201
- request:
    body: '{"notes": "adding a geographic layer"}'
    headers:
      X-API-Key:
      - DUMMY
      accept:
      - '*/*'
      accept-encoding:
      - gzip, deflate
      connection:
      - keep-alive
      content-length:
      - '38'
      content-type:
      - application/json
      host:
      - localhost:8000
      user-agent:
      - cherrydb-client-py
    method: POST
    uri: http://localhost:8000/api/v1/meta/
  response:
    content: '{"notes":"adding a geographic layer","uuid":"d6512f63-c88f-40ff-833c-8b2406a9c226","created_at":"2023-02-21T21:56:35.849506+00:00","created_by":"pjrule@me.com"}'
    headers:
      content-length:
      - '160'
      content-type:
      - application/json
      date:
      - Tue, 21 Feb 2023 21:56:34 GMT
      server:
      - uvicorn
    http_version: HTTP/1.1
    status_code: 201
- request:
    body: '{"path": "blocks/2020", "description": "2020 Census blocks", "source_url":
      "https://www.census.gov/"}'
    headers:
      X-API-Key:
      - DUMMY
      accept:
      - '*/*'
      accept-encoding:
      - gzip, deflate
      connection:
      - keep-alive
      content-length:
      - '101'
      content-type:
      - application/json
      host:
      - localhost:8000
      user-agent:
      - cherrydb-client-py
      x-cherry-meta-id:
      - d6512f63-c88f-40ff-833c-8b2406a9c226
    method: POST
    uri: http://localhost:8000/api/v1/layers/test_geo_layer_repo_create_get__online
  response:
    content: '{"path":"blocks/2020","description":"2020 Census blocks","source_url":null,"meta":{"notes":"adding
      a geographic layer","uuid":"d6512f63-c88f-40ff-833c-8b2406a9c226","created_at":"2023-02-21T21:56:35.849506+00:00","created_by":"pjrule@me.com"},"namespace":"test_geo_layer_repo_create_get__online"}'
    headers:
      content-length:
      - '296'
      content-type:
      - application/json
      date:
      - Tue, 21 Feb 2023 21:56:34 GMT
      etag:
      - '"aba93031-7c8b-4a95-a1d3-7e6385f1d661"'
      server:
      - uvicorn
    http_version: HTTP/1.1
    status_code: 201
- request:
    body: ''
    headers:
      X-API-Key:
      - DUMMY
      accept:
      - '*/*'
      accept-encoding:
      - gzip, deflate
      connection:
      - keep-alive
      host:
      - localhost:8000
      if-none-match:
      - '"aba93031-7c8b-4a95-a1d3-7e6385f1d661"'
      user-agent:
      - cherrydb-client-py
    method: GET
    uri: http://localhost:8000/api/v1/layers/test_geo_layer_repo_create_get__online/blocks/2020
  response:
    content: '{"path":"blocks/2020","description":"2020 Census blocks","source_url":null,"meta":{"notes":"adding
      a geographic layer","uuid":"d6512f63-c88f-40ff-833c-8b2406a9c226","created_at":"2023-02-21T21:56:35.849506+00:00","created_by":"pjrule@me.com"},"namespace":"test_geo_layer_repo_create_get__online"}'
    headers:
      content-length:
      - '296'
      content-type:
      - application/json
      date:
      - Tue, 21 Feb 2023 21:56:35 GMT
      etag:
      - '"aba93031-7c8b-4a95-a1d3-7e6385f1d661"'
      server:
      - uvicorn
    http_version: HTTP/1.1
    status_code: 200
- request:
    body: ''
    headers:
      X-API-Key:
      - DUMMY
      accept:
      - '*/*'
      accept-encoding:
      - gzip, deflate
      connection:
      - keep-alive
      host:
      - localhost:8000
      if-none-match:
      - '"aba93031-7c8b-4a95-a1d3-7e6385f1d661"'
      user-agent:
      - cherrydb-client-py
    method: GET
    uri: http://localhost:8000/api/v1/layers/test_geo_layer_repo_create_get__online/blocks/2020
  response:
    content: '{"path":"blocks/2020","description":"2020 Census blocks","source_url":null,"meta":{"notes":"adding
      a geographic layer","uuid":"d6512f63-c88f-40ff-833c-8b2406a9c226","created_at":"2023-02-21T21:56:35.849506+00:00","created_by":"pjrule@me.com"},"namespace":"test_geo_layer_repo_create_get__online"}'
    headers:
      content-length:
      - '296'
      content-type:
      - application/json
      date:
      - Tue, 21 Feb 2023 21:56:35 GMT
      etag:
      - '"aba93031-7c8b-4a95-a1d3-7e6385f1d661"'
      server:
      - uvicorn
    http_version: HTTP/1.1
    status_code: 200
- request:
    body: '{"notes": "Test setup for cherrydb-client-py test test_geo_layer_repo_create_get__online"}'
    headers:
      X-API-Key:
      - DUMMY
      accept:
      - '*/*'
      accept-encoding:
      - gzip, deflate
      connection:
      - keep-alive
      content-length:
      - '90'
      content-type:
      - application/json
      host:
      - localhost:8000
      user-agent:
      - cherrydb-client-py
    method: POST
    uri: http://localhost:8000/api/v1/meta/
  response:
    content: '{"notes":"Test setup for cherrydb-client-py test test_geo_layer_repo_create_get__online","uuid":"6ed0ce9d-dca8-4d1b-a607-62259bdc34bd","created_at":"2023-02-21T21:57:04.391932+00:00","created_by":"pjrule@me.com"}'
    headers:
      content-length:
      - '212'
      content-type:
      - application/json
      date:
      - Tue, 21 Feb 2023 21:57:04 GMT
      server:
      - uvicorn
    http_version: HTTP/1.1
    status_code: 201
- request:
    body: '{"path": "test_geo_layer_repo_create_get__online", "description": "cherrydb-client-py
      test test_geo_layer_repo_create_get__online", "public": true}'
    headers:
      X-API-Key:
      - DUMMY
      accept:
      - '*/*'
      accept-encoding:
      - gzip, deflate
      connection:
      - keep-alive
      content-length:
      - '147'
      content-type:
      - application/json
      host:
      - localhost:8000
      user-agent:
      - cherrydb-client-py
      x-cherry-meta-id:
      - 6ed0ce9d-dca8-4d1b-a607-62259bdc34bd
    method: POST
    uri: http://localhost:8000/api/v1/namespaces/
  response:
    content: '{"path":"test_geo_layer_repo_create_get__online","description":"cherrydb-client-py
      test test_geo_layer_repo_create_get__online","public":true,"meta":{"notes":"Test
      setup for cherrydb-client-py test test_geo_layer_repo_create_get__online","uuid":"6ed0ce9d-dca8-4d1b-a607-62259bdc34bd","created_at":"2023-02-21T21:57:04.391932+00:00","created_by":"pjrule@me.com"}}'
    headers:
      content-length:
      - '362'
      content-type:
      - application/json
      date:
      - Tue, 21 Feb 2023 21:57:04 GMT
      etag:
      - '"b6b79dce-6ffd-4275-9ebd-c1669a2a3ebf"'
      server:
      - uvicorn
    http_version: HTTP/1.1
    status_code: 201
- request:
    body: '{"notes": "adding a geographic layer"}'
    headers:
      X-API-Key:
      - DUMMY
      accept:
      - '*/*'
      accept-encoding:
      - gzip, deflate
      connection:
      - keep-alive
      content-length:
      - '38'
      content-type:
      - application/json
      host:
      - localhost:8000
      user-agent:
      - cherrydb-client-py
    method: POST
    uri: http://localhost:8000/api/v1/meta/
  response:
    content: '{"notes":"adding a geographic layer","uuid":"93f11173-d030-40f8-97da-5a2db8110f0f","created_at":"2023-02-21T21:57:04.434256+00:00","created_by":"pjrule@me.com"}'
    headers:
      content-length:
      - '160'
      content-type:
      - application/json
      date:
      - Tue, 21 Feb 2023 21:57:04 GMT
      server:
      - uvicorn
    http_version: HTTP/1.1
    status_code: 201
- request:
    body: '{"path": "blocks/2020", "description": "2020 Census blocks", "source_url":
      "https://www.census.gov/"}'
    headers:
      X-API-Key:
      - DUMMY
      accept:
      - '*/*'
      accept-encoding:
      - gzip, deflate
      connection:
      - keep-alive
      content-length:
      - '101'
      content-type:
      - application/json
      host:
      - localhost:8000
      user-agent:
      - cherrydb-client-py
      x-cherry-meta-id:
      - 93f11173-d030-40f8-97da-5a2db8110f0f
    method: POST
    uri: http://localhost:8000/api/v1/layers/test_geo_layer_repo_create_get__online
  response:
    content: '{"path":"blocks/2020","description":"2020 Census blocks","source_url":null,"meta":{"notes":"adding
      a geographic layer","uuid":"93f11173-d030-40f8-97da-5a2db8110f0f","created_at":"2023-02-21T21:57:04.434256+00:00","created_by":"pjrule@me.com"},"namespace":"test_geo_layer_repo_create_get__online"}'
    headers:
      content-length:
      - '296'
      content-type:
      - application/json
      date:
      - Tue, 21 Feb 2023 21:57:04 GMT
      etag:
      - '"8a3e4403-c542-4db8-a300-092d511e37a0"'
      server:
      - uvicorn
    http_version: HTTP/1.1
    status_code: 201
- request:
    body: ''
    headers:
      X-API-Key:
      - DUMMY
      accept:
      - '*/*'
      accept-encoding:
      - gzip, deflate
      connection:
      - keep-alive
      host:
      - localhost:8000
      if-none-match:
      - '"8a3e4403-c542-4db8-a300-092d511e37a0"'
      user-agent:
      - cherrydb-client-py
    method: GET
    uri: http://localhost:8000/api/v1/layers/test_geo_layer_repo_create_get__online/blocks/2020
  response:
    content: '{"path":"blocks/2020","description":"2020 Census blocks","source_url":null,"meta":{"notes":"adding
      a geographic layer","uuid":"93f11173-d030-40f8-97da-5a2db8110f0f","created_at":"2023-02-21T21:57:04.434256+00:00","created_by":"pjrule@me.com"},"namespace":"test_geo_layer_repo_create_get__online"}'
    headers:
      content-length:
      - '296'
      content-type:
      - application/json
      date:
      - Tue, 21 Feb 2023 21:57:04 GMT
      etag:
      - '"8a3e4403-c542-4db8-a300-092d511e37a0"'
      server:
      - uvicorn
    http_version: HTTP/1.1
    status_code: 200
- request:
    body: ''
    headers:
      X-API-Key:
      - DUMMY
      accept:
      - '*/*'
      accept-encoding:
      - gzip, deflate
      connection:
      - keep-alive
      host:
      - localhost:8000
      if-none-match:
      - '"8a3e4403-c542-4db8-a300-092d511e37a0"'
      user-agent:
      - cherrydb-client-py
    method: GET
    uri: http://localhost:8000/api/v1/layers/test_geo_layer_repo_create_get__online/blocks/2020
  response:
    content: '{"path":"blocks/2020","description":"2020 Census blocks","source_url":null,"meta":{"notes":"adding
      a geographic layer","uuid":"93f11173-d030-40f8-97da-5a2db8110f0f","created_at":"2023-02-21T21:57:04.434256+00:00","created_by":"pjrule@me.com"},"namespace":"test_geo_layer_repo_create_get__online"}'
    headers:
      content-length:
      - '296'
      content-type:
      - application/json
      date:
      - Tue, 21 Feb 2023 21:57:04 GMT
      etag:
      - '"8a3e4403-c542-4db8-a300-092d511e37a0"'
      server:
      - uvicorn
    http_version: HTTP/1.1
    status_code: 200
- request:
    body: '{"notes": "Test setup for cherrydb-client-py test test_geo_layer_repo_create_get__online"}'
    headers:
      X-API-Key:
      - DUMMY
      accept:
      - '*/*'
      accept-encoding:
      - gzip, deflate
      connection:
      - keep-alive
      content-length:
      - '90'
      content-type:
      - application/json
      host:
      - localhost:8000
      user-agent:
      - cherrydb-client-py
    method: POST
    uri: http://localhost:8000/api/v1/meta/
  response:
    content: '{"notes":"Test setup for cherrydb-client-py test test_geo_layer_repo_create_get__online","uuid":"14c70b83-adc4-4898-8de7-fcbedc9413b1","created_at":"2023-02-21T21:58:07.283906+00:00","created_by":"pjrule@me.com"}'
    headers:
      content-length:
      - '212'
      content-type:
      - application/json
      date:
      - Tue, 21 Feb 2023 21:58:06 GMT
      server:
      - uvicorn
    http_version: HTTP/1.1
    status_code: 201
- request:
    body: '{"path": "test_geo_layer_repo_create_get__online", "description": "cherrydb-client-py
      test test_geo_layer_repo_create_get__online", "public": true}'
    headers:
      X-API-Key:
      - DUMMY
      accept:
      - '*/*'
      accept-encoding:
      - gzip, deflate
      connection:
      - keep-alive
      content-length:
      - '147'
      content-type:
      - application/json
      host:
      - localhost:8000
      user-agent:
      - cherrydb-client-py
      x-cherry-meta-id:
      - 14c70b83-adc4-4898-8de7-fcbedc9413b1
    method: POST
    uri: http://localhost:8000/api/v1/namespaces/
  response:
    content: '{"path":"test_geo_layer_repo_create_get__online","description":"cherrydb-client-py
      test test_geo_layer_repo_create_get__online","public":true,"meta":{"notes":"Test
      setup for cherrydb-client-py test test_geo_layer_repo_create_get__online","uuid":"14c70b83-adc4-4898-8de7-fcbedc9413b1","created_at":"2023-02-21T21:58:07.283906+00:00","created_by":"pjrule@me.com"}}'
    headers:
      content-length:
      - '362'
      content-type:
      - application/json
      date:
      - Tue, 21 Feb 2023 21:58:06 GMT
      etag:
      - '"61e7d903-8998-4953-ae07-7e2e0a116d9e"'
      server:
      - uvicorn
    http_version: HTTP/1.1
    status_code: 201
- request:
    body: '{"notes": "adding a geographic layer"}'
    headers:
      X-API-Key:
      - DUMMY
      accept:
      - '*/*'
      accept-encoding:
      - gzip, deflate
      connection:
      - keep-alive
      content-length:
      - '38'
      content-type:
      - application/json
      host:
      - localhost:8000
      user-agent:
      - cherrydb-client-py
    method: POST
    uri: http://localhost:8000/api/v1/meta/
  response:
    content: '{"notes":"adding a geographic layer","uuid":"526e9fb4-21be-4120-bf96-af5ae05a3891","created_at":"2023-02-21T21:58:07.323511+00:00","created_by":"pjrule@me.com"}'
    headers:
      content-length:
      - '160'
      content-type:
      - application/json
      date:
      - Tue, 21 Feb 2023 21:58:06 GMT
      server:
      - uvicorn
    http_version: HTTP/1.1
    status_code: 201
- request:
    body: '{"path": "blocks/2020", "description": "2020 Census blocks", "source_url":
      "https://www.census.gov/"}'
    headers:
      X-API-Key:
      - DUMMY
      accept:
      - '*/*'
      accept-encoding:
      - gzip, deflate
      connection:
      - keep-alive
      content-length:
      - '101'
      content-type:
      - application/json
      host:
      - localhost:8000
      user-agent:
      - cherrydb-client-py
      x-cherry-meta-id:
      - 526e9fb4-21be-4120-bf96-af5ae05a3891
    method: POST
    uri: http://localhost:8000/api/v1/layers/test_geo_layer_repo_create_get__online
  response:
    content: '{"path":"blocks/2020","description":"2020 Census blocks","source_url":null,"meta":{"notes":"adding
      a geographic layer","uuid":"526e9fb4-21be-4120-bf96-af5ae05a3891","created_at":"2023-02-21T21:58:07.323511+00:00","created_by":"pjrule@me.com"},"namespace":"test_geo_layer_repo_create_get__online"}'
    headers:
      content-length:
      - '296'
      content-type:
      - application/json
      date:
      - Tue, 21 Feb 2023 21:58:06 GMT
      etag:
      - '"b24d2c04-e525-4195-91c9-0d2eaf8d198f"'
      server:
      - uvicorn
    http_version: HTTP/1.1
    status_code: 201
- request:
    body: ''
    headers:
      X-API-Key:
      - DUMMY
      accept:
      - '*/*'
      accept-encoding:
      - gzip, deflate
      connection:
      - keep-alive
      host:
      - localhost:8000
      if-none-match:
      - '"b24d2c04-e525-4195-91c9-0d2eaf8d198f"'
      user-agent:
      - cherrydb-client-py
    method: GET
    uri: http://localhost:8000/api/v1/layers/test_geo_layer_repo_create_get__online/blocks/2020
  response:
    content: '{"path":"blocks/2020","description":"2020 Census blocks","source_url":null,"meta":{"notes":"adding
      a geographic layer","uuid":"526e9fb4-21be-4120-bf96-af5ae05a3891","created_at":"2023-02-21T21:58:07.323511+00:00","created_by":"pjrule@me.com"},"namespace":"test_geo_layer_repo_create_get__online"}'
    headers:
      content-length:
      - '296'
      content-type:
      - application/json
      date:
      - Tue, 21 Feb 2023 21:58:06 GMT
      etag:
      - '"b24d2c04-e525-4195-91c9-0d2eaf8d198f"'
      server:
      - uvicorn
    http_version: HTTP/1.1
    status_code: 200
- request:
    body: ''
    headers:
      X-API-Key:
      - DUMMY
      accept:
      - '*/*'
      accept-encoding:
      - gzip, deflate
      connection:
      - keep-alive
      host:
      - localhost:8000
      if-none-match:
      - '"b24d2c04-e525-4195-91c9-0d2eaf8d198f"'
      user-agent:
      - cherrydb-client-py
    method: GET
    uri: http://localhost:8000/api/v1/layers/test_geo_layer_repo_create_get__online/blocks/2020
  response:
    content: '{"path":"blocks/2020","description":"2020 Census blocks","source_url":null,"meta":{"notes":"adding
      a geographic layer","uuid":"526e9fb4-21be-4120-bf96-af5ae05a3891","created_at":"2023-02-21T21:58:07.323511+00:00","created_by":"pjrule@me.com"},"namespace":"test_geo_layer_repo_create_get__online"}'
    headers:
      content-length:
      - '296'
      content-type:
      - application/json
      date:
      - Tue, 21 Feb 2023 21:58:06 GMT
      etag:
      - '"b24d2c04-e525-4195-91c9-0d2eaf8d198f"'
      server:
      - uvicorn
    http_version: HTTP/1.1
    status_code: 200
- request:
    body: '{"notes": "Test setup for cherrydb-client-py test test_geo_layer_repo_create_get__online"}'
    headers:
      X-API-Key:
      - DUMMY
      accept:
      - '*/*'
      accept-encoding:
      - gzip, deflate
      connection:
      - keep-alive
      content-length:
      - '90'
      content-type:
      - application/json
      host:
      - localhost:8000
      user-agent:
      - cherrydb-client-py
    method: POST
    uri: http://localhost:8000/api/v1/meta/
  response:
    content: '{"notes":"Test setup for cherrydb-client-py test test_geo_layer_repo_create_get__online","uuid":"f5f0c73a-d224-4da7-adcc-e2864e8c857e","created_at":"2023-02-21T21:58:35.576652+00:00","created_by":"pjrule@me.com"}'
    headers:
      content-length:
      - '212'
      content-type:
      - application/json
      date:
      - Tue, 21 Feb 2023 21:58:35 GMT
      server:
      - uvicorn
    http_version: HTTP/1.1
    status_code: 201
- request:
    body: '{"path": "test_geo_layer_repo_create_get__online", "description": "cherrydb-client-py
      test test_geo_layer_repo_create_get__online", "public": true}'
    headers:
      X-API-Key:
      - DUMMY
      accept:
      - '*/*'
      accept-encoding:
      - gzip, deflate
      connection:
      - keep-alive
      content-length:
      - '147'
      content-type:
      - application/json
      host:
      - localhost:8000
      user-agent:
      - cherrydb-client-py
      x-cherry-meta-id:
      - f5f0c73a-d224-4da7-adcc-e2864e8c857e
    method: POST
    uri: http://localhost:8000/api/v1/namespaces/
  response:
    content: '{"path":"test_geo_layer_repo_create_get__online","description":"cherrydb-client-py
      test test_geo_layer_repo_create_get__online","public":true,"meta":{"notes":"Test
      setup for cherrydb-client-py test test_geo_layer_repo_create_get__online","uuid":"f5f0c73a-d224-4da7-adcc-e2864e8c857e","created_at":"2023-02-21T21:58:35.576652+00:00","created_by":"pjrule@me.com"}}'
    headers:
      content-length:
      - '362'
      content-type:
      - application/json
      date:
      - Tue, 21 Feb 2023 21:58:35 GMT
      etag:
      - '"1e9110ae-313c-4c6c-a6b6-d62154e94213"'
      server:
      - uvicorn
    http_version: HTTP/1.1
    status_code: 201
- request:
    body: '{"notes": "adding a geographic layer"}'
    headers:
      X-API-Key:
      - DUMMY
      accept:
      - '*/*'
      accept-encoding:
      - gzip, deflate
      connection:
      - keep-alive
      content-length:
      - '38'
      content-type:
      - application/json
      host:
      - localhost:8000
      user-agent:
      - cherrydb-client-py
    method: POST
    uri: http://localhost:8000/api/v1/meta/
  response:
    content: '{"notes":"adding a geographic layer","uuid":"c3550bf0-3d71-478b-aa40-e6954fb620ea","created_at":"2023-02-21T21:58:35.614742+00:00","created_by":"pjrule@me.com"}'
    headers:
      content-length:
      - '160'
      content-type:
      - application/json
      date:
      - Tue, 21 Feb 2023 21:58:35 GMT
      server:
      - uvicorn
    http_version: HTTP/1.1
    status_code: 201
- request:
    body: '{"path": "blocks/2020", "description": "2020 Census blocks", "source_url":
      "https://www.census.gov/"}'
    headers:
      X-API-Key:
      - DUMMY
      accept:
      - '*/*'
      accept-encoding:
      - gzip, deflate
      connection:
      - keep-alive
      content-length:
      - '101'
      content-type:
      - application/json
      host:
      - localhost:8000
      user-agent:
      - cherrydb-client-py
      x-cherry-meta-id:
      - c3550bf0-3d71-478b-aa40-e6954fb620ea
    method: POST
    uri: http://localhost:8000/api/v1/layers/test_geo_layer_repo_create_get__online
  response:
    content: '{"path":"blocks/2020","description":"2020 Census blocks","source_url":null,"meta":{"notes":"adding
      a geographic layer","uuid":"c3550bf0-3d71-478b-aa40-e6954fb620ea","created_at":"2023-02-21T21:58:35.614742+00:00","created_by":"pjrule@me.com"},"namespace":"test_geo_layer_repo_create_get__online"}'
    headers:
      content-length:
      - '296'
      content-type:
      - application/json
      date:
      - Tue, 21 Feb 2023 21:58:35 GMT
      etag:
      - '"b3283e4f-4911-4ef5-b3e4-222161735e99"'
      server:
      - uvicorn
    http_version: HTTP/1.1
    status_code: 201
- request:
    body: ''
    headers:
      X-API-Key:
      - DUMMY
      accept:
      - '*/*'
      accept-encoding:
      - gzip, deflate
      connection:
      - keep-alive
      host:
      - localhost:8000
      if-none-match:
      - '"b3283e4f-4911-4ef5-b3e4-222161735e99"'
      user-agent:
      - cherrydb-client-py
    method: GET
    uri: http://localhost:8000/api/v1/layers/test_geo_layer_repo_create_get__online/blocks/2020
  response:
    content: '{"path":"blocks/2020","description":"2020 Census blocks","source_url":null,"meta":{"notes":"adding
      a geographic layer","uuid":"c3550bf0-3d71-478b-aa40-e6954fb620ea","created_at":"2023-02-21T21:58:35.614742+00:00","created_by":"pjrule@me.com"},"namespace":"test_geo_layer_repo_create_get__online"}'
    headers:
      content-length:
      - '296'
      content-type:
      - application/json
      date:
      - Tue, 21 Feb 2023 21:58:35 GMT
      etag:
      - '"b3283e4f-4911-4ef5-b3e4-222161735e99"'
      server:
      - uvicorn
    http_version: HTTP/1.1
    status_code: 200
- request:
    body: ''
    headers:
      X-API-Key:
      - DUMMY
      accept:
      - '*/*'
      accept-encoding:
      - gzip, deflate
      connection:
      - keep-alive
      host:
      - localhost:8000
      if-none-match:
      - '"b3283e4f-4911-4ef5-b3e4-222161735e99"'
      user-agent:
      - cherrydb-client-py
    method: GET
    uri: http://localhost:8000/api/v1/layers/test_geo_layer_repo_create_get__online/blocks/2020
  response:
    content: '{"path":"blocks/2020","description":"2020 Census blocks","source_url":null,"meta":{"notes":"adding
      a geographic layer","uuid":"c3550bf0-3d71-478b-aa40-e6954fb620ea","created_at":"2023-02-21T21:58:35.614742+00:00","created_by":"pjrule@me.com"},"namespace":"test_geo_layer_repo_create_get__online"}'
    headers:
      content-length:
      - '296'
      content-type:
      - application/json
      date:
      - Tue, 21 Feb 2023 21:58:35 GMT
      etag:
      - '"b3283e4f-4911-4ef5-b3e4-222161735e99"'
      server:
      - uvicorn
    http_version: HTTP/1.1
    status_code: 200
- request:
    body: '{"notes": "Test setup for cherrydb-client-py test test_geo_layer_repo_create_get__online"}'
    headers:
      X-API-Key:
      - DUMMY
      accept:
      - '*/*'
      accept-encoding:
      - gzip, deflate
      connection:
      - keep-alive
      content-length:
      - '90'
      content-type:
      - application/json
      host:
      - localhost:8000
      user-agent:
      - cherrydb-client-py
    method: POST
    uri: http://localhost:8000/api/v1/meta/
  response:
    content: '{"notes":"Test setup for cherrydb-client-py test test_geo_layer_repo_create_get__online","uuid":"7b9d3e9c-3a48-4dd1-8520-ce3c62b8a006","created_at":"2023-03-01T18:59:31.770899+00:00","created_by":"pjrule@me.com"}'
    headers:
      content-length:
      - '212'
      content-type:
      - application/json
      date:
      - Wed, 01 Mar 2023 18:59:30 GMT
      server:
      - uvicorn
    http_version: HTTP/1.1
    status_code: 201
- request:
    body: '{"path": "test_geo_layer_repo_create_get__online", "description": "cherrydb-client-py
      test test_geo_layer_repo_create_get__online", "public": true}'
    headers:
      X-API-Key:
      - DUMMY
      accept:
      - '*/*'
      accept-encoding:
      - gzip, deflate
      connection:
      - keep-alive
      content-length:
      - '147'
      content-type:
      - application/json
      host:
      - localhost:8000
      user-agent:
      - cherrydb-client-py
      x-cherry-meta-id:
      - 7b9d3e9c-3a48-4dd1-8520-ce3c62b8a006
    method: POST
    uri: http://localhost:8000/api/v1/namespaces/
  response:
    content: '{"path":"test_geo_layer_repo_create_get__online","description":"cherrydb-client-py
      test test_geo_layer_repo_create_get__online","public":true,"meta":{"notes":"Test
      setup for cherrydb-client-py test test_geo_layer_repo_create_get__online","uuid":"7b9d3e9c-3a48-4dd1-8520-ce3c62b8a006","created_at":"2023-03-01T18:59:31.770899+00:00","created_by":"pjrule@me.com"}}'
    headers:
      content-length:
      - '362'
      content-type:
      - application/json
      date:
      - Wed, 01 Mar 2023 18:59:31 GMT
      etag:
      - '"18fe3a6e-59e1-4b25-b3aa-0b6a3fcfa138"'
      server:
      - uvicorn
    http_version: HTTP/1.1
    status_code: 201
- request:
    body: '{"notes": "adding a geographic layer"}'
    headers:
      X-API-Key:
      - DUMMY
      accept:
      - '*/*'
      accept-encoding:
      - gzip, deflate
      connection:
      - keep-alive
      content-length:
      - '38'
      content-type:
      - application/json
      host:
      - localhost:8000
      user-agent:
      - cherrydb-client-py
    method: POST
    uri: http://localhost:8000/api/v1/meta/
  response:
    content: '{"notes":"adding a geographic layer","uuid":"6901b68c-a6c5-44f1-8402-f54f47009891","created_at":"2023-03-01T18:59:32.038419+00:00","created_by":"pjrule@me.com"}'
    headers:
      content-length:
      - '160'
      content-type:
      - application/json
      date:
      - Wed, 01 Mar 2023 18:59:31 GMT
      server:
      - uvicorn
    http_version: HTTP/1.1
    status_code: 201
- request:
    body: '{"path": "blocks/2020", "description": "2020 Census blocks", "source_url":
      "https://www.census.gov/"}'
    headers:
      X-API-Key:
      - DUMMY
      accept:
      - '*/*'
      accept-encoding:
      - gzip, deflate
      connection:
      - keep-alive
      content-length:
      - '101'
      content-type:
      - application/json
      host:
      - localhost:8000
      user-agent:
      - cherrydb-client-py
      x-cherry-meta-id:
      - 6901b68c-a6c5-44f1-8402-f54f47009891
    method: POST
    uri: http://localhost:8000/api/v1/layers/test_geo_layer_repo_create_get__online
  response:
    content: '{"path":"blocks/2020","description":"2020 Census blocks","source_url":null,"meta":{"notes":"adding
      a geographic layer","uuid":"6901b68c-a6c5-44f1-8402-f54f47009891","created_at":"2023-03-01T18:59:32.038419+00:00","created_by":"pjrule@me.com"},"namespace":"test_geo_layer_repo_create_get__online"}'
    headers:
      content-length:
      - '296'
      content-type:
      - application/json
      date:
      - Wed, 01 Mar 2023 18:59:31 GMT
      etag:
      - '"c945ffcc-c5bb-4336-9d9b-81da8eaa1e4f"'
      server:
      - uvicorn
    http_version: HTTP/1.1
    status_code: 201
- request:
    body: '{"notes": "Test setup for cherrydb-client-py test test_geo_layer_repo_create_get__online"}'
    headers:
      X-API-Key:
      - DUMMY
      accept:
      - '*/*'
      accept-encoding:
      - gzip, deflate
      connection:
      - keep-alive
      content-length:
      - '90'
      content-type:
      - application/json
      host:
      - localhost:8000
      user-agent:
      - cherrydb-client-py
    method: POST
    uri: http://localhost:8000/api/v1/meta/
  response:
    content: '{"notes":"Test setup for cherrydb-client-py test test_geo_layer_repo_create_get__online","uuid":"39d1e616-42fb-4377-b942-6889d09abc40","created_at":"2023-03-01T19:01:43.004352+00:00","created_by":"pjrule@me.com"}'
    headers:
      content-length:
      - '212'
      content-type:
      - application/json
      date:
      - Wed, 01 Mar 2023 19:01:42 GMT
      server:
      - uvicorn
    http_version: HTTP/1.1
    status_code: 201
- request:
    body: '{"path": "test_geo_layer_repo_create_get__online", "description": "cherrydb-client-py
      test test_geo_layer_repo_create_get__online", "public": true}'
    headers:
      X-API-Key:
      - DUMMY
      accept:
      - '*/*'
      accept-encoding:
      - gzip, deflate
      connection:
      - keep-alive
      content-length:
      - '147'
      content-type:
      - application/json
      host:
      - localhost:8000
      user-agent:
      - cherrydb-client-py
      x-cherry-meta-id:
      - 39d1e616-42fb-4377-b942-6889d09abc40
    method: POST
    uri: http://localhost:8000/api/v1/namespaces/
  response:
    content: '{"path":"test_geo_layer_repo_create_get__online","description":"cherrydb-client-py
      test test_geo_layer_repo_create_get__online","public":true,"meta":{"notes":"Test
      setup for cherrydb-client-py test test_geo_layer_repo_create_get__online","uuid":"39d1e616-42fb-4377-b942-6889d09abc40","created_at":"2023-03-01T19:01:43.004352+00:00","created_by":"pjrule@me.com"}}'
    headers:
      content-length:
      - '362'
      content-type:
      - application/json
      date:
      - Wed, 01 Mar 2023 19:01:42 GMT
      etag:
      - '"7f3a5230-2784-49d4-bbb2-25a0104b576a"'
      server:
      - uvicorn
    http_version: HTTP/1.1
    status_code: 201
- request:
    body: '{"notes": "adding a geographic layer"}'
    headers:
      X-API-Key:
      - DUMMY
      accept:
      - '*/*'
      accept-encoding:
      - gzip, deflate
      connection:
      - keep-alive
      content-length:
      - '38'
      content-type:
      - application/json
      host:
      - localhost:8000
      user-agent:
      - cherrydb-client-py
    method: POST
    uri: http://localhost:8000/api/v1/meta/
  response:
    content: '{"notes":"adding a geographic layer","uuid":"d3b0faf8-e644-4325-b424-9af9304fd3cc","created_at":"2023-03-01T19:01:43.360056+00:00","created_by":"pjrule@me.com"}'
    headers:
      content-length:
      - '160'
      content-type:
      - application/json
      date:
      - Wed, 01 Mar 2023 19:01:43 GMT
      server:
      - uvicorn
    http_version: HTTP/1.1
    status_code: 201
- request:
    body: '{"path": "blocks/2020", "description": "2020 Census blocks", "source_url":
      "https://www.census.gov/"}'
    headers:
      X-API-Key:
      - DUMMY
      accept:
      - '*/*'
      accept-encoding:
      - gzip, deflate
      connection:
      - keep-alive
      content-length:
      - '101'
      content-type:
      - application/json
      host:
      - localhost:8000
      user-agent:
      - cherrydb-client-py
      x-cherry-meta-id:
      - d3b0faf8-e644-4325-b424-9af9304fd3cc
    method: POST
    uri: http://localhost:8000/api/v1/layers/test_geo_layer_repo_create_get__online
  response:
    content: '{"path":"blocks/2020","description":"2020 Census blocks","source_url":null,"meta":{"notes":"adding
      a geographic layer","uuid":"d3b0faf8-e644-4325-b424-9af9304fd3cc","created_at":"2023-03-01T19:01:43.360056+00:00","created_by":"pjrule@me.com"},"namespace":"test_geo_layer_repo_create_get__online"}'
    headers:
      content-length:
      - '296'
      content-type:
      - application/json
      date:
      - Wed, 01 Mar 2023 19:01:43 GMT
      etag:
      - '"135c61b9-6ac5-4bb9-a41a-8286fb813881"'
      server:
      - uvicorn
    http_version: HTTP/1.1
    status_code: 201
- request:
    body: '{"notes": "Test setup for cherrydb-client-py test test_geo_layer_repo_create_get__online"}'
    headers:
      X-API-Key:
      - DUMMY
      accept:
      - '*/*'
      accept-encoding:
      - gzip, deflate
      connection:
      - keep-alive
      content-length:
      - '90'
      content-type:
      - application/json
      host:
      - localhost:8000
      user-agent:
      - cherrydb-client-py
    method: POST
    uri: http://localhost:8000/api/v1/meta/
  response:
    content: '{"notes":"Test setup for cherrydb-client-py test test_geo_layer_repo_create_get__online","uuid":"b32048b1-cf33-4219-b6b9-982db47b4963","created_at":"2023-03-01T19:04:24.148644+00:00","created_by":"pjrule@me.com"}'
    headers:
      content-length:
      - '212'
      content-type:
      - application/json
      date:
      - Wed, 01 Mar 2023 19:04:23 GMT
      server:
      - uvicorn
    http_version: HTTP/1.1
    status_code: 201
- request:
    body: '{"path": "test_geo_layer_repo_create_get__online", "description": "cherrydb-client-py
      test test_geo_layer_repo_create_get__online", "public": true}'
    headers:
      X-API-Key:
      - DUMMY
      accept:
      - '*/*'
      accept-encoding:
      - gzip, deflate
      connection:
      - keep-alive
      content-length:
      - '147'
      content-type:
      - application/json
      host:
      - localhost:8000
      user-agent:
      - cherrydb-client-py
      x-cherry-meta-id:
      - b32048b1-cf33-4219-b6b9-982db47b4963
    method: POST
    uri: http://localhost:8000/api/v1/namespaces/
  response:
    content: '{"path":"test_geo_layer_repo_create_get__online","description":"cherrydb-client-py
      test test_geo_layer_repo_create_get__online","public":true,"meta":{"notes":"Test
      setup for cherrydb-client-py test test_geo_layer_repo_create_get__online","uuid":"b32048b1-cf33-4219-b6b9-982db47b4963","created_at":"2023-03-01T19:04:24.148644+00:00","created_by":"pjrule@me.com"}}'
    headers:
      content-length:
      - '362'
      content-type:
      - application/json
      date:
      - Wed, 01 Mar 2023 19:04:23 GMT
      etag:
      - '"434f3b3c-090a-4960-9e93-a9cc3688ac3e"'
      server:
      - uvicorn
    http_version: HTTP/1.1
    status_code: 201
- request:
    body: '{"notes": "adding a geographic layer"}'
    headers:
      X-API-Key:
      - DUMMY
      accept:
      - '*/*'
      accept-encoding:
      - gzip, deflate
      connection:
      - keep-alive
      content-length:
      - '38'
      content-type:
      - application/json
      host:
      - localhost:8000
      user-agent:
      - cherrydb-client-py
    method: POST
    uri: http://localhost:8000/api/v1/meta/
  response:
    content: '{"notes":"adding a geographic layer","uuid":"3b12e768-a6a2-4c78-8834-ea48afbe75cb","created_at":"2023-03-01T19:04:24.474446+00:00","created_by":"pjrule@me.com"}'
    headers:
      content-length:
      - '160'
      content-type:
      - application/json
      date:
      - Wed, 01 Mar 2023 19:04:23 GMT
      server:
      - uvicorn
    http_version: HTTP/1.1
    status_code: 201
- request:
    body: '{"path": "blocks/2020", "description": "2020 Census blocks", "source_url":
      "https://www.census.gov/"}'
    headers:
      X-API-Key:
      - DUMMY
      accept:
      - '*/*'
      accept-encoding:
      - gzip, deflate
      connection:
      - keep-alive
      content-length:
      - '101'
      content-type:
      - application/json
      host:
      - localhost:8000
      user-agent:
      - cherrydb-client-py
      x-cherry-meta-id:
      - 3b12e768-a6a2-4c78-8834-ea48afbe75cb
    method: POST
    uri: http://localhost:8000/api/v1/layers/test_geo_layer_repo_create_get__online
  response:
    content: '{"path":"blocks/2020","description":"2020 Census blocks","source_url":null,"meta":{"notes":"adding
      a geographic layer","uuid":"3b12e768-a6a2-4c78-8834-ea48afbe75cb","created_at":"2023-03-01T19:04:24.474446+00:00","created_by":"pjrule@me.com"},"namespace":"test_geo_layer_repo_create_get__online"}'
    headers:
      content-length:
      - '296'
      content-type:
      - application/json
      date:
      - Wed, 01 Mar 2023 19:04:23 GMT
      etag:
      - '"cbf2f625-debc-4b95-8269-72624f7204ae"'
      server:
      - uvicorn
    http_version: HTTP/1.1
    status_code: 201
- request:
    body: ''
    headers:
      X-API-Key:
      - DUMMY
      accept:
      - '*/*'
      accept-encoding:
      - gzip, deflate
      connection:
      - keep-alive
      host:
      - localhost:8000
      if-none-match:
      - '"cbf2f625-debc-4b95-8269-72624f7204ae"'
      user-agent:
      - cherrydb-client-py
    method: GET
    uri: http://localhost:8000/api/v1/layers/test_geo_layer_repo_create_get__online/blocks/2020
  response:
    content: '{"path":"blocks/2020","description":"2020 Census blocks","source_url":null,"meta":{"notes":"adding
      a geographic layer","uuid":"3b12e768-a6a2-4c78-8834-ea48afbe75cb","created_at":"2023-03-01T19:04:24.474446+00:00","created_by":"pjrule@me.com"},"namespace":"test_geo_layer_repo_create_get__online"}'
    headers:
      content-length:
      - '296'
      content-type:
      - application/json
      date:
      - Wed, 01 Mar 2023 19:04:24 GMT
      etag:
      - '"cbf2f625-debc-4b95-8269-72624f7204ae"'
      server:
      - uvicorn
    http_version: HTTP/1.1
    status_code: 200
- request:
    body: ''
    headers:
      X-API-Key:
      - DUMMY
      accept:
      - '*/*'
      accept-encoding:
      - gzip, deflate
      connection:
      - keep-alive
      host:
      - localhost:8000
      if-none-match:
      - '"cbf2f625-debc-4b95-8269-72624f7204ae"'
      user-agent:
      - cherrydb-client-py
    method: GET
    uri: http://localhost:8000/api/v1/layers/test_geo_layer_repo_create_get__online/blocks/2020
  response:
    content: '{"path":"blocks/2020","description":"2020 Census blocks","source_url":null,"meta":{"notes":"adding
      a geographic layer","uuid":"3b12e768-a6a2-4c78-8834-ea48afbe75cb","created_at":"2023-03-01T19:04:24.474446+00:00","created_by":"pjrule@me.com"},"namespace":"test_geo_layer_repo_create_get__online"}'
    headers:
      content-length:
      - '296'
      content-type:
      - application/json
      date:
      - Wed, 01 Mar 2023 19:04:24 GMT
      etag:
      - '"cbf2f625-debc-4b95-8269-72624f7204ae"'
      server:
      - uvicorn
    http_version: HTTP/1.1
    status_code: 200
- request:
    body: '{"notes": "Test setup for cherrydb-client-py test test_geo_layer_repo_create_get__online"}'
    headers:
      X-API-Key:
      - DUMMY
      accept:
      - '*/*'
      accept-encoding:
      - gzip, deflate
      connection:
      - keep-alive
      content-length:
      - '90'
      content-type:
      - application/json
      host:
      - localhost:8000
      user-agent:
      - cherrydb-client-py
    method: POST
    uri: http://localhost:8000/api/v1/meta/
  response:
    content: '{"notes":"Test setup for cherrydb-client-py test test_geo_layer_repo_create_get__online","uuid":"f4b87948-3b39-455e-ac1f-00efbe971ecf","created_at":"2023-03-30T00:32:50.574174+00:00","created_by":"pjrule@me.com"}'
    headers:
      content-length:
      - '212'
      content-type:
      - application/json
      date:
      - Thu, 30 Mar 2023 00:32:50 GMT
      server:
      - uvicorn
    http_version: HTTP/1.1
    status_code: 201
- request:
    body: '{"path": "test_geo_layer_repo_create_get__online", "description": "cherrydb-client-py
      test test_geo_layer_repo_create_get__online", "public": true}'
    headers:
      X-API-Key:
      - DUMMY
      accept:
      - '*/*'
      accept-encoding:
      - gzip, deflate
      connection:
      - keep-alive
      content-length:
      - '147'
      content-type:
      - application/json
      host:
      - localhost:8000
      user-agent:
      - cherrydb-client-py
      x-cherry-meta-id:
      - f4b87948-3b39-455e-ac1f-00efbe971ecf
    method: POST
    uri: http://localhost:8000/api/v1/namespaces/
  response:
    content: '{"path":"test_geo_layer_repo_create_get__online","description":"cherrydb-client-py
      test test_geo_layer_repo_create_get__online","public":true,"meta":{"notes":"Test
      setup for cherrydb-client-py test test_geo_layer_repo_create_get__online","uuid":"f4b87948-3b39-455e-ac1f-00efbe971ecf","created_at":"2023-03-30T00:32:50.574174+00:00","created_by":"pjrule@me.com"}}'
    headers:
      content-length:
      - '362'
      content-type:
      - application/json
      date:
      - Thu, 30 Mar 2023 00:32:50 GMT
      etag:
      - '"5f7b1b57-dbd7-4a02-97e1-ee769e3f9419"'
      server:
      - uvicorn
    http_version: HTTP/1.1
    status_code: 201
- request:
    body: '{"notes": "adding a geographic layer"}'
    headers:
      X-API-Key:
      - DUMMY
      accept:
      - '*/*'
      accept-encoding:
      - gzip, deflate
      connection:
      - keep-alive
      content-length:
      - '38'
      content-type:
      - application/json
      host:
      - localhost:8000
      user-agent:
      - cherrydb-client-py
    method: POST
    uri: http://localhost:8000/api/v1/meta/
  response:
    content: '{"notes":"adding a geographic layer","uuid":"305ecfa8-bb14-4268-9166-0e6d555e8e55","created_at":"2023-03-30T00:32:50.760429+00:00","created_by":"pjrule@me.com"}'
    headers:
      content-length:
      - '160'
      content-type:
      - application/json
      date:
      - Thu, 30 Mar 2023 00:32:50 GMT
      server:
      - uvicorn
    http_version: HTTP/1.1
    status_code: 201
- request:
    body: '{"path": "blocks/2020", "description": "2020 Census blocks", "source_url":
      "https://www.census.gov/"}'
    headers:
      X-API-Key:
      - DUMMY
      accept:
      - '*/*'
      accept-encoding:
      - gzip, deflate
      connection:
      - keep-alive
      content-length:
      - '101'
      content-type:
      - application/json
      host:
      - localhost:8000
      user-agent:
      - cherrydb-client-py
      x-cherry-meta-id:
      - 305ecfa8-bb14-4268-9166-0e6d555e8e55
    method: POST
    uri: http://localhost:8000/api/v1/layers/test_geo_layer_repo_create_get__online
  response:
    content: '{"path":"blocks/2020","description":"2020 Census blocks","source_url":null,"meta":{"notes":"adding
      a geographic layer","uuid":"305ecfa8-bb14-4268-9166-0e6d555e8e55","created_at":"2023-03-30T00:32:50.760429+00:00","created_by":"pjrule@me.com"},"namespace":"test_geo_layer_repo_create_get__online"}'
    headers:
      content-length:
      - '296'
      content-type:
      - application/json
      date:
      - Thu, 30 Mar 2023 00:32:50 GMT
      etag:
      - '"0c5da0b4-06fe-4873-94b7-077bc0dafd7f"'
      server:
      - uvicorn
    http_version: HTTP/1.1
    status_code: 201
- request:
    body: ''
    headers:
      X-API-Key:
      - DUMMY
      accept:
      - '*/*'
      accept-encoding:
      - gzip, deflate
      connection:
      - keep-alive
      host:
      - localhost:8000
      if-none-match:
      - '"0c5da0b4-06fe-4873-94b7-077bc0dafd7f"'
      user-agent:
      - cherrydb-client-py
    method: GET
    uri: http://localhost:8000/api/v1/layers/test_geo_layer_repo_create_get__online/blocks/2020
  response:
    content: '{"path":"blocks/2020","description":"2020 Census blocks","source_url":null,"meta":{"notes":"adding
      a geographic layer","uuid":"305ecfa8-bb14-4268-9166-0e6d555e8e55","created_at":"2023-03-30T00:32:50.760429+00:00","created_by":"pjrule@me.com"},"namespace":"test_geo_layer_repo_create_get__online"}'
    headers:
      content-length:
      - '296'
      content-type:
      - application/json
      date:
      - Thu, 30 Mar 2023 00:32:50 GMT
      etag:
      - '"0c5da0b4-06fe-4873-94b7-077bc0dafd7f"'
      server:
      - uvicorn
    http_version: HTTP/1.1
    status_code: 200
- request:
    body: ''
    headers:
      X-API-Key:
      - DUMMY
      accept:
      - '*/*'
      accept-encoding:
      - gzip, deflate
      connection:
      - keep-alive
      host:
      - localhost:8000
      if-none-match:
      - '"0c5da0b4-06fe-4873-94b7-077bc0dafd7f"'
      user-agent:
      - cherrydb-client-py
    method: GET
    uri: http://localhost:8000/api/v1/layers/test_geo_layer_repo_create_get__online/blocks/2020
  response:
    content: '{"path":"blocks/2020","description":"2020 Census blocks","source_url":null,"meta":{"notes":"adding
      a geographic layer","uuid":"305ecfa8-bb14-4268-9166-0e6d555e8e55","created_at":"2023-03-30T00:32:50.760429+00:00","created_by":"pjrule@me.com"},"namespace":"test_geo_layer_repo_create_get__online"}'
    headers:
      content-length:
      - '296'
      content-type:
      - application/json
      date:
      - Thu, 30 Mar 2023 00:32:50 GMT
      etag:
      - '"0c5da0b4-06fe-4873-94b7-077bc0dafd7f"'
      server:
      - uvicorn
    http_version: HTTP/1.1
    status_code: 200
- request:
    body: '{"notes": "Test setup for cherrydb-client-py test test_geo_layer_repo_create_get__online"}'
    headers:
      X-API-Key:
      - DUMMY
      accept:
      - '*/*'
      accept-encoding:
      - gzip, deflate
      connection:
      - keep-alive
      content-length:
      - '90'
      content-type:
      - application/json
      host:
      - localhost:8000
      user-agent:
      - cherrydb-client-py
    method: POST
    uri: http://localhost:8000/api/v1/meta/
  response:
    content: '{"notes":"Test setup for cherrydb-client-py test test_geo_layer_repo_create_get__online","uuid":"cceaac3e-b146-4a83-b257-921c96c297a7","created_at":"2023-03-30T00:39:07.616891+00:00","created_by":"pjrule@me.com"}'
    headers:
      content-length:
      - '212'
      content-type:
      - application/json
      date:
      - Thu, 30 Mar 2023 00:39:07 GMT
      server:
      - uvicorn
    http_version: HTTP/1.1
    status_code: 201
- request:
    body: '{"path": "test_geo_layer_repo_create_get__online", "description": "cherrydb-client-py
      test test_geo_layer_repo_create_get__online", "public": true}'
    headers:
      X-API-Key:
      - DUMMY
      accept:
      - '*/*'
      accept-encoding:
      - gzip, deflate
      connection:
      - keep-alive
      content-length:
      - '147'
      content-type:
      - application/json
      host:
      - localhost:8000
      user-agent:
      - cherrydb-client-py
      x-cherry-meta-id:
      - cceaac3e-b146-4a83-b257-921c96c297a7
    method: POST
    uri: http://localhost:8000/api/v1/namespaces/
  response:
    content: '{"path":"test_geo_layer_repo_create_get__online","description":"cherrydb-client-py
      test test_geo_layer_repo_create_get__online","public":true,"meta":{"notes":"Test
      setup for cherrydb-client-py test test_geo_layer_repo_create_get__online","uuid":"cceaac3e-b146-4a83-b257-921c96c297a7","created_at":"2023-03-30T00:39:07.616891+00:00","created_by":"pjrule@me.com"}}'
    headers:
      content-length:
      - '362'
      content-type:
      - application/json
      date:
      - Thu, 30 Mar 2023 00:39:07 GMT
      etag:
      - '"a4a23da6-8c20-45de-9b2f-b4f93e88744b"'
      server:
      - uvicorn
    http_version: HTTP/1.1
    status_code: 201
- request:
    body: '{"notes": "adding a geographic layer"}'
    headers:
      X-API-Key:
      - DUMMY
      accept:
      - '*/*'
      accept-encoding:
      - gzip, deflate
      connection:
      - keep-alive
      content-length:
      - '38'
      content-type:
      - application/json
      host:
      - localhost:8000
      user-agent:
      - cherrydb-client-py
    method: POST
    uri: http://localhost:8000/api/v1/meta/
  response:
    content: '{"notes":"adding a geographic layer","uuid":"ddccd034-9746-4e20-b01c-7615d935abe3","created_at":"2023-03-30T00:39:07.813346+00:00","created_by":"pjrule@me.com"}'
    headers:
      content-length:
      - '160'
      content-type:
      - application/json
      date:
      - Thu, 30 Mar 2023 00:39:07 GMT
      server:
      - uvicorn
    http_version: HTTP/1.1
    status_code: 201
- request:
    body: '{"path": "blocks/2020", "description": "2020 Census blocks", "source_url":
      "https://www.census.gov/"}'
    headers:
      X-API-Key:
      - DUMMY
      accept:
      - '*/*'
      accept-encoding:
      - gzip, deflate
      connection:
      - keep-alive
      content-length:
      - '101'
      content-type:
      - application/json
      host:
      - localhost:8000
      user-agent:
      - cherrydb-client-py
      x-cherry-meta-id:
      - ddccd034-9746-4e20-b01c-7615d935abe3
    method: POST
    uri: http://localhost:8000/api/v1/layers/test_geo_layer_repo_create_get__online
  response:
    content: '{"path":"blocks/2020","description":"2020 Census blocks","source_url":null,"meta":{"notes":"adding
      a geographic layer","uuid":"ddccd034-9746-4e20-b01c-7615d935abe3","created_at":"2023-03-30T00:39:07.813346+00:00","created_by":"pjrule@me.com"},"namespace":"test_geo_layer_repo_create_get__online"}'
    headers:
      content-length:
      - '296'
      content-type:
      - application/json
      date:
      - Thu, 30 Mar 2023 00:39:07 GMT
      etag:
      - '"b322a1ee-aee6-405c-a699-06e2a576975a"'
      server:
      - uvicorn
    http_version: HTTP/1.1
    status_code: 201
- request:
    body: ''
    headers:
      X-API-Key:
      - DUMMY
      accept:
      - '*/*'
      accept-encoding:
      - gzip, deflate
      connection:
      - keep-alive
      host:
      - localhost:8000
      if-none-match:
      - '"b322a1ee-aee6-405c-a699-06e2a576975a"'
      user-agent:
      - cherrydb-client-py
    method: GET
    uri: http://localhost:8000/api/v1/layers/test_geo_layer_repo_create_get__online/blocks/2020
  response:
    content: '{"path":"blocks/2020","description":"2020 Census blocks","source_url":null,"meta":{"notes":"adding
      a geographic layer","uuid":"ddccd034-9746-4e20-b01c-7615d935abe3","created_at":"2023-03-30T00:39:07.813346+00:00","created_by":"pjrule@me.com"},"namespace":"test_geo_layer_repo_create_get__online"}'
    headers:
      content-length:
      - '296'
      content-type:
      - application/json
      date:
      - Thu, 30 Mar 2023 00:39:07 GMT
      etag:
      - '"b322a1ee-aee6-405c-a699-06e2a576975a"'
      server:
      - uvicorn
    http_version: HTTP/1.1
    status_code: 200
- request:
    body: ''
    headers:
      X-API-Key:
      - DUMMY
      accept:
      - '*/*'
      accept-encoding:
      - gzip, deflate
      connection:
      - keep-alive
      host:
      - localhost:8000
      if-none-match:
      - '"b322a1ee-aee6-405c-a699-06e2a576975a"'
      user-agent:
      - cherrydb-client-py
    method: GET
    uri: http://localhost:8000/api/v1/layers/test_geo_layer_repo_create_get__online/blocks/2020
  response:
    content: '{"path":"blocks/2020","description":"2020 Census blocks","source_url":null,"meta":{"notes":"adding
      a geographic layer","uuid":"ddccd034-9746-4e20-b01c-7615d935abe3","created_at":"2023-03-30T00:39:07.813346+00:00","created_by":"pjrule@me.com"},"namespace":"test_geo_layer_repo_create_get__online"}'
    headers:
      content-length:
      - '296'
      content-type:
      - application/json
      date:
      - Thu, 30 Mar 2023 00:39:07 GMT
      etag:
      - '"b322a1ee-aee6-405c-a699-06e2a576975a"'
      server:
      - uvicorn
    http_version: HTTP/1.1
    status_code: 200
- request:
    body: '{"notes": "Test setup for cherrydb-client-py test test_geo_layer_repo_create_get__online"}'
    headers:
      X-API-Key:
      - DUMMY
      accept:
      - '*/*'
      accept-encoding:
      - gzip, deflate
      connection:
      - keep-alive
      content-length:
      - '90'
      content-type:
      - application/json
      host:
      - localhost:8000
      user-agent:
      - cherrydb-client-py
    method: POST
    uri: http://localhost:8000/api/v1/meta/
  response:
    content: '{"notes":"Test setup for cherrydb-client-py test test_geo_layer_repo_create_get__online","uuid":"569ee3a7-16ee-43b0-a536-d79aed95f992","created_at":"2023-03-30T00:40:51.617931+00:00","created_by":"pjrule@me.com"}'
    headers:
      content-length:
      - '212'
      content-type:
      - application/json
      date:
      - Thu, 30 Mar 2023 00:40:51 GMT
      server:
      - uvicorn
    http_version: HTTP/1.1
    status_code: 201
- request:
    body: '{"path": "test_geo_layer_repo_create_get__online", "description": "cherrydb-client-py
      test test_geo_layer_repo_create_get__online", "public": true}'
    headers:
      X-API-Key:
      - DUMMY
      accept:
      - '*/*'
      accept-encoding:
      - gzip, deflate
      connection:
      - keep-alive
      content-length:
      - '147'
      content-type:
      - application/json
      host:
      - localhost:8000
      user-agent:
      - cherrydb-client-py
      x-cherry-meta-id:
      - 569ee3a7-16ee-43b0-a536-d79aed95f992
    method: POST
    uri: http://localhost:8000/api/v1/namespaces/
  response:
    content: '{"path":"test_geo_layer_repo_create_get__online","description":"cherrydb-client-py
      test test_geo_layer_repo_create_get__online","public":true,"meta":{"notes":"Test
      setup for cherrydb-client-py test test_geo_layer_repo_create_get__online","uuid":"569ee3a7-16ee-43b0-a536-d79aed95f992","created_at":"2023-03-30T00:40:51.617931+00:00","created_by":"pjrule@me.com"}}'
    headers:
      content-length:
      - '362'
      content-type:
      - application/json
      date:
      - Thu, 30 Mar 2023 00:40:51 GMT
      etag:
      - '"a5e8c2aa-cb15-4b93-99ae-e4cff67f2e01"'
      server:
      - uvicorn
    http_version: HTTP/1.1
    status_code: 201
- request:
    body: '{"notes": "adding a geographic layer"}'
    headers:
      X-API-Key:
      - DUMMY
      accept:
      - '*/*'
      accept-encoding:
      - gzip, deflate
      connection:
      - keep-alive
      content-length:
      - '38'
      content-type:
      - application/json
      host:
      - localhost:8000
      user-agent:
      - cherrydb-client-py
    method: POST
    uri: http://localhost:8000/api/v1/meta/
  response:
    content: '{"notes":"adding a geographic layer","uuid":"53c7512c-8526-4b8e-abe0-30722739bcea","created_at":"2023-03-30T00:40:51.798850+00:00","created_by":"pjrule@me.com"}'
    headers:
      content-length:
      - '160'
      content-type:
      - application/json
      date:
      - Thu, 30 Mar 2023 00:40:51 GMT
      server:
      - uvicorn
    http_version: HTTP/1.1
    status_code: 201
- request:
    body: '{"path": "blocks/2020", "description": "2020 Census blocks", "source_url":
      "https://www.census.gov/"}'
    headers:
      X-API-Key:
      - DUMMY
      accept:
      - '*/*'
      accept-encoding:
      - gzip, deflate
      connection:
      - keep-alive
      content-length:
      - '101'
      content-type:
      - application/json
      host:
      - localhost:8000
      user-agent:
      - cherrydb-client-py
      x-cherry-meta-id:
      - 53c7512c-8526-4b8e-abe0-30722739bcea
    method: POST
    uri: http://localhost:8000/api/v1/layers/test_geo_layer_repo_create_get__online
  response:
    content: '{"path":"blocks/2020","description":"2020 Census blocks","source_url":null,"meta":{"notes":"adding
      a geographic layer","uuid":"53c7512c-8526-4b8e-abe0-30722739bcea","created_at":"2023-03-30T00:40:51.798850+00:00","created_by":"pjrule@me.com"},"namespace":"test_geo_layer_repo_create_get__online"}'
    headers:
      content-length:
      - '296'
      content-type:
      - application/json
      date:
      - Thu, 30 Mar 2023 00:40:51 GMT
      etag:
      - '"e7cf590d-6ac0-46d7-a0d8-eb6fd7db2a14"'
      server:
      - uvicorn
    http_version: HTTP/1.1
    status_code: 201
- request:
    body: ''
    headers:
      X-API-Key:
      - DUMMY
      accept:
      - '*/*'
      accept-encoding:
      - gzip, deflate
      connection:
      - keep-alive
      host:
      - localhost:8000
      if-none-match:
      - '"e7cf590d-6ac0-46d7-a0d8-eb6fd7db2a14"'
      user-agent:
      - cherrydb-client-py
    method: GET
    uri: http://localhost:8000/api/v1/layers/test_geo_layer_repo_create_get__online/blocks/2020
  response:
    content: '{"path":"blocks/2020","description":"2020 Census blocks","source_url":null,"meta":{"notes":"adding
      a geographic layer","uuid":"53c7512c-8526-4b8e-abe0-30722739bcea","created_at":"2023-03-30T00:40:51.798850+00:00","created_by":"pjrule@me.com"},"namespace":"test_geo_layer_repo_create_get__online"}'
    headers:
      content-length:
      - '296'
      content-type:
      - application/json
      date:
      - Thu, 30 Mar 2023 00:40:51 GMT
      etag:
      - '"e7cf590d-6ac0-46d7-a0d8-eb6fd7db2a14"'
      server:
      - uvicorn
    http_version: HTTP/1.1
    status_code: 200
- request:
    body: ''
    headers:
      X-API-Key:
      - DUMMY
      accept:
      - '*/*'
      accept-encoding:
      - gzip, deflate
      connection:
      - keep-alive
      host:
      - localhost:8000
      if-none-match:
      - '"e7cf590d-6ac0-46d7-a0d8-eb6fd7db2a14"'
      user-agent:
      - cherrydb-client-py
    method: GET
    uri: http://localhost:8000/api/v1/layers/test_geo_layer_repo_create_get__online/blocks/2020
  response:
    content: '{"path":"blocks/2020","description":"2020 Census blocks","source_url":null,"meta":{"notes":"adding
      a geographic layer","uuid":"53c7512c-8526-4b8e-abe0-30722739bcea","created_at":"2023-03-30T00:40:51.798850+00:00","created_by":"pjrule@me.com"},"namespace":"test_geo_layer_repo_create_get__online"}'
    headers:
      content-length:
      - '296'
      content-type:
      - application/json
      date:
      - Thu, 30 Mar 2023 00:40:52 GMT
      etag:
      - '"e7cf590d-6ac0-46d7-a0d8-eb6fd7db2a14"'
      server:
      - uvicorn
    http_version: HTTP/1.1
    status_code: 200
- request:
    body: '{"notes": "Test setup for cherrydb-client-py test test_geo_layer_repo_create_get__online"}'
    headers:
      X-API-Key:
      - DUMMY
      accept:
      - '*/*'
      accept-encoding:
      - gzip, deflate
      connection:
      - keep-alive
      content-length:
      - '90'
      content-type:
      - application/json
      host:
      - localhost:8000
      user-agent:
      - cherrydb-client-py
    method: POST
    uri: http://localhost:8000/api/v1/meta/
  response:
    content: '{"notes":"Test setup for cherrydb-client-py test test_geo_layer_repo_create_get__online","uuid":"c1bfeb6e-72b0-4203-abfd-d63857758b0f","created_at":"2023-03-30T00:43:23.814110+00:00","created_by":"pjrule@me.com"}'
    headers:
      content-length:
      - '212'
      content-type:
      - application/json
      date:
      - Thu, 30 Mar 2023 00:43:22 GMT
      server:
      - uvicorn
    http_version: HTTP/1.1
    status_code: 201
- request:
    body: '{"path": "test_geo_layer_repo_create_get__online", "description": "cherrydb-client-py
      test test_geo_layer_repo_create_get__online", "public": true}'
    headers:
      X-API-Key:
      - DUMMY
      accept:
      - '*/*'
      accept-encoding:
      - gzip, deflate
      connection:
      - keep-alive
      content-length:
      - '147'
      content-type:
      - application/json
      host:
      - localhost:8000
      user-agent:
      - cherrydb-client-py
      x-cherry-meta-id:
      - c1bfeb6e-72b0-4203-abfd-d63857758b0f
    method: POST
    uri: http://localhost:8000/api/v1/namespaces/
  response:
    content: '{"path":"test_geo_layer_repo_create_get__online","description":"cherrydb-client-py
      test test_geo_layer_repo_create_get__online","public":true,"meta":{"notes":"Test
      setup for cherrydb-client-py test test_geo_layer_repo_create_get__online","uuid":"c1bfeb6e-72b0-4203-abfd-d63857758b0f","created_at":"2023-03-30T00:43:23.814110+00:00","created_by":"pjrule@me.com"}}'
    headers:
      content-length:
      - '362'
      content-type:
      - application/json
      date:
      - Thu, 30 Mar 2023 00:43:22 GMT
      etag:
      - '"1486b85d-7b61-4f27-9092-3f44d2407a6f"'
      server:
      - uvicorn
    http_version: HTTP/1.1
    status_code: 201
- request:
    body: '{"notes": "adding a geographic layer"}'
    headers:
      X-API-Key:
      - DUMMY
      accept:
      - '*/*'
      accept-encoding:
      - gzip, deflate
      connection:
      - keep-alive
      content-length:
      - '38'
      content-type:
      - application/json
      host:
      - localhost:8000
      user-agent:
      - cherrydb-client-py
    method: POST
    uri: http://localhost:8000/api/v1/meta/
  response:
    content: '{"notes":"adding a geographic layer","uuid":"6889e54b-49e2-45b4-b1f9-07f93b3ce44a","created_at":"2023-03-30T00:43:24.013171+00:00","created_by":"pjrule@me.com"}'
    headers:
      content-length:
      - '160'
      content-type:
      - application/json
      date:
      - Thu, 30 Mar 2023 00:43:22 GMT
      server:
      - uvicorn
    http_version: HTTP/1.1
    status_code: 201
- request:
    body: '{"path": "blocks/2020", "description": "2020 Census blocks", "source_url":
      "https://www.census.gov/"}'
    headers:
      X-API-Key:
      - DUMMY
      accept:
      - '*/*'
      accept-encoding:
      - gzip, deflate
      connection:
      - keep-alive
      content-length:
      - '101'
      content-type:
      - application/json
      host:
      - localhost:8000
      user-agent:
      - cherrydb-client-py
      x-cherry-meta-id:
      - 6889e54b-49e2-45b4-b1f9-07f93b3ce44a
    method: POST
    uri: http://localhost:8000/api/v1/layers/test_geo_layer_repo_create_get__online
  response:
    content: '{"path":"blocks/2020","description":"2020 Census blocks","source_url":null,"meta":{"notes":"adding
      a geographic layer","uuid":"6889e54b-49e2-45b4-b1f9-07f93b3ce44a","created_at":"2023-03-30T00:43:24.013171+00:00","created_by":"pjrule@me.com"},"namespace":"test_geo_layer_repo_create_get__online"}'
    headers:
      content-length:
      - '296'
      content-type:
      - application/json
      date:
      - Thu, 30 Mar 2023 00:43:23 GMT
      etag:
      - '"a4f0191c-e56d-40c4-a71a-e3437199187f"'
      server:
      - uvicorn
    http_version: HTTP/1.1
    status_code: 201
- request:
    body: ''
    headers:
      X-API-Key:
      - DUMMY
      accept:
      - '*/*'
      accept-encoding:
      - gzip, deflate
      connection:
      - keep-alive
      host:
      - localhost:8000
      if-none-match:
      - '"a4f0191c-e56d-40c4-a71a-e3437199187f"'
      user-agent:
      - cherrydb-client-py
    method: GET
    uri: http://localhost:8000/api/v1/layers/test_geo_layer_repo_create_get__online/blocks/2020
  response:
    content: '{"path":"blocks/2020","description":"2020 Census blocks","source_url":null,"meta":{"notes":"adding
      a geographic layer","uuid":"6889e54b-49e2-45b4-b1f9-07f93b3ce44a","created_at":"2023-03-30T00:43:24.013171+00:00","created_by":"pjrule@me.com"},"namespace":"test_geo_layer_repo_create_get__online"}'
    headers:
      content-length:
      - '296'
      content-type:
      - application/json
      date:
      - Thu, 30 Mar 2023 00:43:23 GMT
      etag:
      - '"a4f0191c-e56d-40c4-a71a-e3437199187f"'
      server:
      - uvicorn
    http_version: HTTP/1.1
    status_code: 200
- request:
    body: ''
    headers:
      X-API-Key:
      - DUMMY
      accept:
      - '*/*'
      accept-encoding:
      - gzip, deflate
      connection:
      - keep-alive
      host:
      - localhost:8000
      if-none-match:
      - '"a4f0191c-e56d-40c4-a71a-e3437199187f"'
      user-agent:
      - cherrydb-client-py
    method: GET
    uri: http://localhost:8000/api/v1/layers/test_geo_layer_repo_create_get__online/blocks/2020
  response:
    content: '{"path":"blocks/2020","description":"2020 Census blocks","source_url":null,"meta":{"notes":"adding
      a geographic layer","uuid":"6889e54b-49e2-45b4-b1f9-07f93b3ce44a","created_at":"2023-03-30T00:43:24.013171+00:00","created_by":"pjrule@me.com"},"namespace":"test_geo_layer_repo_create_get__online"}'
    headers:
      content-length:
      - '296'
      content-type:
      - application/json
      date:
      - Thu, 30 Mar 2023 00:43:23 GMT
      etag:
      - '"a4f0191c-e56d-40c4-a71a-e3437199187f"'
      server:
      - uvicorn
    http_version: HTTP/1.1
    status_code: 200
- request:
    body: '{"notes": "Test setup for cherrydb-client-py test test_geo_layer_repo_create_get__online"}'
    headers:
      X-API-Key:
      - DUMMY
      accept:
      - '*/*'
      accept-encoding:
      - gzip, deflate
      connection:
      - keep-alive
      content-length:
      - '90'
      content-type:
      - application/json
      host:
      - localhost:8000
      user-agent:
      - cherrydb-client-py
    method: POST
    uri: http://localhost:8000/api/v1/meta/
  response:
    content: '{"notes":"Test setup for cherrydb-client-py test test_geo_layer_repo_create_get__online","uuid":"785d3f01-ae6c-4fc5-bb05-7f5deb789424","created_at":"2023-03-30T00:45:38.311746+00:00","created_by":"pjrule@me.com"}'
    headers:
      content-length:
      - '212'
      content-type:
      - application/json
      date:
      - Thu, 30 Mar 2023 00:45:37 GMT
      server:
      - uvicorn
    http_version: HTTP/1.1
    status_code: 201
- request:
    body: '{"path": "test_geo_layer_repo_create_get__online", "description": "cherrydb-client-py
      test test_geo_layer_repo_create_get__online", "public": true}'
    headers:
      X-API-Key:
      - DUMMY
      accept:
      - '*/*'
      accept-encoding:
      - gzip, deflate
      connection:
      - keep-alive
      content-length:
      - '147'
      content-type:
      - application/json
      host:
      - localhost:8000
      user-agent:
      - cherrydb-client-py
      x-cherry-meta-id:
      - 785d3f01-ae6c-4fc5-bb05-7f5deb789424
    method: POST
    uri: http://localhost:8000/api/v1/namespaces/
  response:
    content: '{"path":"test_geo_layer_repo_create_get__online","description":"cherrydb-client-py
      test test_geo_layer_repo_create_get__online","public":true,"meta":{"notes":"Test
      setup for cherrydb-client-py test test_geo_layer_repo_create_get__online","uuid":"785d3f01-ae6c-4fc5-bb05-7f5deb789424","created_at":"2023-03-30T00:45:38.311746+00:00","created_by":"pjrule@me.com"}}'
    headers:
      content-length:
      - '362'
      content-type:
      - application/json
      date:
      - Thu, 30 Mar 2023 00:45:37 GMT
      etag:
      - '"531ac192-0b63-40d0-adee-9d4a3a80414b"'
      server:
      - uvicorn
    http_version: HTTP/1.1
    status_code: 201
- request:
    body: '{"notes": "adding a geographic layer"}'
    headers:
      X-API-Key:
      - DUMMY
      accept:
      - '*/*'
      accept-encoding:
      - gzip, deflate
      connection:
      - keep-alive
      content-length:
      - '38'
      content-type:
      - application/json
      host:
      - localhost:8000
      user-agent:
      - cherrydb-client-py
    method: POST
    uri: http://localhost:8000/api/v1/meta/
  response:
    content: '{"notes":"adding a geographic layer","uuid":"439dbe69-f1c1-4d6d-ad45-e14b5b08e969","created_at":"2023-03-30T00:45:38.518063+00:00","created_by":"pjrule@me.com"}'
    headers:
      content-length:
      - '160'
      content-type:
      - application/json
      date:
      - Thu, 30 Mar 2023 00:45:37 GMT
      server:
      - uvicorn
    http_version: HTTP/1.1
    status_code: 201
- request:
    body: '{"path": "blocks/2020", "description": "2020 Census blocks", "source_url":
      "https://www.census.gov/"}'
    headers:
      X-API-Key:
      - DUMMY
      accept:
      - '*/*'
      accept-encoding:
      - gzip, deflate
      connection:
      - keep-alive
      content-length:
      - '101'
      content-type:
      - application/json
      host:
      - localhost:8000
      user-agent:
      - cherrydb-client-py
      x-cherry-meta-id:
      - 439dbe69-f1c1-4d6d-ad45-e14b5b08e969
    method: POST
    uri: http://localhost:8000/api/v1/layers/test_geo_layer_repo_create_get__online
  response:
    content: '{"path":"blocks/2020","description":"2020 Census blocks","source_url":null,"meta":{"notes":"adding
      a geographic layer","uuid":"439dbe69-f1c1-4d6d-ad45-e14b5b08e969","created_at":"2023-03-30T00:45:38.518063+00:00","created_by":"pjrule@me.com"},"namespace":"test_geo_layer_repo_create_get__online"}'
    headers:
      content-length:
      - '296'
      content-type:
      - application/json
      date:
      - Thu, 30 Mar 2023 00:45:37 GMT
      etag:
      - '"e674086d-7326-4eeb-931a-9f4ba001ad9c"'
      server:
      - uvicorn
    http_version: HTTP/1.1
    status_code: 201
- request:
    body: ''
    headers:
      X-API-Key:
      - DUMMY
      accept:
      - '*/*'
      accept-encoding:
      - gzip, deflate
      connection:
      - keep-alive
      host:
      - localhost:8000
      if-none-match:
      - '"e674086d-7326-4eeb-931a-9f4ba001ad9c"'
      user-agent:
      - cherrydb-client-py
    method: GET
    uri: http://localhost:8000/api/v1/layers/test_geo_layer_repo_create_get__online/blocks/2020
  response:
    content: '{"path":"blocks/2020","description":"2020 Census blocks","source_url":null,"meta":{"notes":"adding
      a geographic layer","uuid":"439dbe69-f1c1-4d6d-ad45-e14b5b08e969","created_at":"2023-03-30T00:45:38.518063+00:00","created_by":"pjrule@me.com"},"namespace":"test_geo_layer_repo_create_get__online"}'
    headers:
      content-length:
      - '296'
      content-type:
      - application/json
      date:
      - Thu, 30 Mar 2023 00:45:37 GMT
      etag:
      - '"e674086d-7326-4eeb-931a-9f4ba001ad9c"'
      server:
      - uvicorn
    http_version: HTTP/1.1
    status_code: 200
- request:
    body: ''
    headers:
      X-API-Key:
      - DUMMY
      accept:
      - '*/*'
      accept-encoding:
      - gzip, deflate
      connection:
      - keep-alive
      host:
      - localhost:8000
      if-none-match:
      - '"e674086d-7326-4eeb-931a-9f4ba001ad9c"'
      user-agent:
      - cherrydb-client-py
    method: GET
    uri: http://localhost:8000/api/v1/layers/test_geo_layer_repo_create_get__online/blocks/2020
  response:
    content: '{"path":"blocks/2020","description":"2020 Census blocks","source_url":null,"meta":{"notes":"adding
      a geographic layer","uuid":"439dbe69-f1c1-4d6d-ad45-e14b5b08e969","created_at":"2023-03-30T00:45:38.518063+00:00","created_by":"pjrule@me.com"},"namespace":"test_geo_layer_repo_create_get__online"}'
    headers:
      content-length:
      - '296'
      content-type:
      - application/json
      date:
      - Thu, 30 Mar 2023 00:45:38 GMT
      etag:
      - '"e674086d-7326-4eeb-931a-9f4ba001ad9c"'
      server:
      - uvicorn
    http_version: HTTP/1.1
    status_code: 200
- request:
    body: '{"notes": "Test setup for cherrydb-client-py test test_geo_layer_repo_create_get__online"}'
    headers:
      X-API-Key:
      - DUMMY
      accept:
      - '*/*'
      accept-encoding:
      - gzip, deflate
      connection:
      - keep-alive
      content-length:
      - '90'
      content-type:
      - application/json
      host:
      - localhost:8000
      user-agent:
      - cherrydb-client-py
    method: POST
    uri: http://localhost:8000/api/v1/meta/
  response:
    content: '{"notes":"Test setup for cherrydb-client-py test test_geo_layer_repo_create_get__online","uuid":"d331df87-2d4d-4023-bb91-699f84b2645b","created_at":"2023-03-30T00:48:01.881896+00:00","created_by":"pjrule@me.com"}'
    headers:
      content-length:
      - '212'
      content-type:
      - application/json
      date:
      - Thu, 30 Mar 2023 00:48:00 GMT
      server:
      - uvicorn
    http_version: HTTP/1.1
    status_code: 201
- request:
    body: '{"path": "test_geo_layer_repo_create_get__online", "description": "cherrydb-client-py
      test test_geo_layer_repo_create_get__online", "public": true}'
    headers:
      X-API-Key:
      - DUMMY
      accept:
      - '*/*'
      accept-encoding:
      - gzip, deflate
      connection:
      - keep-alive
      content-length:
      - '147'
      content-type:
      - application/json
      host:
      - localhost:8000
      user-agent:
      - cherrydb-client-py
      x-cherry-meta-id:
      - d331df87-2d4d-4023-bb91-699f84b2645b
    method: POST
    uri: http://localhost:8000/api/v1/namespaces/
  response:
    content: '{"path":"test_geo_layer_repo_create_get__online","description":"cherrydb-client-py
      test test_geo_layer_repo_create_get__online","public":true,"meta":{"notes":"Test
      setup for cherrydb-client-py test test_geo_layer_repo_create_get__online","uuid":"d331df87-2d4d-4023-bb91-699f84b2645b","created_at":"2023-03-30T00:48:01.881896+00:00","created_by":"pjrule@me.com"}}'
    headers:
      content-length:
      - '362'
      content-type:
      - application/json
      date:
      - Thu, 30 Mar 2023 00:48:01 GMT
      etag:
      - '"de06572e-0658-42d0-8a97-36d4d142e4b5"'
      server:
      - uvicorn
    http_version: HTTP/1.1
    status_code: 201
- request:
    body: '{"notes": "adding a geographic layer"}'
    headers:
      X-API-Key:
      - DUMMY
      accept:
      - '*/*'
      accept-encoding:
      - gzip, deflate
      connection:
      - keep-alive
      content-length:
      - '38'
      content-type:
      - application/json
      host:
      - localhost:8000
      user-agent:
      - cherrydb-client-py
    method: POST
    uri: http://localhost:8000/api/v1/meta/
  response:
    content: '{"notes":"adding a geographic layer","uuid":"05f91ba0-53b3-4cd6-899f-41f78a656e3d","created_at":"2023-03-30T00:48:02.085433+00:00","created_by":"pjrule@me.com"}'
    headers:
      content-length:
      - '160'
      content-type:
      - application/json
      date:
      - Thu, 30 Mar 2023 00:48:01 GMT
      server:
      - uvicorn
    http_version: HTTP/1.1
    status_code: 201
- request:
    body: '{"path": "blocks/2020", "description": "2020 Census blocks", "source_url":
      "https://www.census.gov/"}'
    headers:
      X-API-Key:
      - DUMMY
      accept:
      - '*/*'
      accept-encoding:
      - gzip, deflate
      connection:
      - keep-alive
      content-length:
      - '101'
      content-type:
      - application/json
      host:
      - localhost:8000
      user-agent:
      - cherrydb-client-py
      x-cherry-meta-id:
      - 05f91ba0-53b3-4cd6-899f-41f78a656e3d
    method: POST
    uri: http://localhost:8000/api/v1/layers/test_geo_layer_repo_create_get__online
  response:
    content: '{"path":"blocks/2020","description":"2020 Census blocks","source_url":null,"meta":{"notes":"adding
      a geographic layer","uuid":"05f91ba0-53b3-4cd6-899f-41f78a656e3d","created_at":"2023-03-30T00:48:02.085433+00:00","created_by":"pjrule@me.com"},"namespace":"test_geo_layer_repo_create_get__online"}'
    headers:
      content-length:
      - '296'
      content-type:
      - application/json
      date:
      - Thu, 30 Mar 2023 00:48:01 GMT
      etag:
      - '"46b1bae9-aedb-49f1-9903-7255c97eec21"'
      server:
      - uvicorn
    http_version: HTTP/1.1
    status_code: 201
- request:
    body: ''
    headers:
      X-API-Key:
      - DUMMY
      accept:
      - '*/*'
      accept-encoding:
      - gzip, deflate
      connection:
      - keep-alive
      host:
      - localhost:8000
      if-none-match:
      - '"46b1bae9-aedb-49f1-9903-7255c97eec21"'
      user-agent:
      - cherrydb-client-py
    method: GET
    uri: http://localhost:8000/api/v1/layers/test_geo_layer_repo_create_get__online/blocks/2020
  response:
    content: '{"path":"blocks/2020","description":"2020 Census blocks","source_url":null,"meta":{"notes":"adding
      a geographic layer","uuid":"05f91ba0-53b3-4cd6-899f-41f78a656e3d","created_at":"2023-03-30T00:48:02.085433+00:00","created_by":"pjrule@me.com"},"namespace":"test_geo_layer_repo_create_get__online"}'
    headers:
      content-length:
      - '296'
      content-type:
      - application/json
      date:
      - Thu, 30 Mar 2023 00:48:01 GMT
      etag:
      - '"46b1bae9-aedb-49f1-9903-7255c97eec21"'
      server:
      - uvicorn
    http_version: HTTP/1.1
    status_code: 200
- request:
    body: ''
    headers:
      X-API-Key:
      - DUMMY
      accept:
      - '*/*'
      accept-encoding:
      - gzip, deflate
      connection:
      - keep-alive
      host:
      - localhost:8000
      if-none-match:
      - '"46b1bae9-aedb-49f1-9903-7255c97eec21"'
      user-agent:
      - cherrydb-client-py
    method: GET
    uri: http://localhost:8000/api/v1/layers/test_geo_layer_repo_create_get__online/blocks/2020
  response:
    content: '{"path":"blocks/2020","description":"2020 Census blocks","source_url":null,"meta":{"notes":"adding
      a geographic layer","uuid":"05f91ba0-53b3-4cd6-899f-41f78a656e3d","created_at":"2023-03-30T00:48:02.085433+00:00","created_by":"pjrule@me.com"},"namespace":"test_geo_layer_repo_create_get__online"}'
    headers:
      content-length:
      - '296'
      content-type:
      - application/json
      date:
      - Thu, 30 Mar 2023 00:48:01 GMT
      etag:
      - '"46b1bae9-aedb-49f1-9903-7255c97eec21"'
      server:
      - uvicorn
    http_version: HTTP/1.1
    status_code: 200
version: 1
