interactions:
- request:
    body: '{"notes": "Test setup for cherrydb-client-py test test_column_repo_create_update_get__online"}'
    headers:
      X-API-Key:
      - DUMMY
      accept:
      - '*/*'
      accept-encoding:
      - gzip, deflate
      connection:
      - keep-alive
      content-length:
      - '94'
      content-type:
      - application/json
      host:
      - localhost:8000
      user-agent:
      - cherrydb-client-py
    method: POST
    uri: http://localhost:8000/api/v1/meta/
  response:
    content: '{"detail":"Unknown API key."}'
    headers:
      content-length:
      - '29'
      content-type:
      - application/json
      date:
      - Tue, 21 Feb 2023 18:57:26 GMT
      server:
      - uvicorn
    http_version: HTTP/1.1
    status_code: 401
- request:
    body: '{"notes": "Test setup for cherrydb-client-py test test_column_repo_create_update_get__online"}'
    headers:
      X-API-Key:
      - DUMMY
      accept:
      - '*/*'
      accept-encoding:
      - gzip, deflate
      connection:
      - keep-alive
      content-length:
      - '94'
      content-type:
      - application/json
      host:
      - localhost:8000
      user-agent:
      - cherrydb-client-py
    method: POST
    uri: http://localhost:8000/api/v1/meta/
  response:
    content: '{"notes":"Test setup for cherrydb-client-py test test_column_repo_create_update_get__online","uuid":"71ff5537-ba67-4dc6-a080-8501eb7d058d","created_at":"2023-02-21T18:57:38.239899+00:00","created_by":"pjrule@me.com"}'
    headers:
      content-length:
      - '216'
      content-type:
      - application/json
      date:
      - Tue, 21 Feb 2023 18:57:38 GMT
      server:
      - uvicorn
    http_version: HTTP/1.1
    status_code: 201
- request:
    body: '{"path": "test_column_repo_create_update_get__online", "description": "cherrydb-client-py
      test test_column_repo_create_update_get__online", "public": true}'
    headers:
      X-API-Key:
      - DUMMY
      accept:
      - '*/*'
      accept-encoding:
      - gzip, deflate
      connection:
      - keep-alive
      content-length:
      - '155'
      content-type:
      - application/json
      host:
      - localhost:8000
      user-agent:
      - cherrydb-client-py
      x-cherry-meta-id:
      - 71ff5537-ba67-4dc6-a080-8501eb7d058d
    method: POST
    uri: http://localhost:8000/api/v1/namespaces/
  response:
    content: '{"path":"test_column_repo_create_update_get__online","description":"cherrydb-client-py
      test test_column_repo_create_update_get__online","public":true,"meta":{"notes":"Test
      setup for cherrydb-client-py test test_column_repo_create_update_get__online","uuid":"71ff5537-ba67-4dc6-a080-8501eb7d058d","created_at":"2023-02-21T18:57:38.239899+00:00","created_by":"pjrule@me.com"}}'
    headers:
      content-length:
      - '374'
      content-type:
      - application/json
      date:
      - Tue, 21 Feb 2023 18:57:38 GMT
      etag:
      - '"7416dd52-ed32-442d-8497-4d3e566af7c4"'
      server:
      - uvicorn
    http_version: HTTP/1.1
    status_code: 201
- request:
    body: '{"notes": "adding and then updating a column"}'
    headers:
      X-API-Key:
      - DUMMY
      accept:
      - '*/*'
      accept-encoding:
      - gzip, deflate
      connection:
      - keep-alive
      content-length:
      - '46'
      content-type:
      - application/json
      host:
      - localhost:8000
      user-agent:
      - cherrydb-client-py
    method: POST
    uri: http://localhost:8000/api/v1/meta/
  response:
    content: '{"notes":"adding and then updating a column","uuid":"b5a33347-cb02-4cdb-9652-b37117bcd4eb","created_at":"2023-02-21T18:57:38.271584+00:00","created_by":"pjrule@me.com"}'
    headers:
      content-length:
      - '168'
      content-type:
      - application/json
      date:
      - Tue, 21 Feb 2023 18:57:38 GMT
      server:
      - uvicorn
    http_version: HTTP/1.1
    status_code: 201
- request:
    body: '{"canonical_path": "total_pop", "namespace": "test_column_repo_create_update_get__online",
      "description": "2020 Census total population", "source_url": "https://www.census.gov/",
      "kind": "count", "type": "int", "aliases": ["totpop", "p001001", "p0001001"]}'
    headers:
      X-API-Key:
      - DUMMY
      accept:
      - '*/*'
      accept-encoding:
      - gzip, deflate
      connection:
      - keep-alive
      content-length:
      - '256'
      content-type:
      - application/json
      host:
      - localhost:8000
      user-agent:
      - cherrydb-client-py
      x-cherry-meta-id:
      - b5a33347-cb02-4cdb-9652-b37117bcd4eb
    method: POST
    uri: http://localhost:8000/api/v1/columns/test_column_repo_create_update_get__online
  response:
    content: '{"canonical_path":"total_pop","namespace":"test_column_repo_create_update_get__online","description":"2020
      Census total population","source_url":null,"kind":"count","type":"int","aliases":["totpop","p001001","p0001001"],"meta":{"notes":"adding
      and then updating a column","uuid":"b5a33347-cb02-4cdb-9652-b37117bcd4eb","created_at":"2023-02-21T18:57:38.271584+00:00","created_by":"pjrule@me.com"}}'
    headers:
      content-length:
      - '396'
      content-type:
      - application/json
      date:
      - Tue, 21 Feb 2023 18:57:38 GMT
      etag:
      - '"22678497-f1d9-4f77-a392-ce16708386e2"'
      server:
      - uvicorn
    http_version: HTTP/1.1
    status_code: 201
- request:
    body: '{"aliases": ["population"]}'
    headers:
      X-API-Key:
      - DUMMY
      accept:
      - '*/*'
      accept-encoding:
      - gzip, deflate
      connection:
      - keep-alive
      content-length:
      - '27'
      content-type:
      - application/json
      host:
      - localhost:8000
      user-agent:
      - cherrydb-client-py
      x-cherry-meta-id:
      - b5a33347-cb02-4cdb-9652-b37117bcd4eb
    method: PATCH
    uri: http://localhost:8000/api/v1/columns/test_column_repo_create_update_get__online/total_pop
  response:
    content: '{"canonical_path":"total_pop","namespace":"test_column_repo_create_update_get__online","description":"2020
      Census total population","source_url":null,"kind":"count","type":"int","aliases":["totpop","p001001","p0001001","population"],"meta":{"notes":"adding
      and then updating a column","uuid":"b5a33347-cb02-4cdb-9652-b37117bcd4eb","created_at":"2023-02-21T18:57:38.271584+00:00","created_by":"pjrule@me.com"}}'
    headers:
      content-length:
      - '409'
      content-type:
      - application/json
      date:
      - Tue, 21 Feb 2023 18:57:38 GMT
      etag:
      - '"4f4644bd-eef2-4510-a9fc-bda7d3d54419"'
      server:
      - uvicorn
    http_version: HTTP/1.1
    status_code: 200
- request:
    body: ''
    headers:
      X-API-Key:
      - DUMMY
      accept:
      - '*/*'
      accept-encoding:
      - gzip, deflate
      connection:
      - keep-alive
      host:
      - localhost:8000
      if-none-match:
      - '"4f4644bd-eef2-4510-a9fc-bda7d3d54419"'
      user-agent:
      - cherrydb-client-py
    method: GET
    uri: http://localhost:8000/api/v1/columns/test_column_repo_create_update_get__online/population
  response:
    content: '{"canonical_path":"total_pop","namespace":"test_column_repo_create_update_get__online","description":"2020
      Census total population","source_url":null,"kind":"count","type":"int","aliases":["totpop","p001001","p0001001","population"],"meta":{"notes":"adding
      and then updating a column","uuid":"b5a33347-cb02-4cdb-9652-b37117bcd4eb","created_at":"2023-02-21T18:57:38.271584+00:00","created_by":"pjrule@me.com"}}'
    headers:
      content-length:
      - '409'
      content-type:
      - application/json
      date:
      - Tue, 21 Feb 2023 18:57:38 GMT
      etag:
      - '"4f4644bd-eef2-4510-a9fc-bda7d3d54419"'
      server:
      - uvicorn
    http_version: HTTP/1.1
    status_code: 200
- request:
    body: '{"notes": "Test setup for cherrydb-client-py test test_column_repo_create_update_get__online"}'
    headers:
      X-API-Key:
      - DUMMY
      accept:
      - '*/*'
      accept-encoding:
      - gzip, deflate
      connection:
      - keep-alive
      content-length:
      - '94'
      content-type:
      - application/json
      host:
      - localhost:8000
      user-agent:
      - cherrydb-client-py
    method: POST
    uri: http://localhost:8000/api/v1/meta/
  response:
    content: '{"notes":"Test setup for cherrydb-client-py test test_column_repo_create_update_get__online","uuid":"80ba6f90-7e3d-40ca-9f13-4b45669daaf6","created_at":"2023-02-21T19:35:54.504192+00:00","created_by":"pjrule@me.com"}'
    headers:
      content-length:
      - '216'
      content-type:
      - application/json
      date:
      - Tue, 21 Feb 2023 19:35:53 GMT
      server:
      - uvicorn
    http_version: HTTP/1.1
    status_code: 201
- request:
    body: '{"path": "test_column_repo_create_update_get__online", "description": "cherrydb-client-py
      test test_column_repo_create_update_get__online", "public": true}'
    headers:
      X-API-Key:
      - DUMMY
      accept:
      - '*/*'
      accept-encoding:
      - gzip, deflate
      connection:
      - keep-alive
      content-length:
      - '155'
      content-type:
      - application/json
      host:
      - localhost:8000
      user-agent:
      - cherrydb-client-py
      x-cherry-meta-id:
      - 80ba6f90-7e3d-40ca-9f13-4b45669daaf6
    method: POST
    uri: http://localhost:8000/api/v1/namespaces/
  response:
    content: '{"path":"test_column_repo_create_update_get__online","description":"cherrydb-client-py
      test test_column_repo_create_update_get__online","public":true,"meta":{"notes":"Test
      setup for cherrydb-client-py test test_column_repo_create_update_get__online","uuid":"80ba6f90-7e3d-40ca-9f13-4b45669daaf6","created_at":"2023-02-21T19:35:54.504192+00:00","created_by":"pjrule@me.com"}}'
    headers:
      content-length:
      - '374'
      content-type:
      - application/json
      date:
      - Tue, 21 Feb 2023 19:35:53 GMT
      etag:
      - '"6374f4a6-a9d4-49a2-9866-ca72bf4f4201"'
      server:
      - uvicorn
    http_version: HTTP/1.1
    status_code: 201
- request:
    body: '{"notes": "adding and then updating a column"}'
    headers:
      X-API-Key:
      - DUMMY
      accept:
      - '*/*'
      accept-encoding:
      - gzip, deflate
      connection:
      - keep-alive
      content-length:
      - '46'
      content-type:
      - application/json
      host:
      - localhost:8000
      user-agent:
      - cherrydb-client-py
    method: POST
    uri: http://localhost:8000/api/v1/meta/
  response:
    content: '{"notes":"adding and then updating a column","uuid":"9b0256aa-363f-4235-9b9c-9bae2e792c83","created_at":"2023-02-21T19:35:54.545396+00:00","created_by":"pjrule@me.com"}'
    headers:
      content-length:
      - '168'
      content-type:
      - application/json
      date:
      - Tue, 21 Feb 2023 19:35:53 GMT
      server:
      - uvicorn
    http_version: HTTP/1.1
    status_code: 201
- request:
    body: '{"notes": "Test setup for cherrydb-client-py test test_column_repo_create_update_get__online"}'
    headers:
      X-API-Key:
      - DUMMY
      accept:
      - '*/*'
      accept-encoding:
      - gzip, deflate
      connection:
      - keep-alive
      content-length:
      - '94'
      content-type:
      - application/json
      host:
      - localhost:8000
      user-agent:
      - cherrydb-client-py
    method: POST
    uri: http://localhost:8000/api/v1/meta/
  response:
    content: '{"notes":"Test setup for cherrydb-client-py test test_column_repo_create_update_get__online","uuid":"edf20a6d-322d-44bb-9717-5804470898fd","created_at":"2023-02-21T19:39:53.417944+00:00","created_by":"pjrule@me.com"}'
    headers:
      content-length:
      - '216'
      content-type:
      - application/json
      date:
      - Tue, 21 Feb 2023 19:39:53 GMT
      server:
      - uvicorn
    http_version: HTTP/1.1
    status_code: 201
- request:
    body: '{"path": "test_column_repo_create_update_get__online", "description": "cherrydb-client-py
      test test_column_repo_create_update_get__online", "public": true}'
    headers:
      X-API-Key:
      - DUMMY
      accept:
      - '*/*'
      accept-encoding:
      - gzip, deflate
      connection:
      - keep-alive
      content-length:
      - '155'
      content-type:
      - application/json
      host:
      - localhost:8000
      user-agent:
      - cherrydb-client-py
      x-cherry-meta-id:
      - edf20a6d-322d-44bb-9717-5804470898fd
    method: POST
    uri: http://localhost:8000/api/v1/namespaces/
  response:
    content: '{"detail":"Object creation failed. Reason: Failed to create namespace
      ''test_column_repo_create_update_get__online''. (The namespace may already exist.)"}'
    headers:
      content-length:
      - '152'
      content-type:
      - application/json
      date:
      - Tue, 21 Feb 2023 19:39:53 GMT
      server:
      - uvicorn
    http_version: HTTP/1.1
    status_code: 422
- request:
    body: '{"notes": "Test setup for cherrydb-client-py test test_column_repo_create_update_get__online"}'
    headers:
      X-API-Key:
      - DUMMY
      accept:
      - '*/*'
      accept-encoding:
      - gzip, deflate
      connection:
      - keep-alive
      content-length:
      - '94'
      content-type:
      - application/json
      host:
      - localhost:8000
      user-agent:
      - cherrydb-client-py
    method: POST
    uri: http://localhost:8000/api/v1/meta/
  response:
    content: '{"notes":"Test setup for cherrydb-client-py test test_column_repo_create_update_get__online","uuid":"8ecaceff-8d73-49a7-b085-c4b3daa0c538","created_at":"2023-02-21T19:40:01.000055+00:00","created_by":"pjrule@me.com"}'
    headers:
      content-length:
      - '216'
      content-type:
      - application/json
      date:
      - Tue, 21 Feb 2023 19:40:00 GMT
      server:
      - uvicorn
    http_version: HTTP/1.1
    status_code: 201
- request:
    body: '{"path": "test_column_repo_create_update_get__online", "description": "cherrydb-client-py
      test test_column_repo_create_update_get__online", "public": true}'
    headers:
      X-API-Key:
      - DUMMY
      accept:
      - '*/*'
      accept-encoding:
      - gzip, deflate
      connection:
      - keep-alive
      content-length:
      - '155'
      content-type:
      - application/json
      host:
      - localhost:8000
      user-agent:
      - cherrydb-client-py
      x-cherry-meta-id:
      - 8ecaceff-8d73-49a7-b085-c4b3daa0c538
    method: POST
    uri: http://localhost:8000/api/v1/namespaces/
  response:
    content: '{"path":"test_column_repo_create_update_get__online","description":"cherrydb-client-py
      test test_column_repo_create_update_get__online","public":true,"meta":{"notes":"Test
      setup for cherrydb-client-py test test_column_repo_create_update_get__online","uuid":"8ecaceff-8d73-49a7-b085-c4b3daa0c538","created_at":"2023-02-21T19:40:01.000055+00:00","created_by":"pjrule@me.com"}}'
    headers:
      content-length:
      - '374'
      content-type:
      - application/json
      date:
      - Tue, 21 Feb 2023 19:40:00 GMT
      etag:
      - '"d6fe0011-1e41-4dd7-88bc-c1fcc1aa2c65"'
      server:
      - uvicorn
    http_version: HTTP/1.1
    status_code: 201
- request:
    body: '{"notes": "adding and then updating a column"}'
    headers:
      X-API-Key:
      - DUMMY
      accept:
      - '*/*'
      accept-encoding:
      - gzip, deflate
      connection:
      - keep-alive
      content-length:
      - '46'
      content-type:
      - application/json
      host:
      - localhost:8000
      user-agent:
      - cherrydb-client-py
    method: POST
    uri: http://localhost:8000/api/v1/meta/
  response:
    content: '{"notes":"adding and then updating a column","uuid":"24213cba-d8e6-49cf-abfd-29a367330301","created_at":"2023-02-21T19:40:01.038804+00:00","created_by":"pjrule@me.com"}'
    headers:
      content-length:
      - '168'
      content-type:
      - application/json
      date:
      - Tue, 21 Feb 2023 19:40:00 GMT
      server:
      - uvicorn
    http_version: HTTP/1.1
    status_code: 201
- request:
    body: '{"notes": "Test setup for cherrydb-client-py test test_column_repo_create_update_get__online"}'
    headers:
      X-API-Key:
      - DUMMY
      accept:
      - '*/*'
      accept-encoding:
      - gzip, deflate
      connection:
      - keep-alive
      content-length:
      - '94'
      content-type:
      - application/json
      host:
      - localhost:8000
      user-agent:
      - cherrydb-client-py
    method: POST
    uri: http://localhost:8000/api/v1/meta/
  response:
    content: '{"notes":"Test setup for cherrydb-client-py test test_column_repo_create_update_get__online","uuid":"3e4bb6d6-609d-4286-8a65-f543fd752126","created_at":"2023-02-21T19:40:44.152684+00:00","created_by":"pjrule@me.com"}'
    headers:
      content-length:
      - '216'
      content-type:
      - application/json
      date:
      - Tue, 21 Feb 2023 19:40:43 GMT
      server:
      - uvicorn
    http_version: HTTP/1.1
    status_code: 201
- request:
    body: '{"path": "test_column_repo_create_update_get__online", "description": "cherrydb-client-py
      test test_column_repo_create_update_get__online", "public": true}'
    headers:
      X-API-Key:
      - DUMMY
      accept:
      - '*/*'
      accept-encoding:
      - gzip, deflate
      connection:
      - keep-alive
      content-length:
      - '155'
      content-type:
      - application/json
      host:
      - localhost:8000
      user-agent:
      - cherrydb-client-py
      x-cherry-meta-id:
      - 3e4bb6d6-609d-4286-8a65-f543fd752126
    method: POST
    uri: http://localhost:8000/api/v1/namespaces/
  response:
    content: '{"path":"test_column_repo_create_update_get__online","description":"cherrydb-client-py
      test test_column_repo_create_update_get__online","public":true,"meta":{"notes":"Test
      setup for cherrydb-client-py test test_column_repo_create_update_get__online","uuid":"3e4bb6d6-609d-4286-8a65-f543fd752126","created_at":"2023-02-21T19:40:44.152684+00:00","created_by":"pjrule@me.com"}}'
    headers:
      content-length:
      - '374'
      content-type:
      - application/json
      date:
      - Tue, 21 Feb 2023 19:40:44 GMT
      etag:
      - '"5a896936-7eb4-4517-a444-0792a67372ae"'
      server:
      - uvicorn
    http_version: HTTP/1.1
    status_code: 201
- request:
    body: '{"notes": "adding and then updating a column"}'
    headers:
      X-API-Key:
      - DUMMY
      accept:
      - '*/*'
      accept-encoding:
      - gzip, deflate
      connection:
      - keep-alive
      content-length:
      - '46'
      content-type:
      - application/json
      host:
      - localhost:8000
      user-agent:
      - cherrydb-client-py
    method: POST
    uri: http://localhost:8000/api/v1/meta/
  response:
    content: '{"notes":"adding and then updating a column","uuid":"97d99d7c-db1b-43cd-a4ec-86d46e14e4e3","created_at":"2023-02-21T19:40:44.195416+00:00","created_by":"pjrule@me.com"}'
    headers:
      content-length:
      - '168'
      content-type:
      - application/json
      date:
      - Tue, 21 Feb 2023 19:40:44 GMT
      server:
      - uvicorn
    http_version: HTTP/1.1
    status_code: 201
- request:
    body: '{"notes": "Test setup for cherrydb-client-py test test_column_repo_create_update_get__online"}'
    headers:
      X-API-Key:
      - DUMMY
      accept:
      - '*/*'
      accept-encoding:
      - gzip, deflate
      connection:
      - keep-alive
      content-length:
      - '94'
      content-type:
      - application/json
      host:
      - localhost:8000
      user-agent:
      - cherrydb-client-py
    method: POST
    uri: http://localhost:8000/api/v1/meta/
  response:
    content: '{"notes":"Test setup for cherrydb-client-py test test_column_repo_create_update_get__online","uuid":"0d0b8cd1-0d4c-42e8-a064-4d64af4a26cd","created_at":"2023-02-21T19:42:07.779715+00:00","created_by":"pjrule@me.com"}'
    headers:
      content-length:
      - '216'
      content-type:
      - application/json
      date:
      - Tue, 21 Feb 2023 19:42:06 GMT
      server:
      - uvicorn
    http_version: HTTP/1.1
    status_code: 201
- request:
    body: '{"path": "test_column_repo_create_update_get__online", "description": "cherrydb-client-py
      test test_column_repo_create_update_get__online", "public": true}'
    headers:
      X-API-Key:
      - DUMMY
      accept:
      - '*/*'
      accept-encoding:
      - gzip, deflate
      connection:
      - keep-alive
      content-length:
      - '155'
      content-type:
      - application/json
      host:
      - localhost:8000
      user-agent:
      - cherrydb-client-py
      x-cherry-meta-id:
      - 0d0b8cd1-0d4c-42e8-a064-4d64af4a26cd
    method: POST
    uri: http://localhost:8000/api/v1/namespaces/
  response:
    content: '{"path":"test_column_repo_create_update_get__online","description":"cherrydb-client-py
      test test_column_repo_create_update_get__online","public":true,"meta":{"notes":"Test
      setup for cherrydb-client-py test test_column_repo_create_update_get__online","uuid":"0d0b8cd1-0d4c-42e8-a064-4d64af4a26cd","created_at":"2023-02-21T19:42:07.779715+00:00","created_by":"pjrule@me.com"}}'
    headers:
      content-length:
      - '374'
      content-type:
      - application/json
      date:
      - Tue, 21 Feb 2023 19:42:06 GMT
      etag:
      - '"6a945ac4-0748-45c0-9592-593dd3d9b692"'
      server:
      - uvicorn
    http_version: HTTP/1.1
    status_code: 201
- request:
    body: '{"notes": "adding and then updating a column"}'
    headers:
      X-API-Key:
      - DUMMY
      accept:
      - '*/*'
      accept-encoding:
      - gzip, deflate
      connection:
      - keep-alive
      content-length:
      - '46'
      content-type:
      - application/json
      host:
      - localhost:8000
      user-agent:
      - cherrydb-client-py
    method: POST
    uri: http://localhost:8000/api/v1/meta/
  response:
    content: '{"notes":"adding and then updating a column","uuid":"c0a723c5-f302-413b-aaec-8e81bf43e67e","created_at":"2023-02-21T19:42:07.930122+00:00","created_by":"pjrule@me.com"}'
    headers:
      content-length:
      - '168'
      content-type:
      - application/json
      date:
      - Tue, 21 Feb 2023 19:42:07 GMT
      server:
      - uvicorn
    http_version: HTTP/1.1
    status_code: 201
- request:
    body: '{"notes": "Test setup for cherrydb-client-py test test_column_repo_create_update_get__online"}'
    headers:
      X-API-Key:
      - DUMMY
      accept:
      - '*/*'
      accept-encoding:
      - gzip, deflate
      connection:
      - keep-alive
      content-length:
      - '94'
      content-type:
      - application/json
      host:
      - localhost:8000
      user-agent:
      - cherrydb-client-py
    method: POST
    uri: http://localhost:8000/api/v1/meta/
  response:
    content: '{"notes":"Test setup for cherrydb-client-py test test_column_repo_create_update_get__online","uuid":"b547389c-370f-44b2-a2dc-8f2b4c0d5036","created_at":"2023-02-21T19:42:49.207849+00:00","created_by":"pjrule@me.com"}'
    headers:
      content-length:
      - '216'
      content-type:
      - application/json
      date:
      - Tue, 21 Feb 2023 19:42:48 GMT
      server:
      - uvicorn
    http_version: HTTP/1.1
    status_code: 201
- request:
    body: '{"path": "test_column_repo_create_update_get__online", "description": "cherrydb-client-py
      test test_column_repo_create_update_get__online", "public": true}'
    headers:
      X-API-Key:
      - DUMMY
      accept:
      - '*/*'
      accept-encoding:
      - gzip, deflate
      connection:
      - keep-alive
      content-length:
      - '155'
      content-type:
      - application/json
      host:
      - localhost:8000
      user-agent:
      - cherrydb-client-py
      x-cherry-meta-id:
      - b547389c-370f-44b2-a2dc-8f2b4c0d5036
    method: POST
    uri: http://localhost:8000/api/v1/namespaces/
  response:
    content: '{"detail":"Object creation failed. Reason: Failed to create namespace
      ''test_column_repo_create_update_get__online''. (The namespace may already exist.)"}'
    headers:
      content-length:
      - '152'
      content-type:
      - application/json
      date:
      - Tue, 21 Feb 2023 19:42:48 GMT
      server:
      - uvicorn
    http_version: HTTP/1.1
    status_code: 422
- request:
    body: '{"notes": "Test setup for cherrydb-client-py test test_column_repo_create_update_get__online"}'
    headers:
      X-API-Key:
      - DUMMY
      accept:
      - '*/*'
      accept-encoding:
      - gzip, deflate
      connection:
      - keep-alive
      content-length:
      - '94'
      content-type:
      - application/json
      host:
      - localhost:8000
      user-agent:
      - cherrydb-client-py
    method: POST
    uri: http://localhost:8000/api/v1/meta/
  response:
    content: '{"notes":"Test setup for cherrydb-client-py test test_column_repo_create_update_get__online","uuid":"9f5ff423-902b-469f-947c-00c3654d6ae4","created_at":"2023-02-21T19:42:58.006003+00:00","created_by":"pjrule@me.com"}'
    headers:
      content-length:
      - '216'
      content-type:
      - application/json
      date:
      - Tue, 21 Feb 2023 19:42:57 GMT
      server:
      - uvicorn
    http_version: HTTP/1.1
    status_code: 201
- request:
    body: '{"path": "test_column_repo_create_update_get__online", "description": "cherrydb-client-py
      test test_column_repo_create_update_get__online", "public": true}'
    headers:
      X-API-Key:
      - DUMMY
      accept:
      - '*/*'
      accept-encoding:
      - gzip, deflate
      connection:
      - keep-alive
      content-length:
      - '155'
      content-type:
      - application/json
      host:
      - localhost:8000
      user-agent:
      - cherrydb-client-py
      x-cherry-meta-id:
      - 9f5ff423-902b-469f-947c-00c3654d6ae4
    method: POST
    uri: http://localhost:8000/api/v1/namespaces/
  response:
    content: '{"path":"test_column_repo_create_update_get__online","description":"cherrydb-client-py
      test test_column_repo_create_update_get__online","public":true,"meta":{"notes":"Test
      setup for cherrydb-client-py test test_column_repo_create_update_get__online","uuid":"9f5ff423-902b-469f-947c-00c3654d6ae4","created_at":"2023-02-21T19:42:58.006003+00:00","created_by":"pjrule@me.com"}}'
    headers:
      content-length:
      - '374'
      content-type:
      - application/json
      date:
      - Tue, 21 Feb 2023 19:42:57 GMT
      etag:
      - '"68fb5b86-6e43-4f16-ad0d-7218134e8121"'
      server:
      - uvicorn
    http_version: HTTP/1.1
    status_code: 201
- request:
    body: '{"notes": "adding and then updating a column"}'
    headers:
      X-API-Key:
      - DUMMY
      accept:
      - '*/*'
      accept-encoding:
      - gzip, deflate
      connection:
      - keep-alive
      content-length:
      - '46'
      content-type:
      - application/json
      host:
      - localhost:8000
      user-agent:
      - cherrydb-client-py
    method: POST
    uri: http://localhost:8000/api/v1/meta/
  response:
    content: '{"notes":"adding and then updating a column","uuid":"79e5dab6-2c71-431e-8e4c-f21d2babfa60","created_at":"2023-02-21T19:42:58.047340+00:00","created_by":"pjrule@me.com"}'
    headers:
      content-length:
      - '168'
      content-type:
      - application/json
      date:
      - Tue, 21 Feb 2023 19:42:57 GMT
      server:
      - uvicorn
    http_version: HTTP/1.1
    status_code: 201
- request:
    body: '{"notes": "Test setup for cherrydb-client-py test test_column_repo_create_update_get__online"}'
    headers:
      X-API-Key:
      - DUMMY
      accept:
      - '*/*'
      accept-encoding:
      - gzip, deflate
      connection:
      - keep-alive
      content-length:
      - '94'
      content-type:
      - application/json
      host:
      - localhost:8000
      user-agent:
      - cherrydb-client-py
    method: POST
    uri: http://localhost:8000/api/v1/meta/
  response:
    content: '{"notes":"Test setup for cherrydb-client-py test test_column_repo_create_update_get__online","uuid":"763df4ff-0d9d-41c0-b8a3-1a188d697b21","created_at":"2023-02-21T19:43:36.962073+00:00","created_by":"pjrule@me.com"}'
    headers:
      content-length:
      - '216'
      content-type:
      - application/json
      date:
      - Tue, 21 Feb 2023 19:43:36 GMT
      server:
      - uvicorn
    http_version: HTTP/1.1
    status_code: 201
- request:
    body: '{"path": "test_column_repo_create_update_get__online", "description": "cherrydb-client-py
      test test_column_repo_create_update_get__online", "public": true}'
    headers:
      X-API-Key:
      - DUMMY
      accept:
      - '*/*'
      accept-encoding:
      - gzip, deflate
      connection:
      - keep-alive
      content-length:
      - '155'
      content-type:
      - application/json
      host:
      - localhost:8000
      user-agent:
      - cherrydb-client-py
      x-cherry-meta-id:
      - 763df4ff-0d9d-41c0-b8a3-1a188d697b21
    method: POST
    uri: http://localhost:8000/api/v1/namespaces/
  response:
    content: '{"detail":"Object creation failed. Reason: Failed to create namespace
      ''test_column_repo_create_update_get__online''. (The namespace may already exist.)"}'
    headers:
      content-length:
      - '152'
      content-type:
      - application/json
      date:
      - Tue, 21 Feb 2023 19:43:36 GMT
      server:
      - uvicorn
    http_version: HTTP/1.1
    status_code: 422
- request:
    body: '{"notes": "Test setup for cherrydb-client-py test test_column_repo_create_update_get__online"}'
    headers:
      X-API-Key:
      - DUMMY
      accept:
      - '*/*'
      accept-encoding:
      - gzip, deflate
      connection:
      - keep-alive
      content-length:
      - '94'
      content-type:
      - application/json
      host:
      - localhost:8000
      user-agent:
      - cherrydb-client-py
    method: POST
    uri: http://localhost:8000/api/v1/meta/
  response:
    content: '{"notes":"Test setup for cherrydb-client-py test test_column_repo_create_update_get__online","uuid":"1efa420b-96ed-47b8-bcfc-0c30ed0493bf","created_at":"2023-02-21T19:43:41.825471+00:00","created_by":"pjrule@me.com"}'
    headers:
      content-length:
      - '216'
      content-type:
      - application/json
      date:
      - Tue, 21 Feb 2023 19:43:41 GMT
      server:
      - uvicorn
    http_version: HTTP/1.1
    status_code: 201
- request:
    body: '{"path": "test_column_repo_create_update_get__online", "description": "cherrydb-client-py
      test test_column_repo_create_update_get__online", "public": true}'
    headers:
      X-API-Key:
      - DUMMY
      accept:
      - '*/*'
      accept-encoding:
      - gzip, deflate
      connection:
      - keep-alive
      content-length:
      - '155'
      content-type:
      - application/json
      host:
      - localhost:8000
      user-agent:
      - cherrydb-client-py
      x-cherry-meta-id:
      - 1efa420b-96ed-47b8-bcfc-0c30ed0493bf
    method: POST
    uri: http://localhost:8000/api/v1/namespaces/
  response:
    content: '{"path":"test_column_repo_create_update_get__online","description":"cherrydb-client-py
      test test_column_repo_create_update_get__online","public":true,"meta":{"notes":"Test
      setup for cherrydb-client-py test test_column_repo_create_update_get__online","uuid":"1efa420b-96ed-47b8-bcfc-0c30ed0493bf","created_at":"2023-02-21T19:43:41.825471+00:00","created_by":"pjrule@me.com"}}'
    headers:
      content-length:
      - '374'
      content-type:
      - application/json
      date:
      - Tue, 21 Feb 2023 19:43:41 GMT
      etag:
      - '"5898323f-0cce-4fab-9fca-7c881eb8273e"'
      server:
      - uvicorn
    http_version: HTTP/1.1
    status_code: 201
- request:
    body: '{"notes": "adding and then updating a column"}'
    headers:
      X-API-Key:
      - DUMMY
      accept:
      - '*/*'
      accept-encoding:
      - gzip, deflate
      connection:
      - keep-alive
      content-length:
      - '46'
      content-type:
      - application/json
      host:
      - localhost:8000
      user-agent:
      - cherrydb-client-py
    method: POST
    uri: http://localhost:8000/api/v1/meta/
  response:
    content: '{"notes":"adding and then updating a column","uuid":"caa8891b-d072-47ec-8910-569eb4fbb0e0","created_at":"2023-02-21T19:43:41.867992+00:00","created_by":"pjrule@me.com"}'
    headers:
      content-length:
      - '168'
      content-type:
      - application/json
      date:
      - Tue, 21 Feb 2023 19:43:41 GMT
      server:
      - uvicorn
    http_version: HTTP/1.1
    status_code: 201
- request:
    body: '{"notes": "Test setup for cherrydb-client-py test test_column_repo_create_update_get__online"}'
    headers:
      X-API-Key:
      - DUMMY
      accept:
      - '*/*'
      accept-encoding:
      - gzip, deflate
      connection:
      - keep-alive
      content-length:
      - '94'
      content-type:
      - application/json
      host:
      - localhost:8000
      user-agent:
      - cherrydb-client-py
    method: POST
    uri: http://localhost:8000/api/v1/meta/
  response:
    content: '{"notes":"Test setup for cherrydb-client-py test test_column_repo_create_update_get__online","uuid":"07b3a9e0-e831-484a-b942-9f40f284c9d2","created_at":"2023-02-21T19:44:40.557062+00:00","created_by":"pjrule@me.com"}'
    headers:
      content-length:
      - '216'
      content-type:
      - application/json
      date:
      - Tue, 21 Feb 2023 19:44:39 GMT
      server:
      - uvicorn
    http_version: HTTP/1.1
    status_code: 201
- request:
    body: '{"path": "test_column_repo_create_update_get__online", "description": "cherrydb-client-py
      test test_column_repo_create_update_get__online", "public": true}'
    headers:
      X-API-Key:
      - DUMMY
      accept:
      - '*/*'
      accept-encoding:
      - gzip, deflate
      connection:
      - keep-alive
      content-length:
      - '155'
      content-type:
      - application/json
      host:
      - localhost:8000
      user-agent:
      - cherrydb-client-py
      x-cherry-meta-id:
      - 07b3a9e0-e831-484a-b942-9f40f284c9d2
    method: POST
    uri: http://localhost:8000/api/v1/namespaces/
  response:
    content: '{"path":"test_column_repo_create_update_get__online","description":"cherrydb-client-py
      test test_column_repo_create_update_get__online","public":true,"meta":{"notes":"Test
      setup for cherrydb-client-py test test_column_repo_create_update_get__online","uuid":"07b3a9e0-e831-484a-b942-9f40f284c9d2","created_at":"2023-02-21T19:44:40.557062+00:00","created_by":"pjrule@me.com"}}'
    headers:
      content-length:
      - '374'
      content-type:
      - application/json
      date:
      - Tue, 21 Feb 2023 19:44:39 GMT
      etag:
      - '"4bfe3b8b-4ee5-49c5-9a8b-4270f70617c7"'
      server:
      - uvicorn
    http_version: HTTP/1.1
    status_code: 201
- request:
    body: '{"notes": "adding and then updating a column"}'
    headers:
      X-API-Key:
      - DUMMY
      accept:
      - '*/*'
      accept-encoding:
      - gzip, deflate
      connection:
      - keep-alive
      content-length:
      - '46'
      content-type:
      - application/json
      host:
      - localhost:8000
      user-agent:
      - cherrydb-client-py
    method: POST
    uri: http://localhost:8000/api/v1/meta/
  response:
    content: '{"notes":"adding and then updating a column","uuid":"482af5d1-ebc2-4f0f-a6b1-3517fbff5436","created_at":"2023-02-21T19:44:40.607774+00:00","created_by":"pjrule@me.com"}'
    headers:
      content-length:
      - '168'
      content-type:
      - application/json
      date:
      - Tue, 21 Feb 2023 19:44:39 GMT
      server:
      - uvicorn
    http_version: HTTP/1.1
    status_code: 201
- request:
    body: '{"notes": "Test setup for cherrydb-client-py test test_column_repo_create_update_get__online"}'
    headers:
      X-API-Key:
      - DUMMY
      accept:
      - '*/*'
      accept-encoding:
      - gzip, deflate
      connection:
      - keep-alive
      content-length:
      - '94'
      content-type:
      - application/json
      host:
      - localhost:8000
      user-agent:
      - cherrydb-client-py
    method: POST
    uri: http://localhost:8000/api/v1/meta/
  response:
    content: '{"notes":"Test setup for cherrydb-client-py test test_column_repo_create_update_get__online","uuid":"512d567e-824e-4916-a14a-8a5d5a31160d","created_at":"2023-02-21T19:48:19.503178+00:00","created_by":"pjrule@me.com"}'
    headers:
      content-length:
      - '216'
      content-type:
      - application/json
      date:
      - Tue, 21 Feb 2023 19:48:18 GMT
      server:
      - uvicorn
    http_version: HTTP/1.1
    status_code: 201
- request:
    body: '{"path": "test_column_repo_create_update_get__online", "description": "cherrydb-client-py
      test test_column_repo_create_update_get__online", "public": true}'
    headers:
      X-API-Key:
      - DUMMY
      accept:
      - '*/*'
      accept-encoding:
      - gzip, deflate
      connection:
      - keep-alive
      content-length:
      - '155'
      content-type:
      - application/json
      host:
      - localhost:8000
      user-agent:
      - cherrydb-client-py
      x-cherry-meta-id:
      - 512d567e-824e-4916-a14a-8a5d5a31160d
    method: POST
    uri: http://localhost:8000/api/v1/namespaces/
  response:
    content: '{"path":"test_column_repo_create_update_get__online","description":"cherrydb-client-py
      test test_column_repo_create_update_get__online","public":true,"meta":{"notes":"Test
      setup for cherrydb-client-py test test_column_repo_create_update_get__online","uuid":"512d567e-824e-4916-a14a-8a5d5a31160d","created_at":"2023-02-21T19:48:19.503178+00:00","created_by":"pjrule@me.com"}}'
    headers:
      content-length:
      - '374'
      content-type:
      - application/json
      date:
      - Tue, 21 Feb 2023 19:48:18 GMT
      etag:
      - '"eb4b5285-052d-420c-ae1d-7c63f1111567"'
      server:
      - uvicorn
    http_version: HTTP/1.1
    status_code: 201
- request:
    body: '{"notes": "adding and then updating a column"}'
    headers:
      X-API-Key:
      - DUMMY
      accept:
      - '*/*'
      accept-encoding:
      - gzip, deflate
      connection:
      - keep-alive
      content-length:
      - '46'
      content-type:
      - application/json
      host:
      - localhost:8000
      user-agent:
      - cherrydb-client-py
    method: POST
    uri: http://localhost:8000/api/v1/meta/
  response:
    content: '{"notes":"adding and then updating a column","uuid":"d7665774-6088-49b2-9ef5-54ba5d2810f1","created_at":"2023-02-21T19:48:19.658384+00:00","created_by":"pjrule@me.com"}'
    headers:
      content-length:
      - '168'
      content-type:
      - application/json
      date:
      - Tue, 21 Feb 2023 19:48:18 GMT
      server:
      - uvicorn
    http_version: HTTP/1.1
    status_code: 201
- request:
    body: '{"notes": "Test setup for cherrydb-client-py test test_column_repo_create_update_get__online"}'
    headers:
      X-API-Key:
      - DUMMY
      accept:
      - '*/*'
      accept-encoding:
      - gzip, deflate
      connection:
      - keep-alive
      content-length:
      - '94'
      content-type:
      - application/json
      host:
      - localhost:8000
      user-agent:
      - cherrydb-client-py
    method: POST
    uri: http://localhost:8000/api/v1/meta/
  response:
    content: '{"notes":"Test setup for cherrydb-client-py test test_column_repo_create_update_get__online","uuid":"77166cea-dea3-42ec-a154-ea7f52104f38","created_at":"2023-02-21T19:48:52.192500+00:00","created_by":"pjrule@me.com"}'
    headers:
      content-length:
      - '216'
      content-type:
      - application/json
      date:
      - Tue, 21 Feb 2023 19:48:51 GMT
      server:
      - uvicorn
    http_version: HTTP/1.1
    status_code: 201
- request:
    body: '{"path": "test_column_repo_create_update_get__online", "description": "cherrydb-client-py
      test test_column_repo_create_update_get__online", "public": true}'
    headers:
      X-API-Key:
      - DUMMY
      accept:
      - '*/*'
      accept-encoding:
      - gzip, deflate
      connection:
      - keep-alive
      content-length:
      - '155'
      content-type:
      - application/json
      host:
      - localhost:8000
      user-agent:
      - cherrydb-client-py
      x-cherry-meta-id:
      - 77166cea-dea3-42ec-a154-ea7f52104f38
    method: POST
    uri: http://localhost:8000/api/v1/namespaces/
  response:
    content: '{"detail":"Object creation failed. Reason: Failed to create namespace
      ''test_column_repo_create_update_get__online''. (The namespace may already exist.)"}'
    headers:
      content-length:
      - '152'
      content-type:
      - application/json
      date:
      - Tue, 21 Feb 2023 19:48:51 GMT
      server:
      - uvicorn
    http_version: HTTP/1.1
    status_code: 422
- request:
    body: '{"notes": "Test setup for cherrydb-client-py test test_column_repo_create_update_get__online"}'
    headers:
      X-API-Key:
      - DUMMY
      accept:
      - '*/*'
      accept-encoding:
      - gzip, deflate
      connection:
      - keep-alive
      content-length:
      - '94'
      content-type:
      - application/json
      host:
      - localhost:8000
      user-agent:
      - cherrydb-client-py
    method: POST
    uri: http://localhost:8000/api/v1/meta/
  response:
    content: '{"notes":"Test setup for cherrydb-client-py test test_column_repo_create_update_get__online","uuid":"7fef626a-f4e6-4017-bce8-77c998d68711","created_at":"2023-02-21T19:49:01.539105+00:00","created_by":"pjrule@me.com"}'
    headers:
      content-length:
      - '216'
      content-type:
      - application/json
      date:
      - Tue, 21 Feb 2023 19:49:01 GMT
      server:
      - uvicorn
    http_version: HTTP/1.1
    status_code: 201
- request:
    body: '{"path": "test_column_repo_create_update_get__online", "description": "cherrydb-client-py
      test test_column_repo_create_update_get__online", "public": true}'
    headers:
      X-API-Key:
      - DUMMY
      accept:
      - '*/*'
      accept-encoding:
      - gzip, deflate
      connection:
      - keep-alive
      content-length:
      - '155'
      content-type:
      - application/json
      host:
      - localhost:8000
      user-agent:
      - cherrydb-client-py
      x-cherry-meta-id:
      - 7fef626a-f4e6-4017-bce8-77c998d68711
    method: POST
    uri: http://localhost:8000/api/v1/namespaces/
  response:
    content: '{"path":"test_column_repo_create_update_get__online","description":"cherrydb-client-py
      test test_column_repo_create_update_get__online","public":true,"meta":{"notes":"Test
      setup for cherrydb-client-py test test_column_repo_create_update_get__online","uuid":"7fef626a-f4e6-4017-bce8-77c998d68711","created_at":"2023-02-21T19:49:01.539105+00:00","created_by":"pjrule@me.com"}}'
    headers:
      content-length:
      - '374'
      content-type:
      - application/json
      date:
      - Tue, 21 Feb 2023 19:49:01 GMT
      etag:
      - '"6567c0b4-7c55-47b8-8686-1e04194a0a2f"'
      server:
      - uvicorn
    http_version: HTTP/1.1
    status_code: 201
- request:
    body: '{"notes": "adding and then updating a column"}'
    headers:
      X-API-Key:
      - DUMMY
      accept:
      - '*/*'
      accept-encoding:
      - gzip, deflate
      connection:
      - keep-alive
      content-length:
      - '46'
      content-type:
      - application/json
      host:
      - localhost:8000
      user-agent:
      - cherrydb-client-py
    method: POST
    uri: http://localhost:8000/api/v1/meta/
  response:
    content: '{"notes":"adding and then updating a column","uuid":"ea818510-bfce-407d-b3d4-45116b78e5d4","created_at":"2023-02-21T19:49:01.591486+00:00","created_by":"pjrule@me.com"}'
    headers:
      content-length:
      - '168'
      content-type:
      - application/json
      date:
      - Tue, 21 Feb 2023 19:49:01 GMT
      server:
      - uvicorn
    http_version: HTTP/1.1
    status_code: 201
- request:
    body: '{"notes": "Test setup for cherrydb-client-py test test_column_repo_create_update_get__online"}'
    headers:
      X-API-Key:
      - DUMMY
      accept:
      - '*/*'
      accept-encoding:
      - gzip, deflate
      connection:
      - keep-alive
      content-length:
      - '94'
      content-type:
      - application/json
      host:
      - localhost:8000
      user-agent:
      - cherrydb-client-py
    method: POST
    uri: http://localhost:8000/api/v1/meta/
  response:
    content: '{"notes":"Test setup for cherrydb-client-py test test_column_repo_create_update_get__online","uuid":"31e4177f-d17b-424b-92d7-891229eecc51","created_at":"2023-02-21T19:58:01.292554+00:00","created_by":"pjrule@me.com"}'
    headers:
      content-length:
      - '216'
      content-type:
      - application/json
      date:
      - Tue, 21 Feb 2023 19:58:00 GMT
      server:
      - uvicorn
    http_version: HTTP/1.1
    status_code: 201
- request:
    body: '{"path": "test_column_repo_create_update_get__online", "description": "cherrydb-client-py
      test test_column_repo_create_update_get__online", "public": true}'
    headers:
      X-API-Key:
      - DUMMY
      accept:
      - '*/*'
      accept-encoding:
      - gzip, deflate
      connection:
      - keep-alive
      content-length:
      - '155'
      content-type:
      - application/json
      host:
      - localhost:8000
      user-agent:
      - cherrydb-client-py
      x-cherry-meta-id:
      - 31e4177f-d17b-424b-92d7-891229eecc51
    method: POST
    uri: http://localhost:8000/api/v1/namespaces/
  response:
    content: '{"path":"test_column_repo_create_update_get__online","description":"cherrydb-client-py
      test test_column_repo_create_update_get__online","public":true,"meta":{"notes":"Test
      setup for cherrydb-client-py test test_column_repo_create_update_get__online","uuid":"31e4177f-d17b-424b-92d7-891229eecc51","created_at":"2023-02-21T19:58:01.292554+00:00","created_by":"pjrule@me.com"}}'
    headers:
      content-length:
      - '374'
      content-type:
      - application/json
      date:
      - Tue, 21 Feb 2023 19:58:00 GMT
      etag:
      - '"18d5150b-5a4b-493c-ac24-a10f3950c96d"'
      server:
      - uvicorn
    http_version: HTTP/1.1
    status_code: 201
- request:
    body: '{"notes": "adding and then updating a column"}'
    headers:
      X-API-Key:
      - DUMMY
      accept:
      - '*/*'
      accept-encoding:
      - gzip, deflate
      connection:
      - keep-alive
      content-length:
      - '46'
      content-type:
      - application/json
      host:
      - localhost:8000
      user-agent:
      - cherrydb-client-py
    method: POST
    uri: http://localhost:8000/api/v1/meta/
  response:
    content: '{"notes":"adding and then updating a column","uuid":"bfa52aee-5603-4f8a-a689-507affe7691e","created_at":"2023-02-21T19:58:01.327949+00:00","created_by":"pjrule@me.com"}'
    headers:
      content-length:
      - '168'
      content-type:
      - application/json
      date:
      - Tue, 21 Feb 2023 19:58:00 GMT
      server:
      - uvicorn
    http_version: HTTP/1.1
    status_code: 201
- request:
    body: '{"canonical_path": "total_pop", "namespace": "test_column_repo_create_update_get__online",
      "description": "2020 Census total population", "source_url": "https://www.census.gov/",
      "kind": "count", "type": "int", "aliases": ["totpop", "p001001", "p0001001"]}'
    headers:
      X-API-Key:
      - DUMMY
      accept:
      - '*/*'
      accept-encoding:
      - gzip, deflate
      connection:
      - keep-alive
      content-length:
      - '256'
      content-type:
      - application/json
      host:
      - localhost:8000
      user-agent:
      - cherrydb-client-py
      x-cherry-meta-id:
      - bfa52aee-5603-4f8a-a689-507affe7691e
    method: POST
    uri: http://localhost:8000/api/v1/columns/test_column_repo_create_update_get__online
  response:
    content: '{"canonical_path":"total_pop","namespace":"test_column_repo_create_update_get__online","description":"2020
      Census total population","source_url":null,"kind":"count","type":"int","aliases":["totpop","p001001","p0001001"],"meta":{"notes":"adding
      and then updating a column","uuid":"bfa52aee-5603-4f8a-a689-507affe7691e","created_at":"2023-02-21T19:58:01.327949+00:00","created_by":"pjrule@me.com"}}'
    headers:
      content-length:
      - '396'
      content-type:
      - application/json
      date:
      - Tue, 21 Feb 2023 19:58:00 GMT
      etag:
      - '"e2f2ccd2-4ea5-4e55-a464-0b32ffdfc2e2"'
      server:
      - uvicorn
    http_version: HTTP/1.1
    status_code: 201
- request:
    body: '{"aliases": ["population"]}'
    headers:
      X-API-Key:
      - DUMMY
      accept:
      - '*/*'
      accept-encoding:
      - gzip, deflate
      connection:
      - keep-alive
      content-length:
      - '27'
      content-type:
      - application/json
      host:
      - localhost:8000
      user-agent:
      - cherrydb-client-py
      x-cherry-meta-id:
      - bfa52aee-5603-4f8a-a689-507affe7691e
    method: PATCH
    uri: http://localhost:8000/api/v1/columns/test_column_repo_create_update_get__online/total_pop
  response:
    content: '{"canonical_path":"total_pop","namespace":"test_column_repo_create_update_get__online","description":"2020
      Census total population","source_url":null,"kind":"count","type":"int","aliases":["totpop","p001001","p0001001","population"],"meta":{"notes":"adding
      and then updating a column","uuid":"bfa52aee-5603-4f8a-a689-507affe7691e","created_at":"2023-02-21T19:58:01.327949+00:00","created_by":"pjrule@me.com"}}'
    headers:
      content-length:
      - '409'
      content-type:
      - application/json
      date:
      - Tue, 21 Feb 2023 19:58:00 GMT
      etag:
      - '"0517c2c5-002f-42e2-8010-dc5c70bca3fd"'
      server:
      - uvicorn
    http_version: HTTP/1.1
    status_code: 200
- request:
    body: ''
    headers:
      X-API-Key:
      - DUMMY
      accept:
      - '*/*'
      accept-encoding:
      - gzip, deflate
      connection:
      - keep-alive
      host:
      - localhost:8000
      if-none-match:
      - '"0517c2c5-002f-42e2-8010-dc5c70bca3fd"'
      user-agent:
      - cherrydb-client-py
    method: GET
    uri: http://localhost:8000/api/v1/columns/test_column_repo_create_update_get__online/population
  response:
    content: '{"canonical_path":"total_pop","namespace":"test_column_repo_create_update_get__online","description":"2020
      Census total population","source_url":null,"kind":"count","type":"int","aliases":["totpop","p001001","p0001001","population"],"meta":{"notes":"adding
      and then updating a column","uuid":"bfa52aee-5603-4f8a-a689-507affe7691e","created_at":"2023-02-21T19:58:01.327949+00:00","created_by":"pjrule@me.com"}}'
    headers:
      content-length:
      - '409'
      content-type:
      - application/json
      date:
      - Tue, 21 Feb 2023 19:58:00 GMT
      etag:
      - '"0517c2c5-002f-42e2-8010-dc5c70bca3fd"'
      server:
      - uvicorn
    http_version: HTTP/1.1
    status_code: 200
- request:
    body: '{"notes": "Test setup for cherrydb-client-py test test_column_repo_create_update_get__online"}'
    headers:
      X-API-Key:
      - DUMMY
      accept:
      - '*/*'
      accept-encoding:
      - gzip, deflate
      connection:
      - keep-alive
      content-length:
      - '94'
      content-type:
      - application/json
      host:
      - localhost:8000
      user-agent:
      - cherrydb-client-py
    method: POST
    uri: http://localhost:8000/api/v1/meta/
  response:
    content: '{"notes":"Test setup for cherrydb-client-py test test_column_repo_create_update_get__online","uuid":"2c3522cc-727d-4351-b6a4-02828facdd39","created_at":"2023-02-21T19:59:17.538366+00:00","created_by":"pjrule@me.com"}'
    headers:
      content-length:
      - '216'
      content-type:
      - application/json
      date:
      - Tue, 21 Feb 2023 19:59:17 GMT
      server:
      - uvicorn
    http_version: HTTP/1.1
    status_code: 201
- request:
    body: '{"path": "test_column_repo_create_update_get__online", "description": "cherrydb-client-py
      test test_column_repo_create_update_get__online", "public": true}'
    headers:
      X-API-Key:
      - DUMMY
      accept:
      - '*/*'
      accept-encoding:
      - gzip, deflate
      connection:
      - keep-alive
      content-length:
      - '155'
      content-type:
      - application/json
      host:
      - localhost:8000
      user-agent:
      - cherrydb-client-py
      x-cherry-meta-id:
      - 2c3522cc-727d-4351-b6a4-02828facdd39
    method: POST
    uri: http://localhost:8000/api/v1/namespaces/
  response:
    content: '{"path":"test_column_repo_create_update_get__online","description":"cherrydb-client-py
      test test_column_repo_create_update_get__online","public":true,"meta":{"notes":"Test
      setup for cherrydb-client-py test test_column_repo_create_update_get__online","uuid":"2c3522cc-727d-4351-b6a4-02828facdd39","created_at":"2023-02-21T19:59:17.538366+00:00","created_by":"pjrule@me.com"}}'
    headers:
      content-length:
      - '374'
      content-type:
      - application/json
      date:
      - Tue, 21 Feb 2023 19:59:17 GMT
      etag:
      - '"7b44769e-382d-412b-8ce2-3088e90b64bc"'
      server:
      - uvicorn
    http_version: HTTP/1.1
    status_code: 201
- request:
    body: '{"notes": "adding and then updating a column"}'
    headers:
      X-API-Key:
      - DUMMY
      accept:
      - '*/*'
      accept-encoding:
      - gzip, deflate
      connection:
      - keep-alive
      content-length:
      - '46'
      content-type:
      - application/json
      host:
      - localhost:8000
      user-agent:
      - cherrydb-client-py
    method: POST
    uri: http://localhost:8000/api/v1/meta/
  response:
    content: '{"notes":"adding and then updating a column","uuid":"3227c643-169e-493f-8380-4e2bd0d683a4","created_at":"2023-02-21T19:59:17.579195+00:00","created_by":"pjrule@me.com"}'
    headers:
      content-length:
      - '168'
      content-type:
      - application/json
      date:
      - Tue, 21 Feb 2023 19:59:17 GMT
      server:
      - uvicorn
    http_version: HTTP/1.1
    status_code: 201
- request:
    body: '{"canonical_path": "total_pop", "namespace": "test_column_repo_create_update_get__online",
      "description": "2020 Census total population", "source_url": "https://www.census.gov/",
      "kind": "count", "type": "int", "aliases": ["totpop", "p001001", "p0001001"]}'
    headers:
      X-API-Key:
      - DUMMY
      accept:
      - '*/*'
      accept-encoding:
      - gzip, deflate
      connection:
      - keep-alive
      content-length:
      - '256'
      content-type:
      - application/json
      host:
      - localhost:8000
      user-agent:
      - cherrydb-client-py
      x-cherry-meta-id:
      - 3227c643-169e-493f-8380-4e2bd0d683a4
    method: POST
    uri: http://localhost:8000/api/v1/columns/test_column_repo_create_update_get__online
  response:
    content: '{"canonical_path":"total_pop","namespace":"test_column_repo_create_update_get__online","description":"2020
      Census total population","source_url":null,"kind":"count","type":"int","aliases":["totpop","p001001","p0001001"],"meta":{"notes":"adding
      and then updating a column","uuid":"3227c643-169e-493f-8380-4e2bd0d683a4","created_at":"2023-02-21T19:59:17.579195+00:00","created_by":"pjrule@me.com"}}'
    headers:
      content-length:
      - '396'
      content-type:
      - application/json
      date:
      - Tue, 21 Feb 2023 19:59:17 GMT
      etag:
      - '"3beaf3e6-9a1c-47d7-8f9f-c54e2cef3a4d"'
      server:
      - uvicorn
    http_version: HTTP/1.1
    status_code: 201
- request:
    body: '{"aliases": ["population"]}'
    headers:
      X-API-Key:
      - DUMMY
      accept:
      - '*/*'
      accept-encoding:
      - gzip, deflate
      connection:
      - keep-alive
      content-length:
      - '27'
      content-type:
      - application/json
      host:
      - localhost:8000
      user-agent:
      - cherrydb-client-py
      x-cherry-meta-id:
      - 3227c643-169e-493f-8380-4e2bd0d683a4
    method: PATCH
    uri: http://localhost:8000/api/v1/columns/test_column_repo_create_update_get__online/total_pop
  response:
    content: '{"canonical_path":"total_pop","namespace":"test_column_repo_create_update_get__online","description":"2020
      Census total population","source_url":null,"kind":"count","type":"int","aliases":["totpop","p001001","p0001001","population"],"meta":{"notes":"adding
      and then updating a column","uuid":"3227c643-169e-493f-8380-4e2bd0d683a4","created_at":"2023-02-21T19:59:17.579195+00:00","created_by":"pjrule@me.com"}}'
    headers:
      content-length:
      - '409'
      content-type:
      - application/json
      date:
      - Tue, 21 Feb 2023 19:59:17 GMT
      etag:
      - '"c5b9e14c-13dc-452f-bf43-62d8be035074"'
      server:
      - uvicorn
    http_version: HTTP/1.1
    status_code: 200
- request:
    body: ''
    headers:
      X-API-Key:
      - DUMMY
      accept:
      - '*/*'
      accept-encoding:
      - gzip, deflate
      connection:
      - keep-alive
      host:
      - localhost:8000
      if-none-match:
      - '"c5b9e14c-13dc-452f-bf43-62d8be035074"'
      user-agent:
      - cherrydb-client-py
    method: GET
    uri: http://localhost:8000/api/v1/columns/test_column_repo_create_update_get__online/population
  response:
    content: '{"canonical_path":"total_pop","namespace":"test_column_repo_create_update_get__online","description":"2020
      Census total population","source_url":null,"kind":"count","type":"int","aliases":["totpop","p001001","p0001001","population"],"meta":{"notes":"adding
      and then updating a column","uuid":"3227c643-169e-493f-8380-4e2bd0d683a4","created_at":"2023-02-21T19:59:17.579195+00:00","created_by":"pjrule@me.com"}}'
    headers:
      content-length:
      - '409'
      content-type:
      - application/json
      date:
      - Tue, 21 Feb 2023 19:59:17 GMT
      etag:
      - '"c5b9e14c-13dc-452f-bf43-62d8be035074"'
      server:
      - uvicorn
    http_version: HTTP/1.1
    status_code: 200
- request:
    body: '{"notes": "Test setup for cherrydb-client-py test test_column_repo_create_update_get__online"}'
    headers:
      X-API-Key:
      - DUMMY
      accept:
      - '*/*'
      accept-encoding:
      - gzip, deflate
      connection:
      - keep-alive
      content-length:
      - '94'
      content-type:
      - application/json
      host:
      - localhost:8000
      user-agent:
      - cherrydb-client-py
    method: POST
    uri: http://localhost:8000/api/v1/meta/
  response:
    content: '{"notes":"Test setup for cherrydb-client-py test test_column_repo_create_update_get__online","uuid":"bde8140e-a9b4-498d-b028-2a16aee5a591","created_at":"2023-02-21T19:59:52.378872+00:00","created_by":"pjrule@me.com"}'
    headers:
      content-length:
      - '216'
      content-type:
      - application/json
      date:
      - Tue, 21 Feb 2023 19:59:52 GMT
      server:
      - uvicorn
    http_version: HTTP/1.1
    status_code: 201
- request:
    body: '{"path": "test_column_repo_create_update_get__online", "description": "cherrydb-client-py
      test test_column_repo_create_update_get__online", "public": true}'
    headers:
      X-API-Key:
      - DUMMY
      accept:
      - '*/*'
      accept-encoding:
      - gzip, deflate
      connection:
      - keep-alive
      content-length:
      - '155'
      content-type:
      - application/json
      host:
      - localhost:8000
      user-agent:
      - cherrydb-client-py
      x-cherry-meta-id:
      - bde8140e-a9b4-498d-b028-2a16aee5a591
    method: POST
    uri: http://localhost:8000/api/v1/namespaces/
  response:
    content: '{"path":"test_column_repo_create_update_get__online","description":"cherrydb-client-py
      test test_column_repo_create_update_get__online","public":true,"meta":{"notes":"Test
      setup for cherrydb-client-py test test_column_repo_create_update_get__online","uuid":"bde8140e-a9b4-498d-b028-2a16aee5a591","created_at":"2023-02-21T19:59:52.378872+00:00","created_by":"pjrule@me.com"}}'
    headers:
      content-length:
      - '374'
      content-type:
      - application/json
      date:
      - Tue, 21 Feb 2023 19:59:52 GMT
      etag:
      - '"87dd8b46-9da3-4039-9894-2692ffe67c34"'
      server:
      - uvicorn
    http_version: HTTP/1.1
    status_code: 201
- request:
    body: '{"notes": "adding and then updating a column"}'
    headers:
      X-API-Key:
      - DUMMY
      accept:
      - '*/*'
      accept-encoding:
      - gzip, deflate
      connection:
      - keep-alive
      content-length:
      - '46'
      content-type:
      - application/json
      host:
      - localhost:8000
      user-agent:
      - cherrydb-client-py
    method: POST
    uri: http://localhost:8000/api/v1/meta/
  response:
    content: '{"notes":"adding and then updating a column","uuid":"257e6763-a2a0-4c1a-a20c-7cde6b9fb0c5","created_at":"2023-02-21T19:59:52.421055+00:00","created_by":"pjrule@me.com"}'
    headers:
      content-length:
      - '168'
      content-type:
      - application/json
      date:
      - Tue, 21 Feb 2023 19:59:52 GMT
      server:
      - uvicorn
    http_version: HTTP/1.1
    status_code: 201
- request:
    body: '{"canonical_path": "total_pop", "namespace": "test_column_repo_create_update_get__online",
      "description": "2020 Census total population", "source_url": "https://www.census.gov/",
      "kind": "count", "type": "int", "aliases": ["totpop", "p001001", "p0001001"]}'
    headers:
      X-API-Key:
      - DUMMY
      accept:
      - '*/*'
      accept-encoding:
      - gzip, deflate
      connection:
      - keep-alive
      content-length:
      - '256'
      content-type:
      - application/json
      host:
      - localhost:8000
      user-agent:
      - cherrydb-client-py
      x-cherry-meta-id:
      - 257e6763-a2a0-4c1a-a20c-7cde6b9fb0c5
    method: POST
    uri: http://localhost:8000/api/v1/columns/test_column_repo_create_update_get__online
  response:
    content: '{"canonical_path":"total_pop","namespace":"test_column_repo_create_update_get__online","description":"2020
      Census total population","source_url":null,"kind":"count","type":"int","aliases":["totpop","p001001","p0001001"],"meta":{"notes":"adding
      and then updating a column","uuid":"257e6763-a2a0-4c1a-a20c-7cde6b9fb0c5","created_at":"2023-02-21T19:59:52.421055+00:00","created_by":"pjrule@me.com"}}'
    headers:
      content-length:
      - '396'
      content-type:
      - application/json
      date:
      - Tue, 21 Feb 2023 19:59:52 GMT
      etag:
      - '"377b38cf-9609-42b7-b396-a1ae9fd634c3"'
      server:
      - uvicorn
    http_version: HTTP/1.1
    status_code: 201
- request:
    body: '{"aliases": ["population"]}'
    headers:
      X-API-Key:
      - DUMMY
      accept:
      - '*/*'
      accept-encoding:
      - gzip, deflate
      connection:
      - keep-alive
      content-length:
      - '27'
      content-type:
      - application/json
      host:
      - localhost:8000
      user-agent:
      - cherrydb-client-py
      x-cherry-meta-id:
      - 257e6763-a2a0-4c1a-a20c-7cde6b9fb0c5
    method: PATCH
    uri: http://localhost:8000/api/v1/columns/test_column_repo_create_update_get__online/total_pop
  response:
    content: '{"canonical_path":"total_pop","namespace":"test_column_repo_create_update_get__online","description":"2020
      Census total population","source_url":null,"kind":"count","type":"int","aliases":["totpop","p001001","p0001001","population"],"meta":{"notes":"adding
      and then updating a column","uuid":"257e6763-a2a0-4c1a-a20c-7cde6b9fb0c5","created_at":"2023-02-21T19:59:52.421055+00:00","created_by":"pjrule@me.com"}}'
    headers:
      content-length:
      - '409'
      content-type:
      - application/json
      date:
      - Tue, 21 Feb 2023 19:59:52 GMT
      etag:
      - '"11dbb7ed-71c5-45b6-a30a-b3e523917bca"'
      server:
      - uvicorn
    http_version: HTTP/1.1
    status_code: 200
- request:
    body: ''
    headers:
      X-API-Key:
      - DUMMY
      accept:
      - '*/*'
      accept-encoding:
      - gzip, deflate
      connection:
      - keep-alive
      host:
      - localhost:8000
      if-none-match:
      - '"11dbb7ed-71c5-45b6-a30a-b3e523917bca"'
      user-agent:
      - cherrydb-client-py
    method: GET
    uri: http://localhost:8000/api/v1/columns/test_column_repo_create_update_get__online/population
  response:
    content: '{"canonical_path":"total_pop","namespace":"test_column_repo_create_update_get__online","description":"2020
      Census total population","source_url":null,"kind":"count","type":"int","aliases":["totpop","p001001","p0001001","population"],"meta":{"notes":"adding
      and then updating a column","uuid":"257e6763-a2a0-4c1a-a20c-7cde6b9fb0c5","created_at":"2023-02-21T19:59:52.421055+00:00","created_by":"pjrule@me.com"}}'
    headers:
      content-length:
      - '409'
      content-type:
      - application/json
      date:
      - Tue, 21 Feb 2023 19:59:52 GMT
      etag:
      - '"11dbb7ed-71c5-45b6-a30a-b3e523917bca"'
      server:
      - uvicorn
    http_version: HTTP/1.1
    status_code: 200
- request:
    body: '{"notes": "Test setup for cherrydb-client-py test test_column_repo_create_update_get__online"}'
    headers:
      X-API-Key:
      - DUMMY
      accept:
      - '*/*'
      accept-encoding:
      - gzip, deflate
      connection:
      - keep-alive
      content-length:
      - '94'
      content-type:
      - application/json
      host:
      - localhost:8000
      user-agent:
      - cherrydb-client-py
    method: POST
    uri: http://localhost:8000/api/v1/meta/
  response:
    content: '{"notes":"Test setup for cherrydb-client-py test test_column_repo_create_update_get__online","uuid":"b480d8fc-0f41-4e15-acf0-9685a765f558","created_at":"2023-02-21T21:29:30.765574+00:00","created_by":"pjrule@me.com"}'
    headers:
      content-length:
      - '216'
      content-type:
      - application/json
      date:
      - Tue, 21 Feb 2023 21:29:30 GMT
      server:
      - uvicorn
    http_version: HTTP/1.1
    status_code: 201
- request:
    body: '{"path": "test_column_repo_create_update_get__online", "description": "cherrydb-client-py
      test test_column_repo_create_update_get__online", "public": true}'
    headers:
      X-API-Key:
      - DUMMY
      accept:
      - '*/*'
      accept-encoding:
      - gzip, deflate
      connection:
      - keep-alive
      content-length:
      - '155'
      content-type:
      - application/json
      host:
      - localhost:8000
      user-agent:
      - cherrydb-client-py
      x-cherry-meta-id:
      - b480d8fc-0f41-4e15-acf0-9685a765f558
    method: POST
    uri: http://localhost:8000/api/v1/namespaces/
  response:
    content: '{"path":"test_column_repo_create_update_get__online","description":"cherrydb-client-py
      test test_column_repo_create_update_get__online","public":true,"meta":{"notes":"Test
      setup for cherrydb-client-py test test_column_repo_create_update_get__online","uuid":"b480d8fc-0f41-4e15-acf0-9685a765f558","created_at":"2023-02-21T21:29:30.765574+00:00","created_by":"pjrule@me.com"}}'
    headers:
      content-length:
      - '374'
      content-type:
      - application/json
      date:
      - Tue, 21 Feb 2023 21:29:30 GMT
      etag:
      - '"8dc98cc3-acb9-4164-ad14-07945d54b61d"'
      server:
      - uvicorn
    http_version: HTTP/1.1
    status_code: 201
- request:
    body: '{"notes": "adding and then updating a column"}'
    headers:
      X-API-Key:
      - DUMMY
      accept:
      - '*/*'
      accept-encoding:
      - gzip, deflate
      connection:
      - keep-alive
      content-length:
      - '46'
      content-type:
      - application/json
      host:
      - localhost:8000
      user-agent:
      - cherrydb-client-py
    method: POST
    uri: http://localhost:8000/api/v1/meta/
  response:
    content: '{"notes":"adding and then updating a column","uuid":"e0d758a5-ffed-4f58-b498-d56eb971be05","created_at":"2023-02-21T21:29:30.805395+00:00","created_by":"pjrule@me.com"}'
    headers:
      content-length:
      - '168'
      content-type:
      - application/json
      date:
      - Tue, 21 Feb 2023 21:29:30 GMT
      server:
      - uvicorn
    http_version: HTTP/1.1
    status_code: 201
- request:
    body: '{"canonical_path": "total_pop", "namespace": "test_column_repo_create_update_get__online",
      "description": "2020 Census total population", "source_url": "https://www.census.gov/",
      "kind": "count", "type": "int", "aliases": ["totpop", "p001001", "p0001001"]}'
    headers:
      X-API-Key:
      - DUMMY
      accept:
      - '*/*'
      accept-encoding:
      - gzip, deflate
      connection:
      - keep-alive
      content-length:
      - '256'
      content-type:
      - application/json
      host:
      - localhost:8000
      user-agent:
      - cherrydb-client-py
      x-cherry-meta-id:
      - e0d758a5-ffed-4f58-b498-d56eb971be05
    method: POST
    uri: http://localhost:8000/api/v1/columns/test_column_repo_create_update_get__online
  response:
    content: '{"canonical_path":"total_pop","namespace":"test_column_repo_create_update_get__online","description":"2020
      Census total population","source_url":null,"kind":"count","type":"int","aliases":["totpop","p001001","p0001001"],"meta":{"notes":"adding
      and then updating a column","uuid":"e0d758a5-ffed-4f58-b498-d56eb971be05","created_at":"2023-02-21T21:29:30.805395+00:00","created_by":"pjrule@me.com"}}'
    headers:
      content-length:
      - '396'
      content-type:
      - application/json
      date:
      - Tue, 21 Feb 2023 21:29:30 GMT
      etag:
      - '"fc36ae9a-ac1e-43f2-9076-24362a87e19b"'
      server:
      - uvicorn
    http_version: HTTP/1.1
    status_code: 201
- request:
    body: '{"aliases": ["population"]}'
    headers:
      X-API-Key:
      - DUMMY
      accept:
      - '*/*'
      accept-encoding:
      - gzip, deflate
      connection:
      - keep-alive
      content-length:
      - '27'
      content-type:
      - application/json
      host:
      - localhost:8000
      user-agent:
      - cherrydb-client-py
      x-cherry-meta-id:
      - e0d758a5-ffed-4f58-b498-d56eb971be05
    method: PATCH
    uri: http://localhost:8000/api/v1/columns/test_column_repo_create_update_get__online/total_pop
  response:
    content: '{"canonical_path":"total_pop","namespace":"test_column_repo_create_update_get__online","description":"2020
      Census total population","source_url":null,"kind":"count","type":"int","aliases":["totpop","p001001","p0001001","population"],"meta":{"notes":"adding
      and then updating a column","uuid":"e0d758a5-ffed-4f58-b498-d56eb971be05","created_at":"2023-02-21T21:29:30.805395+00:00","created_by":"pjrule@me.com"}}'
    headers:
      content-length:
      - '409'
      content-type:
      - application/json
      date:
      - Tue, 21 Feb 2023 21:29:30 GMT
      etag:
      - '"07b9d6af-36ee-4fd4-9e11-9048b62a6231"'
      server:
      - uvicorn
    http_version: HTTP/1.1
    status_code: 200
- request:
    body: ''
    headers:
      X-API-Key:
      - DUMMY
      accept:
      - '*/*'
      accept-encoding:
      - gzip, deflate
      connection:
      - keep-alive
      host:
      - localhost:8000
      if-none-match:
      - '"07b9d6af-36ee-4fd4-9e11-9048b62a6231"'
      user-agent:
      - cherrydb-client-py
    method: GET
    uri: http://localhost:8000/api/v1/columns/test_column_repo_create_update_get__online/population
  response:
    content: '{"canonical_path":"total_pop","namespace":"test_column_repo_create_update_get__online","description":"2020
      Census total population","source_url":null,"kind":"count","type":"int","aliases":["totpop","p001001","p0001001","population"],"meta":{"notes":"adding
      and then updating a column","uuid":"e0d758a5-ffed-4f58-b498-d56eb971be05","created_at":"2023-02-21T21:29:30.805395+00:00","created_by":"pjrule@me.com"}}'
    headers:
      content-length:
      - '409'
      content-type:
      - application/json
      date:
      - Tue, 21 Feb 2023 21:29:30 GMT
      etag:
      - '"07b9d6af-36ee-4fd4-9e11-9048b62a6231"'
      server:
      - uvicorn
    http_version: HTTP/1.1
    status_code: 200
- request:
    body: '{"notes": "Test setup for cherrydb-client-py test test_column_repo_create_update_get__online"}'
    headers:
      X-API-Key:
      - DUMMY
      accept:
      - '*/*'
      accept-encoding:
      - gzip, deflate
      connection:
      - keep-alive
      content-length:
      - '94'
      content-type:
      - application/json
      host:
      - localhost:8000
      user-agent:
      - cherrydb-client-py
    method: POST
    uri: http://localhost:8000/api/v1/meta/
  response:
    content: '{"notes":"Test setup for cherrydb-client-py test test_column_repo_create_update_get__online","uuid":"991824ae-2006-4a1e-b205-bfd01df0946b","created_at":"2023-02-21T21:32:50.436310+00:00","created_by":"pjrule@me.com"}'
    headers:
      content-length:
      - '216'
      content-type:
      - application/json
      date:
      - Tue, 21 Feb 2023 21:32:50 GMT
      server:
      - uvicorn
    http_version: HTTP/1.1
    status_code: 201
- request:
    body: '{"path": "test_column_repo_create_update_get__online", "description": "cherrydb-client-py
      test test_column_repo_create_update_get__online", "public": true}'
    headers:
      X-API-Key:
      - DUMMY
      accept:
      - '*/*'
      accept-encoding:
      - gzip, deflate
      connection:
      - keep-alive
      content-length:
      - '155'
      content-type:
      - application/json
      host:
      - localhost:8000
      user-agent:
      - cherrydb-client-py
      x-cherry-meta-id:
      - 991824ae-2006-4a1e-b205-bfd01df0946b
    method: POST
    uri: http://localhost:8000/api/v1/namespaces/
  response:
    content: '{"path":"test_column_repo_create_update_get__online","description":"cherrydb-client-py
      test test_column_repo_create_update_get__online","public":true,"meta":{"notes":"Test
      setup for cherrydb-client-py test test_column_repo_create_update_get__online","uuid":"991824ae-2006-4a1e-b205-bfd01df0946b","created_at":"2023-02-21T21:32:50.436310+00:00","created_by":"pjrule@me.com"}}'
    headers:
      content-length:
      - '374'
      content-type:
      - application/json
      date:
      - Tue, 21 Feb 2023 21:32:50 GMT
      etag:
      - '"1494ee92-f373-4b14-95ed-76a230a06a3c"'
      server:
      - uvicorn
    http_version: HTTP/1.1
    status_code: 201
- request:
    body: '{"notes": "adding and then updating a column"}'
    headers:
      X-API-Key:
      - DUMMY
      accept:
      - '*/*'
      accept-encoding:
      - gzip, deflate
      connection:
      - keep-alive
      content-length:
      - '46'
      content-type:
      - application/json
      host:
      - localhost:8000
      user-agent:
      - cherrydb-client-py
    method: POST
    uri: http://localhost:8000/api/v1/meta/
  response:
    content: '{"notes":"adding and then updating a column","uuid":"6ff00c3f-6f61-4a38-be45-1311a7e42238","created_at":"2023-02-21T21:32:50.472910+00:00","created_by":"pjrule@me.com"}'
    headers:
      content-length:
      - '168'
      content-type:
      - application/json
      date:
      - Tue, 21 Feb 2023 21:32:50 GMT
      server:
      - uvicorn
    http_version: HTTP/1.1
    status_code: 201
- request:
    body: '{"canonical_path": "total_pop", "namespace": "test_column_repo_create_update_get__online",
      "description": "2020 Census total population", "source_url": "https://www.census.gov/",
      "kind": "count", "type": "int", "aliases": ["totpop", "p001001", "p0001001"]}'
    headers:
      X-API-Key:
      - DUMMY
      accept:
      - '*/*'
      accept-encoding:
      - gzip, deflate
      connection:
      - keep-alive
      content-length:
      - '256'
      content-type:
      - application/json
      host:
      - localhost:8000
      user-agent:
      - cherrydb-client-py
      x-cherry-meta-id:
      - 6ff00c3f-6f61-4a38-be45-1311a7e42238
    method: POST
    uri: http://localhost:8000/api/v1/columns/test_column_repo_create_update_get__online
  response:
    content: '{"canonical_path":"total_pop","namespace":"test_column_repo_create_update_get__online","description":"2020
      Census total population","source_url":null,"kind":"count","type":"int","aliases":["totpop","p001001","p0001001"],"meta":{"notes":"adding
      and then updating a column","uuid":"6ff00c3f-6f61-4a38-be45-1311a7e42238","created_at":"2023-02-21T21:32:50.472910+00:00","created_by":"pjrule@me.com"}}'
    headers:
      content-length:
      - '396'
      content-type:
      - application/json
      date:
      - Tue, 21 Feb 2023 21:32:50 GMT
      etag:
      - '"9846594b-2514-4a5f-856b-6385b80118fa"'
      server:
      - uvicorn
    http_version: HTTP/1.1
    status_code: 201
- request:
    body: '{"aliases": ["population"]}'
    headers:
      X-API-Key:
      - DUMMY
      accept:
      - '*/*'
      accept-encoding:
      - gzip, deflate
      connection:
      - keep-alive
      content-length:
      - '27'
      content-type:
      - application/json
      host:
      - localhost:8000
      user-agent:
      - cherrydb-client-py
      x-cherry-meta-id:
      - 6ff00c3f-6f61-4a38-be45-1311a7e42238
    method: PATCH
    uri: http://localhost:8000/api/v1/columns/test_column_repo_create_update_get__online/total_pop
  response:
    content: '{"canonical_path":"total_pop","namespace":"test_column_repo_create_update_get__online","description":"2020
      Census total population","source_url":null,"kind":"count","type":"int","aliases":["totpop","p001001","p0001001","population"],"meta":{"notes":"adding
      and then updating a column","uuid":"6ff00c3f-6f61-4a38-be45-1311a7e42238","created_at":"2023-02-21T21:32:50.472910+00:00","created_by":"pjrule@me.com"}}'
    headers:
      content-length:
      - '409'
      content-type:
      - application/json
      date:
      - Tue, 21 Feb 2023 21:32:50 GMT
      etag:
      - '"06aba1dc-37b7-474c-bd6f-c4df6b83f55d"'
      server:
      - uvicorn
    http_version: HTTP/1.1
    status_code: 200
- request:
    body: ''
    headers:
      X-API-Key:
      - DUMMY
      accept:
      - '*/*'
      accept-encoding:
      - gzip, deflate
      connection:
      - keep-alive
      host:
      - localhost:8000
      if-none-match:
      - '"06aba1dc-37b7-474c-bd6f-c4df6b83f55d"'
      user-agent:
      - cherrydb-client-py
    method: GET
    uri: http://localhost:8000/api/v1/columns/test_column_repo_create_update_get__online/population
  response:
    content: '{"canonical_path":"total_pop","namespace":"test_column_repo_create_update_get__online","description":"2020
      Census total population","source_url":null,"kind":"count","type":"int","aliases":["totpop","p001001","p0001001","population"],"meta":{"notes":"adding
      and then updating a column","uuid":"6ff00c3f-6f61-4a38-be45-1311a7e42238","created_at":"2023-02-21T21:32:50.472910+00:00","created_by":"pjrule@me.com"}}'
    headers:
      content-length:
      - '409'
      content-type:
      - application/json
      date:
      - Tue, 21 Feb 2023 21:32:50 GMT
      etag:
      - '"06aba1dc-37b7-474c-bd6f-c4df6b83f55d"'
      server:
      - uvicorn
    http_version: HTTP/1.1
    status_code: 200
- request:
    body: '{"notes": "Test setup for cherrydb-client-py test test_column_repo_create_update_get__online"}'
    headers:
      X-API-Key:
      - DUMMY
      accept:
      - '*/*'
      accept-encoding:
      - gzip, deflate
      connection:
      - keep-alive
      content-length:
      - '94'
      content-type:
      - application/json
      host:
      - localhost:8000
      user-agent:
      - cherrydb-client-py
    method: POST
    uri: http://localhost:8000/api/v1/meta/
  response:
    content: '{"notes":"Test setup for cherrydb-client-py test test_column_repo_create_update_get__online","uuid":"9f46a4f4-4b8b-412f-a586-d3994d337564","created_at":"2023-02-21T21:33:12.517811+00:00","created_by":"pjrule@me.com"}'
    headers:
      content-length:
      - '216'
      content-type:
      - application/json
      date:
      - Tue, 21 Feb 2023 21:33:12 GMT
      server:
      - uvicorn
    http_version: HTTP/1.1
    status_code: 201
- request:
    body: '{"path": "test_column_repo_create_update_get__online", "description": "cherrydb-client-py
      test test_column_repo_create_update_get__online", "public": true}'
    headers:
      X-API-Key:
      - DUMMY
      accept:
      - '*/*'
      accept-encoding:
      - gzip, deflate
      connection:
      - keep-alive
      content-length:
      - '155'
      content-type:
      - application/json
      host:
      - localhost:8000
      user-agent:
      - cherrydb-client-py
      x-cherry-meta-id:
      - 9f46a4f4-4b8b-412f-a586-d3994d337564
    method: POST
    uri: http://localhost:8000/api/v1/namespaces/
  response:
    content: '{"path":"test_column_repo_create_update_get__online","description":"cherrydb-client-py
      test test_column_repo_create_update_get__online","public":true,"meta":{"notes":"Test
      setup for cherrydb-client-py test test_column_repo_create_update_get__online","uuid":"9f46a4f4-4b8b-412f-a586-d3994d337564","created_at":"2023-02-21T21:33:12.517811+00:00","created_by":"pjrule@me.com"}}'
    headers:
      content-length:
      - '374'
      content-type:
      - application/json
      date:
      - Tue, 21 Feb 2023 21:33:12 GMT
      etag:
      - '"b4ad939a-5d60-414e-99f4-21d116f0f3dd"'
      server:
      - uvicorn
    http_version: HTTP/1.1
    status_code: 201
- request:
    body: '{"notes": "adding and then updating a column"}'
    headers:
      X-API-Key:
      - DUMMY
      accept:
      - '*/*'
      accept-encoding:
      - gzip, deflate
      connection:
      - keep-alive
      content-length:
      - '46'
      content-type:
      - application/json
      host:
      - localhost:8000
      user-agent:
      - cherrydb-client-py
    method: POST
    uri: http://localhost:8000/api/v1/meta/
  response:
    content: '{"notes":"adding and then updating a column","uuid":"c5f23b59-d87f-4b50-b88b-75b3fb1743a9","created_at":"2023-02-21T21:33:12.559041+00:00","created_by":"pjrule@me.com"}'
    headers:
      content-length:
      - '168'
      content-type:
      - application/json
      date:
      - Tue, 21 Feb 2023 21:33:12 GMT
      server:
      - uvicorn
    http_version: HTTP/1.1
    status_code: 201
- request:
    body: '{"canonical_path": "total_pop", "namespace": "test_column_repo_create_update_get__online",
      "description": "2020 Census total population", "source_url": "https://www.census.gov/",
      "kind": "count", "type": "int", "aliases": ["totpop", "p001001", "p0001001"]}'
    headers:
      X-API-Key:
      - DUMMY
      accept:
      - '*/*'
      accept-encoding:
      - gzip, deflate
      connection:
      - keep-alive
      content-length:
      - '256'
      content-type:
      - application/json
      host:
      - localhost:8000
      user-agent:
      - cherrydb-client-py
      x-cherry-meta-id:
      - c5f23b59-d87f-4b50-b88b-75b3fb1743a9
    method: POST
    uri: http://localhost:8000/api/v1/columns/test_column_repo_create_update_get__online
  response:
    content: '{"canonical_path":"total_pop","namespace":"test_column_repo_create_update_get__online","description":"2020
      Census total population","source_url":null,"kind":"count","type":"int","aliases":["totpop","p001001","p0001001"],"meta":{"notes":"adding
      and then updating a column","uuid":"c5f23b59-d87f-4b50-b88b-75b3fb1743a9","created_at":"2023-02-21T21:33:12.559041+00:00","created_by":"pjrule@me.com"}}'
    headers:
      content-length:
      - '396'
      content-type:
      - application/json
      date:
      - Tue, 21 Feb 2023 21:33:12 GMT
      etag:
      - '"d5cbcef9-a49d-4b98-8d02-f00b5fe934f6"'
      server:
      - uvicorn
    http_version: HTTP/1.1
    status_code: 201
- request:
    body: '{"aliases": ["population"]}'
    headers:
      X-API-Key:
      - DUMMY
      accept:
      - '*/*'
      accept-encoding:
      - gzip, deflate
      connection:
      - keep-alive
      content-length:
      - '27'
      content-type:
      - application/json
      host:
      - localhost:8000
      user-agent:
      - cherrydb-client-py
      x-cherry-meta-id:
      - c5f23b59-d87f-4b50-b88b-75b3fb1743a9
    method: PATCH
    uri: http://localhost:8000/api/v1/columns/test_column_repo_create_update_get__online/total_pop
  response:
    content: '{"canonical_path":"total_pop","namespace":"test_column_repo_create_update_get__online","description":"2020
      Census total population","source_url":null,"kind":"count","type":"int","aliases":["totpop","p001001","p0001001","population"],"meta":{"notes":"adding
      and then updating a column","uuid":"c5f23b59-d87f-4b50-b88b-75b3fb1743a9","created_at":"2023-02-21T21:33:12.559041+00:00","created_by":"pjrule@me.com"}}'
    headers:
      content-length:
      - '409'
      content-type:
      - application/json
      date:
      - Tue, 21 Feb 2023 21:33:12 GMT
      etag:
      - '"0a04fa1a-2e11-4228-94c6-dacc0977c7e6"'
      server:
      - uvicorn
    http_version: HTTP/1.1
    status_code: 200
- request:
    body: ''
    headers:
      X-API-Key:
      - DUMMY
      accept:
      - '*/*'
      accept-encoding:
      - gzip, deflate
      connection:
      - keep-alive
      host:
      - localhost:8000
      if-none-match:
      - '"0a04fa1a-2e11-4228-94c6-dacc0977c7e6"'
      user-agent:
      - cherrydb-client-py
    method: GET
    uri: http://localhost:8000/api/v1/columns/test_column_repo_create_update_get__online/population
  response:
    content: '{"canonical_path":"total_pop","namespace":"test_column_repo_create_update_get__online","description":"2020
      Census total population","source_url":null,"kind":"count","type":"int","aliases":["totpop","p001001","p0001001","population"],"meta":{"notes":"adding
      and then updating a column","uuid":"c5f23b59-d87f-4b50-b88b-75b3fb1743a9","created_at":"2023-02-21T21:33:12.559041+00:00","created_by":"pjrule@me.com"}}'
    headers:
      content-length:
      - '409'
      content-type:
      - application/json
      date:
      - Tue, 21 Feb 2023 21:33:12 GMT
      etag:
      - '"0a04fa1a-2e11-4228-94c6-dacc0977c7e6"'
      server:
      - uvicorn
    http_version: HTTP/1.1
    status_code: 200
- request:
    body: '{"notes": "Test setup for cherrydb-client-py test test_column_repo_create_update_get__online"}'
    headers:
      X-API-Key:
      - DUMMY
      accept:
      - '*/*'
      accept-encoding:
      - gzip, deflate
      connection:
      - keep-alive
      content-length:
      - '94'
      content-type:
      - application/json
      host:
      - localhost:8000
      user-agent:
      - cherrydb-client-py
    method: POST
    uri: http://localhost:8000/api/v1/meta/
  response:
    content: '{"notes":"Test setup for cherrydb-client-py test test_column_repo_create_update_get__online","uuid":"66fc0b84-2cf2-47bc-84b3-560e32451216","created_at":"2023-02-21T21:41:26.894550+00:00","created_by":"pjrule@me.com"}'
    headers:
      content-length:
      - '216'
      content-type:
      - application/json
      date:
      - Tue, 21 Feb 2023 21:41:26 GMT
      server:
      - uvicorn
    http_version: HTTP/1.1
    status_code: 201
- request:
    body: '{"path": "test_column_repo_create_update_get__online", "description": "cherrydb-client-py
      test test_column_repo_create_update_get__online", "public": true}'
    headers:
      X-API-Key:
      - DUMMY
      accept:
      - '*/*'
      accept-encoding:
      - gzip, deflate
      connection:
      - keep-alive
      content-length:
      - '155'
      content-type:
      - application/json
      host:
      - localhost:8000
      user-agent:
      - cherrydb-client-py
      x-cherry-meta-id:
      - 66fc0b84-2cf2-47bc-84b3-560e32451216
    method: POST
    uri: http://localhost:8000/api/v1/namespaces/
  response:
    content: '{"path":"test_column_repo_create_update_get__online","description":"cherrydb-client-py
      test test_column_repo_create_update_get__online","public":true,"meta":{"notes":"Test
      setup for cherrydb-client-py test test_column_repo_create_update_get__online","uuid":"66fc0b84-2cf2-47bc-84b3-560e32451216","created_at":"2023-02-21T21:41:26.894550+00:00","created_by":"pjrule@me.com"}}'
    headers:
      content-length:
      - '374'
      content-type:
      - application/json
      date:
      - Tue, 21 Feb 2023 21:41:26 GMT
      etag:
      - '"84ba3f75-6a5d-4c89-9119-ca15dd79d29d"'
      server:
      - uvicorn
    http_version: HTTP/1.1
    status_code: 201
- request:
    body: '{"notes": "adding and then updating a column"}'
    headers:
      X-API-Key:
      - DUMMY
      accept:
      - '*/*'
      accept-encoding:
      - gzip, deflate
      connection:
      - keep-alive
      content-length:
      - '46'
      content-type:
      - application/json
      host:
      - localhost:8000
      user-agent:
      - cherrydb-client-py
    method: POST
    uri: http://localhost:8000/api/v1/meta/
  response:
    content: '{"notes":"adding and then updating a column","uuid":"e2bd17a3-5e19-4646-b13c-92737c560dd5","created_at":"2023-02-21T21:41:26.935995+00:00","created_by":"pjrule@me.com"}'
    headers:
      content-length:
      - '168'
      content-type:
      - application/json
      date:
      - Tue, 21 Feb 2023 21:41:26 GMT
      server:
      - uvicorn
    http_version: HTTP/1.1
    status_code: 201
- request:
    body: '{"canonical_path": "total_pop", "namespace": "test_column_repo_create_update_get__online",
      "description": "2020 Census total population", "source_url": "https://www.census.gov/",
      "kind": "count", "type": "int", "aliases": ["totpop", "p001001", "p0001001"]}'
    headers:
      X-API-Key:
      - DUMMY
      accept:
      - '*/*'
      accept-encoding:
      - gzip, deflate
      connection:
      - keep-alive
      content-length:
      - '256'
      content-type:
      - application/json
      host:
      - localhost:8000
      user-agent:
      - cherrydb-client-py
      x-cherry-meta-id:
      - e2bd17a3-5e19-4646-b13c-92737c560dd5
    method: POST
    uri: http://localhost:8000/api/v1/columns/test_column_repo_create_update_get__online
  response:
    content: '{"canonical_path":"total_pop","namespace":"test_column_repo_create_update_get__online","description":"2020
      Census total population","source_url":null,"kind":"count","type":"int","aliases":["totpop","p001001","p0001001"],"meta":{"notes":"adding
      and then updating a column","uuid":"e2bd17a3-5e19-4646-b13c-92737c560dd5","created_at":"2023-02-21T21:41:26.935995+00:00","created_by":"pjrule@me.com"}}'
    headers:
      content-length:
      - '396'
      content-type:
      - application/json
      date:
      - Tue, 21 Feb 2023 21:41:26 GMT
      etag:
      - '"0d667614-da8d-4882-a6d5-2cc101d435f3"'
      server:
      - uvicorn
    http_version: HTTP/1.1
    status_code: 201
- request:
    body: '{"aliases": ["population"]}'
    headers:
      X-API-Key:
      - DUMMY
      accept:
      - '*/*'
      accept-encoding:
      - gzip, deflate
      connection:
      - keep-alive
      content-length:
      - '27'
      content-type:
      - application/json
      host:
      - localhost:8000
      user-agent:
      - cherrydb-client-py
      x-cherry-meta-id:
      - e2bd17a3-5e19-4646-b13c-92737c560dd5
    method: PATCH
    uri: http://localhost:8000/api/v1/columns/test_column_repo_create_update_get__online/total_pop
  response:
    content: '{"canonical_path":"total_pop","namespace":"test_column_repo_create_update_get__online","description":"2020
      Census total population","source_url":null,"kind":"count","type":"int","aliases":["totpop","p001001","p0001001","population"],"meta":{"notes":"adding
      and then updating a column","uuid":"e2bd17a3-5e19-4646-b13c-92737c560dd5","created_at":"2023-02-21T21:41:26.935995+00:00","created_by":"pjrule@me.com"}}'
    headers:
      content-length:
      - '409'
      content-type:
      - application/json
      date:
      - Tue, 21 Feb 2023 21:41:26 GMT
      etag:
      - '"65b3771c-c099-46f6-b6af-2f17a84c360c"'
      server:
      - uvicorn
    http_version: HTTP/1.1
    status_code: 200
- request:
    body: ''
    headers:
      X-API-Key:
      - DUMMY
      accept:
      - '*/*'
      accept-encoding:
      - gzip, deflate
      connection:
      - keep-alive
      host:
      - localhost:8000
      if-none-match:
      - '"65b3771c-c099-46f6-b6af-2f17a84c360c"'
      user-agent:
      - cherrydb-client-py
    method: GET
    uri: http://localhost:8000/api/v1/columns/test_column_repo_create_update_get__online/population
  response:
    content: '{"canonical_path":"total_pop","namespace":"test_column_repo_create_update_get__online","description":"2020
      Census total population","source_url":null,"kind":"count","type":"int","aliases":["totpop","p001001","p0001001","population"],"meta":{"notes":"adding
      and then updating a column","uuid":"e2bd17a3-5e19-4646-b13c-92737c560dd5","created_at":"2023-02-21T21:41:26.935995+00:00","created_by":"pjrule@me.com"}}'
    headers:
      content-length:
      - '409'
      content-type:
      - application/json
      date:
      - Tue, 21 Feb 2023 21:41:26 GMT
      etag:
      - '"65b3771c-c099-46f6-b6af-2f17a84c360c"'
      server:
      - uvicorn
    http_version: HTTP/1.1
    status_code: 200
- request:
    body: '{"notes": "Test setup for cherrydb-client-py test test_column_repo_create_update_get__online"}'
    headers:
      X-API-Key:
      - DUMMY
      accept:
      - '*/*'
      accept-encoding:
      - gzip, deflate
      connection:
      - keep-alive
      content-length:
      - '94'
      content-type:
      - application/json
      host:
      - localhost:8000
      user-agent:
      - cherrydb-client-py
    method: POST
    uri: http://localhost:8000/api/v1/meta/
  response:
    content: '{"notes":"Test setup for cherrydb-client-py test test_column_repo_create_update_get__online","uuid":"fd5b7d52-bbe2-43b2-b893-0e4bfa7a949a","created_at":"2023-02-21T21:56:34.166863+00:00","created_by":"pjrule@me.com"}'
    headers:
      content-length:
      - '216'
      content-type:
      - application/json
      date:
      - Tue, 21 Feb 2023 21:56:33 GMT
      server:
      - uvicorn
    http_version: HTTP/1.1
    status_code: 201
- request:
    body: '{"path": "test_column_repo_create_update_get__online", "description": "cherrydb-client-py
      test test_column_repo_create_update_get__online", "public": true}'
    headers:
      X-API-Key:
      - DUMMY
      accept:
      - '*/*'
      accept-encoding:
      - gzip, deflate
      connection:
      - keep-alive
      content-length:
      - '155'
      content-type:
      - application/json
      host:
      - localhost:8000
      user-agent:
      - cherrydb-client-py
      x-cherry-meta-id:
      - fd5b7d52-bbe2-43b2-b893-0e4bfa7a949a
    method: POST
    uri: http://localhost:8000/api/v1/namespaces/
  response:
    content: '{"path":"test_column_repo_create_update_get__online","description":"cherrydb-client-py
      test test_column_repo_create_update_get__online","public":true,"meta":{"notes":"Test
      setup for cherrydb-client-py test test_column_repo_create_update_get__online","uuid":"fd5b7d52-bbe2-43b2-b893-0e4bfa7a949a","created_at":"2023-02-21T21:56:34.166863+00:00","created_by":"pjrule@me.com"}}'
    headers:
      content-length:
      - '374'
      content-type:
      - application/json
      date:
      - Tue, 21 Feb 2023 21:56:33 GMT
      etag:
      - '"27c383fd-532b-4255-a09f-19e9f59c4c82"'
      server:
      - uvicorn
    http_version: HTTP/1.1
    status_code: 201
- request:
    body: '{"notes": "adding and then updating a column"}'
    headers:
      X-API-Key:
      - DUMMY
      accept:
      - '*/*'
      accept-encoding:
      - gzip, deflate
      connection:
      - keep-alive
      content-length:
      - '46'
      content-type:
      - application/json
      host:
      - localhost:8000
      user-agent:
      - cherrydb-client-py
    method: POST
    uri: http://localhost:8000/api/v1/meta/
  response:
    content: '{"notes":"adding and then updating a column","uuid":"f5048618-e37f-4dc7-bc76-c12dd1906ba8","created_at":"2023-02-21T21:56:34.213146+00:00","created_by":"pjrule@me.com"}'
    headers:
      content-length:
      - '168'
      content-type:
      - application/json
      date:
      - Tue, 21 Feb 2023 21:56:33 GMT
      server:
      - uvicorn
    http_version: HTTP/1.1
    status_code: 201
- request:
    body: '{"canonical_path": "total_pop", "namespace": "test_column_repo_create_update_get__online",
      "description": "2020 Census total population", "source_url": "https://www.census.gov/",
      "kind": "count", "type": "int", "aliases": ["totpop", "p001001", "p0001001"]}'
    headers:
      X-API-Key:
      - DUMMY
      accept:
      - '*/*'
      accept-encoding:
      - gzip, deflate
      connection:
      - keep-alive
      content-length:
      - '256'
      content-type:
      - application/json
      host:
      - localhost:8000
      user-agent:
      - cherrydb-client-py
      x-cherry-meta-id:
      - f5048618-e37f-4dc7-bc76-c12dd1906ba8
    method: POST
    uri: http://localhost:8000/api/v1/columns/test_column_repo_create_update_get__online
  response:
    content: '{"canonical_path":"total_pop","namespace":"test_column_repo_create_update_get__online","description":"2020
      Census total population","source_url":null,"kind":"count","type":"int","aliases":["totpop","p001001","p0001001"],"meta":{"notes":"adding
      and then updating a column","uuid":"f5048618-e37f-4dc7-bc76-c12dd1906ba8","created_at":"2023-02-21T21:56:34.213146+00:00","created_by":"pjrule@me.com"}}'
    headers:
      content-length:
      - '396'
      content-type:
      - application/json
      date:
      - Tue, 21 Feb 2023 21:56:33 GMT
      etag:
      - '"30e2797d-f988-4f55-853a-de10f3a472bb"'
      server:
      - uvicorn
    http_version: HTTP/1.1
    status_code: 201
- request:
    body: '{"aliases": ["population"]}'
    headers:
      X-API-Key:
      - DUMMY
      accept:
      - '*/*'
      accept-encoding:
      - gzip, deflate
      connection:
      - keep-alive
      content-length:
      - '27'
      content-type:
      - application/json
      host:
      - localhost:8000
      user-agent:
      - cherrydb-client-py
      x-cherry-meta-id:
      - f5048618-e37f-4dc7-bc76-c12dd1906ba8
    method: PATCH
    uri: http://localhost:8000/api/v1/columns/test_column_repo_create_update_get__online/total_pop
  response:
    content: '{"canonical_path":"total_pop","namespace":"test_column_repo_create_update_get__online","description":"2020
      Census total population","source_url":null,"kind":"count","type":"int","aliases":["totpop","p001001","p0001001","population"],"meta":{"notes":"adding
      and then updating a column","uuid":"f5048618-e37f-4dc7-bc76-c12dd1906ba8","created_at":"2023-02-21T21:56:34.213146+00:00","created_by":"pjrule@me.com"}}'
    headers:
      content-length:
      - '409'
      content-type:
      - application/json
      date:
      - Tue, 21 Feb 2023 21:56:33 GMT
      etag:
      - '"0c999e28-88e3-4261-a488-82e5322bc3d5"'
      server:
      - uvicorn
    http_version: HTTP/1.1
    status_code: 200
- request:
    body: ''
    headers:
      X-API-Key:
      - DUMMY
      accept:
      - '*/*'
      accept-encoding:
      - gzip, deflate
      connection:
      - keep-alive
      host:
      - localhost:8000
      if-none-match:
      - '"0c999e28-88e3-4261-a488-82e5322bc3d5"'
      user-agent:
      - cherrydb-client-py
    method: GET
    uri: http://localhost:8000/api/v1/columns/test_column_repo_create_update_get__online/population
  response:
    content: '{"canonical_path":"total_pop","namespace":"test_column_repo_create_update_get__online","description":"2020
      Census total population","source_url":null,"kind":"count","type":"int","aliases":["totpop","p001001","p0001001","population"],"meta":{"notes":"adding
      and then updating a column","uuid":"f5048618-e37f-4dc7-bc76-c12dd1906ba8","created_at":"2023-02-21T21:56:34.213146+00:00","created_by":"pjrule@me.com"}}'
    headers:
      content-length:
      - '409'
      content-type:
      - application/json
      date:
      - Tue, 21 Feb 2023 21:56:33 GMT
      etag:
      - '"0c999e28-88e3-4261-a488-82e5322bc3d5"'
      server:
      - uvicorn
    http_version: HTTP/1.1
    status_code: 200
- request:
    body: '{"notes": "Test setup for cherrydb-client-py test test_column_repo_create_update_get__online"}'
    headers:
      X-API-Key:
      - DUMMY
      accept:
      - '*/*'
      accept-encoding:
      - gzip, deflate
      connection:
      - keep-alive
      content-length:
      - '94'
      content-type:
      - application/json
      host:
      - localhost:8000
      user-agent:
      - cherrydb-client-py
    method: POST
    uri: http://localhost:8000/api/v1/meta/
  response:
    content: '{"notes":"Test setup for cherrydb-client-py test test_column_repo_create_update_get__online","uuid":"369f015d-0c6a-4588-83e8-2b4904749c04","created_at":"2023-02-21T21:57:02.802395+00:00","created_by":"pjrule@me.com"}'
    headers:
      content-length:
      - '216'
      content-type:
      - application/json
      date:
      - Tue, 21 Feb 2023 21:57:02 GMT
      server:
      - uvicorn
    http_version: HTTP/1.1
    status_code: 201
- request:
    body: '{"path": "test_column_repo_create_update_get__online", "description": "cherrydb-client-py
      test test_column_repo_create_update_get__online", "public": true}'
    headers:
      X-API-Key:
      - DUMMY
      accept:
      - '*/*'
      accept-encoding:
      - gzip, deflate
      connection:
      - keep-alive
      content-length:
      - '155'
      content-type:
      - application/json
      host:
      - localhost:8000
      user-agent:
      - cherrydb-client-py
      x-cherry-meta-id:
      - 369f015d-0c6a-4588-83e8-2b4904749c04
    method: POST
    uri: http://localhost:8000/api/v1/namespaces/
  response:
    content: '{"path":"test_column_repo_create_update_get__online","description":"cherrydb-client-py
      test test_column_repo_create_update_get__online","public":true,"meta":{"notes":"Test
      setup for cherrydb-client-py test test_column_repo_create_update_get__online","uuid":"369f015d-0c6a-4588-83e8-2b4904749c04","created_at":"2023-02-21T21:57:02.802395+00:00","created_by":"pjrule@me.com"}}'
    headers:
      content-length:
      - '374'
      content-type:
      - application/json
      date:
      - Tue, 21 Feb 2023 21:57:02 GMT
      etag:
      - '"761303dd-6440-44c3-b754-dda777dfc640"'
      server:
      - uvicorn
    http_version: HTTP/1.1
    status_code: 201
- request:
    body: '{"notes": "adding and then updating a column"}'
    headers:
      X-API-Key:
      - DUMMY
      accept:
      - '*/*'
      accept-encoding:
      - gzip, deflate
      connection:
      - keep-alive
      content-length:
      - '46'
      content-type:
      - application/json
      host:
      - localhost:8000
      user-agent:
      - cherrydb-client-py
    method: POST
    uri: http://localhost:8000/api/v1/meta/
  response:
    content: '{"notes":"adding and then updating a column","uuid":"0dc5a09d-a9fe-46ad-ac22-25fd25fde0c0","created_at":"2023-02-21T21:57:02.850176+00:00","created_by":"pjrule@me.com"}'
    headers:
      content-length:
      - '168'
      content-type:
      - application/json
      date:
      - Tue, 21 Feb 2023 21:57:02 GMT
      server:
      - uvicorn
    http_version: HTTP/1.1
    status_code: 201
- request:
    body: '{"canonical_path": "total_pop", "namespace": "test_column_repo_create_update_get__online",
      "description": "2020 Census total population", "source_url": "https://www.census.gov/",
      "kind": "count", "type": "int", "aliases": ["totpop", "p001001", "p0001001"]}'
    headers:
      X-API-Key:
      - DUMMY
      accept:
      - '*/*'
      accept-encoding:
      - gzip, deflate
      connection:
      - keep-alive
      content-length:
      - '256'
      content-type:
      - application/json
      host:
      - localhost:8000
      user-agent:
      - cherrydb-client-py
      x-cherry-meta-id:
      - 0dc5a09d-a9fe-46ad-ac22-25fd25fde0c0
    method: POST
    uri: http://localhost:8000/api/v1/columns/test_column_repo_create_update_get__online
  response:
    content: '{"canonical_path":"total_pop","namespace":"test_column_repo_create_update_get__online","description":"2020
      Census total population","source_url":null,"kind":"count","type":"int","aliases":["totpop","p001001","p0001001"],"meta":{"notes":"adding
      and then updating a column","uuid":"0dc5a09d-a9fe-46ad-ac22-25fd25fde0c0","created_at":"2023-02-21T21:57:02.850176+00:00","created_by":"pjrule@me.com"}}'
    headers:
      content-length:
      - '396'
      content-type:
      - application/json
      date:
      - Tue, 21 Feb 2023 21:57:02 GMT
      etag:
      - '"afd23629-ade7-44ac-9a66-d7872ea40a13"'
      server:
      - uvicorn
    http_version: HTTP/1.1
    status_code: 201
- request:
    body: '{"aliases": ["population"]}'
    headers:
      X-API-Key:
      - DUMMY
      accept:
      - '*/*'
      accept-encoding:
      - gzip, deflate
      connection:
      - keep-alive
      content-length:
      - '27'
      content-type:
      - application/json
      host:
      - localhost:8000
      user-agent:
      - cherrydb-client-py
      x-cherry-meta-id:
      - 0dc5a09d-a9fe-46ad-ac22-25fd25fde0c0
    method: PATCH
    uri: http://localhost:8000/api/v1/columns/test_column_repo_create_update_get__online/total_pop
  response:
    content: '{"canonical_path":"total_pop","namespace":"test_column_repo_create_update_get__online","description":"2020
      Census total population","source_url":null,"kind":"count","type":"int","aliases":["totpop","p001001","p0001001","population"],"meta":{"notes":"adding
      and then updating a column","uuid":"0dc5a09d-a9fe-46ad-ac22-25fd25fde0c0","created_at":"2023-02-21T21:57:02.850176+00:00","created_by":"pjrule@me.com"}}'
    headers:
      content-length:
      - '409'
      content-type:
      - application/json
      date:
      - Tue, 21 Feb 2023 21:57:02 GMT
      etag:
      - '"af1c4872-7312-4b70-84ec-98c5b62e5845"'
      server:
      - uvicorn
    http_version: HTTP/1.1
    status_code: 200
- request:
    body: ''
    headers:
      X-API-Key:
      - DUMMY
      accept:
      - '*/*'
      accept-encoding:
      - gzip, deflate
      connection:
      - keep-alive
      host:
      - localhost:8000
      if-none-match:
      - '"af1c4872-7312-4b70-84ec-98c5b62e5845"'
      user-agent:
      - cherrydb-client-py
    method: GET
    uri: http://localhost:8000/api/v1/columns/test_column_repo_create_update_get__online/population
  response:
    content: '{"canonical_path":"total_pop","namespace":"test_column_repo_create_update_get__online","description":"2020
      Census total population","source_url":null,"kind":"count","type":"int","aliases":["totpop","p001001","p0001001","population"],"meta":{"notes":"adding
      and then updating a column","uuid":"0dc5a09d-a9fe-46ad-ac22-25fd25fde0c0","created_at":"2023-02-21T21:57:02.850176+00:00","created_by":"pjrule@me.com"}}'
    headers:
      content-length:
      - '409'
      content-type:
      - application/json
      date:
      - Tue, 21 Feb 2023 21:57:02 GMT
      etag:
      - '"af1c4872-7312-4b70-84ec-98c5b62e5845"'
      server:
      - uvicorn
    http_version: HTTP/1.1
    status_code: 200
- request:
    body: '{"notes": "Test setup for cherrydb-client-py test test_column_repo_create_update_get__online"}'
    headers:
      X-API-Key:
      - DUMMY
      accept:
      - '*/*'
      accept-encoding:
      - gzip, deflate
      connection:
      - keep-alive
      content-length:
      - '94'
      content-type:
      - application/json
      host:
      - localhost:8000
      user-agent:
      - cherrydb-client-py
    method: POST
    uri: http://localhost:8000/api/v1/meta/
  response:
    content: '{"notes":"Test setup for cherrydb-client-py test test_column_repo_create_update_get__online","uuid":"f72baa00-d08f-4610-96af-552cba3b8042","created_at":"2023-02-21T21:58:05.743366+00:00","created_by":"pjrule@me.com"}'
    headers:
      content-length:
      - '216'
      content-type:
      - application/json
      date:
      - Tue, 21 Feb 2023 21:58:05 GMT
      server:
      - uvicorn
    http_version: HTTP/1.1
    status_code: 201
- request:
    body: '{"path": "test_column_repo_create_update_get__online", "description": "cherrydb-client-py
      test test_column_repo_create_update_get__online", "public": true}'
    headers:
      X-API-Key:
      - DUMMY
      accept:
      - '*/*'
      accept-encoding:
      - gzip, deflate
      connection:
      - keep-alive
      content-length:
      - '155'
      content-type:
      - application/json
      host:
      - localhost:8000
      user-agent:
      - cherrydb-client-py
      x-cherry-meta-id:
      - f72baa00-d08f-4610-96af-552cba3b8042
    method: POST
    uri: http://localhost:8000/api/v1/namespaces/
  response:
    content: '{"path":"test_column_repo_create_update_get__online","description":"cherrydb-client-py
      test test_column_repo_create_update_get__online","public":true,"meta":{"notes":"Test
      setup for cherrydb-client-py test test_column_repo_create_update_get__online","uuid":"f72baa00-d08f-4610-96af-552cba3b8042","created_at":"2023-02-21T21:58:05.743366+00:00","created_by":"pjrule@me.com"}}'
    headers:
      content-length:
      - '374'
      content-type:
      - application/json
      date:
      - Tue, 21 Feb 2023 21:58:05 GMT
      etag:
      - '"9b23b7a4-9683-411d-b657-7010d49d66a2"'
      server:
      - uvicorn
    http_version: HTTP/1.1
    status_code: 201
- request:
    body: '{"notes": "adding and then updating a column"}'
    headers:
      X-API-Key:
      - DUMMY
      accept:
      - '*/*'
      accept-encoding:
      - gzip, deflate
      connection:
      - keep-alive
      content-length:
      - '46'
      content-type:
      - application/json
      host:
      - localhost:8000
      user-agent:
      - cherrydb-client-py
    method: POST
    uri: http://localhost:8000/api/v1/meta/
  response:
    content: '{"notes":"adding and then updating a column","uuid":"b8d4174a-cd71-4dd8-8526-159c7195a579","created_at":"2023-02-21T21:58:05.784380+00:00","created_by":"pjrule@me.com"}'
    headers:
      content-length:
      - '168'
      content-type:
      - application/json
      date:
      - Tue, 21 Feb 2023 21:58:05 GMT
      server:
      - uvicorn
    http_version: HTTP/1.1
    status_code: 201
- request:
    body: '{"canonical_path": "total_pop", "namespace": "test_column_repo_create_update_get__online",
      "description": "2020 Census total population", "source_url": "https://www.census.gov/",
      "kind": "count", "type": "int", "aliases": ["totpop", "p001001", "p0001001"]}'
    headers:
      X-API-Key:
      - DUMMY
      accept:
      - '*/*'
      accept-encoding:
      - gzip, deflate
      connection:
      - keep-alive
      content-length:
      - '256'
      content-type:
      - application/json
      host:
      - localhost:8000
      user-agent:
      - cherrydb-client-py
      x-cherry-meta-id:
      - b8d4174a-cd71-4dd8-8526-159c7195a579
    method: POST
    uri: http://localhost:8000/api/v1/columns/test_column_repo_create_update_get__online
  response:
    content: '{"canonical_path":"total_pop","namespace":"test_column_repo_create_update_get__online","description":"2020
      Census total population","source_url":null,"kind":"count","type":"int","aliases":["totpop","p001001","p0001001"],"meta":{"notes":"adding
      and then updating a column","uuid":"b8d4174a-cd71-4dd8-8526-159c7195a579","created_at":"2023-02-21T21:58:05.784380+00:00","created_by":"pjrule@me.com"}}'
    headers:
      content-length:
      - '396'
      content-type:
      - application/json
      date:
      - Tue, 21 Feb 2023 21:58:05 GMT
      etag:
      - '"3474d1e7-b772-4640-b159-536483ad43b8"'
      server:
      - uvicorn
    http_version: HTTP/1.1
    status_code: 201
- request:
    body: '{"aliases": ["population"]}'
    headers:
      X-API-Key:
      - DUMMY
      accept:
      - '*/*'
      accept-encoding:
      - gzip, deflate
      connection:
      - keep-alive
      content-length:
      - '27'
      content-type:
      - application/json
      host:
      - localhost:8000
      user-agent:
      - cherrydb-client-py
      x-cherry-meta-id:
      - b8d4174a-cd71-4dd8-8526-159c7195a579
    method: PATCH
    uri: http://localhost:8000/api/v1/columns/test_column_repo_create_update_get__online/total_pop
  response:
    content: '{"canonical_path":"total_pop","namespace":"test_column_repo_create_update_get__online","description":"2020
      Census total population","source_url":null,"kind":"count","type":"int","aliases":["totpop","p001001","p0001001","population"],"meta":{"notes":"adding
      and then updating a column","uuid":"b8d4174a-cd71-4dd8-8526-159c7195a579","created_at":"2023-02-21T21:58:05.784380+00:00","created_by":"pjrule@me.com"}}'
    headers:
      content-length:
      - '409'
      content-type:
      - application/json
      date:
      - Tue, 21 Feb 2023 21:58:05 GMT
      etag:
      - '"377b6d6e-1a6f-4c0f-b8ca-0fdc85cd6095"'
      server:
      - uvicorn
    http_version: HTTP/1.1
    status_code: 200
- request:
    body: ''
    headers:
      X-API-Key:
      - DUMMY
      accept:
      - '*/*'
      accept-encoding:
      - gzip, deflate
      connection:
      - keep-alive
      host:
      - localhost:8000
      if-none-match:
      - '"377b6d6e-1a6f-4c0f-b8ca-0fdc85cd6095"'
      user-agent:
      - cherrydb-client-py
    method: GET
    uri: http://localhost:8000/api/v1/columns/test_column_repo_create_update_get__online/population
  response:
    content: '{"canonical_path":"total_pop","namespace":"test_column_repo_create_update_get__online","description":"2020
      Census total population","source_url":null,"kind":"count","type":"int","aliases":["totpop","p001001","p0001001","population"],"meta":{"notes":"adding
      and then updating a column","uuid":"b8d4174a-cd71-4dd8-8526-159c7195a579","created_at":"2023-02-21T21:58:05.784380+00:00","created_by":"pjrule@me.com"}}'
    headers:
      content-length:
      - '409'
      content-type:
      - application/json
      date:
      - Tue, 21 Feb 2023 21:58:05 GMT
      etag:
      - '"377b6d6e-1a6f-4c0f-b8ca-0fdc85cd6095"'
      server:
      - uvicorn
    http_version: HTTP/1.1
    status_code: 200
- request:
    body: '{"notes": "Test setup for cherrydb-client-py test test_column_repo_create_update_get__online"}'
    headers:
      X-API-Key:
      - DUMMY
      accept:
      - '*/*'
      accept-encoding:
      - gzip, deflate
      connection:
      - keep-alive
      content-length:
      - '94'
      content-type:
      - application/json
      host:
      - localhost:8000
      user-agent:
      - cherrydb-client-py
    method: POST
    uri: http://localhost:8000/api/v1/meta/
  response:
    content: '{"notes":"Test setup for cherrydb-client-py test test_column_repo_create_update_get__online","uuid":"b80915e3-fa23-439e-8d9b-90b41c0667dd","created_at":"2023-02-21T21:58:33.993697+00:00","created_by":"pjrule@me.com"}'
    headers:
      content-length:
      - '216'
      content-type:
      - application/json
      date:
      - Tue, 21 Feb 2023 21:58:33 GMT
      server:
      - uvicorn
    http_version: HTTP/1.1
    status_code: 201
- request:
    body: '{"path": "test_column_repo_create_update_get__online", "description": "cherrydb-client-py
      test test_column_repo_create_update_get__online", "public": true}'
    headers:
      X-API-Key:
      - DUMMY
      accept:
      - '*/*'
      accept-encoding:
      - gzip, deflate
      connection:
      - keep-alive
      content-length:
      - '155'
      content-type:
      - application/json
      host:
      - localhost:8000
      user-agent:
      - cherrydb-client-py
      x-cherry-meta-id:
      - b80915e3-fa23-439e-8d9b-90b41c0667dd
    method: POST
    uri: http://localhost:8000/api/v1/namespaces/
  response:
    content: '{"path":"test_column_repo_create_update_get__online","description":"cherrydb-client-py
      test test_column_repo_create_update_get__online","public":true,"meta":{"notes":"Test
      setup for cherrydb-client-py test test_column_repo_create_update_get__online","uuid":"b80915e3-fa23-439e-8d9b-90b41c0667dd","created_at":"2023-02-21T21:58:33.993697+00:00","created_by":"pjrule@me.com"}}'
    headers:
      content-length:
      - '374'
      content-type:
      - application/json
      date:
      - Tue, 21 Feb 2023 21:58:33 GMT
      etag:
      - '"c7f1e9b5-44e1-406e-83f9-28d725f0487e"'
      server:
      - uvicorn
    http_version: HTTP/1.1
    status_code: 201
- request:
    body: '{"notes": "adding and then updating a column"}'
    headers:
      X-API-Key:
      - DUMMY
      accept:
      - '*/*'
      accept-encoding:
      - gzip, deflate
      connection:
      - keep-alive
      content-length:
      - '46'
      content-type:
      - application/json
      host:
      - localhost:8000
      user-agent:
      - cherrydb-client-py
    method: POST
    uri: http://localhost:8000/api/v1/meta/
  response:
    content: '{"notes":"adding and then updating a column","uuid":"6c9434cd-a593-4c85-bfa1-cd01ff50c2f7","created_at":"2023-02-21T21:58:34.033533+00:00","created_by":"pjrule@me.com"}'
    headers:
      content-length:
      - '168'
      content-type:
      - application/json
      date:
      - Tue, 21 Feb 2023 21:58:33 GMT
      server:
      - uvicorn
    http_version: HTTP/1.1
    status_code: 201
- request:
    body: '{"canonical_path": "total_pop", "namespace": "test_column_repo_create_update_get__online",
      "description": "2020 Census total population", "source_url": "https://www.census.gov/",
      "kind": "count", "type": "int", "aliases": ["totpop", "p001001", "p0001001"]}'
    headers:
      X-API-Key:
      - DUMMY
      accept:
      - '*/*'
      accept-encoding:
      - gzip, deflate
      connection:
      - keep-alive
      content-length:
      - '256'
      content-type:
      - application/json
      host:
      - localhost:8000
      user-agent:
      - cherrydb-client-py
      x-cherry-meta-id:
      - 6c9434cd-a593-4c85-bfa1-cd01ff50c2f7
    method: POST
    uri: http://localhost:8000/api/v1/columns/test_column_repo_create_update_get__online
  response:
    content: '{"canonical_path":"total_pop","namespace":"test_column_repo_create_update_get__online","description":"2020
      Census total population","source_url":null,"kind":"count","type":"int","aliases":["totpop","p001001","p0001001"],"meta":{"notes":"adding
      and then updating a column","uuid":"6c9434cd-a593-4c85-bfa1-cd01ff50c2f7","created_at":"2023-02-21T21:58:34.033533+00:00","created_by":"pjrule@me.com"}}'
    headers:
      content-length:
      - '396'
      content-type:
      - application/json
      date:
      - Tue, 21 Feb 2023 21:58:33 GMT
      etag:
      - '"03113502-2202-4d8f-9412-ccbee2107a9d"'
      server:
      - uvicorn
    http_version: HTTP/1.1
    status_code: 201
- request:
    body: '{"aliases": ["population"]}'
    headers:
      X-API-Key:
      - DUMMY
      accept:
      - '*/*'
      accept-encoding:
      - gzip, deflate
      connection:
      - keep-alive
      content-length:
      - '27'
      content-type:
      - application/json
      host:
      - localhost:8000
      user-agent:
      - cherrydb-client-py
      x-cherry-meta-id:
      - 6c9434cd-a593-4c85-bfa1-cd01ff50c2f7
    method: PATCH
    uri: http://localhost:8000/api/v1/columns/test_column_repo_create_update_get__online/total_pop
  response:
    content: '{"canonical_path":"total_pop","namespace":"test_column_repo_create_update_get__online","description":"2020
      Census total population","source_url":null,"kind":"count","type":"int","aliases":["totpop","p001001","p0001001","population"],"meta":{"notes":"adding
      and then updating a column","uuid":"6c9434cd-a593-4c85-bfa1-cd01ff50c2f7","created_at":"2023-02-21T21:58:34.033533+00:00","created_by":"pjrule@me.com"}}'
    headers:
      content-length:
      - '409'
      content-type:
      - application/json
      date:
      - Tue, 21 Feb 2023 21:58:33 GMT
      etag:
      - '"9546bae7-bca3-4df8-9d4b-fca916dfb476"'
      server:
      - uvicorn
    http_version: HTTP/1.1
    status_code: 200
- request:
    body: ''
    headers:
      X-API-Key:
      - DUMMY
      accept:
      - '*/*'
      accept-encoding:
      - gzip, deflate
      connection:
      - keep-alive
      host:
      - localhost:8000
      if-none-match:
      - '"9546bae7-bca3-4df8-9d4b-fca916dfb476"'
      user-agent:
      - cherrydb-client-py
    method: GET
    uri: http://localhost:8000/api/v1/columns/test_column_repo_create_update_get__online/population
  response:
    content: '{"canonical_path":"total_pop","namespace":"test_column_repo_create_update_get__online","description":"2020
      Census total population","source_url":null,"kind":"count","type":"int","aliases":["totpop","p001001","p0001001","population"],"meta":{"notes":"adding
      and then updating a column","uuid":"6c9434cd-a593-4c85-bfa1-cd01ff50c2f7","created_at":"2023-02-21T21:58:34.033533+00:00","created_by":"pjrule@me.com"}}'
    headers:
      content-length:
      - '409'
      content-type:
      - application/json
      date:
      - Tue, 21 Feb 2023 21:58:33 GMT
      etag:
      - '"9546bae7-bca3-4df8-9d4b-fca916dfb476"'
      server:
      - uvicorn
    http_version: HTTP/1.1
    status_code: 200
- request:
    body: '{"notes": "Test setup for cherrydb-client-py test test_column_repo_create_update_get__online"}'
    headers:
      X-API-Key:
      - DUMMY
      accept:
      - '*/*'
      accept-encoding:
      - gzip, deflate
      connection:
      - keep-alive
      content-length:
      - '94'
      content-type:
      - application/json
      host:
      - localhost:8000
      user-agent:
      - cherrydb-client-py
    method: POST
    uri: http://localhost:8000/api/v1/meta/
  response:
    content: '{"notes":"Test setup for cherrydb-client-py test test_column_repo_create_update_get__online","uuid":"552a5383-b32b-4a44-bcaa-7a153c4734b2","created_at":"2023-03-01T18:59:16.962968+00:00","created_by":"pjrule@me.com"}'
    headers:
      content-length:
      - '216'
      content-type:
      - application/json
      date:
      - Wed, 01 Mar 2023 18:59:16 GMT
      server:
      - uvicorn
    http_version: HTTP/1.1
    status_code: 201
- request:
    body: '{"path": "test_column_repo_create_update_get__online", "description": "cherrydb-client-py
      test test_column_repo_create_update_get__online", "public": true}'
    headers:
      X-API-Key:
      - DUMMY
      accept:
      - '*/*'
      accept-encoding:
      - gzip, deflate
      connection:
      - keep-alive
      content-length:
      - '155'
      content-type:
      - application/json
      host:
      - localhost:8000
      user-agent:
      - cherrydb-client-py
      x-cherry-meta-id:
      - 552a5383-b32b-4a44-bcaa-7a153c4734b2
    method: POST
    uri: http://localhost:8000/api/v1/namespaces/
  response:
    content: '{"path":"test_column_repo_create_update_get__online","description":"cherrydb-client-py
      test test_column_repo_create_update_get__online","public":true,"meta":{"notes":"Test
      setup for cherrydb-client-py test test_column_repo_create_update_get__online","uuid":"552a5383-b32b-4a44-bcaa-7a153c4734b2","created_at":"2023-03-01T18:59:16.962968+00:00","created_by":"pjrule@me.com"}}'
    headers:
      content-length:
      - '374'
      content-type:
      - application/json
      date:
      - Wed, 01 Mar 2023 18:59:16 GMT
      etag:
      - '"f1b8e250-d19e-4d99-b230-680823443cb5"'
      server:
      - uvicorn
    http_version: HTTP/1.1
    status_code: 201
- request:
    body: '{"notes": "adding and then updating a column"}'
    headers:
      X-API-Key:
      - DUMMY
      accept:
      - '*/*'
      accept-encoding:
      - gzip, deflate
      connection:
      - keep-alive
      content-length:
      - '46'
      content-type:
      - application/json
      host:
      - localhost:8000
      user-agent:
      - cherrydb-client-py
    method: POST
    uri: http://localhost:8000/api/v1/meta/
  response:
    content: '{"notes":"adding and then updating a column","uuid":"f8322784-f354-4870-8409-0cf903bbdcbf","created_at":"2023-03-01T18:59:17.241353+00:00","created_by":"pjrule@me.com"}'
    headers:
      content-length:
      - '168'
      content-type:
      - application/json
      date:
      - Wed, 01 Mar 2023 18:59:16 GMT
      server:
      - uvicorn
    http_version: HTTP/1.1
    status_code: 201
- request:
    body: '{"canonical_path": "total_pop", "namespace": "test_column_repo_create_update_get__online",
      "description": "2020 Census total population", "source_url": "https://www.census.gov/",
      "kind": "count", "type": "int", "aliases": ["totpop", "p001001", "p0001001"]}'
    headers:
      X-API-Key:
      - DUMMY
      accept:
      - '*/*'
      accept-encoding:
      - gzip, deflate
      connection:
      - keep-alive
      content-length:
      - '256'
      content-type:
      - application/json
      host:
      - localhost:8000
      user-agent:
      - cherrydb-client-py
      x-cherry-meta-id:
      - f8322784-f354-4870-8409-0cf903bbdcbf
    method: POST
    uri: http://localhost:8000/api/v1/columns/test_column_repo_create_update_get__online
  response:
    content: '{"canonical_path":"total_pop","namespace":"test_column_repo_create_update_get__online","description":"2020
      Census total population","source_url":null,"kind":"count","type":"int","aliases":["totpop","p001001","p0001001"],"meta":{"notes":"adding
      and then updating a column","uuid":"f8322784-f354-4870-8409-0cf903bbdcbf","created_at":"2023-03-01T18:59:17.241353+00:00","created_by":"pjrule@me.com"}}'
    headers:
      content-length:
      - '396'
      content-type:
      - application/json
      date:
      - Wed, 01 Mar 2023 18:59:16 GMT
      etag:
      - '"6b8c194f-6b46-4ad6-9802-59bd28025c52"'
      server:
      - uvicorn
    http_version: HTTP/1.1
    status_code: 201
- request:
    body: '{"aliases": ["population"]}'
    headers:
      X-API-Key:
      - DUMMY
      accept:
      - '*/*'
      accept-encoding:
      - gzip, deflate
      connection:
      - keep-alive
      content-length:
      - '27'
      content-type:
      - application/json
      host:
      - localhost:8000
      user-agent:
      - cherrydb-client-py
      x-cherry-meta-id:
      - f8322784-f354-4870-8409-0cf903bbdcbf
    method: PATCH
    uri: http://localhost:8000/api/v1/columns/test_column_repo_create_update_get__online/total_pop
  response:
    content: '{"canonical_path":"total_pop","namespace":"test_column_repo_create_update_get__online","description":"2020
      Census total population","source_url":null,"kind":"count","type":"int","aliases":["totpop","p001001","p0001001","population"],"meta":{"notes":"adding
      and then updating a column","uuid":"f8322784-f354-4870-8409-0cf903bbdcbf","created_at":"2023-03-01T18:59:17.241353+00:00","created_by":"pjrule@me.com"}}'
    headers:
      content-length:
      - '409'
      content-type:
      - application/json
      date:
      - Wed, 01 Mar 2023 18:59:17 GMT
      etag:
      - '"064e0e6d-9e3f-4746-93f4-a3b8728767ac"'
      server:
      - uvicorn
    http_version: HTTP/1.1
    status_code: 200
- request:
    body: '{"notes": "Test setup for cherrydb-client-py test test_column_repo_create_update_get__online"}'
    headers:
      X-API-Key:
      - DUMMY
      accept:
      - '*/*'
      accept-encoding:
      - gzip, deflate
      connection:
      - keep-alive
      content-length:
      - '94'
      content-type:
      - application/json
      host:
      - localhost:8000
      user-agent:
      - cherrydb-client-py
    method: POST
    uri: http://localhost:8000/api/v1/meta/
  response:
    content: '{"notes":"Test setup for cherrydb-client-py test test_column_repo_create_update_get__online","uuid":"882e359b-c7c6-4ac9-97f6-e869cabdbbee","created_at":"2023-03-01T19:01:26.567246+00:00","created_by":"pjrule@me.com"}'
    headers:
      content-length:
      - '216'
      content-type:
      - application/json
      date:
      - Wed, 01 Mar 2023 19:01:25 GMT
      server:
      - uvicorn
    http_version: HTTP/1.1
    status_code: 201
- request:
    body: '{"path": "test_column_repo_create_update_get__online", "description": "cherrydb-client-py
      test test_column_repo_create_update_get__online", "public": true}'
    headers:
      X-API-Key:
      - DUMMY
      accept:
      - '*/*'
      accept-encoding:
      - gzip, deflate
      connection:
      - keep-alive
      content-length:
      - '155'
      content-type:
      - application/json
      host:
      - localhost:8000
      user-agent:
      - cherrydb-client-py
      x-cherry-meta-id:
      - 882e359b-c7c6-4ac9-97f6-e869cabdbbee
    method: POST
    uri: http://localhost:8000/api/v1/namespaces/
  response:
    content: '{"path":"test_column_repo_create_update_get__online","description":"cherrydb-client-py
      test test_column_repo_create_update_get__online","public":true,"meta":{"notes":"Test
      setup for cherrydb-client-py test test_column_repo_create_update_get__online","uuid":"882e359b-c7c6-4ac9-97f6-e869cabdbbee","created_at":"2023-03-01T19:01:26.567246+00:00","created_by":"pjrule@me.com"}}'
    headers:
      content-length:
      - '374'
      content-type:
      - application/json
      date:
      - Wed, 01 Mar 2023 19:01:25 GMT
      etag:
      - '"4387e208-f222-4133-b49f-b7c6def47765"'
      server:
      - uvicorn
    http_version: HTTP/1.1
    status_code: 201
- request:
    body: '{"notes": "adding and then updating a column"}'
    headers:
      X-API-Key:
      - DUMMY
      accept:
      - '*/*'
      accept-encoding:
      - gzip, deflate
      connection:
      - keep-alive
      content-length:
      - '46'
      content-type:
      - application/json
      host:
      - localhost:8000
      user-agent:
      - cherrydb-client-py
    method: POST
    uri: http://localhost:8000/api/v1/meta/
  response:
    content: '{"notes":"adding and then updating a column","uuid":"fcf27854-c58c-443d-b662-0ae6fd7a2e4a","created_at":"2023-03-01T19:01:26.831941+00:00","created_by":"pjrule@me.com"}'
    headers:
      content-length:
      - '168'
      content-type:
      - application/json
      date:
      - Wed, 01 Mar 2023 19:01:25 GMT
      server:
      - uvicorn
    http_version: HTTP/1.1
    status_code: 201
- request:
    body: '{"canonical_path": "total_pop", "namespace": "test_column_repo_create_update_get__online",
      "description": "2020 Census total population", "source_url": "https://www.census.gov/",
      "kind": "count", "type": "int", "aliases": ["totpop", "p001001", "p0001001"]}'
    headers:
      X-API-Key:
      - DUMMY
      accept:
      - '*/*'
      accept-encoding:
      - gzip, deflate
      connection:
      - keep-alive
      content-length:
      - '256'
      content-type:
      - application/json
      host:
      - localhost:8000
      user-agent:
      - cherrydb-client-py
      x-cherry-meta-id:
      - fcf27854-c58c-443d-b662-0ae6fd7a2e4a
    method: POST
    uri: http://localhost:8000/api/v1/columns/test_column_repo_create_update_get__online
  response:
    content: '{"canonical_path":"total_pop","namespace":"test_column_repo_create_update_get__online","description":"2020
      Census total population","source_url":null,"kind":"count","type":"int","aliases":["totpop","p001001","p0001001"],"meta":{"notes":"adding
      and then updating a column","uuid":"fcf27854-c58c-443d-b662-0ae6fd7a2e4a","created_at":"2023-03-01T19:01:26.831941+00:00","created_by":"pjrule@me.com"}}'
    headers:
      content-length:
      - '396'
      content-type:
      - application/json
      date:
      - Wed, 01 Mar 2023 19:01:25 GMT
      etag:
      - '"97c6914e-2342-4e3d-8292-30b80ffcd52c"'
      server:
      - uvicorn
    http_version: HTTP/1.1
    status_code: 201
- request:
    body: '{"aliases": ["population"]}'
    headers:
      X-API-Key:
      - DUMMY
      accept:
      - '*/*'
      accept-encoding:
      - gzip, deflate
      connection:
      - keep-alive
      content-length:
      - '27'
      content-type:
      - application/json
      host:
      - localhost:8000
      user-agent:
      - cherrydb-client-py
      x-cherry-meta-id:
      - fcf27854-c58c-443d-b662-0ae6fd7a2e4a
    method: PATCH
    uri: http://localhost:8000/api/v1/columns/test_column_repo_create_update_get__online/total_pop
  response:
    content: '{"canonical_path":"total_pop","namespace":"test_column_repo_create_update_get__online","description":"2020
      Census total population","source_url":null,"kind":"count","type":"int","aliases":["totpop","p001001","p0001001","population"],"meta":{"notes":"adding
      and then updating a column","uuid":"fcf27854-c58c-443d-b662-0ae6fd7a2e4a","created_at":"2023-03-01T19:01:26.831941+00:00","created_by":"pjrule@me.com"}}'
    headers:
      content-length:
      - '409'
      content-type:
      - application/json
      date:
      - Wed, 01 Mar 2023 19:01:26 GMT
      etag:
      - '"07f23f86-8ab1-44f0-8c40-905a311780a3"'
      server:
      - uvicorn
    http_version: HTTP/1.1
    status_code: 200
- request:
    body: '{"notes": "Test setup for cherrydb-client-py test test_column_repo_create_update_get__online"}'
    headers:
      X-API-Key:
      - DUMMY
      accept:
      - '*/*'
      accept-encoding:
      - gzip, deflate
      connection:
      - keep-alive
      content-length:
      - '94'
      content-type:
      - application/json
      host:
      - localhost:8000
      user-agent:
      - cherrydb-client-py
    method: POST
    uri: http://localhost:8000/api/v1/meta/
  response:
    content: '{"notes":"Test setup for cherrydb-client-py test test_column_repo_create_update_get__online","uuid":"01a099b6-806f-438d-bfc2-933957a4c58a","created_at":"2023-03-01T19:04:08.388040+00:00","created_by":"pjrule@me.com"}'
    headers:
      content-length:
      - '216'
      content-type:
      - application/json
      date:
      - Wed, 01 Mar 2023 19:04:07 GMT
      server:
      - uvicorn
    http_version: HTTP/1.1
    status_code: 201
- request:
    body: '{"path": "test_column_repo_create_update_get__online", "description": "cherrydb-client-py
      test test_column_repo_create_update_get__online", "public": true}'
    headers:
      X-API-Key:
      - DUMMY
      accept:
      - '*/*'
      accept-encoding:
      - gzip, deflate
      connection:
      - keep-alive
      content-length:
      - '155'
      content-type:
      - application/json
      host:
      - localhost:8000
      user-agent:
      - cherrydb-client-py
      x-cherry-meta-id:
      - 01a099b6-806f-438d-bfc2-933957a4c58a
    method: POST
    uri: http://localhost:8000/api/v1/namespaces/
  response:
    content: '{"path":"test_column_repo_create_update_get__online","description":"cherrydb-client-py
      test test_column_repo_create_update_get__online","public":true,"meta":{"notes":"Test
      setup for cherrydb-client-py test test_column_repo_create_update_get__online","uuid":"01a099b6-806f-438d-bfc2-933957a4c58a","created_at":"2023-03-01T19:04:08.388040+00:00","created_by":"pjrule@me.com"}}'
    headers:
      content-length:
      - '374'
      content-type:
      - application/json
      date:
      - Wed, 01 Mar 2023 19:04:08 GMT
      etag:
      - '"f44ba2f9-e791-44b7-ba02-c45ec4c990f4"'
      server:
      - uvicorn
    http_version: HTTP/1.1
    status_code: 201
- request:
    body: '{"notes": "adding and then updating a column"}'
    headers:
      X-API-Key:
      - DUMMY
      accept:
      - '*/*'
      accept-encoding:
      - gzip, deflate
      connection:
      - keep-alive
      content-length:
      - '46'
      content-type:
      - application/json
      host:
      - localhost:8000
      user-agent:
      - cherrydb-client-py
    method: POST
    uri: http://localhost:8000/api/v1/meta/
  response:
    content: '{"notes":"adding and then updating a column","uuid":"5648b03f-e109-4d6e-887f-f037e26633e0","created_at":"2023-03-01T19:04:08.672069+00:00","created_by":"pjrule@me.com"}'
    headers:
      content-length:
      - '168'
      content-type:
      - application/json
      date:
      - Wed, 01 Mar 2023 19:04:08 GMT
      server:
      - uvicorn
    http_version: HTTP/1.1
    status_code: 201
- request:
    body: '{"canonical_path": "total_pop", "namespace": "test_column_repo_create_update_get__online",
      "description": "2020 Census total population", "source_url": "https://www.census.gov/",
      "kind": "count", "type": "int", "aliases": ["totpop", "p001001", "p0001001"]}'
    headers:
      X-API-Key:
      - DUMMY
      accept:
      - '*/*'
      accept-encoding:
      - gzip, deflate
      connection:
      - keep-alive
      content-length:
      - '256'
      content-type:
      - application/json
      host:
      - localhost:8000
      user-agent:
      - cherrydb-client-py
      x-cherry-meta-id:
      - 5648b03f-e109-4d6e-887f-f037e26633e0
    method: POST
    uri: http://localhost:8000/api/v1/columns/test_column_repo_create_update_get__online
  response:
    content: '{"canonical_path":"total_pop","namespace":"test_column_repo_create_update_get__online","description":"2020
      Census total population","source_url":null,"kind":"count","type":"int","aliases":["totpop","p001001","p0001001"],"meta":{"notes":"adding
      and then updating a column","uuid":"5648b03f-e109-4d6e-887f-f037e26633e0","created_at":"2023-03-01T19:04:08.672069+00:00","created_by":"pjrule@me.com"}}'
    headers:
      content-length:
      - '396'
      content-type:
      - application/json
      date:
      - Wed, 01 Mar 2023 19:04:08 GMT
      etag:
      - '"4f41e409-e6fb-40a7-9fcd-0bc6d9c0f345"'
      server:
      - uvicorn
    http_version: HTTP/1.1
    status_code: 201
- request:
    body: '{"aliases": ["population"]}'
    headers:
      X-API-Key:
      - DUMMY
      accept:
      - '*/*'
      accept-encoding:
      - gzip, deflate
      connection:
      - keep-alive
      content-length:
      - '27'
      content-type:
      - application/json
      host:
      - localhost:8000
      user-agent:
      - cherrydb-client-py
      x-cherry-meta-id:
      - 5648b03f-e109-4d6e-887f-f037e26633e0
    method: PATCH
    uri: http://localhost:8000/api/v1/columns/test_column_repo_create_update_get__online/total_pop
  response:
    content: '{"canonical_path":"total_pop","namespace":"test_column_repo_create_update_get__online","description":"2020
      Census total population","source_url":null,"kind":"count","type":"int","aliases":["totpop","p001001","p0001001","population"],"meta":{"notes":"adding
      and then updating a column","uuid":"5648b03f-e109-4d6e-887f-f037e26633e0","created_at":"2023-03-01T19:04:08.672069+00:00","created_by":"pjrule@me.com"}}'
    headers:
      content-length:
      - '409'
      content-type:
      - application/json
      date:
      - Wed, 01 Mar 2023 19:04:08 GMT
      etag:
      - '"6be1f4d1-b3e3-482d-bcb6-6543788be086"'
      server:
      - uvicorn
    http_version: HTTP/1.1
    status_code: 200
- request:
    body: ''
    headers:
      X-API-Key:
      - DUMMY
      accept:
      - '*/*'
      accept-encoding:
      - gzip, deflate
      connection:
      - keep-alive
      host:
      - localhost:8000
      if-none-match:
      - '"6be1f4d1-b3e3-482d-bcb6-6543788be086"'
      user-agent:
      - cherrydb-client-py
    method: GET
    uri: http://localhost:8000/api/v1/columns/test_column_repo_create_update_get__online/population
  response:
    content: '{"canonical_path":"total_pop","namespace":"test_column_repo_create_update_get__online","description":"2020
      Census total population","source_url":null,"kind":"count","type":"int","aliases":["totpop","p001001","p0001001","population"],"meta":{"notes":"adding
      and then updating a column","uuid":"5648b03f-e109-4d6e-887f-f037e26633e0","created_at":"2023-03-01T19:04:08.672069+00:00","created_by":"pjrule@me.com"}}'
    headers:
      content-length:
      - '409'
      content-type:
      - application/json
      date:
      - Wed, 01 Mar 2023 19:04:08 GMT
      etag:
      - '"6be1f4d1-b3e3-482d-bcb6-6543788be086"'
      server:
      - uvicorn
    http_version: HTTP/1.1
    status_code: 200
- request:
    body: '{"notes": "Test setup for cherrydb-client-py test test_column_repo_create_update_get__online"}'
    headers:
      X-API-Key:
      - DUMMY
      accept:
      - '*/*'
      accept-encoding:
      - gzip, deflate
      connection:
      - keep-alive
      content-length:
      - '94'
      content-type:
      - application/json
      host:
      - localhost:8000
      user-agent:
      - cherrydb-client-py
    method: POST
    uri: http://localhost:8000/api/v1/meta/
  response:
    content: '{"notes":"Test setup for cherrydb-client-py test test_column_repo_create_update_get__online","uuid":"0dcaf97a-5cb1-4715-9560-b70fda833d67","created_at":"2023-03-30T00:32:41.078839+00:00","created_by":"pjrule@me.com"}'
    headers:
      content-length:
      - '216'
      content-type:
      - application/json
      date:
      - Thu, 30 Mar 2023 00:32:40 GMT
      server:
      - uvicorn
    http_version: HTTP/1.1
    status_code: 201
- request:
    body: '{"path": "test_column_repo_create_update_get__online", "description": "cherrydb-client-py
      test test_column_repo_create_update_get__online", "public": true}'
    headers:
      X-API-Key:
      - DUMMY
      accept:
      - '*/*'
      accept-encoding:
      - gzip, deflate
      connection:
      - keep-alive
      content-length:
      - '155'
      content-type:
      - application/json
      host:
      - localhost:8000
      user-agent:
      - cherrydb-client-py
      x-cherry-meta-id:
      - 0dcaf97a-5cb1-4715-9560-b70fda833d67
    method: POST
    uri: http://localhost:8000/api/v1/namespaces/
  response:
    content: '{"path":"test_column_repo_create_update_get__online","description":"cherrydb-client-py
      test test_column_repo_create_update_get__online","public":true,"meta":{"notes":"Test
      setup for cherrydb-client-py test test_column_repo_create_update_get__online","uuid":"0dcaf97a-5cb1-4715-9560-b70fda833d67","created_at":"2023-03-30T00:32:41.078839+00:00","created_by":"pjrule@me.com"}}'
    headers:
      content-length:
      - '374'
      content-type:
      - application/json
      date:
      - Thu, 30 Mar 2023 00:32:40 GMT
      etag:
      - '"42666022-67a3-4a04-ae8c-a8b967d2dfd3"'
      server:
      - uvicorn
    http_version: HTTP/1.1
    status_code: 201
- request:
    body: '{"notes": "adding and then updating a column"}'
    headers:
      X-API-Key:
      - DUMMY
      accept:
      - '*/*'
      accept-encoding:
      - gzip, deflate
      connection:
      - keep-alive
      content-length:
      - '46'
      content-type:
      - application/json
      host:
      - localhost:8000
      user-agent:
      - cherrydb-client-py
    method: POST
    uri: http://localhost:8000/api/v1/meta/
  response:
    content: '{"notes":"adding and then updating a column","uuid":"c28f7efc-ea69-4897-9043-79e735078453","created_at":"2023-03-30T00:32:41.268310+00:00","created_by":"pjrule@me.com"}'
    headers:
      content-length:
      - '168'
      content-type:
      - application/json
      date:
      - Thu, 30 Mar 2023 00:32:41 GMT
      server:
      - uvicorn
    http_version: HTTP/1.1
    status_code: 201
- request:
    body: '{"canonical_path": "total_pop", "namespace": "test_column_repo_create_update_get__online",
      "description": "2020 Census total population", "source_url": "https://www.census.gov/",
      "kind": "count", "type": "int", "aliases": ["totpop", "p001001", "p0001001"]}'
    headers:
      X-API-Key:
      - DUMMY
      accept:
      - '*/*'
      accept-encoding:
      - gzip, deflate
      connection:
      - keep-alive
      content-length:
      - '256'
      content-type:
      - application/json
      host:
      - localhost:8000
      user-agent:
      - cherrydb-client-py
      x-cherry-meta-id:
      - c28f7efc-ea69-4897-9043-79e735078453
    method: POST
    uri: http://localhost:8000/api/v1/columns/test_column_repo_create_update_get__online
  response:
    content: '{"canonical_path":"total_pop","namespace":"test_column_repo_create_update_get__online","description":"2020
      Census total population","source_url":null,"kind":"count","type":"int","aliases":["p0001001","p001001","totpop"],"meta":{"notes":"adding
      and then updating a column","uuid":"c28f7efc-ea69-4897-9043-79e735078453","created_at":"2023-03-30T00:32:41.268310+00:00","created_by":"pjrule@me.com"}}'
    headers:
      content-length:
      - '396'
      content-type:
      - application/json
      date:
      - Thu, 30 Mar 2023 00:32:41 GMT
      etag:
      - '"4af289ec-1da8-4199-ba59-a8881afc17a1"'
      server:
      - uvicorn
    http_version: HTTP/1.1
    status_code: 201
- request:
    body: '{"aliases": ["population"]}'
    headers:
      X-API-Key:
      - DUMMY
      accept:
      - '*/*'
      accept-encoding:
      - gzip, deflate
      connection:
      - keep-alive
      content-length:
      - '27'
      content-type:
      - application/json
      host:
      - localhost:8000
      user-agent:
      - cherrydb-client-py
      x-cherry-meta-id:
      - c28f7efc-ea69-4897-9043-79e735078453
    method: PATCH
    uri: http://localhost:8000/api/v1/columns/test_column_repo_create_update_get__online/total_pop
  response:
    content: '{"canonical_path":"total_pop","namespace":"test_column_repo_create_update_get__online","description":"2020
      Census total population","source_url":null,"kind":"count","type":"int","aliases":["population","p0001001","p001001","totpop"],"meta":{"notes":"adding
      and then updating a column","uuid":"c28f7efc-ea69-4897-9043-79e735078453","created_at":"2023-03-30T00:32:41.268310+00:00","created_by":"pjrule@me.com"}}'
    headers:
      content-length:
      - '409'
      content-type:
      - application/json
      date:
      - Thu, 30 Mar 2023 00:32:41 GMT
      etag:
      - '"5b1bd0bb-c8d9-43ba-9885-254b2051f759"'
      server:
      - uvicorn
    http_version: HTTP/1.1
    status_code: 200
- request:
    body: ''
    headers:
      X-API-Key:
      - DUMMY
      accept:
      - '*/*'
      accept-encoding:
      - gzip, deflate
      connection:
      - keep-alive
      host:
      - localhost:8000
      if-none-match:
      - '"5b1bd0bb-c8d9-43ba-9885-254b2051f759"'
      user-agent:
      - cherrydb-client-py
    method: GET
    uri: http://localhost:8000/api/v1/columns/test_column_repo_create_update_get__online/population
  response:
    content: '{"canonical_path":"total_pop","namespace":"test_column_repo_create_update_get__online","description":"2020
      Census total population","source_url":null,"kind":"count","type":"int","aliases":["population","p0001001","p001001","totpop"],"meta":{"notes":"adding
      and then updating a column","uuid":"c28f7efc-ea69-4897-9043-79e735078453","created_at":"2023-03-30T00:32:41.268310+00:00","created_by":"pjrule@me.com"}}'
    headers:
      content-length:
      - '409'
      content-type:
      - application/json
      date:
      - Thu, 30 Mar 2023 00:32:41 GMT
      etag:
      - '"5b1bd0bb-c8d9-43ba-9885-254b2051f759"'
      server:
      - uvicorn
    http_version: HTTP/1.1
    status_code: 200
- request:
    body: '{"notes": "Test setup for cherrydb-client-py test test_column_repo_create_update_get__online"}'
    headers:
      X-API-Key:
      - DUMMY
      accept:
      - '*/*'
      accept-encoding:
      - gzip, deflate
      connection:
      - keep-alive
      content-length:
      - '94'
      content-type:
      - application/json
      host:
      - localhost:8000
      user-agent:
      - cherrydb-client-py
    method: POST
    uri: http://localhost:8000/api/v1/meta/
  response:
    content: '{"notes":"Test setup for cherrydb-client-py test test_column_repo_create_update_get__online","uuid":"56c3aaa1-d0bb-423d-8a4e-56b5fdecde29","created_at":"2023-03-30T00:38:58.117123+00:00","created_by":"pjrule@me.com"}'
    headers:
      content-length:
      - '216'
      content-type:
      - application/json
      date:
      - Thu, 30 Mar 2023 00:38:57 GMT
      server:
      - uvicorn
    http_version: HTTP/1.1
    status_code: 201
- request:
    body: '{"path": "test_column_repo_create_update_get__online", "description": "cherrydb-client-py
      test test_column_repo_create_update_get__online", "public": true}'
    headers:
      X-API-Key:
      - DUMMY
      accept:
      - '*/*'
      accept-encoding:
      - gzip, deflate
      connection:
      - keep-alive
      content-length:
      - '155'
      content-type:
      - application/json
      host:
      - localhost:8000
      user-agent:
      - cherrydb-client-py
      x-cherry-meta-id:
      - 56c3aaa1-d0bb-423d-8a4e-56b5fdecde29
    method: POST
    uri: http://localhost:8000/api/v1/namespaces/
  response:
    content: '{"path":"test_column_repo_create_update_get__online","description":"cherrydb-client-py
      test test_column_repo_create_update_get__online","public":true,"meta":{"notes":"Test
      setup for cherrydb-client-py test test_column_repo_create_update_get__online","uuid":"56c3aaa1-d0bb-423d-8a4e-56b5fdecde29","created_at":"2023-03-30T00:38:58.117123+00:00","created_by":"pjrule@me.com"}}'
    headers:
      content-length:
      - '374'
      content-type:
      - application/json
      date:
      - Thu, 30 Mar 2023 00:38:57 GMT
      etag:
      - '"557bc6fc-e9c8-433e-88db-5003f71edbe7"'
      server:
      - uvicorn
    http_version: HTTP/1.1
    status_code: 201
- request:
    body: '{"notes": "adding and then updating a column"}'
    headers:
      X-API-Key:
      - DUMMY
      accept:
      - '*/*'
      accept-encoding:
      - gzip, deflate
      connection:
      - keep-alive
      content-length:
      - '46'
      content-type:
      - application/json
      host:
      - localhost:8000
      user-agent:
      - cherrydb-client-py
    method: POST
    uri: http://localhost:8000/api/v1/meta/
  response:
    content: '{"notes":"adding and then updating a column","uuid":"48df081b-2725-4e88-ab54-df16f9fee2f4","created_at":"2023-03-30T00:38:58.307783+00:00","created_by":"pjrule@me.com"}'
    headers:
      content-length:
      - '168'
      content-type:
      - application/json
      date:
      - Thu, 30 Mar 2023 00:38:57 GMT
      server:
      - uvicorn
    http_version: HTTP/1.1
    status_code: 201
- request:
    body: '{"canonical_path": "total_pop", "namespace": "test_column_repo_create_update_get__online",
      "description": "2020 Census total population", "source_url": "https://www.census.gov/",
      "kind": "count", "type": "int", "aliases": ["totpop", "p001001", "p0001001"]}'
    headers:
      X-API-Key:
      - DUMMY
      accept:
      - '*/*'
      accept-encoding:
      - gzip, deflate
      connection:
      - keep-alive
      content-length:
      - '256'
      content-type:
      - application/json
      host:
      - localhost:8000
      user-agent:
      - cherrydb-client-py
      x-cherry-meta-id:
      - 48df081b-2725-4e88-ab54-df16f9fee2f4
    method: POST
    uri: http://localhost:8000/api/v1/columns/test_column_repo_create_update_get__online
  response:
    content: '{"canonical_path":"total_pop","namespace":"test_column_repo_create_update_get__online","description":"2020
      Census total population","source_url":null,"kind":"count","type":"int","aliases":["p0001001","p001001","totpop"],"meta":{"notes":"adding
      and then updating a column","uuid":"48df081b-2725-4e88-ab54-df16f9fee2f4","created_at":"2023-03-30T00:38:58.307783+00:00","created_by":"pjrule@me.com"}}'
    headers:
      content-length:
      - '396'
      content-type:
      - application/json
      date:
      - Thu, 30 Mar 2023 00:38:57 GMT
      etag:
      - '"0f2068a1-0d9d-48da-acee-7393eeaaddc4"'
      server:
      - uvicorn
    http_version: HTTP/1.1
    status_code: 201
- request:
    body: '{"aliases": ["population"]}'
    headers:
      X-API-Key:
      - DUMMY
      accept:
      - '*/*'
      accept-encoding:
      - gzip, deflate
      connection:
      - keep-alive
      content-length:
      - '27'
      content-type:
      - application/json
      host:
      - localhost:8000
      user-agent:
      - cherrydb-client-py
      x-cherry-meta-id:
      - 48df081b-2725-4e88-ab54-df16f9fee2f4
    method: PATCH
    uri: http://localhost:8000/api/v1/columns/test_column_repo_create_update_get__online/total_pop
  response:
    content: '{"canonical_path":"total_pop","namespace":"test_column_repo_create_update_get__online","description":"2020
      Census total population","source_url":null,"kind":"count","type":"int","aliases":["population","p0001001","p001001","totpop"],"meta":{"notes":"adding
      and then updating a column","uuid":"48df081b-2725-4e88-ab54-df16f9fee2f4","created_at":"2023-03-30T00:38:58.307783+00:00","created_by":"pjrule@me.com"}}'
    headers:
      content-length:
      - '409'
      content-type:
      - application/json
      date:
      - Thu, 30 Mar 2023 00:38:57 GMT
      etag:
      - '"d53ea62b-1ef3-40fb-a43c-aa159ce8b499"'
      server:
      - uvicorn
    http_version: HTTP/1.1
    status_code: 200
- request:
    body: ''
    headers:
      X-API-Key:
      - DUMMY
      accept:
      - '*/*'
      accept-encoding:
      - gzip, deflate
      connection:
      - keep-alive
      host:
      - localhost:8000
      if-none-match:
      - '"d53ea62b-1ef3-40fb-a43c-aa159ce8b499"'
      user-agent:
      - cherrydb-client-py
    method: GET
    uri: http://localhost:8000/api/v1/columns/test_column_repo_create_update_get__online/population
  response:
    content: '{"canonical_path":"total_pop","namespace":"test_column_repo_create_update_get__online","description":"2020
      Census total population","source_url":null,"kind":"count","type":"int","aliases":["population","p0001001","p001001","totpop"],"meta":{"notes":"adding
      and then updating a column","uuid":"48df081b-2725-4e88-ab54-df16f9fee2f4","created_at":"2023-03-30T00:38:58.307783+00:00","created_by":"pjrule@me.com"}}'
    headers:
      content-length:
      - '409'
      content-type:
      - application/json
      date:
      - Thu, 30 Mar 2023 00:38:57 GMT
      etag:
      - '"d53ea62b-1ef3-40fb-a43c-aa159ce8b499"'
      server:
      - uvicorn
    http_version: HTTP/1.1
    status_code: 200
- request:
    body: '{"notes": "Test setup for cherrydb-client-py test test_column_repo_create_update_get__online"}'
    headers:
      X-API-Key:
      - DUMMY
      accept:
      - '*/*'
      accept-encoding:
      - gzip, deflate
      connection:
      - keep-alive
      content-length:
      - '94'
      content-type:
      - application/json
      host:
      - localhost:8000
      user-agent:
      - cherrydb-client-py
    method: POST
    uri: http://localhost:8000/api/v1/meta/
  response:
    content: '{"notes":"Test setup for cherrydb-client-py test test_column_repo_create_update_get__online","uuid":"11182ddd-2bdc-4c31-a4fd-317667cdeeda","created_at":"2023-03-30T00:40:41.957324+00:00","created_by":"pjrule@me.com"}'
    headers:
      content-length:
      - '216'
      content-type:
      - application/json
      date:
      - Thu, 30 Mar 2023 00:40:41 GMT
      server:
      - uvicorn
    http_version: HTTP/1.1
    status_code: 201
- request:
    body: '{"path": "test_column_repo_create_update_get__online", "description": "cherrydb-client-py
      test test_column_repo_create_update_get__online", "public": true}'
    headers:
      X-API-Key:
      - DUMMY
      accept:
      - '*/*'
      accept-encoding:
      - gzip, deflate
      connection:
      - keep-alive
      content-length:
      - '155'
      content-type:
      - application/json
      host:
      - localhost:8000
      user-agent:
      - cherrydb-client-py
      x-cherry-meta-id:
      - 11182ddd-2bdc-4c31-a4fd-317667cdeeda
    method: POST
    uri: http://localhost:8000/api/v1/namespaces/
  response:
    content: '{"path":"test_column_repo_create_update_get__online","description":"cherrydb-client-py
      test test_column_repo_create_update_get__online","public":true,"meta":{"notes":"Test
      setup for cherrydb-client-py test test_column_repo_create_update_get__online","uuid":"11182ddd-2bdc-4c31-a4fd-317667cdeeda","created_at":"2023-03-30T00:40:41.957324+00:00","created_by":"pjrule@me.com"}}'
    headers:
      content-length:
      - '374'
      content-type:
      - application/json
      date:
      - Thu, 30 Mar 2023 00:40:41 GMT
      etag:
      - '"c43ac694-a5e9-4ee3-b23c-d8d50e22373c"'
      server:
      - uvicorn
    http_version: HTTP/1.1
    status_code: 201
- request:
    body: '{"notes": "adding and then updating a column"}'
    headers:
      X-API-Key:
      - DUMMY
      accept:
      - '*/*'
      accept-encoding:
      - gzip, deflate
      connection:
      - keep-alive
      content-length:
      - '46'
      content-type:
      - application/json
      host:
      - localhost:8000
      user-agent:
      - cherrydb-client-py
    method: POST
    uri: http://localhost:8000/api/v1/meta/
  response:
    content: '{"notes":"adding and then updating a column","uuid":"79136af5-173c-40c9-9e70-2d645df59914","created_at":"2023-03-30T00:40:42.154673+00:00","created_by":"pjrule@me.com"}'
    headers:
      content-length:
      - '168'
      content-type:
      - application/json
      date:
      - Thu, 30 Mar 2023 00:40:41 GMT
      server:
      - uvicorn
    http_version: HTTP/1.1
    status_code: 201
- request:
    body: '{"canonical_path": "total_pop", "namespace": "test_column_repo_create_update_get__online",
      "description": "2020 Census total population", "source_url": "https://www.census.gov/",
      "kind": "count", "type": "int", "aliases": ["totpop", "p001001", "p0001001"]}'
    headers:
      X-API-Key:
      - DUMMY
      accept:
      - '*/*'
      accept-encoding:
      - gzip, deflate
      connection:
      - keep-alive
      content-length:
      - '256'
      content-type:
      - application/json
      host:
      - localhost:8000
      user-agent:
      - cherrydb-client-py
      x-cherry-meta-id:
      - 79136af5-173c-40c9-9e70-2d645df59914
    method: POST
    uri: http://localhost:8000/api/v1/columns/test_column_repo_create_update_get__online
  response:
    content: '{"canonical_path":"total_pop","namespace":"test_column_repo_create_update_get__online","description":"2020
      Census total population","source_url":null,"kind":"count","type":"int","aliases":["p0001001","p001001","totpop"],"meta":{"notes":"adding
      and then updating a column","uuid":"79136af5-173c-40c9-9e70-2d645df59914","created_at":"2023-03-30T00:40:42.154673+00:00","created_by":"pjrule@me.com"}}'
    headers:
      content-length:
      - '396'
      content-type:
      - application/json
      date:
      - Thu, 30 Mar 2023 00:40:41 GMT
      etag:
      - '"bee5c920-1153-48a2-99f0-0efb66b4c780"'
      server:
      - uvicorn
    http_version: HTTP/1.1
    status_code: 201
- request:
    body: '{"aliases": ["population"]}'
    headers:
      X-API-Key:
      - DUMMY
      accept:
      - '*/*'
      accept-encoding:
      - gzip, deflate
      connection:
      - keep-alive
      content-length:
      - '27'
      content-type:
      - application/json
      host:
      - localhost:8000
      user-agent:
      - cherrydb-client-py
      x-cherry-meta-id:
      - 79136af5-173c-40c9-9e70-2d645df59914
    method: PATCH
    uri: http://localhost:8000/api/v1/columns/test_column_repo_create_update_get__online/total_pop
  response:
    content: '{"canonical_path":"total_pop","namespace":"test_column_repo_create_update_get__online","description":"2020
      Census total population","source_url":null,"kind":"count","type":"int","aliases":["population","p0001001","p001001","totpop"],"meta":{"notes":"adding
      and then updating a column","uuid":"79136af5-173c-40c9-9e70-2d645df59914","created_at":"2023-03-30T00:40:42.154673+00:00","created_by":"pjrule@me.com"}}'
    headers:
      content-length:
      - '409'
      content-type:
      - application/json
      date:
      - Thu, 30 Mar 2023 00:40:41 GMT
      etag:
      - '"6a26b622-15d6-42a5-abe3-2029894b342c"'
      server:
      - uvicorn
    http_version: HTTP/1.1
    status_code: 200
- request:
    body: ''
    headers:
      X-API-Key:
      - DUMMY
      accept:
      - '*/*'
      accept-encoding:
      - gzip, deflate
      connection:
      - keep-alive
      host:
      - localhost:8000
      if-none-match:
      - '"6a26b622-15d6-42a5-abe3-2029894b342c"'
      user-agent:
      - cherrydb-client-py
    method: GET
    uri: http://localhost:8000/api/v1/columns/test_column_repo_create_update_get__online/population
  response:
    content: '{"canonical_path":"total_pop","namespace":"test_column_repo_create_update_get__online","description":"2020
      Census total population","source_url":null,"kind":"count","type":"int","aliases":["population","p0001001","p001001","totpop"],"meta":{"notes":"adding
      and then updating a column","uuid":"79136af5-173c-40c9-9e70-2d645df59914","created_at":"2023-03-30T00:40:42.154673+00:00","created_by":"pjrule@me.com"}}'
    headers:
      content-length:
      - '409'
      content-type:
      - application/json
      date:
      - Thu, 30 Mar 2023 00:40:41 GMT
      etag:
      - '"6a26b622-15d6-42a5-abe3-2029894b342c"'
      server:
      - uvicorn
    http_version: HTTP/1.1
    status_code: 200
- request:
    body: '{"notes": "Test setup for cherrydb-client-py test test_column_repo_create_update_get__online"}'
    headers:
      X-API-Key:
      - DUMMY
      accept:
      - '*/*'
      accept-encoding:
      - gzip, deflate
      connection:
      - keep-alive
      content-length:
      - '94'
      content-type:
      - application/json
      host:
      - localhost:8000
      user-agent:
      - cherrydb-client-py
    method: POST
    uri: http://localhost:8000/api/v1/meta/
  response:
    content: '{"notes":"Test setup for cherrydb-client-py test test_column_repo_create_update_get__online","uuid":"0e079905-521a-4b26-81df-99a6ef55f3a6","created_at":"2023-03-30T00:43:14.090144+00:00","created_by":"pjrule@me.com"}'
    headers:
      content-length:
      - '216'
      content-type:
      - application/json
      date:
      - Thu, 30 Mar 2023 00:43:13 GMT
      server:
      - uvicorn
    http_version: HTTP/1.1
    status_code: 201
- request:
    body: '{"path": "test_column_repo_create_update_get__online", "description": "cherrydb-client-py
      test test_column_repo_create_update_get__online", "public": true}'
    headers:
      X-API-Key:
      - DUMMY
      accept:
      - '*/*'
      accept-encoding:
      - gzip, deflate
      connection:
      - keep-alive
      content-length:
      - '155'
      content-type:
      - application/json
      host:
      - localhost:8000
      user-agent:
      - cherrydb-client-py
      x-cherry-meta-id:
      - 0e079905-521a-4b26-81df-99a6ef55f3a6
    method: POST
    uri: http://localhost:8000/api/v1/namespaces/
  response:
    content: '{"path":"test_column_repo_create_update_get__online","description":"cherrydb-client-py
      test test_column_repo_create_update_get__online","public":true,"meta":{"notes":"Test
      setup for cherrydb-client-py test test_column_repo_create_update_get__online","uuid":"0e079905-521a-4b26-81df-99a6ef55f3a6","created_at":"2023-03-30T00:43:14.090144+00:00","created_by":"pjrule@me.com"}}'
    headers:
      content-length:
      - '374'
      content-type:
      - application/json
      date:
      - Thu, 30 Mar 2023 00:43:13 GMT
      etag:
      - '"72b6f68b-ab76-42c9-a34f-0f92565c3e10"'
      server:
      - uvicorn
    http_version: HTTP/1.1
    status_code: 201
- request:
    body: '{"notes": "adding and then updating a column"}'
    headers:
      X-API-Key:
      - DUMMY
      accept:
      - '*/*'
      accept-encoding:
      - gzip, deflate
      connection:
      - keep-alive
      content-length:
      - '46'
      content-type:
      - application/json
      host:
      - localhost:8000
      user-agent:
      - cherrydb-client-py
    method: POST
    uri: http://localhost:8000/api/v1/meta/
  response:
    content: '{"notes":"adding and then updating a column","uuid":"b0d54cc6-3da6-423f-a22f-04860e0f0f93","created_at":"2023-03-30T00:43:14.282252+00:00","created_by":"pjrule@me.com"}'
    headers:
      content-length:
      - '168'
      content-type:
      - application/json
      date:
      - Thu, 30 Mar 2023 00:43:13 GMT
      server:
      - uvicorn
    http_version: HTTP/1.1
    status_code: 201
- request:
    body: '{"canonical_path": "total_pop", "namespace": "test_column_repo_create_update_get__online",
      "description": "2020 Census total population", "source_url": "https://www.census.gov/",
      "kind": "count", "type": "int", "aliases": ["totpop", "p001001", "p0001001"]}'
    headers:
      X-API-Key:
      - DUMMY
      accept:
      - '*/*'
      accept-encoding:
      - gzip, deflate
      connection:
      - keep-alive
      content-length:
      - '256'
      content-type:
      - application/json
      host:
      - localhost:8000
      user-agent:
      - cherrydb-client-py
      x-cherry-meta-id:
      - b0d54cc6-3da6-423f-a22f-04860e0f0f93
    method: POST
    uri: http://localhost:8000/api/v1/columns/test_column_repo_create_update_get__online
  response:
    content: '{"canonical_path":"total_pop","namespace":"test_column_repo_create_update_get__online","description":"2020
      Census total population","source_url":null,"kind":"count","type":"int","aliases":["p0001001","p001001","totpop"],"meta":{"notes":"adding
      and then updating a column","uuid":"b0d54cc6-3da6-423f-a22f-04860e0f0f93","created_at":"2023-03-30T00:43:14.282252+00:00","created_by":"pjrule@me.com"}}'
    headers:
      content-length:
      - '396'
      content-type:
      - application/json
      date:
      - Thu, 30 Mar 2023 00:43:13 GMT
      etag:
      - '"0af6e136-45bd-43ed-9bdc-4c77d4062e62"'
      server:
      - uvicorn
    http_version: HTTP/1.1
    status_code: 201
- request:
    body: '{"aliases": ["population"]}'
    headers:
      X-API-Key:
      - DUMMY
      accept:
      - '*/*'
      accept-encoding:
      - gzip, deflate
      connection:
      - keep-alive
      content-length:
      - '27'
      content-type:
      - application/json
      host:
      - localhost:8000
      user-agent:
      - cherrydb-client-py
      x-cherry-meta-id:
      - b0d54cc6-3da6-423f-a22f-04860e0f0f93
    method: PATCH
    uri: http://localhost:8000/api/v1/columns/test_column_repo_create_update_get__online/total_pop
  response:
    content: '{"canonical_path":"total_pop","namespace":"test_column_repo_create_update_get__online","description":"2020
      Census total population","source_url":null,"kind":"count","type":"int","aliases":["population","p0001001","p001001","totpop"],"meta":{"notes":"adding
      and then updating a column","uuid":"b0d54cc6-3da6-423f-a22f-04860e0f0f93","created_at":"2023-03-30T00:43:14.282252+00:00","created_by":"pjrule@me.com"}}'
    headers:
      content-length:
      - '409'
      content-type:
      - application/json
      date:
      - Thu, 30 Mar 2023 00:43:13 GMT
      etag:
      - '"e2dab049-4f71-478c-b4bb-e682d924a893"'
      server:
      - uvicorn
    http_version: HTTP/1.1
    status_code: 200
- request:
    body: ''
    headers:
      X-API-Key:
      - DUMMY
      accept:
      - '*/*'
      accept-encoding:
      - gzip, deflate
      connection:
      - keep-alive
      host:
      - localhost:8000
      if-none-match:
      - '"e2dab049-4f71-478c-b4bb-e682d924a893"'
      user-agent:
      - cherrydb-client-py
    method: GET
    uri: http://localhost:8000/api/v1/columns/test_column_repo_create_update_get__online/population
  response:
    content: '{"canonical_path":"total_pop","namespace":"test_column_repo_create_update_get__online","description":"2020
      Census total population","source_url":null,"kind":"count","type":"int","aliases":["population","p0001001","p001001","totpop"],"meta":{"notes":"adding
      and then updating a column","uuid":"b0d54cc6-3da6-423f-a22f-04860e0f0f93","created_at":"2023-03-30T00:43:14.282252+00:00","created_by":"pjrule@me.com"}}'
    headers:
      content-length:
      - '409'
      content-type:
      - application/json
      date:
      - Thu, 30 Mar 2023 00:43:13 GMT
      etag:
      - '"e2dab049-4f71-478c-b4bb-e682d924a893"'
      server:
      - uvicorn
    http_version: HTTP/1.1
    status_code: 200
- request:
    body: '{"notes": "Test setup for cherrydb-client-py test test_column_repo_create_update_get__online"}'
    headers:
      X-API-Key:
      - DUMMY
      accept:
      - '*/*'
      accept-encoding:
      - gzip, deflate
      connection:
      - keep-alive
      content-length:
      - '94'
      content-type:
      - application/json
      host:
      - localhost:8000
      user-agent:
      - cherrydb-client-py
    method: POST
    uri: http://localhost:8000/api/v1/meta/
  response:
    content: '{"notes":"Test setup for cherrydb-client-py test test_column_repo_create_update_get__online","uuid":"b7cf05e9-d3d6-471a-ad03-b74717e156d8","created_at":"2023-03-30T00:45:29.065430+00:00","created_by":"pjrule@me.com"}'
    headers:
      content-length:
      - '216'
      content-type:
      - application/json
      date:
      - Thu, 30 Mar 2023 00:45:28 GMT
      server:
      - uvicorn
    http_version: HTTP/1.1
    status_code: 201
- request:
    body: '{"path": "test_column_repo_create_update_get__online", "description": "cherrydb-client-py
      test test_column_repo_create_update_get__online", "public": true}'
    headers:
      X-API-Key:
      - DUMMY
      accept:
      - '*/*'
      accept-encoding:
      - gzip, deflate
      connection:
      - keep-alive
      content-length:
      - '155'
      content-type:
      - application/json
      host:
      - localhost:8000
      user-agent:
      - cherrydb-client-py
      x-cherry-meta-id:
      - b7cf05e9-d3d6-471a-ad03-b74717e156d8
    method: POST
    uri: http://localhost:8000/api/v1/namespaces/
  response:
    content: '{"path":"test_column_repo_create_update_get__online","description":"cherrydb-client-py
      test test_column_repo_create_update_get__online","public":true,"meta":{"notes":"Test
      setup for cherrydb-client-py test test_column_repo_create_update_get__online","uuid":"b7cf05e9-d3d6-471a-ad03-b74717e156d8","created_at":"2023-03-30T00:45:29.065430+00:00","created_by":"pjrule@me.com"}}'
    headers:
      content-length:
      - '374'
      content-type:
      - application/json
      date:
      - Thu, 30 Mar 2023 00:45:28 GMT
      etag:
      - '"cff96d0c-e14d-42cc-941b-10b34ed8072f"'
      server:
      - uvicorn
    http_version: HTTP/1.1
    status_code: 201
- request:
    body: '{"notes": "adding and then updating a column"}'
    headers:
      X-API-Key:
      - DUMMY
      accept:
      - '*/*'
      accept-encoding:
      - gzip, deflate
      connection:
      - keep-alive
      content-length:
      - '46'
      content-type:
      - application/json
      host:
      - localhost:8000
      user-agent:
      - cherrydb-client-py
    method: POST
    uri: http://localhost:8000/api/v1/meta/
  response:
    content: '{"notes":"adding and then updating a column","uuid":"65c7108b-cb74-4307-bb6f-1e0e8ac7aa9b","created_at":"2023-03-30T00:45:29.259591+00:00","created_by":"pjrule@me.com"}'
    headers:
      content-length:
      - '168'
      content-type:
      - application/json
      date:
      - Thu, 30 Mar 2023 00:45:28 GMT
      server:
      - uvicorn
    http_version: HTTP/1.1
    status_code: 201
- request:
    body: '{"canonical_path": "total_pop", "namespace": "test_column_repo_create_update_get__online",
      "description": "2020 Census total population", "source_url": "https://www.census.gov/",
      "kind": "count", "type": "int", "aliases": ["totpop", "p001001", "p0001001"]}'
    headers:
      X-API-Key:
      - DUMMY
      accept:
      - '*/*'
      accept-encoding:
      - gzip, deflate
      connection:
      - keep-alive
      content-length:
      - '256'
      content-type:
      - application/json
      host:
      - localhost:8000
      user-agent:
      - cherrydb-client-py
      x-cherry-meta-id:
      - 65c7108b-cb74-4307-bb6f-1e0e8ac7aa9b
    method: POST
    uri: http://localhost:8000/api/v1/columns/test_column_repo_create_update_get__online
  response:
    content: '{"canonical_path":"total_pop","namespace":"test_column_repo_create_update_get__online","description":"2020
      Census total population","source_url":null,"kind":"count","type":"int","aliases":["p0001001","p001001","totpop"],"meta":{"notes":"adding
      and then updating a column","uuid":"65c7108b-cb74-4307-bb6f-1e0e8ac7aa9b","created_at":"2023-03-30T00:45:29.259591+00:00","created_by":"pjrule@me.com"}}'
    headers:
      content-length:
      - '396'
      content-type:
      - application/json
      date:
      - Thu, 30 Mar 2023 00:45:28 GMT
      etag:
      - '"15812724-ca3b-4550-932d-b25de93e0a0c"'
      server:
      - uvicorn
    http_version: HTTP/1.1
    status_code: 201
- request:
    body: '{"aliases": ["population"]}'
    headers:
      X-API-Key:
      - DUMMY
      accept:
      - '*/*'
      accept-encoding:
      - gzip, deflate
      connection:
      - keep-alive
      content-length:
      - '27'
      content-type:
      - application/json
      host:
      - localhost:8000
      user-agent:
      - cherrydb-client-py
      x-cherry-meta-id:
      - 65c7108b-cb74-4307-bb6f-1e0e8ac7aa9b
    method: PATCH
    uri: http://localhost:8000/api/v1/columns/test_column_repo_create_update_get__online/total_pop
  response:
    content: '{"canonical_path":"total_pop","namespace":"test_column_repo_create_update_get__online","description":"2020
      Census total population","source_url":null,"kind":"count","type":"int","aliases":["population","p0001001","p001001","totpop"],"meta":{"notes":"adding
      and then updating a column","uuid":"65c7108b-cb74-4307-bb6f-1e0e8ac7aa9b","created_at":"2023-03-30T00:45:29.259591+00:00","created_by":"pjrule@me.com"}}'
    headers:
      content-length:
      - '409'
      content-type:
      - application/json
      date:
      - Thu, 30 Mar 2023 00:45:28 GMT
      etag:
      - '"a44c2cb0-e1ba-4ff1-addb-6d0a2a80fd67"'
      server:
      - uvicorn
    http_version: HTTP/1.1
    status_code: 200
- request:
    body: ''
    headers:
      X-API-Key:
      - DUMMY
      accept:
      - '*/*'
      accept-encoding:
      - gzip, deflate
      connection:
      - keep-alive
      host:
      - localhost:8000
      if-none-match:
      - '"a44c2cb0-e1ba-4ff1-addb-6d0a2a80fd67"'
      user-agent:
      - cherrydb-client-py
    method: GET
    uri: http://localhost:8000/api/v1/columns/test_column_repo_create_update_get__online/population
  response:
    content: '{"canonical_path":"total_pop","namespace":"test_column_repo_create_update_get__online","description":"2020
      Census total population","source_url":null,"kind":"count","type":"int","aliases":["population","p0001001","p001001","totpop"],"meta":{"notes":"adding
      and then updating a column","uuid":"65c7108b-cb74-4307-bb6f-1e0e8ac7aa9b","created_at":"2023-03-30T00:45:29.259591+00:00","created_by":"pjrule@me.com"}}'
    headers:
      content-length:
      - '409'
      content-type:
      - application/json
      date:
      - Thu, 30 Mar 2023 00:45:29 GMT
      etag:
      - '"a44c2cb0-e1ba-4ff1-addb-6d0a2a80fd67"'
      server:
      - uvicorn
    http_version: HTTP/1.1
    status_code: 200
- request:
    body: '{"notes": "Test setup for cherrydb-client-py test test_column_repo_create_update_get__online"}'
    headers:
      X-API-Key:
      - DUMMY
      accept:
      - '*/*'
      accept-encoding:
      - gzip, deflate
      connection:
      - keep-alive
      content-length:
      - '94'
      content-type:
      - application/json
      host:
      - localhost:8000
      user-agent:
      - cherrydb-client-py
    method: POST
    uri: http://localhost:8000/api/v1/meta/
  response:
    content: '{"notes":"Test setup for cherrydb-client-py test test_column_repo_create_update_get__online","uuid":"41e0606d-7208-4d7a-9e46-49a3be379955","created_at":"2023-03-30T00:47:51.831255+00:00","created_by":"pjrule@me.com"}'
    headers:
      content-length:
      - '216'
      content-type:
      - application/json
      date:
      - Thu, 30 Mar 2023 00:47:51 GMT
      server:
      - uvicorn
    http_version: HTTP/1.1
    status_code: 201
- request:
    body: '{"path": "test_column_repo_create_update_get__online", "description": "cherrydb-client-py
      test test_column_repo_create_update_get__online", "public": true}'
    headers:
      X-API-Key:
      - DUMMY
      accept:
      - '*/*'
      accept-encoding:
      - gzip, deflate
      connection:
      - keep-alive
      content-length:
      - '155'
      content-type:
      - application/json
      host:
      - localhost:8000
      user-agent:
      - cherrydb-client-py
      x-cherry-meta-id:
      - 41e0606d-7208-4d7a-9e46-49a3be379955
    method: POST
    uri: http://localhost:8000/api/v1/namespaces/
  response:
    content: '{"path":"test_column_repo_create_update_get__online","description":"cherrydb-client-py
      test test_column_repo_create_update_get__online","public":true,"meta":{"notes":"Test
      setup for cherrydb-client-py test test_column_repo_create_update_get__online","uuid":"41e0606d-7208-4d7a-9e46-49a3be379955","created_at":"2023-03-30T00:47:51.831255+00:00","created_by":"pjrule@me.com"}}'
    headers:
      content-length:
      - '374'
      content-type:
      - application/json
      date:
      - Thu, 30 Mar 2023 00:47:51 GMT
      etag:
      - '"e76aeed5-1217-4902-81bf-9ee72b549c9c"'
      server:
      - uvicorn
    http_version: HTTP/1.1
    status_code: 201
- request:
    body: '{"notes": "adding and then updating a column"}'
    headers:
      X-API-Key:
      - DUMMY
      accept:
      - '*/*'
      accept-encoding:
      - gzip, deflate
      connection:
      - keep-alive
      content-length:
      - '46'
      content-type:
      - application/json
      host:
      - localhost:8000
      user-agent:
      - cherrydb-client-py
    method: POST
    uri: http://localhost:8000/api/v1/meta/
  response:
    content: '{"notes":"adding and then updating a column","uuid":"b1110ea6-e354-40c8-b19d-d2dceb614608","created_at":"2023-03-30T00:47:52.016056+00:00","created_by":"pjrule@me.com"}'
    headers:
      content-length:
      - '168'
      content-type:
      - application/json
      date:
      - Thu, 30 Mar 2023 00:47:51 GMT
      server:
      - uvicorn
    http_version: HTTP/1.1
    status_code: 201
- request:
    body: '{"canonical_path": "total_pop", "namespace": "test_column_repo_create_update_get__online",
      "description": "2020 Census total population", "source_url": "https://www.census.gov/",
      "kind": "count", "type": "int", "aliases": ["totpop", "p001001", "p0001001"]}'
    headers:
      X-API-Key:
      - DUMMY
      accept:
      - '*/*'
      accept-encoding:
      - gzip, deflate
      connection:
      - keep-alive
      content-length:
      - '256'
      content-type:
      - application/json
      host:
      - localhost:8000
      user-agent:
      - cherrydb-client-py
      x-cherry-meta-id:
      - b1110ea6-e354-40c8-b19d-d2dceb614608
    method: POST
    uri: http://localhost:8000/api/v1/columns/test_column_repo_create_update_get__online
  response:
    content: '{"canonical_path":"total_pop","namespace":"test_column_repo_create_update_get__online","description":"2020
      Census total population","source_url":null,"kind":"count","type":"int","aliases":["p0001001","p001001","totpop"],"meta":{"notes":"adding
      and then updating a column","uuid":"b1110ea6-e354-40c8-b19d-d2dceb614608","created_at":"2023-03-30T00:47:52.016056+00:00","created_by":"pjrule@me.com"}}'
    headers:
      content-length:
      - '396'
      content-type:
      - application/json
      date:
      - Thu, 30 Mar 2023 00:47:51 GMT
      etag:
      - '"49e6bdf7-cf7a-401c-9832-1cf21a2994f5"'
      server:
      - uvicorn
    http_version: HTTP/1.1
    status_code: 201
- request:
    body: '{"aliases": ["population"]}'
    headers:
      X-API-Key:
      - DUMMY
      accept:
      - '*/*'
      accept-encoding:
      - gzip, deflate
      connection:
      - keep-alive
      content-length:
      - '27'
      content-type:
      - application/json
      host:
      - localhost:8000
      user-agent:
      - cherrydb-client-py
      x-cherry-meta-id:
      - b1110ea6-e354-40c8-b19d-d2dceb614608
    method: PATCH
    uri: http://localhost:8000/api/v1/columns/test_column_repo_create_update_get__online/total_pop
  response:
    content: '{"canonical_path":"total_pop","namespace":"test_column_repo_create_update_get__online","description":"2020
      Census total population","source_url":null,"kind":"count","type":"int","aliases":["population","p0001001","p001001","totpop"],"meta":{"notes":"adding
      and then updating a column","uuid":"b1110ea6-e354-40c8-b19d-d2dceb614608","created_at":"2023-03-30T00:47:52.016056+00:00","created_by":"pjrule@me.com"}}'
    headers:
      content-length:
      - '409'
      content-type:
      - application/json
      date:
      - Thu, 30 Mar 2023 00:47:51 GMT
      etag:
      - '"47e30e7f-3144-421e-a11b-26b329c47e2d"'
      server:
      - uvicorn
    http_version: HTTP/1.1
    status_code: 200
- request:
    body: ''
    headers:
      X-API-Key:
      - DUMMY
      accept:
      - '*/*'
      accept-encoding:
      - gzip, deflate
      connection:
      - keep-alive
      host:
      - localhost:8000
      if-none-match:
      - '"47e30e7f-3144-421e-a11b-26b329c47e2d"'
      user-agent:
      - cherrydb-client-py
    method: GET
    uri: http://localhost:8000/api/v1/columns/test_column_repo_create_update_get__online/population
  response:
    content: '{"canonical_path":"total_pop","namespace":"test_column_repo_create_update_get__online","description":"2020
      Census total population","source_url":null,"kind":"count","type":"int","aliases":["population","p0001001","p001001","totpop"],"meta":{"notes":"adding
      and then updating a column","uuid":"b1110ea6-e354-40c8-b19d-d2dceb614608","created_at":"2023-03-30T00:47:52.016056+00:00","created_by":"pjrule@me.com"}}'
    headers:
      content-length:
      - '409'
      content-type:
      - application/json
      date:
      - Thu, 30 Mar 2023 00:47:51 GMT
      etag:
      - '"47e30e7f-3144-421e-a11b-26b329c47e2d"'
      server:
      - uvicorn
    http_version: HTTP/1.1
    status_code: 200
version: 1
