interactions:
- request:
    body: '{"notes": "Test setup for cherrydb-client-py test test_column_repo_create_all__online"}'
    headers:
      X-API-Key:
      - DUMMY
      accept:
      - '*/*'
      accept-encoding:
      - gzip, deflate
      connection:
      - keep-alive
      content-length:
      - '87'
      content-type:
      - application/json
      host:
      - localhost:8000
      user-agent:
      - cherrydb-client-py
    method: POST
    uri: http://localhost:8000/api/v1/meta/
  response:
    content: '{"detail":"Unknown API key."}'
    headers:
      content-length:
      - '29'
      content-type:
      - application/json
      date:
      - Tue, 21 Feb 2023 18:57:26 GMT
      server:
      - uvicorn
    http_version: HTTP/1.1
    status_code: 401
- request:
    body: '{"notes": "Test setup for cherrydb-client-py test test_column_repo_create_all__online"}'
    headers:
      X-API-Key:
      - DUMMY
      accept:
      - '*/*'
      accept-encoding:
      - gzip, deflate
      connection:
      - keep-alive
      content-length:
      - '87'
      content-type:
      - application/json
      host:
      - localhost:8000
      user-agent:
      - cherrydb-client-py
    method: POST
    uri: http://localhost:8000/api/v1/meta/
  response:
    content: '{"notes":"Test setup for cherrydb-client-py test test_column_repo_create_all__online","uuid":"4dbd493f-812a-451e-9bb8-fe9e747667c1","created_at":"2023-02-21T18:57:37.981395+00:00","created_by":"pjrule@me.com"}'
    headers:
      content-length:
      - '209'
      content-type:
      - application/json
      date:
      - Tue, 21 Feb 2023 18:57:37 GMT
      server:
      - uvicorn
    http_version: HTTP/1.1
    status_code: 201
- request:
    body: '{"path": "test_column_repo_create_all__online", "description": "cherrydb-client-py
      test test_column_repo_create_all__online", "public": true}'
    headers:
      X-API-Key:
      - DUMMY
      accept:
      - '*/*'
      accept-encoding:
      - gzip, deflate
      connection:
      - keep-alive
      content-length:
      - '141'
      content-type:
      - application/json
      host:
      - localhost:8000
      user-agent:
      - cherrydb-client-py
      x-cherry-meta-id:
      - 4dbd493f-812a-451e-9bb8-fe9e747667c1
    method: POST
    uri: http://localhost:8000/api/v1/namespaces/
  response:
    content: '{"path":"test_column_repo_create_all__online","description":"cherrydb-client-py
      test test_column_repo_create_all__online","public":true,"meta":{"notes":"Test
      setup for cherrydb-client-py test test_column_repo_create_all__online","uuid":"4dbd493f-812a-451e-9bb8-fe9e747667c1","created_at":"2023-02-21T18:57:37.981395+00:00","created_by":"pjrule@me.com"}}'
    headers:
      content-length:
      - '353'
      content-type:
      - application/json
      date:
      - Tue, 21 Feb 2023 18:57:37 GMT
      etag:
      - '"18adf018-d22f-49c0-87ca-433c7150ae89"'
      server:
      - uvicorn
    http_version: HTTP/1.1
    status_code: 201
- request:
    body: '{"notes": "adding a column"}'
    headers:
      X-API-Key:
      - DUMMY
      accept:
      - '*/*'
      accept-encoding:
      - gzip, deflate
      connection:
      - keep-alive
      content-length:
      - '28'
      content-type:
      - application/json
      host:
      - localhost:8000
      user-agent:
      - cherrydb-client-py
    method: POST
    uri: http://localhost:8000/api/v1/meta/
  response:
    content: '{"notes":"adding a column","uuid":"fe897dd6-61ad-4571-853b-3bf441f5753a","created_at":"2023-02-21T18:57:38.016999+00:00","created_by":"pjrule@me.com"}'
    headers:
      content-length:
      - '150'
      content-type:
      - application/json
      date:
      - Tue, 21 Feb 2023 18:57:37 GMT
      server:
      - uvicorn
    http_version: HTTP/1.1
    status_code: 201
- request:
    body: '{"canonical_path": "total_pop", "namespace": "test_column_repo_create_all__online",
      "description": "2020 Census total population", "source_url": "https://www.census.gov/",
      "kind": "count", "type": "int", "aliases": ["totpop", "p001001", "p0001001"]}'
    headers:
      X-API-Key:
      - DUMMY
      accept:
      - '*/*'
      accept-encoding:
      - gzip, deflate
      connection:
      - keep-alive
      content-length:
      - '249'
      content-type:
      - application/json
      host:
      - localhost:8000
      user-agent:
      - cherrydb-client-py
      x-cherry-meta-id:
      - fe897dd6-61ad-4571-853b-3bf441f5753a
    method: POST
    uri: http://localhost:8000/api/v1/columns/test_column_repo_create_all__online
  response:
    content: '{"canonical_path":"total_pop","namespace":"test_column_repo_create_all__online","description":"2020
      Census total population","source_url":null,"kind":"count","type":"int","aliases":["totpop","p001001","p0001001"],"meta":{"notes":"adding
      a column","uuid":"fe897dd6-61ad-4571-853b-3bf441f5753a","created_at":"2023-02-21T18:57:38.016999+00:00","created_by":"pjrule@me.com"}}'
    headers:
      content-length:
      - '371'
      content-type:
      - application/json
      date:
      - Tue, 21 Feb 2023 18:57:37 GMT
      etag:
      - '"8e909626-88d3-4ac2-ad03-dc2e234477cc"'
      server:
      - uvicorn
    http_version: HTTP/1.1
    status_code: 201
- request:
    body: ''
    headers:
      X-API-Key:
      - DUMMY
      accept:
      - '*/*'
      accept-encoding:
      - gzip, deflate
      connection:
      - keep-alive
      host:
      - localhost:8000
      user-agent:
      - cherrydb-client-py
    method: GET
    uri: http://localhost:8000/api/v1/columns/test_column_repo_create_all__online
  response:
    content: '[{"canonical_path":"total_pop","namespace":"test_column_repo_create_all__online","description":"2020
      Census total population","source_url":null,"kind":"count","type":"int","aliases":["totpop","p001001","p0001001"],"meta":{"notes":"adding
      a column","uuid":"fe897dd6-61ad-4571-853b-3bf441f5753a","created_at":"2023-02-21T18:57:38.016999+00:00","created_by":"pjrule@me.com"}}]'
    headers:
      content-length:
      - '373'
      content-type:
      - application/json
      date:
      - Tue, 21 Feb 2023 18:57:37 GMT
      etag:
      - '"8e909626-88d3-4ac2-ad03-dc2e234477cc"'
      server:
      - uvicorn
    http_version: HTTP/1.1
    status_code: 200
version: 1
