interactions:
- request:
    body: '{"notes": "adding a namespace"}'
    headers:
      X-API-Key:
      - DUMMY
      accept:
      - '*/*'
      accept-encoding:
      - gzip, deflate
      connection:
      - keep-alive
      content-length:
      - '31'
      content-type:
      - application/json
      host:
      - localhost:8000
      user-agent:
      - cherrydb-client-py
    method: POST
    uri: http://localhost:8000/api/v1/meta/
  response:
    content: '{"notes":"adding a namespace","uuid":"7746cafb-7a38-4a64-91b1-2a80f3b765e1","created_at":"2023-02-20T22:37:22.118700+00:00","created_by":"pjrule@me.com"}'
    headers:
      content-length:
      - '153'
      content-type:
      - application/json
      date:
      - Mon, 20 Feb 2023 22:37:21 GMT
      server:
      - uvicorn
    http_version: HTTP/1.1
    status_code: 201
- request:
    body: '{"path": "all", "description": "Test namespace.", "public": true}'
    headers:
      X-API-Key:
      - DUMMY
      accept:
      - '*/*'
      accept-encoding:
      - gzip, deflate
      connection:
      - keep-alive
      content-length:
      - '65'
      content-type:
      - application/json
      host:
      - localhost:8000
      user-agent:
      - cherrydb-client-py
      x-cherry-meta-id:
      - 7746cafb-7a38-4a64-91b1-2a80f3b765e1
    method: POST
    uri: http://localhost:8000/api/v1/namespaces/
  response:
    content: '{"path":"all","description":"Test namespace.","public":true,"meta":{"notes":"adding
      a namespace","uuid":"7746cafb-7a38-4a64-91b1-2a80f3b765e1","created_at":"2023-02-20T22:37:22.118700+00:00","created_by":"pjrule@me.com"}}'
    headers:
      content-length:
      - '221'
      content-type:
      - application/json
      date:
      - Mon, 20 Feb 2023 22:37:21 GMT
      etag:
      - '"ad73b9d1-4e6e-4290-a164-e6fb39e9c802"'
      server:
      - uvicorn
    http_version: HTTP/1.1
    status_code: 201
- request:
    body: '{"notes": "adding a namespace"}'
    headers:
      X-API-Key:
      - DUMMY
      accept:
      - '*/*'
      accept-encoding:
      - gzip, deflate
      connection:
      - keep-alive
      content-length:
      - '31'
      content-type:
      - application/json
      host:
      - localhost:8000
      user-agent:
      - cherrydb-client-py
    method: POST
    uri: http://localhost:8000/api/v1/meta/
  response:
    content: '{"notes":"adding a namespace","uuid":"ca370630-a06f-43e2-8a6f-e577093a8f68","created_at":"2023-02-20T22:41:01.409144+00:00","created_by":"pjrule@me.com"}'
    headers:
      content-length:
      - '153'
      content-type:
      - application/json
      date:
      - Mon, 20 Feb 2023 22:41:01 GMT
      server:
      - uvicorn
    http_version: HTTP/1.1
    status_code: 201
- request:
    body: '{"path": "all", "description": "Test namespace.", "public": true}'
    headers:
      X-API-Key:
      - DUMMY
      accept:
      - '*/*'
      accept-encoding:
      - gzip, deflate
      connection:
      - keep-alive
      content-length:
      - '65'
      content-type:
      - application/json
      host:
      - localhost:8000
      user-agent:
      - cherrydb-client-py
      x-cherry-meta-id:
      - ca370630-a06f-43e2-8a6f-e577093a8f68
    method: POST
    uri: http://localhost:8000/api/v1/namespaces/
  response:
    content: '{"path":"all","description":"Test namespace.","public":true,"meta":{"notes":"adding
      a namespace","uuid":"ca370630-a06f-43e2-8a6f-e577093a8f68","created_at":"2023-02-20T22:41:01.409144+00:00","created_by":"pjrule@me.com"}}'
    headers:
      content-length:
      - '221'
      content-type:
      - application/json
      date:
      - Mon, 20 Feb 2023 22:41:01 GMT
      etag:
      - '"05573c98-1970-4828-93d6-23644642ab6c"'
      server:
      - uvicorn
    http_version: HTTP/1.1
    status_code: 201
- request:
    body: ''
    headers:
      X-API-Key:
      - DUMMY
      accept:
      - '*/*'
      accept-encoding:
      - gzip, deflate
      connection:
      - keep-alive
      host:
      - localhost:8000
      user-agent:
      - cherrydb-client-py
    method: GET
    uri: http://localhost:8000/api/v1/namespaces/
  response:
    content: '[{"path":"test_geo_layer_repo_create_get__online","description":"cherrydb-client-py
      test test_geo_layer_repo_create_get__online","public":true,"meta":{"notes":"Test
      setup for cherrydb-client-py test test_geo_layer_repo_create_get__online","uuid":"124f735a-7a82-49f7-950c-c098699fbbd8","created_at":"2023-02-20T22:41:00.461701+00:00","created_by":"pjrule@me.com"}},{"path":"test_geo_layer_repo_create_get__online_offline","description":"cherrydb-client-py
      test test_geo_layer_repo_create_get__online_offline","public":true,"meta":{"notes":"Test
      setup for cherrydb-client-py test test_geo_layer_repo_create_get__online_offline","uuid":"7e5a5566-8896-491b-818f-86becebb7410","created_at":"2023-02-20T22:41:00.630640+00:00","created_by":"pjrule@me.com"}},{"path":"test_geo_layer_repo_create_all__online","description":"cherrydb-client-py
      test test_geo_layer_repo_create_all__online","public":true,"meta":{"notes":"Test
      setup for cherrydb-client-py test test_geo_layer_repo_create_all__online","uuid":"7e014477-d57b-4bd1-87cc-012885a7394a","created_at":"2023-02-20T22:41:00.706278+00:00","created_by":"pjrule@me.com"}},{"path":"test","description":"Test
      namespace.","public":true,"meta":{"notes":"adding a namespace","uuid":"3a677a69-16e9-442d-9289-96ad17ef498e","created_at":"2023-02-20T22:41:01.270559+00:00","created_by":"pjrule@me.com"}},{"path":"offline","description":"Test
      namespace.","public":true,"meta":{"notes":"adding a namespace","uuid":"3208c82b-2cd0-43af-b0c7-cbe8dddd08a2","created_at":"2023-02-20T22:41:01.357490+00:00","created_by":"pjrule@me.com"}},{"path":"all","description":"Test
      namespace.","public":true,"meta":{"notes":"adding a namespace","uuid":"ca370630-a06f-43e2-8a6f-e577093a8f68","created_at":"2023-02-20T22:41:01.409144+00:00","created_by":"pjrule@me.com"}}]'
    headers:
      content-length:
      - '1785'
      content-type:
      - application/json
      date:
      - Mon, 20 Feb 2023 22:41:01 GMT
      server:
      - uvicorn
    http_version: HTTP/1.1
    status_code: 200
- request:
    body: '{"notes": "adding a namespace"}'
    headers:
      X-API-Key:
      - DUMMY
      accept:
      - '*/*'
      accept-encoding:
      - gzip, deflate
      connection:
      - keep-alive
      content-length:
      - '31'
      content-type:
      - application/json
      host:
      - localhost:8000
      user-agent:
      - cherrydb-client-py
    method: POST
    uri: http://localhost:8000/api/v1/meta/
  response:
    content: '{"notes":"adding a namespace","uuid":"16822c35-a49a-4fb3-a1fd-ddc0dad28f49","created_at":"2023-02-20T22:43:44.446620+00:00","created_by":"pjrule@me.com"}'
    headers:
      content-length:
      - '153'
      content-type:
      - application/json
      date:
      - Mon, 20 Feb 2023 22:43:43 GMT
      server:
      - uvicorn
    http_version: HTTP/1.1
    status_code: 201
- request:
    body: '{"path": "all", "description": "Test namespace.", "public": true}'
    headers:
      X-API-Key:
      - DUMMY
      accept:
      - '*/*'
      accept-encoding:
      - gzip, deflate
      connection:
      - keep-alive
      content-length:
      - '65'
      content-type:
      - application/json
      host:
      - localhost:8000
      user-agent:
      - cherrydb-client-py
      x-cherry-meta-id:
      - 16822c35-a49a-4fb3-a1fd-ddc0dad28f49
    method: POST
    uri: http://localhost:8000/api/v1/namespaces/
  response:
    content: '{"detail":"Object creation failed. Reason: Failed to create namespace
      ''all''. (The namespace may already exist.)"}'
    headers:
      content-length:
      - '113'
      content-type:
      - application/json
      date:
      - Mon, 20 Feb 2023 22:43:43 GMT
      server:
      - uvicorn
    http_version: HTTP/1.1
    status_code: 422
- request:
    body: '{"notes": "adding a namespace"}'
    headers:
      X-API-Key:
      - DUMMY
      accept:
      - '*/*'
      accept-encoding:
      - gzip, deflate
      connection:
      - keep-alive
      content-length:
      - '31'
      content-type:
      - application/json
      host:
      - localhost:8000
      user-agent:
      - cherrydb-client-py
    method: POST
    uri: http://localhost:8000/api/v1/meta/
  response:
    content: '{"notes":"adding a namespace","uuid":"6a596bdf-8bca-4508-b8b1-80ae72eb298a","created_at":"2023-02-20T22:43:53.899550+00:00","created_by":"pjrule@me.com"}'
    headers:
      content-length:
      - '153'
      content-type:
      - application/json
      date:
      - Mon, 20 Feb 2023 22:43:53 GMT
      server:
      - uvicorn
    http_version: HTTP/1.1
    status_code: 201
- request:
    body: '{"path": "all", "description": "Test namespace.", "public": true}'
    headers:
      X-API-Key:
      - DUMMY
      accept:
      - '*/*'
      accept-encoding:
      - gzip, deflate
      connection:
      - keep-alive
      content-length:
      - '65'
      content-type:
      - application/json
      host:
      - localhost:8000
      user-agent:
      - cherrydb-client-py
      x-cherry-meta-id:
      - 6a596bdf-8bca-4508-b8b1-80ae72eb298a
    method: POST
    uri: http://localhost:8000/api/v1/namespaces/
  response:
    content: '{"path":"all","description":"Test namespace.","public":true,"meta":{"notes":"adding
      a namespace","uuid":"6a596bdf-8bca-4508-b8b1-80ae72eb298a","created_at":"2023-02-20T22:43:53.899550+00:00","created_by":"pjrule@me.com"}}'
    headers:
      content-length:
      - '221'
      content-type:
      - application/json
      date:
      - Mon, 20 Feb 2023 22:43:53 GMT
      etag:
      - '"259e3821-de3d-490a-b8b5-6e81ea4d7a52"'
      server:
      - uvicorn
    http_version: HTTP/1.1
    status_code: 201
- request:
    body: ''
    headers:
      X-API-Key:
      - DUMMY
      accept:
      - '*/*'
      accept-encoding:
      - gzip, deflate
      connection:
      - keep-alive
      host:
      - localhost:8000
      user-agent:
      - cherrydb-client-py
    method: GET
    uri: http://localhost:8000/api/v1/namespaces/
  response:
    content: '[{"path":"test_geo_layer_repo_create_get__online","description":"cherrydb-client-py
      test test_geo_layer_repo_create_get__online","public":true,"meta":{"notes":"Test
      setup for cherrydb-client-py test test_geo_layer_repo_create_get__online","uuid":"50cd47dd-d81b-4a26-a558-cdb4b45764c2","created_at":"2023-02-20T22:43:52.833527+00:00","created_by":"pjrule@me.com"}},{"path":"test_geo_layer_repo_create_get__online_offline","description":"cherrydb-client-py
      test test_geo_layer_repo_create_get__online_offline","public":true,"meta":{"notes":"Test
      setup for cherrydb-client-py test test_geo_layer_repo_create_get__online_offline","uuid":"2c189263-cdec-4473-b422-9d7fb3f6fee3","created_at":"2023-02-20T22:43:53.029705+00:00","created_by":"pjrule@me.com"}},{"path":"test_geo_layer_repo_create_all__online","description":"cherrydb-client-py
      test test_geo_layer_repo_create_all__online","public":true,"meta":{"notes":"Test
      setup for cherrydb-client-py test test_geo_layer_repo_create_all__online","uuid":"d789434b-01b1-410b-b7e2-dd8e138cb8c5","created_at":"2023-02-20T22:43:53.125939+00:00","created_by":"pjrule@me.com"}},{"path":"test","description":"Test
      namespace.","public":true,"meta":{"notes":"adding a namespace","uuid":"45771549-93d4-49ce-9ac6-864ffc05c13f","created_at":"2023-02-20T22:43:53.733363+00:00","created_by":"pjrule@me.com"}},{"path":"offline","description":"Test
      namespace.","public":true,"meta":{"notes":"adding a namespace","uuid":"1ce6cdc9-1cf1-4cf2-8396-a56d9437556b","created_at":"2023-02-20T22:43:53.830361+00:00","created_by":"pjrule@me.com"}},{"path":"all","description":"Test
      namespace.","public":true,"meta":{"notes":"adding a namespace","uuid":"6a596bdf-8bca-4508-b8b1-80ae72eb298a","created_at":"2023-02-20T22:43:53.899550+00:00","created_by":"pjrule@me.com"}}]'
    headers:
      content-length:
      - '1785'
      content-type:
      - application/json
      date:
      - Mon, 20 Feb 2023 22:43:53 GMT
      server:
      - uvicorn
    http_version: HTTP/1.1
    status_code: 200
- request:
    body: '{"notes": "adding a namespace"}'
    headers:
      X-API-Key:
      - DUMMY
      accept:
      - '*/*'
      accept-encoding:
      - gzip, deflate
      connection:
      - keep-alive
      content-length:
      - '31'
      content-type:
      - application/json
      host:
      - localhost:8000
      user-agent:
      - cherrydb-client-py
    method: POST
    uri: http://localhost:8000/api/v1/meta/
  response:
    content: '{"notes":"adding a namespace","uuid":"6568f045-ed79-4d7d-9102-91f96031efbc","created_at":"2023-02-20T22:44:37.369945+00:00","created_by":"pjrule@me.com"}'
    headers:
      content-length:
      - '153'
      content-type:
      - application/json
      date:
      - Mon, 20 Feb 2023 22:44:36 GMT
      server:
      - uvicorn
    http_version: HTTP/1.1
    status_code: 201
- request:
    body: '{"path": "all", "description": "Test namespace.", "public": true}'
    headers:
      X-API-Key:
      - DUMMY
      accept:
      - '*/*'
      accept-encoding:
      - gzip, deflate
      connection:
      - keep-alive
      content-length:
      - '65'
      content-type:
      - application/json
      host:
      - localhost:8000
      user-agent:
      - cherrydb-client-py
      x-cherry-meta-id:
      - 6568f045-ed79-4d7d-9102-91f96031efbc
    method: POST
    uri: http://localhost:8000/api/v1/namespaces/
  response:
    content: '{"path":"all","description":"Test namespace.","public":true,"meta":{"notes":"adding
      a namespace","uuid":"6568f045-ed79-4d7d-9102-91f96031efbc","created_at":"2023-02-20T22:44:37.369945+00:00","created_by":"pjrule@me.com"}}'
    headers:
      content-length:
      - '221'
      content-type:
      - application/json
      date:
      - Mon, 20 Feb 2023 22:44:36 GMT
      etag:
      - '"8df205de-b3c8-4b65-8475-c8e5b35d0bcb"'
      server:
      - uvicorn
    http_version: HTTP/1.1
    status_code: 201
- request:
    body: ''
    headers:
      X-API-Key:
      - DUMMY
      accept:
      - '*/*'
      accept-encoding:
      - gzip, deflate
      connection:
      - keep-alive
      host:
      - localhost:8000
      user-agent:
      - cherrydb-client-py
    method: GET
    uri: http://localhost:8000/api/v1/namespaces/
  response:
    content: '[{"path":"test_geo_layer_repo_create_get__online","description":"cherrydb-client-py
      test test_geo_layer_repo_create_get__online","public":true,"meta":{"notes":"Test
      setup for cherrydb-client-py test test_geo_layer_repo_create_get__online","uuid":"33976abf-fec2-41fe-9a8c-dce497c80462","created_at":"2023-02-20T22:44:36.167604+00:00","created_by":"pjrule@me.com"}},{"path":"test_geo_layer_repo_create_get__online_offline","description":"cherrydb-client-py
      test test_geo_layer_repo_create_get__online_offline","public":true,"meta":{"notes":"Test
      setup for cherrydb-client-py test test_geo_layer_repo_create_get__online_offline","uuid":"fddf840f-3f20-4def-8f1e-36c9a57fea06","created_at":"2023-02-20T22:44:36.366435+00:00","created_by":"pjrule@me.com"}},{"path":"test_geo_layer_repo_create_all__online","description":"cherrydb-client-py
      test test_geo_layer_repo_create_all__online","public":true,"meta":{"notes":"Test
      setup for cherrydb-client-py test test_geo_layer_repo_create_all__online","uuid":"c534ffa9-4723-4807-b356-b5cc82a25639","created_at":"2023-02-20T22:44:36.471225+00:00","created_by":"pjrule@me.com"}},{"path":"test","description":"Test
      namespace.","public":true,"meta":{"notes":"adding a namespace","uuid":"f0995028-3a6d-44db-956f-619eba914aea","created_at":"2023-02-20T22:44:37.203501+00:00","created_by":"pjrule@me.com"}},{"path":"offline","description":"Test
      namespace.","public":true,"meta":{"notes":"adding a namespace","uuid":"02401efa-62e0-4231-8f72-154d5fb810df","created_at":"2023-02-20T22:44:37.302330+00:00","created_by":"pjrule@me.com"}},{"path":"all","description":"Test
      namespace.","public":true,"meta":{"notes":"adding a namespace","uuid":"6568f045-ed79-4d7d-9102-91f96031efbc","created_at":"2023-02-20T22:44:37.369945+00:00","created_by":"pjrule@me.com"}}]'
    headers:
      content-length:
      - '1785'
      content-type:
      - application/json
      date:
      - Mon, 20 Feb 2023 22:44:36 GMT
      server:
      - uvicorn
    http_version: HTTP/1.1
    status_code: 200
- request:
    body: '{"notes": "adding a namespace"}'
    headers:
      X-API-Key:
      - DUMMY
      accept:
      - '*/*'
      accept-encoding:
      - gzip, deflate
      connection:
      - keep-alive
      content-length:
      - '31'
      content-type:
      - application/json
      host:
      - localhost:8000
      user-agent:
      - cherrydb-client-py
    method: POST
    uri: http://localhost:8000/api/v1/meta/
  response:
    content: '{"notes":"adding a namespace","uuid":"e2c428b2-fa96-465a-a991-4b88ed48545f","created_at":"2023-02-20T22:46:05.655534+00:00","created_by":"pjrule@me.com"}'
    headers:
      content-length:
      - '153'
      content-type:
      - application/json
      date:
      - Mon, 20 Feb 2023 22:46:05 GMT
      server:
      - uvicorn
    http_version: HTTP/1.1
    status_code: 201
- request:
    body: '{"path": "all", "description": "Test namespace.", "public": true}'
    headers:
      X-API-Key:
      - DUMMY
      accept:
      - '*/*'
      accept-encoding:
      - gzip, deflate
      connection:
      - keep-alive
      content-length:
      - '65'
      content-type:
      - application/json
      host:
      - localhost:8000
      user-agent:
      - cherrydb-client-py
      x-cherry-meta-id:
      - e2c428b2-fa96-465a-a991-4b88ed48545f
    method: POST
    uri: http://localhost:8000/api/v1/namespaces/
  response:
    content: '{"path":"all","description":"Test namespace.","public":true,"meta":{"notes":"adding
      a namespace","uuid":"e2c428b2-fa96-465a-a991-4b88ed48545f","created_at":"2023-02-20T22:46:05.655534+00:00","created_by":"pjrule@me.com"}}'
    headers:
      content-length:
      - '221'
      content-type:
      - application/json
      date:
      - Mon, 20 Feb 2023 22:46:05 GMT
      etag:
      - '"a44bb11e-55d5-406a-a441-bbe73abdcdef"'
      server:
      - uvicorn
    http_version: HTTP/1.1
    status_code: 201
- request:
    body: ''
    headers:
      X-API-Key:
      - DUMMY
      accept:
      - '*/*'
      accept-encoding:
      - gzip, deflate
      connection:
      - keep-alive
      host:
      - localhost:8000
      user-agent:
      - cherrydb-client-py
    method: GET
    uri: http://localhost:8000/api/v1/namespaces/
  response:
    content: '[{"path":"test_geo_layer_repo_create_get__online","description":"cherrydb-client-py
      test test_geo_layer_repo_create_get__online","public":true,"meta":{"notes":"Test
      setup for cherrydb-client-py test test_geo_layer_repo_create_get__online","uuid":"14ee6634-e5cf-433e-914a-4c15fdb79bfe","created_at":"2023-02-20T22:46:04.392688+00:00","created_by":"pjrule@me.com"}},{"path":"test_geo_layer_repo_create_get__online_offline","description":"cherrydb-client-py
      test test_geo_layer_repo_create_get__online_offline","public":true,"meta":{"notes":"Test
      setup for cherrydb-client-py test test_geo_layer_repo_create_get__online_offline","uuid":"85faed06-3f61-4cbf-9052-99e501a2c560","created_at":"2023-02-20T22:46:04.599440+00:00","created_by":"pjrule@me.com"}},{"path":"test_geo_layer_repo_create_all__online","description":"cherrydb-client-py
      test test_geo_layer_repo_create_all__online","public":true,"meta":{"notes":"Test
      setup for cherrydb-client-py test test_geo_layer_repo_create_all__online","uuid":"65cf1946-60c2-4b6c-9982-167f954ae284","created_at":"2023-02-20T22:46:04.709878+00:00","created_by":"pjrule@me.com"}},{"path":"test","description":"Test
      namespace.","public":true,"meta":{"notes":"adding a namespace","uuid":"682ffc05-4262-42ae-9984-cddd628be1ed","created_at":"2023-02-20T22:46:05.505789+00:00","created_by":"pjrule@me.com"}},{"path":"offline","description":"Test
      namespace.","public":true,"meta":{"notes":"adding a namespace","uuid":"92c3b1ed-db0d-42ee-80cb-4e5fecc7da56","created_at":"2023-02-20T22:46:05.596331+00:00","created_by":"pjrule@me.com"}},{"path":"all","description":"Test
      namespace.","public":true,"meta":{"notes":"adding a namespace","uuid":"e2c428b2-fa96-465a-a991-4b88ed48545f","created_at":"2023-02-20T22:46:05.655534+00:00","created_by":"pjrule@me.com"}}]'
    headers:
      content-length:
      - '1785'
      content-type:
      - application/json
      date:
      - Mon, 20 Feb 2023 22:46:05 GMT
      server:
      - uvicorn
    http_version: HTTP/1.1
    status_code: 200
- request:
    body: '{"notes": "adding a namespace"}'
    headers:
      X-API-Key:
      - DUMMY
      accept:
      - '*/*'
      accept-encoding:
      - gzip, deflate
      connection:
      - keep-alive
      content-length:
      - '31'
      content-type:
      - application/json
      host:
      - localhost:8000
      user-agent:
      - cherrydb-client-py
    method: POST
    uri: http://localhost:8000/api/v1/meta/
  response:
    content: '{"notes":"adding a namespace","uuid":"94cc19b0-acc8-4df7-ba21-39e39968d9c5","created_at":"2023-02-20T22:47:25.472834+00:00","created_by":"pjrule@me.com"}'
    headers:
      content-length:
      - '153'
      content-type:
      - application/json
      date:
      - Mon, 20 Feb 2023 22:47:24 GMT
      server:
      - uvicorn
    http_version: HTTP/1.1
    status_code: 201
- request:
    body: '{"path": "all", "description": "Test namespace.", "public": true}'
    headers:
      X-API-Key:
      - DUMMY
      accept:
      - '*/*'
      accept-encoding:
      - gzip, deflate
      connection:
      - keep-alive
      content-length:
      - '65'
      content-type:
      - application/json
      host:
      - localhost:8000
      user-agent:
      - cherrydb-client-py
      x-cherry-meta-id:
      - 94cc19b0-acc8-4df7-ba21-39e39968d9c5
    method: POST
    uri: http://localhost:8000/api/v1/namespaces/
  response:
    content: '{"path":"all","description":"Test namespace.","public":true,"meta":{"notes":"adding
      a namespace","uuid":"94cc19b0-acc8-4df7-ba21-39e39968d9c5","created_at":"2023-02-20T22:47:25.472834+00:00","created_by":"pjrule@me.com"}}'
    headers:
      content-length:
      - '221'
      content-type:
      - application/json
      date:
      - Mon, 20 Feb 2023 22:47:24 GMT
      etag:
      - '"4782cf03-35a7-4e3d-bd05-8aa7c5f78966"'
      server:
      - uvicorn
    http_version: HTTP/1.1
    status_code: 201
- request:
    body: ''
    headers:
      X-API-Key:
      - DUMMY
      accept:
      - '*/*'
      accept-encoding:
      - gzip, deflate
      connection:
      - keep-alive
      host:
      - localhost:8000
      user-agent:
      - cherrydb-client-py
    method: GET
    uri: http://localhost:8000/api/v1/namespaces/
  response:
    content: '[{"path":"test_geo_layer_repo_create_get__online","description":"cherrydb-client-py
      test test_geo_layer_repo_create_get__online","public":true,"meta":{"notes":"Test
      setup for cherrydb-client-py test test_geo_layer_repo_create_get__online","uuid":"9cd00525-ddf7-4127-8a40-29495f5ae774","created_at":"2023-02-20T22:47:24.149418+00:00","created_by":"pjrule@me.com"}},{"path":"test_geo_layer_repo_create_get__online_offline","description":"cherrydb-client-py
      test test_geo_layer_repo_create_get__online_offline","public":true,"meta":{"notes":"Test
      setup for cherrydb-client-py test test_geo_layer_repo_create_get__online_offline","uuid":"75513fb9-46ba-44d7-892b-c700baf49b0d","created_at":"2023-02-20T22:47:24.477598+00:00","created_by":"pjrule@me.com"}},{"path":"test_geo_layer_repo_create_all__online","description":"cherrydb-client-py
      test test_geo_layer_repo_create_all__online","public":true,"meta":{"notes":"Test
      setup for cherrydb-client-py test test_geo_layer_repo_create_all__online","uuid":"801a9da0-66f7-4106-87c7-4c2a1be5414c","created_at":"2023-02-20T22:47:24.603514+00:00","created_by":"pjrule@me.com"}},{"path":"test","description":"Test
      namespace.","public":true,"meta":{"notes":"adding a namespace","uuid":"466cb5cc-2bc5-4c6e-8566-aebf0f390079","created_at":"2023-02-20T22:47:25.297697+00:00","created_by":"pjrule@me.com"}},{"path":"offline","description":"Test
      namespace.","public":true,"meta":{"notes":"adding a namespace","uuid":"6dab1434-83d4-49cc-9e73-b2011c834ba1","created_at":"2023-02-20T22:47:25.398948+00:00","created_by":"pjrule@me.com"}},{"path":"all","description":"Test
      namespace.","public":true,"meta":{"notes":"adding a namespace","uuid":"94cc19b0-acc8-4df7-ba21-39e39968d9c5","created_at":"2023-02-20T22:47:25.472834+00:00","created_by":"pjrule@me.com"}}]'
    headers:
      content-length:
      - '1785'
      content-type:
      - application/json
      date:
      - Mon, 20 Feb 2023 22:47:25 GMT
      server:
      - uvicorn
    http_version: HTTP/1.1
    status_code: 200
- request:
    body: '{"notes": "adding a namespace"}'
    headers:
      X-API-Key:
      - DUMMY
      accept:
      - '*/*'
      accept-encoding:
      - gzip, deflate
      connection:
      - keep-alive
      content-length:
      - '31'
      content-type:
      - application/json
      host:
      - localhost:8000
      user-agent:
      - cherrydb-client-py
    method: POST
    uri: http://localhost:8000/api/v1/meta/
  response:
    content: '{"notes":"adding a namespace","uuid":"668c2e2d-0f91-4c17-9715-5bd586b8f871","created_at":"2023-02-20T22:48:14.604260+00:00","created_by":"pjrule@me.com"}'
    headers:
      content-length:
      - '153'
      content-type:
      - application/json
      date:
      - Mon, 20 Feb 2023 22:48:13 GMT
      server:
      - uvicorn
    http_version: HTTP/1.1
    status_code: 201
- request:
    body: '{"path": "all", "description": "Test namespace.", "public": true}'
    headers:
      X-API-Key:
      - DUMMY
      accept:
      - '*/*'
      accept-encoding:
      - gzip, deflate
      connection:
      - keep-alive
      content-length:
      - '65'
      content-type:
      - application/json
      host:
      - localhost:8000
      user-agent:
      - cherrydb-client-py
      x-cherry-meta-id:
      - 668c2e2d-0f91-4c17-9715-5bd586b8f871
    method: POST
    uri: http://localhost:8000/api/v1/namespaces/
  response:
    content: '{"path":"all","description":"Test namespace.","public":true,"meta":{"notes":"adding
      a namespace","uuid":"668c2e2d-0f91-4c17-9715-5bd586b8f871","created_at":"2023-02-20T22:48:14.604260+00:00","created_by":"pjrule@me.com"}}'
    headers:
      content-length:
      - '221'
      content-type:
      - application/json
      date:
      - Mon, 20 Feb 2023 22:48:13 GMT
      etag:
      - '"e74671db-2bab-4827-8c1b-1487928a1160"'
      server:
      - uvicorn
    http_version: HTTP/1.1
    status_code: 201
- request:
    body: ''
    headers:
      X-API-Key:
      - DUMMY
      accept:
      - '*/*'
      accept-encoding:
      - gzip, deflate
      connection:
      - keep-alive
      host:
      - localhost:8000
      user-agent:
      - cherrydb-client-py
    method: GET
    uri: http://localhost:8000/api/v1/namespaces/
  response:
    content: '[{"path":"test_geo_layer_repo_create_get__online","description":"cherrydb-client-py
      test test_geo_layer_repo_create_get__online","public":true,"meta":{"notes":"Test
      setup for cherrydb-client-py test test_geo_layer_repo_create_get__online","uuid":"5aea778c-eb2e-44e8-afa8-0afc74aadb8a","created_at":"2023-02-20T22:48:13.455673+00:00","created_by":"pjrule@me.com"}},{"path":"test_geo_layer_repo_create_get__online_offline","description":"cherrydb-client-py
      test test_geo_layer_repo_create_get__online_offline","public":true,"meta":{"notes":"Test
      setup for cherrydb-client-py test test_geo_layer_repo_create_get__online_offline","uuid":"3e3f0762-bc42-43e7-b688-01be99159bbe","created_at":"2023-02-20T22:48:13.679010+00:00","created_by":"pjrule@me.com"}},{"path":"test_geo_layer_repo_create_all__online","description":"cherrydb-client-py
      test test_geo_layer_repo_create_all__online","public":true,"meta":{"notes":"Test
      setup for cherrydb-client-py test test_geo_layer_repo_create_all__online","uuid":"9b2f7f9a-14c0-4904-9040-c15fe03d84c3","created_at":"2023-02-20T22:48:13.809928+00:00","created_by":"pjrule@me.com"}},{"path":"test","description":"Test
      namespace.","public":true,"meta":{"notes":"adding a namespace","uuid":"fbcc1fa7-e56f-42cc-b3e9-2f5ff891b85e","created_at":"2023-02-20T22:48:14.438601+00:00","created_by":"pjrule@me.com"}},{"path":"offline","description":"Test
      namespace.","public":true,"meta":{"notes":"adding a namespace","uuid":"55b4650a-54c7-402b-bc47-a4aaac6d6abd","created_at":"2023-02-20T22:48:14.539499+00:00","created_by":"pjrule@me.com"}},{"path":"all","description":"Test
      namespace.","public":true,"meta":{"notes":"adding a namespace","uuid":"668c2e2d-0f91-4c17-9715-5bd586b8f871","created_at":"2023-02-20T22:48:14.604260+00:00","created_by":"pjrule@me.com"}}]'
    headers:
      content-length:
      - '1785'
      content-type:
      - application/json
      date:
      - Mon, 20 Feb 2023 22:48:13 GMT
      server:
      - uvicorn
    http_version: HTTP/1.1
    status_code: 200
- request:
    body: '{"notes": "adding a namespace"}'
    headers:
      X-API-Key:
      - DUMMY
      accept:
      - '*/*'
      accept-encoding:
      - gzip, deflate
      connection:
      - keep-alive
      content-length:
      - '31'
      content-type:
      - application/json
      host:
      - localhost:8000
      user-agent:
      - cherrydb-client-py
    method: POST
    uri: http://localhost:8000/api/v1/meta/
  response:
    content: '{"notes":"adding a namespace","uuid":"aea31cf2-ed18-40a3-8915-a587464698ec","created_at":"2023-02-20T22:53:29.637788+00:00","created_by":"pjrule@me.com"}'
    headers:
      content-length:
      - '153'
      content-type:
      - application/json
      date:
      - Mon, 20 Feb 2023 22:53:29 GMT
      server:
      - uvicorn
    http_version: HTTP/1.1
    status_code: 201
- request:
    body: '{"path": "all", "description": "Test namespace.", "public": true}'
    headers:
      X-API-Key:
      - DUMMY
      accept:
      - '*/*'
      accept-encoding:
      - gzip, deflate
      connection:
      - keep-alive
      content-length:
      - '65'
      content-type:
      - application/json
      host:
      - localhost:8000
      user-agent:
      - cherrydb-client-py
      x-cherry-meta-id:
      - aea31cf2-ed18-40a3-8915-a587464698ec
    method: POST
    uri: http://localhost:8000/api/v1/namespaces/
  response:
    content: '{"path":"all","description":"Test namespace.","public":true,"meta":{"notes":"adding
      a namespace","uuid":"aea31cf2-ed18-40a3-8915-a587464698ec","created_at":"2023-02-20T22:53:29.637788+00:00","created_by":"pjrule@me.com"}}'
    headers:
      content-length:
      - '221'
      content-type:
      - application/json
      date:
      - Mon, 20 Feb 2023 22:53:29 GMT
      etag:
      - '"7eb67a55-cc88-4cb0-8dee-7266ca386b47"'
      server:
      - uvicorn
    http_version: HTTP/1.1
    status_code: 201
- request:
    body: ''
    headers:
      X-API-Key:
      - DUMMY
      accept:
      - '*/*'
      accept-encoding:
      - gzip, deflate
      connection:
      - keep-alive
      host:
      - localhost:8000
      user-agent:
      - cherrydb-client-py
    method: GET
    uri: http://localhost:8000/api/v1/namespaces/
  response:
    content: '[{"path":"test_geo_layer_repo_create_get__online","description":"cherrydb-client-py
      test test_geo_layer_repo_create_get__online","public":true,"meta":{"notes":"Test
      setup for cherrydb-client-py test test_geo_layer_repo_create_get__online","uuid":"9e16d379-0817-468a-abba-0d273957f171","created_at":"2023-02-20T22:53:28.278113+00:00","created_by":"pjrule@me.com"}},{"path":"test_geo_layer_repo_create_get__online_offline","description":"cherrydb-client-py
      test test_geo_layer_repo_create_get__online_offline","public":true,"meta":{"notes":"Test
      setup for cherrydb-client-py test test_geo_layer_repo_create_get__online_offline","uuid":"04b0a977-40e4-4fb2-be66-a14fc26de410","created_at":"2023-02-20T22:53:28.623523+00:00","created_by":"pjrule@me.com"}},{"path":"test_geo_layer_repo_create_all__online","description":"cherrydb-client-py
      test test_geo_layer_repo_create_all__online","public":true,"meta":{"notes":"Test
      setup for cherrydb-client-py test test_geo_layer_repo_create_all__online","uuid":"0ea7ad36-4113-4616-8c8a-9c6e1debc5b6","created_at":"2023-02-20T22:53:28.755101+00:00","created_by":"pjrule@me.com"}},{"path":"test","description":"Test
      namespace.","public":true,"meta":{"notes":"adding a namespace","uuid":"00afee6f-5d62-4ac8-946c-459c57e81715","created_at":"2023-02-20T22:53:29.469224+00:00","created_by":"pjrule@me.com"}},{"path":"offline","description":"Test
      namespace.","public":true,"meta":{"notes":"adding a namespace","uuid":"9e448158-4133-4301-b717-e7ccb23dcf9e","created_at":"2023-02-20T22:53:29.569496+00:00","created_by":"pjrule@me.com"}},{"path":"all","description":"Test
      namespace.","public":true,"meta":{"notes":"adding a namespace","uuid":"aea31cf2-ed18-40a3-8915-a587464698ec","created_at":"2023-02-20T22:53:29.637788+00:00","created_by":"pjrule@me.com"}}]'
    headers:
      content-length:
      - '1785'
      content-type:
      - application/json
      date:
      - Mon, 20 Feb 2023 22:53:29 GMT
      server:
      - uvicorn
    http_version: HTTP/1.1
    status_code: 200
- request:
    body: '{"notes": "adding a namespace"}'
    headers:
      X-API-Key:
      - DUMMY
      accept:
      - '*/*'
      accept-encoding:
      - gzip, deflate
      connection:
      - keep-alive
      content-length:
      - '31'
      content-type:
      - application/json
      host:
      - localhost:8000
      user-agent:
      - cherrydb-client-py
    method: POST
    uri: http://localhost:8000/api/v1/meta/
  response:
    content: '{"notes":"adding a namespace","uuid":"36e80dc4-686b-4cff-ac84-246e368ef4fa","created_at":"2023-02-20T22:54:56.630547+00:00","created_by":"pjrule@me.com"}'
    headers:
      content-length:
      - '153'
      content-type:
      - application/json
      date:
      - Mon, 20 Feb 2023 22:54:56 GMT
      server:
      - uvicorn
    http_version: HTTP/1.1
    status_code: 201
- request:
    body: '{"path": "all", "description": "Test namespace.", "public": true}'
    headers:
      X-API-Key:
      - DUMMY
      accept:
      - '*/*'
      accept-encoding:
      - gzip, deflate
      connection:
      - keep-alive
      content-length:
      - '65'
      content-type:
      - application/json
      host:
      - localhost:8000
      user-agent:
      - cherrydb-client-py
      x-cherry-meta-id:
      - 36e80dc4-686b-4cff-ac84-246e368ef4fa
    method: POST
    uri: http://localhost:8000/api/v1/namespaces/
  response:
    content: '{"path":"all","description":"Test namespace.","public":true,"meta":{"notes":"adding
      a namespace","uuid":"36e80dc4-686b-4cff-ac84-246e368ef4fa","created_at":"2023-02-20T22:54:56.630547+00:00","created_by":"pjrule@me.com"}}'
    headers:
      content-length:
      - '221'
      content-type:
      - application/json
      date:
      - Mon, 20 Feb 2023 22:54:56 GMT
      etag:
      - '"e2447c15-2ee9-43f2-b954-10ef7acf4199"'
      server:
      - uvicorn
    http_version: HTTP/1.1
    status_code: 201
- request:
    body: ''
    headers:
      X-API-Key:
      - DUMMY
      accept:
      - '*/*'
      accept-encoding:
      - gzip, deflate
      connection:
      - keep-alive
      host:
      - localhost:8000
      user-agent:
      - cherrydb-client-py
    method: GET
    uri: http://localhost:8000/api/v1/namespaces/
  response:
    content: '[{"path":"test_geo_layer_repo_create_get__online","description":"cherrydb-client-py
      test test_geo_layer_repo_create_get__online","public":true,"meta":{"notes":"Test
      setup for cherrydb-client-py test test_geo_layer_repo_create_get__online","uuid":"52dd7295-842c-4aac-8100-a64833e12973","created_at":"2023-02-20T22:54:55.206865+00:00","created_by":"pjrule@me.com"}},{"path":"test_geo_layer_repo_create_get__online_offline","description":"cherrydb-client-py
      test test_geo_layer_repo_create_get__online_offline","public":true,"meta":{"notes":"Test
      setup for cherrydb-client-py test test_geo_layer_repo_create_get__online_offline","uuid":"48e44b84-5e24-4cf9-bd1f-cb4ab02f4267","created_at":"2023-02-20T22:54:55.471090+00:00","created_by":"pjrule@me.com"}},{"path":"test_geo_layer_repo_create_all__online","description":"cherrydb-client-py
      test test_geo_layer_repo_create_all__online","public":true,"meta":{"notes":"Test
      setup for cherrydb-client-py test test_geo_layer_repo_create_all__online","uuid":"feb2a1d9-ebc2-474e-887a-ec8e626e7566","created_at":"2023-02-20T22:54:55.596145+00:00","created_by":"pjrule@me.com"}},{"path":"test","description":"Test
      namespace.","public":true,"meta":{"notes":"adding a namespace","uuid":"3b1178d2-4f6f-43dc-8685-d5734f1cb628","created_at":"2023-02-20T22:54:56.327684+00:00","created_by":"pjrule@me.com"}},{"path":"offline","description":"Test
      namespace.","public":true,"meta":{"notes":"adding a namespace","uuid":"20778bba-6ffd-4fa0-b6ed-722626874950","created_at":"2023-02-20T22:54:56.442927+00:00","created_by":"pjrule@me.com"}},{"path":"all","description":"Test
      namespace.","public":true,"meta":{"notes":"adding a namespace","uuid":"36e80dc4-686b-4cff-ac84-246e368ef4fa","created_at":"2023-02-20T22:54:56.630547+00:00","created_by":"pjrule@me.com"}}]'
    headers:
      content-length:
      - '1785'
      content-type:
      - application/json
      date:
      - Mon, 20 Feb 2023 22:54:56 GMT
      server:
      - uvicorn
    http_version: HTTP/1.1
    status_code: 200
- request:
    body: '{"notes": "adding a namespace"}'
    headers:
      X-API-Key:
      - DUMMY
      accept:
      - '*/*'
      accept-encoding:
      - gzip, deflate
      connection:
      - keep-alive
      content-length:
      - '31'
      content-type:
      - application/json
      host:
      - localhost:8000
      user-agent:
      - cherrydb-client-py
    method: POST
    uri: http://localhost:8000/api/v1/meta/
  response:
    content: '{"notes":"adding a namespace","uuid":"398a4ce2-302d-4d2f-98d4-8e49168082c6","created_at":"2023-02-20T22:57:11.831088+00:00","created_by":"pjrule@me.com"}'
    headers:
      content-length:
      - '153'
      content-type:
      - application/json
      date:
      - Mon, 20 Feb 2023 22:57:11 GMT
      server:
      - uvicorn
    http_version: HTTP/1.1
    status_code: 201
- request:
    body: '{"path": "all", "description": "Test namespace.", "public": true}'
    headers:
      X-API-Key:
      - DUMMY
      accept:
      - '*/*'
      accept-encoding:
      - gzip, deflate
      connection:
      - keep-alive
      content-length:
      - '65'
      content-type:
      - application/json
      host:
      - localhost:8000
      user-agent:
      - cherrydb-client-py
      x-cherry-meta-id:
      - 398a4ce2-302d-4d2f-98d4-8e49168082c6
    method: POST
    uri: http://localhost:8000/api/v1/namespaces/
  response:
    content: '{"path":"all","description":"Test namespace.","public":true,"meta":{"notes":"adding
      a namespace","uuid":"398a4ce2-302d-4d2f-98d4-8e49168082c6","created_at":"2023-02-20T22:57:11.831088+00:00","created_by":"pjrule@me.com"}}'
    headers:
      content-length:
      - '221'
      content-type:
      - application/json
      date:
      - Mon, 20 Feb 2023 22:57:11 GMT
      etag:
      - '"39865a7d-e99b-45dd-aaea-5835edd72375"'
      server:
      - uvicorn
    http_version: HTTP/1.1
    status_code: 201
- request:
    body: ''
    headers:
      X-API-Key:
      - DUMMY
      accept:
      - '*/*'
      accept-encoding:
      - gzip, deflate
      connection:
      - keep-alive
      host:
      - localhost:8000
      user-agent:
      - cherrydb-client-py
    method: GET
    uri: http://localhost:8000/api/v1/namespaces/
  response:
    content: '[{"path":"test_geo_layer_repo_create_get__online","description":"cherrydb-client-py
      test test_geo_layer_repo_create_get__online","public":true,"meta":{"notes":"Test
      setup for cherrydb-client-py test test_geo_layer_repo_create_get__online","uuid":"e9ab3b5f-7197-4282-9618-d15a66160426","created_at":"2023-02-20T22:57:10.397992+00:00","created_by":"pjrule@me.com"}},{"path":"test_geo_layer_repo_create_get__online_offline","description":"cherrydb-client-py
      test test_geo_layer_repo_create_get__online_offline","public":true,"meta":{"notes":"Test
      setup for cherrydb-client-py test test_geo_layer_repo_create_get__online_offline","uuid":"df636b03-aa56-4422-b722-171371583465","created_at":"2023-02-20T22:57:10.765561+00:00","created_by":"pjrule@me.com"}},{"path":"test_geo_layer_repo_create_all__online","description":"cherrydb-client-py
      test test_geo_layer_repo_create_all__online","public":true,"meta":{"notes":"Test
      setup for cherrydb-client-py test test_geo_layer_repo_create_all__online","uuid":"01d21b78-c986-4a0b-8fc6-3c90031a7494","created_at":"2023-02-20T22:57:10.891246+00:00","created_by":"pjrule@me.com"}},{"path":"test","description":"Test
      namespace.","public":true,"meta":{"notes":"adding a namespace","uuid":"05f36788-d30a-4a84-beab-e26b052413ac","created_at":"2023-02-20T22:57:11.636969+00:00","created_by":"pjrule@me.com"}},{"path":"offline","description":"Test
      namespace.","public":true,"meta":{"notes":"adding a namespace","uuid":"486ca1f6-b9fa-4f3c-beb9-b1e156ff6fa7","created_at":"2023-02-20T22:57:11.750152+00:00","created_by":"pjrule@me.com"}},{"path":"all","description":"Test
      namespace.","public":true,"meta":{"notes":"adding a namespace","uuid":"398a4ce2-302d-4d2f-98d4-8e49168082c6","created_at":"2023-02-20T22:57:11.831088+00:00","created_by":"pjrule@me.com"}}]'
    headers:
      content-length:
      - '1785'
      content-type:
      - application/json
      date:
      - Mon, 20 Feb 2023 22:57:11 GMT
      server:
      - uvicorn
    http_version: HTTP/1.1
    status_code: 200
- request:
    body: '{"notes": "adding a namespace"}'
    headers:
      X-API-Key:
      - DUMMY
      accept:
      - '*/*'
      accept-encoding:
      - gzip, deflate
      connection:
      - keep-alive
      content-length:
      - '31'
      content-type:
      - application/json
      host:
      - localhost:8000
      user-agent:
      - cherrydb-client-py
    method: POST
    uri: http://localhost:8000/api/v1/meta/
  response:
    content: '{"notes":"adding a namespace","uuid":"c3694229-edc7-4c83-8eeb-8317be51eba4","created_at":"2023-02-20T22:59:40.023740+00:00","created_by":"pjrule@me.com"}'
    headers:
      content-length:
      - '153'
      content-type:
      - application/json
      date:
      - Mon, 20 Feb 2023 22:59:39 GMT
      server:
      - uvicorn
    http_version: HTTP/1.1
    status_code: 201
- request:
    body: '{"path": "all", "description": "Test namespace.", "public": true}'
    headers:
      X-API-Key:
      - DUMMY
      accept:
      - '*/*'
      accept-encoding:
      - gzip, deflate
      connection:
      - keep-alive
      content-length:
      - '65'
      content-type:
      - application/json
      host:
      - localhost:8000
      user-agent:
      - cherrydb-client-py
      x-cherry-meta-id:
      - c3694229-edc7-4c83-8eeb-8317be51eba4
    method: POST
    uri: http://localhost:8000/api/v1/namespaces/
  response:
    content: '{"path":"all","description":"Test namespace.","public":true,"meta":{"notes":"adding
      a namespace","uuid":"c3694229-edc7-4c83-8eeb-8317be51eba4","created_at":"2023-02-20T22:59:40.023740+00:00","created_by":"pjrule@me.com"}}'
    headers:
      content-length:
      - '221'
      content-type:
      - application/json
      date:
      - Mon, 20 Feb 2023 22:59:39 GMT
      etag:
      - '"362d9bac-ee21-4ecd-9a34-e1d07958f208"'
      server:
      - uvicorn
    http_version: HTTP/1.1
    status_code: 201
- request:
    body: ''
    headers:
      X-API-Key:
      - DUMMY
      accept:
      - '*/*'
      accept-encoding:
      - gzip, deflate
      connection:
      - keep-alive
      host:
      - localhost:8000
      user-agent:
      - cherrydb-client-py
    method: GET
    uri: http://localhost:8000/api/v1/namespaces/
  response:
    content: '[{"path":"test_geo_layer_repo_create_get__online","description":"cherrydb-client-py
      test test_geo_layer_repo_create_get__online","public":true,"meta":{"notes":"Test
      setup for cherrydb-client-py test test_geo_layer_repo_create_get__online","uuid":"e7386218-3058-44e5-9342-cddf3057e339","created_at":"2023-02-20T22:59:38.648261+00:00","created_by":"pjrule@me.com"}},{"path":"test_geo_layer_repo_create_get__online_offline","description":"cherrydb-client-py
      test test_geo_layer_repo_create_get__online_offline","public":true,"meta":{"notes":"Test
      setup for cherrydb-client-py test test_geo_layer_repo_create_get__online_offline","uuid":"693e645b-918e-4434-97d2-b921c2cc2424","created_at":"2023-02-20T22:59:39.013977+00:00","created_by":"pjrule@me.com"}},{"path":"test_geo_layer_repo_create_all__online","description":"cherrydb-client-py
      test test_geo_layer_repo_create_all__online","public":true,"meta":{"notes":"Test
      setup for cherrydb-client-py test test_geo_layer_repo_create_all__online","uuid":"2b5aee5d-391c-4ea9-9974-8ade72cee73d","created_at":"2023-02-20T22:59:39.152759+00:00","created_by":"pjrule@me.com"}},{"path":"test","description":"Test
      namespace.","public":true,"meta":{"notes":"adding a namespace","uuid":"0b57abc0-1b3d-401e-a22a-525d9a237e6f","created_at":"2023-02-20T22:59:39.874515+00:00","created_by":"pjrule@me.com"}},{"path":"offline","description":"Test
      namespace.","public":true,"meta":{"notes":"adding a namespace","uuid":"dd372b0b-142f-431e-bb3c-a84dc20bf1b2","created_at":"2023-02-20T22:59:39.966391+00:00","created_by":"pjrule@me.com"}},{"path":"all","description":"Test
      namespace.","public":true,"meta":{"notes":"adding a namespace","uuid":"c3694229-edc7-4c83-8eeb-8317be51eba4","created_at":"2023-02-20T22:59:40.023740+00:00","created_by":"pjrule@me.com"}}]'
    headers:
      content-length:
      - '1785'
      content-type:
      - application/json
      date:
      - Mon, 20 Feb 2023 22:59:39 GMT
      server:
      - uvicorn
    http_version: HTTP/1.1
    status_code: 200
- request:
    body: '{"notes": "adding a namespace"}'
    headers:
      X-API-Key:
      - DUMMY
      accept:
      - '*/*'
      accept-encoding:
      - gzip, deflate
      connection:
      - keep-alive
      content-length:
      - '31'
      content-type:
      - application/json
      host:
      - localhost:8000
      user-agent:
      - cherrydb-client-py
    method: POST
    uri: http://localhost:8000/api/v1/meta/
  response:
    content: '{"notes":"adding a namespace","uuid":"cc29a180-9550-4f3f-a4e0-8839b12ea2a4","created_at":"2023-02-20T23:02:22.050357+00:00","created_by":"pjrule@me.com"}'
    headers:
      content-length:
      - '153'
      content-type:
      - application/json
      date:
      - Mon, 20 Feb 2023 23:02:21 GMT
      server:
      - uvicorn
    http_version: HTTP/1.1
    status_code: 201
- request:
    body: '{"path": "all", "description": "Test namespace.", "public": true}'
    headers:
      X-API-Key:
      - DUMMY
      accept:
      - '*/*'
      accept-encoding:
      - gzip, deflate
      connection:
      - keep-alive
      content-length:
      - '65'
      content-type:
      - application/json
      host:
      - localhost:8000
      user-agent:
      - cherrydb-client-py
      x-cherry-meta-id:
      - cc29a180-9550-4f3f-a4e0-8839b12ea2a4
    method: POST
    uri: http://localhost:8000/api/v1/namespaces/
  response:
    content: '{"path":"all","description":"Test namespace.","public":true,"meta":{"notes":"adding
      a namespace","uuid":"cc29a180-9550-4f3f-a4e0-8839b12ea2a4","created_at":"2023-02-20T23:02:22.050357+00:00","created_by":"pjrule@me.com"}}'
    headers:
      content-length:
      - '221'
      content-type:
      - application/json
      date:
      - Mon, 20 Feb 2023 23:02:21 GMT
      etag:
      - '"d396b3bf-70e8-4349-8bd5-e99445baa7c3"'
      server:
      - uvicorn
    http_version: HTTP/1.1
    status_code: 201
- request:
    body: ''
    headers:
      X-API-Key:
      - DUMMY
      accept:
      - '*/*'
      accept-encoding:
      - gzip, deflate
      connection:
      - keep-alive
      host:
      - localhost:8000
      user-agent:
      - cherrydb-client-py
    method: GET
    uri: http://localhost:8000/api/v1/namespaces/
  response:
    content: '[{"path":"test_geo_layer_repo_create_get__online","description":"cherrydb-client-py
      test test_geo_layer_repo_create_get__online","public":true,"meta":{"notes":"Test
      setup for cherrydb-client-py test test_geo_layer_repo_create_get__online","uuid":"6251fa31-a18c-4d15-808a-3c7f2b6f80a6","created_at":"2023-02-20T23:02:20.590499+00:00","created_by":"pjrule@me.com"}},{"path":"test_geo_layer_repo_create_get__online_offline","description":"cherrydb-client-py
      test test_geo_layer_repo_create_get__online_offline","public":true,"meta":{"notes":"Test
      setup for cherrydb-client-py test test_geo_layer_repo_create_get__online_offline","uuid":"46148084-0b5a-436d-84e1-fe9ff4b9bf71","created_at":"2023-02-20T23:02:20.842583+00:00","created_by":"pjrule@me.com"}},{"path":"test_geo_layer_repo_create_all__online","description":"cherrydb-client-py
      test test_geo_layer_repo_create_all__online","public":true,"meta":{"notes":"Test
      setup for cherrydb-client-py test test_geo_layer_repo_create_all__online","uuid":"adc7aa0e-085c-49ad-ae4b-a1640aef521a","created_at":"2023-02-20T23:02:20.976470+00:00","created_by":"pjrule@me.com"}},{"path":"test","description":"Test
      namespace.","public":true,"meta":{"notes":"adding a namespace","uuid":"22f5cb87-05f6-420b-a0f6-c08ed95f4828","created_at":"2023-02-20T23:02:21.745155+00:00","created_by":"pjrule@me.com"}},{"path":"offline","description":"Test
      namespace.","public":true,"meta":{"notes":"adding a namespace","uuid":"5044bbfb-9a1e-4104-b7ac-85a00cf86e94","created_at":"2023-02-20T23:02:21.860640+00:00","created_by":"pjrule@me.com"}},{"path":"all","description":"Test
      namespace.","public":true,"meta":{"notes":"adding a namespace","uuid":"cc29a180-9550-4f3f-a4e0-8839b12ea2a4","created_at":"2023-02-20T23:02:22.050357+00:00","created_by":"pjrule@me.com"}}]'
    headers:
      content-length:
      - '1785'
      content-type:
      - application/json
      date:
      - Mon, 20 Feb 2023 23:02:21 GMT
      server:
      - uvicorn
    http_version: HTTP/1.1
    status_code: 200
- request:
    body: '{"notes": "adding a namespace"}'
    headers:
      X-API-Key:
      - DUMMY
      accept:
      - '*/*'
      accept-encoding:
      - gzip, deflate
      connection:
      - keep-alive
      content-length:
      - '31'
      content-type:
      - application/json
      host:
      - localhost:8000
      user-agent:
      - cherrydb-client-py
    method: POST
    uri: http://localhost:8000/api/v1/meta/
  response:
    content: '{"detail":"Unknown API key."}'
    headers:
      content-length:
      - '29'
      content-type:
      - application/json
      date:
      - Mon, 20 Feb 2023 23:03:12 GMT
      server:
      - uvicorn
    http_version: HTTP/1.1
    status_code: 401
- request:
    body: '{"notes": "adding a namespace"}'
    headers:
      X-API-Key:
      - DUMMY
      accept:
      - '*/*'
      accept-encoding:
      - gzip, deflate
      connection:
      - keep-alive
      content-length:
      - '31'
      content-type:
      - application/json
      host:
      - localhost:8000
      user-agent:
      - cherrydb-client-py
    method: POST
    uri: http://localhost:8000/api/v1/meta/
  response:
    content: '{"notes":"adding a namespace","uuid":"e3257466-ede4-4f86-87b6-30d0c2909680","created_at":"2023-02-20T23:03:23.865711+00:00","created_by":"pjrule@me.com"}'
    headers:
      content-length:
      - '153'
      content-type:
      - application/json
      date:
      - Mon, 20 Feb 2023 23:03:23 GMT
      server:
      - uvicorn
    http_version: HTTP/1.1
    status_code: 201
- request:
    body: '{"path": "all", "description": "Test namespace.", "public": true}'
    headers:
      X-API-Key:
      - DUMMY
      accept:
      - '*/*'
      accept-encoding:
      - gzip, deflate
      connection:
      - keep-alive
      content-length:
      - '65'
      content-type:
      - application/json
      host:
      - localhost:8000
      user-agent:
      - cherrydb-client-py
      x-cherry-meta-id:
      - e3257466-ede4-4f86-87b6-30d0c2909680
    method: POST
    uri: http://localhost:8000/api/v1/namespaces/
  response:
    content: '{"path":"all","description":"Test namespace.","public":true,"meta":{"notes":"adding
      a namespace","uuid":"e3257466-ede4-4f86-87b6-30d0c2909680","created_at":"2023-02-20T23:03:23.865711+00:00","created_by":"pjrule@me.com"}}'
    headers:
      content-length:
      - '221'
      content-type:
      - application/json
      date:
      - Mon, 20 Feb 2023 23:03:23 GMT
      etag:
      - '"2ec6ba4d-a915-482c-acda-40e4d0330571"'
      server:
      - uvicorn
    http_version: HTTP/1.1
    status_code: 201
- request:
    body: ''
    headers:
      X-API-Key:
      - DUMMY
      accept:
      - '*/*'
      accept-encoding:
      - gzip, deflate
      connection:
      - keep-alive
      host:
      - localhost:8000
      user-agent:
      - cherrydb-client-py
    method: GET
    uri: http://localhost:8000/api/v1/namespaces/
  response:
    content: '[{"path":"test_geo_layer_repo_create_get__online","description":"cherrydb-client-py
      test test_geo_layer_repo_create_get__online","public":true,"meta":{"notes":"Test
      setup for cherrydb-client-py test test_geo_layer_repo_create_get__online","uuid":"70af91a4-dff4-4c32-8901-5f74c3e408f7","created_at":"2023-02-20T23:03:22.478129+00:00","created_by":"pjrule@me.com"}},{"path":"test_geo_layer_repo_create_get__online_offline","description":"cherrydb-client-py
      test test_geo_layer_repo_create_get__online_offline","public":true,"meta":{"notes":"Test
      setup for cherrydb-client-py test test_geo_layer_repo_create_get__online_offline","uuid":"cf68649c-a8cd-46d3-9148-bd7e4e5f4745","created_at":"2023-02-20T23:03:22.752695+00:00","created_by":"pjrule@me.com"}},{"path":"test_geo_layer_repo_create_all__online","description":"cherrydb-client-py
      test test_geo_layer_repo_create_all__online","public":true,"meta":{"notes":"Test
      setup for cherrydb-client-py test test_geo_layer_repo_create_all__online","uuid":"0fff5784-75c9-403b-a8ab-7237536d8837","created_at":"2023-02-20T23:03:22.871796+00:00","created_by":"pjrule@me.com"}},{"path":"test","description":"Test
      namespace.","public":true,"meta":{"notes":"adding a namespace","uuid":"ce25a31c-15ce-426d-bdf4-e4f14dc8857e","created_at":"2023-02-20T23:03:23.700099+00:00","created_by":"pjrule@me.com"}},{"path":"offline","description":"Test
      namespace.","public":true,"meta":{"notes":"adding a namespace","uuid":"f3daaf15-d0aa-4621-b925-53b259b287d6","created_at":"2023-02-20T23:03:23.800324+00:00","created_by":"pjrule@me.com"}},{"path":"all","description":"Test
      namespace.","public":true,"meta":{"notes":"adding a namespace","uuid":"e3257466-ede4-4f86-87b6-30d0c2909680","created_at":"2023-02-20T23:03:23.865711+00:00","created_by":"pjrule@me.com"}}]'
    headers:
      content-length:
      - '1785'
      content-type:
      - application/json
      date:
      - Mon, 20 Feb 2023 23:03:23 GMT
      server:
      - uvicorn
    http_version: HTTP/1.1
    status_code: 200
- request:
    body: '{"notes": "adding a namespace"}'
    headers:
      X-API-Key:
      - DUMMY
      accept:
      - '*/*'
      accept-encoding:
      - gzip, deflate
      connection:
      - keep-alive
      content-length:
      - '31'
      content-type:
      - application/json
      host:
      - localhost:8000
      user-agent:
      - cherrydb-client-py
    method: POST
    uri: http://localhost:8000/api/v1/meta/
  response:
    content: '{"notes":"adding a namespace","uuid":"f6811f95-b3cb-49c9-9f79-6a56f2c0e323","created_at":"2023-02-20T23:04:05.529185+00:00","created_by":"pjrule@me.com"}'
    headers:
      content-length:
      - '153'
      content-type:
      - application/json
      date:
      - Mon, 20 Feb 2023 23:04:05 GMT
      server:
      - uvicorn
    http_version: HTTP/1.1
    status_code: 201
- request:
    body: '{"path": "all", "description": "Test namespace.", "public": true}'
    headers:
      X-API-Key:
      - DUMMY
      accept:
      - '*/*'
      accept-encoding:
      - gzip, deflate
      connection:
      - keep-alive
      content-length:
      - '65'
      content-type:
      - application/json
      host:
      - localhost:8000
      user-agent:
      - cherrydb-client-py
      x-cherry-meta-id:
      - f6811f95-b3cb-49c9-9f79-6a56f2c0e323
    method: POST
    uri: http://localhost:8000/api/v1/namespaces/
  response:
    content: '{"path":"all","description":"Test namespace.","public":true,"meta":{"notes":"adding
      a namespace","uuid":"f6811f95-b3cb-49c9-9f79-6a56f2c0e323","created_at":"2023-02-20T23:04:05.529185+00:00","created_by":"pjrule@me.com"}}'
    headers:
      content-length:
      - '221'
      content-type:
      - application/json
      date:
      - Mon, 20 Feb 2023 23:04:05 GMT
      etag:
      - '"6c542797-40e9-46d5-862b-8bcb1faf0581"'
      server:
      - uvicorn
    http_version: HTTP/1.1
    status_code: 201
- request:
    body: ''
    headers:
      X-API-Key:
      - DUMMY
      accept:
      - '*/*'
      accept-encoding:
      - gzip, deflate
      connection:
      - keep-alive
      host:
      - localhost:8000
      user-agent:
      - cherrydb-client-py
    method: GET
    uri: http://localhost:8000/api/v1/namespaces/
  response:
    content: '[{"path":"test_geo_layer_repo_create_get__online","description":"cherrydb-client-py
      test test_geo_layer_repo_create_get__online","public":true,"meta":{"notes":"Test
      setup for cherrydb-client-py test test_geo_layer_repo_create_get__online","uuid":"b1b8ca51-6f59-4891-b95a-0b3f1ef5e468","created_at":"2023-02-20T23:04:04.059524+00:00","created_by":"pjrule@me.com"}},{"path":"test_geo_layer_repo_create_get__online_offline","description":"cherrydb-client-py
      test test_geo_layer_repo_create_get__online_offline","public":true,"meta":{"notes":"Test
      setup for cherrydb-client-py test test_geo_layer_repo_create_get__online_offline","uuid":"538509ed-abbe-48a2-b8b0-122412dd2dc4","created_at":"2023-02-20T23:04:04.341544+00:00","created_by":"pjrule@me.com"}},{"path":"test_geo_layer_repo_create_all__online","description":"cherrydb-client-py
      test test_geo_layer_repo_create_all__online","public":true,"meta":{"notes":"Test
      setup for cherrydb-client-py test test_geo_layer_repo_create_all__online","uuid":"23f17a74-a313-40fd-866b-4a71db0a5c33","created_at":"2023-02-20T23:04:04.461538+00:00","created_by":"pjrule@me.com"}},{"path":"test","description":"Test
      namespace.","public":true,"meta":{"notes":"adding a namespace","uuid":"1cf0b58f-b9e4-42f6-9292-4b198aeb42ad","created_at":"2023-02-20T23:04:05.348441+00:00","created_by":"pjrule@me.com"}},{"path":"offline","description":"Test
      namespace.","public":true,"meta":{"notes":"adding a namespace","uuid":"5973cb68-bb76-40d0-9873-12f9feb9a3df","created_at":"2023-02-20T23:04:05.450235+00:00","created_by":"pjrule@me.com"}},{"path":"all","description":"Test
      namespace.","public":true,"meta":{"notes":"adding a namespace","uuid":"f6811f95-b3cb-49c9-9f79-6a56f2c0e323","created_at":"2023-02-20T23:04:05.529185+00:00","created_by":"pjrule@me.com"}}]'
    headers:
      content-length:
      - '1785'
      content-type:
      - application/json
      date:
      - Mon, 20 Feb 2023 23:04:05 GMT
      server:
      - uvicorn
    http_version: HTTP/1.1
    status_code: 200
- request:
    body: '{"notes": "adding a namespace"}'
    headers:
      X-API-Key:
      - DUMMY
      accept:
      - '*/*'
      accept-encoding:
      - gzip, deflate
      connection:
      - keep-alive
      content-length:
      - '31'
      content-type:
      - application/json
      host:
      - localhost:8000
      user-agent:
      - cherrydb-client-py
    method: POST
    uri: http://localhost:8000/api/v1/meta/
  response:
    content: '{"notes":"adding a namespace","uuid":"b25281cc-a113-4831-a8c1-705c16e9a378","created_at":"2023-02-20T23:04:46.316709+00:00","created_by":"pjrule@me.com"}'
    headers:
      content-length:
      - '153'
      content-type:
      - application/json
      date:
      - Mon, 20 Feb 2023 23:04:45 GMT
      server:
      - uvicorn
    http_version: HTTP/1.1
    status_code: 201
- request:
    body: '{"path": "all", "description": "Test namespace.", "public": true}'
    headers:
      X-API-Key:
      - DUMMY
      accept:
      - '*/*'
      accept-encoding:
      - gzip, deflate
      connection:
      - keep-alive
      content-length:
      - '65'
      content-type:
      - application/json
      host:
      - localhost:8000
      user-agent:
      - cherrydb-client-py
      x-cherry-meta-id:
      - b25281cc-a113-4831-a8c1-705c16e9a378
    method: POST
    uri: http://localhost:8000/api/v1/namespaces/
  response:
    content: '{"path":"all","description":"Test namespace.","public":true,"meta":{"notes":"adding
      a namespace","uuid":"b25281cc-a113-4831-a8c1-705c16e9a378","created_at":"2023-02-20T23:04:46.316709+00:00","created_by":"pjrule@me.com"}}'
    headers:
      content-length:
      - '221'
      content-type:
      - application/json
      date:
      - Mon, 20 Feb 2023 23:04:45 GMT
      etag:
      - '"c9bdd3fb-51b8-416b-9a79-a33b373b039d"'
      server:
      - uvicorn
    http_version: HTTP/1.1
    status_code: 201
- request:
    body: ''
    headers:
      X-API-Key:
      - DUMMY
      accept:
      - '*/*'
      accept-encoding:
      - gzip, deflate
      connection:
      - keep-alive
      host:
      - localhost:8000
      user-agent:
      - cherrydb-client-py
    method: GET
    uri: http://localhost:8000/api/v1/namespaces/
  response:
    content: '[{"path":"test_geo_layer_repo_create_get__online","description":"cherrydb-client-py
      test test_geo_layer_repo_create_get__online","public":true,"meta":{"notes":"Test
      setup for cherrydb-client-py test test_geo_layer_repo_create_get__online","uuid":"bff2e3e6-465d-496e-be28-3faa7f4b45ec","created_at":"2023-02-20T23:04:44.758433+00:00","created_by":"pjrule@me.com"}},{"path":"test_geo_layer_repo_create_get__online_offline","description":"cherrydb-client-py
      test test_geo_layer_repo_create_get__online_offline","public":true,"meta":{"notes":"Test
      setup for cherrydb-client-py test test_geo_layer_repo_create_get__online_offline","uuid":"2245489a-6bdb-41b8-bb04-7fff7b4eff8a","created_at":"2023-02-20T23:04:45.158452+00:00","created_by":"pjrule@me.com"}},{"path":"test_geo_layer_repo_create_all__online","description":"cherrydb-client-py
      test test_geo_layer_repo_create_all__online","public":true,"meta":{"notes":"Test
      setup for cherrydb-client-py test test_geo_layer_repo_create_all__online","uuid":"805f3f4a-72c6-4ac8-b7e0-f7d9b0e4cb65","created_at":"2023-02-20T23:04:45.293100+00:00","created_by":"pjrule@me.com"}},{"path":"test","description":"Test
      namespace.","public":true,"meta":{"notes":"adding a namespace","uuid":"397e2bff-78db-4c16-bea3-c312b89e3525","created_at":"2023-02-20T23:04:46.108563+00:00","created_by":"pjrule@me.com"}},{"path":"offline","description":"Test
      namespace.","public":true,"meta":{"notes":"adding a namespace","uuid":"7003cb50-137c-476c-aaa3-a891dc54d079","created_at":"2023-02-20T23:04:46.233810+00:00","created_by":"pjrule@me.com"}},{"path":"all","description":"Test
      namespace.","public":true,"meta":{"notes":"adding a namespace","uuid":"b25281cc-a113-4831-a8c1-705c16e9a378","created_at":"2023-02-20T23:04:46.316709+00:00","created_by":"pjrule@me.com"}}]'
    headers:
      content-length:
      - '1785'
      content-type:
      - application/json
      date:
      - Mon, 20 Feb 2023 23:04:45 GMT
      server:
      - uvicorn
    http_version: HTTP/1.1
    status_code: 200
- request:
    body: '{"notes": "adding a namespace"}'
    headers:
      X-API-Key:
      - DUMMY
      accept:
      - '*/*'
      accept-encoding:
      - gzip, deflate
      connection:
      - keep-alive
      content-length:
      - '31'
      content-type:
      - application/json
      host:
      - localhost:8000
      user-agent:
      - cherrydb-client-py
    method: POST
    uri: http://localhost:8000/api/v1/meta/
  response:
    content: '{"notes":"adding a namespace","uuid":"35e581d3-327a-4204-b1df-3d3dc1be2eac","created_at":"2023-02-20T23:05:46.084994+00:00","created_by":"pjrule@me.com"}'
    headers:
      content-length:
      - '153'
      content-type:
      - application/json
      date:
      - Mon, 20 Feb 2023 23:05:45 GMT
      server:
      - uvicorn
    http_version: HTTP/1.1
    status_code: 201
- request:
    body: '{"path": "all", "description": "Test namespace.", "public": true}'
    headers:
      X-API-Key:
      - DUMMY
      accept:
      - '*/*'
      accept-encoding:
      - gzip, deflate
      connection:
      - keep-alive
      content-length:
      - '65'
      content-type:
      - application/json
      host:
      - localhost:8000
      user-agent:
      - cherrydb-client-py
      x-cherry-meta-id:
      - 35e581d3-327a-4204-b1df-3d3dc1be2eac
    method: POST
    uri: http://localhost:8000/api/v1/namespaces/
  response:
    content: '{"path":"all","description":"Test namespace.","public":true,"meta":{"notes":"adding
      a namespace","uuid":"35e581d3-327a-4204-b1df-3d3dc1be2eac","created_at":"2023-02-20T23:05:46.084994+00:00","created_by":"pjrule@me.com"}}'
    headers:
      content-length:
      - '221'
      content-type:
      - application/json
      date:
      - Mon, 20 Feb 2023 23:05:45 GMT
      etag:
      - '"7cb70590-2194-46b3-bb06-7b30510eddea"'
      server:
      - uvicorn
    http_version: HTTP/1.1
    status_code: 201
- request:
    body: ''
    headers:
      X-API-Key:
      - DUMMY
      accept:
      - '*/*'
      accept-encoding:
      - gzip, deflate
      connection:
      - keep-alive
      host:
      - localhost:8000
      user-agent:
      - cherrydb-client-py
    method: GET
    uri: http://localhost:8000/api/v1/namespaces/
  response:
    content: '[{"path":"test_geo_layer_repo_create_get__online","description":"cherrydb-client-py
      test test_geo_layer_repo_create_get__online","public":true,"meta":{"notes":"Test
      setup for cherrydb-client-py test test_geo_layer_repo_create_get__online","uuid":"15f310c5-a6e7-4531-bb35-51badac2bc62","created_at":"2023-02-20T23:05:44.630249+00:00","created_by":"pjrule@me.com"}},{"path":"test_geo_layer_repo_create_get__online_offline","description":"cherrydb-client-py
      test test_geo_layer_repo_create_get__online_offline","public":true,"meta":{"notes":"Test
      setup for cherrydb-client-py test test_geo_layer_repo_create_get__online_offline","uuid":"9bced8ec-5278-4839-af3e-329280ca58f3","created_at":"2023-02-20T23:05:44.907465+00:00","created_by":"pjrule@me.com"}},{"path":"test_geo_layer_repo_create_all__online","description":"cherrydb-client-py
      test test_geo_layer_repo_create_all__online","public":true,"meta":{"notes":"Test
      setup for cherrydb-client-py test test_geo_layer_repo_create_all__online","uuid":"05e739bc-7cbb-44d3-8c9d-6ce66c4b56ea","created_at":"2023-02-20T23:05:45.037073+00:00","created_by":"pjrule@me.com"}},{"path":"test","description":"Test
      namespace.","public":true,"meta":{"notes":"adding a namespace","uuid":"40369d2d-6941-4646-9bdc-4f888238e70d","created_at":"2023-02-20T23:05:45.903049+00:00","created_by":"pjrule@me.com"}},{"path":"offline","description":"Test
      namespace.","public":true,"meta":{"notes":"adding a namespace","uuid":"bd06a65c-986f-4aea-b5a4-11c71c64206a","created_at":"2023-02-20T23:05:46.018767+00:00","created_by":"pjrule@me.com"}},{"path":"all","description":"Test
      namespace.","public":true,"meta":{"notes":"adding a namespace","uuid":"35e581d3-327a-4204-b1df-3d3dc1be2eac","created_at":"2023-02-20T23:05:46.084994+00:00","created_by":"pjrule@me.com"}}]'
    headers:
      content-length:
      - '1785'
      content-type:
      - application/json
      date:
      - Mon, 20 Feb 2023 23:05:45 GMT
      server:
      - uvicorn
    http_version: HTTP/1.1
    status_code: 200
- request:
    body: '{"notes": "adding a namespace"}'
    headers:
      X-API-Key:
      - DUMMY
      accept:
      - '*/*'
      accept-encoding:
      - gzip, deflate
      connection:
      - keep-alive
      content-length:
      - '31'
      content-type:
      - application/json
      host:
      - localhost:8000
      user-agent:
      - cherrydb-client-py
    method: POST
    uri: http://localhost:8000/api/v1/meta/
  response:
    content: '{"notes":"adding a namespace","uuid":"bded5b5b-9bdd-4f52-9058-6b7c05fd514d","created_at":"2023-02-20T23:06:49.050252+00:00","created_by":"pjrule@me.com"}'
    headers:
      content-length:
      - '153'
      content-type:
      - application/json
      date:
      - Mon, 20 Feb 2023 23:06:48 GMT
      server:
      - uvicorn
    http_version: HTTP/1.1
    status_code: 201
- request:
    body: '{"path": "all", "description": "Test namespace.", "public": true}'
    headers:
      X-API-Key:
      - DUMMY
      accept:
      - '*/*'
      accept-encoding:
      - gzip, deflate
      connection:
      - keep-alive
      content-length:
      - '65'
      content-type:
      - application/json
      host:
      - localhost:8000
      user-agent:
      - cherrydb-client-py
      x-cherry-meta-id:
      - bded5b5b-9bdd-4f52-9058-6b7c05fd514d
    method: POST
    uri: http://localhost:8000/api/v1/namespaces/
  response:
    content: '{"detail":"Object creation failed. Reason: Failed to create namespace
      ''all''. (The namespace may already exist.)"}'
    headers:
      content-length:
      - '113'
      content-type:
      - application/json
      date:
      - Mon, 20 Feb 2023 23:06:48 GMT
      server:
      - uvicorn
    http_version: HTTP/1.1
    status_code: 422
- request:
    body: '{"notes": "adding a namespace"}'
    headers:
      X-API-Key:
      - DUMMY
      accept:
      - '*/*'
      accept-encoding:
      - gzip, deflate
      connection:
      - keep-alive
      content-length:
      - '31'
      content-type:
      - application/json
      host:
      - localhost:8000
      user-agent:
      - cherrydb-client-py
    method: POST
    uri: http://localhost:8000/api/v1/meta/
  response:
    content: '{"notes":"adding a namespace","uuid":"a6b5399d-9f99-4a2f-a8a6-319ead1bb934","created_at":"2023-02-20T23:07:07.601471+00:00","created_by":"pjrule@me.com"}'
    headers:
      content-length:
      - '153'
      content-type:
      - application/json
      date:
      - Mon, 20 Feb 2023 23:07:07 GMT
      server:
      - uvicorn
    http_version: HTTP/1.1
    status_code: 201
- request:
    body: '{"path": "all", "description": "Test namespace.", "public": true}'
    headers:
      X-API-Key:
      - DUMMY
      accept:
      - '*/*'
      accept-encoding:
      - gzip, deflate
      connection:
      - keep-alive
      content-length:
      - '65'
      content-type:
      - application/json
      host:
      - localhost:8000
      user-agent:
      - cherrydb-client-py
      x-cherry-meta-id:
      - a6b5399d-9f99-4a2f-a8a6-319ead1bb934
    method: POST
    uri: http://localhost:8000/api/v1/namespaces/
  response:
    content: '{"path":"all","description":"Test namespace.","public":true,"meta":{"notes":"adding
      a namespace","uuid":"a6b5399d-9f99-4a2f-a8a6-319ead1bb934","created_at":"2023-02-20T23:07:07.601471+00:00","created_by":"pjrule@me.com"}}'
    headers:
      content-length:
      - '221'
      content-type:
      - application/json
      date:
      - Mon, 20 Feb 2023 23:07:07 GMT
      etag:
      - '"a035f2e1-2b36-4344-9a2a-d3c08f3dd30a"'
      server:
      - uvicorn
    http_version: HTTP/1.1
    status_code: 201
- request:
    body: ''
    headers:
      X-API-Key:
      - DUMMY
      accept:
      - '*/*'
      accept-encoding:
      - gzip, deflate
      connection:
      - keep-alive
      host:
      - localhost:8000
      user-agent:
      - cherrydb-client-py
    method: GET
    uri: http://localhost:8000/api/v1/namespaces/
  response:
    content: '[{"path":"test_geo_layer_repo_create_get__online","description":"cherrydb-client-py
      test test_geo_layer_repo_create_get__online","public":true,"meta":{"notes":"Test
      setup for cherrydb-client-py test test_geo_layer_repo_create_get__online","uuid":"9f697b4b-c160-44b1-8c86-353d6dd32fde","created_at":"2023-02-20T23:07:06.078052+00:00","created_by":"pjrule@me.com"}},{"path":"test_geo_layer_repo_create_get__online_offline","description":"cherrydb-client-py
      test test_geo_layer_repo_create_get__online_offline","public":true,"meta":{"notes":"Test
      setup for cherrydb-client-py test test_geo_layer_repo_create_get__online_offline","uuid":"d2bafa92-c0b0-465c-89eb-42cf5d87f6bd","created_at":"2023-02-20T23:07:06.364601+00:00","created_by":"pjrule@me.com"}},{"path":"test_geo_layer_repo_create_all__online","description":"cherrydb-client-py
      test test_geo_layer_repo_create_all__online","public":true,"meta":{"notes":"Test
      setup for cherrydb-client-py test test_geo_layer_repo_create_all__online","uuid":"215082bb-43f7-4530-b2e1-0c682a14291e","created_at":"2023-02-20T23:07:06.494922+00:00","created_by":"pjrule@me.com"}},{"path":"test","description":"Test
      namespace.","public":true,"meta":{"notes":"adding a namespace","uuid":"38c04058-add6-4695-bc06-f2f1059fad24","created_at":"2023-02-20T23:07:07.420311+00:00","created_by":"pjrule@me.com"}},{"path":"offline","description":"Test
      namespace.","public":true,"meta":{"notes":"adding a namespace","uuid":"93ae8d1a-4795-40ca-a983-1896e0359903","created_at":"2023-02-20T23:07:07.528265+00:00","created_by":"pjrule@me.com"}},{"path":"all","description":"Test
      namespace.","public":true,"meta":{"notes":"adding a namespace","uuid":"a6b5399d-9f99-4a2f-a8a6-319ead1bb934","created_at":"2023-02-20T23:07:07.601471+00:00","created_by":"pjrule@me.com"}}]'
    headers:
      content-length:
      - '1785'
      content-type:
      - application/json
      date:
      - Mon, 20 Feb 2023 23:07:07 GMT
      server:
      - uvicorn
    http_version: HTTP/1.1
    status_code: 200
- request:
    body: '{"notes": "adding a namespace"}'
    headers:
      X-API-Key:
      - DUMMY
      accept:
      - '*/*'
      accept-encoding:
      - gzip, deflate
      connection:
      - keep-alive
      content-length:
      - '31'
      content-type:
      - application/json
      host:
      - localhost:8000
      user-agent:
      - cherrydb-client-py
    method: POST
    uri: http://localhost:8000/api/v1/meta/
  response:
    content: '{"notes":"adding a namespace","uuid":"95dd8775-0163-4ac3-a959-ec90a7837a22","created_at":"2023-02-20T23:08:32.248088+00:00","created_by":"pjrule@me.com"}'
    headers:
      content-length:
      - '153'
      content-type:
      - application/json
      date:
      - Mon, 20 Feb 2023 23:08:31 GMT
      server:
      - uvicorn
    http_version: HTTP/1.1
    status_code: 201
- request:
    body: '{"path": "all", "description": "Test namespace.", "public": true}'
    headers:
      X-API-Key:
      - DUMMY
      accept:
      - '*/*'
      accept-encoding:
      - gzip, deflate
      connection:
      - keep-alive
      content-length:
      - '65'
      content-type:
      - application/json
      host:
      - localhost:8000
      user-agent:
      - cherrydb-client-py
      x-cherry-meta-id:
      - 95dd8775-0163-4ac3-a959-ec90a7837a22
    method: POST
    uri: http://localhost:8000/api/v1/namespaces/
  response:
    content: '{"path":"all","description":"Test namespace.","public":true,"meta":{"notes":"adding
      a namespace","uuid":"95dd8775-0163-4ac3-a959-ec90a7837a22","created_at":"2023-02-20T23:08:32.248088+00:00","created_by":"pjrule@me.com"}}'
    headers:
      content-length:
      - '221'
      content-type:
      - application/json
      date:
      - Mon, 20 Feb 2023 23:08:31 GMT
      etag:
      - '"bd2b3abb-d7e6-4294-8d12-68d16d100bfc"'
      server:
      - uvicorn
    http_version: HTTP/1.1
    status_code: 201
- request:
    body: ''
    headers:
      X-API-Key:
      - DUMMY
      accept:
      - '*/*'
      accept-encoding:
      - gzip, deflate
      connection:
      - keep-alive
      host:
      - localhost:8000
      user-agent:
      - cherrydb-client-py
    method: GET
    uri: http://localhost:8000/api/v1/namespaces/
  response:
    content: '[{"path":"test_geo_layer_repo_create_get__online","description":"cherrydb-client-py
      test test_geo_layer_repo_create_get__online","public":true,"meta":{"notes":"Test
      setup for cherrydb-client-py test test_geo_layer_repo_create_get__online","uuid":"4b39fef2-1a5f-4c05-9f22-5aca598d6ff0","created_at":"2023-02-20T23:08:30.686295+00:00","created_by":"pjrule@me.com"}},{"path":"test_geo_layer_repo_create_get__online_offline","description":"cherrydb-client-py
      test test_geo_layer_repo_create_get__online_offline","public":true,"meta":{"notes":"Test
      setup for cherrydb-client-py test test_geo_layer_repo_create_get__online_offline","uuid":"f68b77f8-7eb1-44d6-b6f0-8b2d876a9a71","created_at":"2023-02-20T23:08:30.941304+00:00","created_by":"pjrule@me.com"}},{"path":"test_geo_layer_repo_create_all__online","description":"cherrydb-client-py
      test test_geo_layer_repo_create_all__online","public":true,"meta":{"notes":"Test
      setup for cherrydb-client-py test test_geo_layer_repo_create_all__online","uuid":"b8263fe0-98f5-4be5-965c-1e3eba0d3d5c","created_at":"2023-02-20T23:08:31.236461+00:00","created_by":"pjrule@me.com"}},{"path":"test","description":"Test
      namespace.","public":true,"meta":{"notes":"adding a namespace","uuid":"f634417d-3b09-46ca-be33-1371cd260ff5","created_at":"2023-02-20T23:08:32.061487+00:00","created_by":"pjrule@me.com"}},{"path":"offline","description":"Test
      namespace.","public":true,"meta":{"notes":"adding a namespace","uuid":"194858a2-d598-41fc-b985-22fe673a4dfa","created_at":"2023-02-20T23:08:32.173595+00:00","created_by":"pjrule@me.com"}},{"path":"all","description":"Test
      namespace.","public":true,"meta":{"notes":"adding a namespace","uuid":"95dd8775-0163-4ac3-a959-ec90a7837a22","created_at":"2023-02-20T23:08:32.248088+00:00","created_by":"pjrule@me.com"}}]'
    headers:
      content-length:
      - '1785'
      content-type:
      - application/json
      date:
      - Mon, 20 Feb 2023 23:08:31 GMT
      server:
      - uvicorn
    http_version: HTTP/1.1
    status_code: 200
- request:
    body: '{"notes": "adding a namespace"}'
    headers:
      X-API-Key:
      - DUMMY
      accept:
      - '*/*'
      accept-encoding:
      - gzip, deflate
      connection:
      - keep-alive
      content-length:
      - '31'
      content-type:
      - application/json
      host:
      - localhost:8000
      user-agent:
      - cherrydb-client-py
    method: POST
    uri: http://localhost:8000/api/v1/meta/
  response:
    content: '{"notes":"adding a namespace","uuid":"d8110adc-ff2a-4cf5-832f-8a5cfd00dc0b","created_at":"2023-02-20T23:17:04.640407+00:00","created_by":"pjrule@me.com"}'
    headers:
      content-length:
      - '153'
      content-type:
      - application/json
      date:
      - Mon, 20 Feb 2023 23:17:03 GMT
      server:
      - uvicorn
    http_version: HTTP/1.1
    status_code: 201
- request:
    body: '{"path": "all", "description": "Test namespace.", "public": true}'
    headers:
      X-API-Key:
      - DUMMY
      accept:
      - '*/*'
      accept-encoding:
      - gzip, deflate
      connection:
      - keep-alive
      content-length:
      - '65'
      content-type:
      - application/json
      host:
      - localhost:8000
      user-agent:
      - cherrydb-client-py
      x-cherry-meta-id:
      - d8110adc-ff2a-4cf5-832f-8a5cfd00dc0b
    method: POST
    uri: http://localhost:8000/api/v1/namespaces/
  response:
    content: '{"detail":"Object creation failed. Reason: Failed to create namespace
      ''all''. (The namespace may already exist.)"}'
    headers:
      content-length:
      - '113'
      content-type:
      - application/json
      date:
      - Mon, 20 Feb 2023 23:17:03 GMT
      server:
      - uvicorn
    http_version: HTTP/1.1
    status_code: 422
- request:
    body: '{"notes": "adding a namespace"}'
    headers:
      X-API-Key:
      - DUMMY
      accept:
      - '*/*'
      accept-encoding:
      - gzip, deflate
      connection:
      - keep-alive
      content-length:
      - '31'
      content-type:
      - application/json
      host:
      - localhost:8000
      user-agent:
      - cherrydb-client-py
    method: POST
    uri: http://localhost:8000/api/v1/meta/
  response:
    content: '{"notes":"adding a namespace","uuid":"d2afe414-8ba5-412a-a880-8a98c16a5f4a","created_at":"2023-02-20T23:17:11.017826+00:00","created_by":"pjrule@me.com"}'
    headers:
      content-length:
      - '153'
      content-type:
      - application/json
      date:
      - Mon, 20 Feb 2023 23:17:10 GMT
      server:
      - uvicorn
    http_version: HTTP/1.1
    status_code: 201
- request:
    body: '{"path": "all", "description": "Test namespace.", "public": true}'
    headers:
      X-API-Key:
      - DUMMY
      accept:
      - '*/*'
      accept-encoding:
      - gzip, deflate
      connection:
      - keep-alive
      content-length:
      - '65'
      content-type:
      - application/json
      host:
      - localhost:8000
      user-agent:
      - cherrydb-client-py
      x-cherry-meta-id:
      - d2afe414-8ba5-412a-a880-8a98c16a5f4a
    method: POST
    uri: http://localhost:8000/api/v1/namespaces/
  response:
    content: '{"path":"all","description":"Test namespace.","public":true,"meta":{"notes":"adding
      a namespace","uuid":"d2afe414-8ba5-412a-a880-8a98c16a5f4a","created_at":"2023-02-20T23:17:11.017826+00:00","created_by":"pjrule@me.com"}}'
    headers:
      content-length:
      - '221'
      content-type:
      - application/json
      date:
      - Mon, 20 Feb 2023 23:17:10 GMT
      etag:
      - '"ae947df7-82ea-426a-b958-6fddbd4890a5"'
      server:
      - uvicorn
    http_version: HTTP/1.1
    status_code: 201
- request:
    body: ''
    headers:
      X-API-Key:
      - DUMMY
      accept:
      - '*/*'
      accept-encoding:
      - gzip, deflate
      connection:
      - keep-alive
      host:
      - localhost:8000
      user-agent:
      - cherrydb-client-py
    method: GET
    uri: http://localhost:8000/api/v1/namespaces/
  response:
    content: '[{"path":"test_geo_layer_repo_create_get__online","description":"cherrydb-client-py
      test test_geo_layer_repo_create_get__online","public":true,"meta":{"notes":"Test
      setup for cherrydb-client-py test test_geo_layer_repo_create_get__online","uuid":"2e761395-701c-4628-9ccb-4633858255b6","created_at":"2023-02-20T23:17:09.360326+00:00","created_by":"pjrule@me.com"}},{"path":"test_geo_layer_repo_create_get__online_offline","description":"cherrydb-client-py
      test test_geo_layer_repo_create_get__online_offline","public":true,"meta":{"notes":"Test
      setup for cherrydb-client-py test test_geo_layer_repo_create_get__online_offline","uuid":"3713fb23-917e-491b-9892-8f9ae7f3f69d","created_at":"2023-02-20T23:17:09.718408+00:00","created_by":"pjrule@me.com"}},{"path":"test_geo_layer_repo_create_all__online","description":"cherrydb-client-py
      test test_geo_layer_repo_create_all__online","public":true,"meta":{"notes":"Test
      setup for cherrydb-client-py test test_geo_layer_repo_create_all__online","uuid":"d59bb0c9-f726-4da0-964d-9b7b7e5c8fc5","created_at":"2023-02-20T23:17:09.898768+00:00","created_by":"pjrule@me.com"}},{"path":"test","description":"Test
      namespace.","public":true,"meta":{"notes":"adding a namespace","uuid":"0c25e324-8e3f-49a9-a574-11e86c1626bb","created_at":"2023-02-20T23:17:10.779042+00:00","created_by":"pjrule@me.com"}},{"path":"offline","description":"Test
      namespace.","public":true,"meta":{"notes":"adding a namespace","uuid":"9b2fb865-8efb-4b5b-91dc-7bb74442126a","created_at":"2023-02-20T23:17:10.908243+00:00","created_by":"pjrule@me.com"}},{"path":"all","description":"Test
      namespace.","public":true,"meta":{"notes":"adding a namespace","uuid":"d2afe414-8ba5-412a-a880-8a98c16a5f4a","created_at":"2023-02-20T23:17:11.017826+00:00","created_by":"pjrule@me.com"}}]'
    headers:
      content-length:
      - '1785'
      content-type:
      - application/json
      date:
      - Mon, 20 Feb 2023 23:17:10 GMT
      server:
      - uvicorn
    http_version: HTTP/1.1
    status_code: 200
- request:
    body: '{"notes": "adding a namespace"}'
    headers:
      X-API-Key:
      - DUMMY
      accept:
      - '*/*'
      accept-encoding:
      - gzip, deflate
      connection:
      - keep-alive
      content-length:
      - '31'
      content-type:
      - application/json
      host:
      - localhost:8000
      user-agent:
      - cherrydb-client-py
    method: POST
    uri: http://localhost:8000/api/v1/meta/
  response:
    content: '{"notes":"adding a namespace","uuid":"863b50ad-e66e-4cd9-b357-fd74ab4e326d","created_at":"2023-02-20T23:17:55.782308+00:00","created_by":"pjrule@me.com"}'
    headers:
      content-length:
      - '153'
      content-type:
      - application/json
      date:
      - Mon, 20 Feb 2023 23:17:55 GMT
      server:
      - uvicorn
    http_version: HTTP/1.1
    status_code: 201
- request:
    body: '{"path": "all", "description": "Test namespace.", "public": true}'
    headers:
      X-API-Key:
      - DUMMY
      accept:
      - '*/*'
      accept-encoding:
      - gzip, deflate
      connection:
      - keep-alive
      content-length:
      - '65'
      content-type:
      - application/json
      host:
      - localhost:8000
      user-agent:
      - cherrydb-client-py
      x-cherry-meta-id:
      - 863b50ad-e66e-4cd9-b357-fd74ab4e326d
    method: POST
    uri: http://localhost:8000/api/v1/namespaces/
  response:
    content: '{"path":"all","description":"Test namespace.","public":true,"meta":{"notes":"adding
      a namespace","uuid":"863b50ad-e66e-4cd9-b357-fd74ab4e326d","created_at":"2023-02-20T23:17:55.782308+00:00","created_by":"pjrule@me.com"}}'
    headers:
      content-length:
      - '221'
      content-type:
      - application/json
      date:
      - Mon, 20 Feb 2023 23:17:55 GMT
      etag:
      - '"63e67851-65aa-4e56-81b1-5bdf341778e1"'
      server:
      - uvicorn
    http_version: HTTP/1.1
    status_code: 201
- request:
    body: ''
    headers:
      X-API-Key:
      - DUMMY
      accept:
      - '*/*'
      accept-encoding:
      - gzip, deflate
      connection:
      - keep-alive
      host:
      - localhost:8000
      user-agent:
      - cherrydb-client-py
    method: GET
    uri: http://localhost:8000/api/v1/namespaces/
  response:
    content: '[{"path":"test_geo_layer_repo_create_get__online","description":"cherrydb-client-py
      test test_geo_layer_repo_create_get__online","public":true,"meta":{"notes":"Test
      setup for cherrydb-client-py test test_geo_layer_repo_create_get__online","uuid":"51c626b7-6024-47c9-aeed-490447b6efcd","created_at":"2023-02-20T23:17:54.256762+00:00","created_by":"pjrule@me.com"}},{"path":"test_geo_layer_repo_create_get__online_offline","description":"cherrydb-client-py
      test test_geo_layer_repo_create_get__online_offline","public":true,"meta":{"notes":"Test
      setup for cherrydb-client-py test test_geo_layer_repo_create_get__online_offline","uuid":"21994f8a-31f5-4756-84e6-7904e67b86a6","created_at":"2023-02-20T23:17:54.512333+00:00","created_by":"pjrule@me.com"}},{"path":"test_geo_layer_repo_create_all__online","description":"cherrydb-client-py
      test test_geo_layer_repo_create_all__online","public":true,"meta":{"notes":"Test
      setup for cherrydb-client-py test test_geo_layer_repo_create_all__online","uuid":"1e92cff1-e651-4b74-bef5-792bde3bb4e2","created_at":"2023-02-20T23:17:54.702090+00:00","created_by":"pjrule@me.com"}},{"path":"test","description":"Test
      namespace.","public":true,"meta":{"notes":"adding a namespace","uuid":"b57b0357-77f9-4c01-8d65-ce55673c0784","created_at":"2023-02-20T23:17:55.516200+00:00","created_by":"pjrule@me.com"}},{"path":"offline","description":"Test
      namespace.","public":true,"meta":{"notes":"adding a namespace","uuid":"443697fe-15a4-41be-ae64-5118c322bbbe","created_at":"2023-02-20T23:17:55.670978+00:00","created_by":"pjrule@me.com"}},{"path":"all","description":"Test
      namespace.","public":true,"meta":{"notes":"adding a namespace","uuid":"863b50ad-e66e-4cd9-b357-fd74ab4e326d","created_at":"2023-02-20T23:17:55.782308+00:00","created_by":"pjrule@me.com"}}]'
    headers:
      content-length:
      - '1785'
      content-type:
      - application/json
      date:
      - Mon, 20 Feb 2023 23:17:55 GMT
      server:
      - uvicorn
    http_version: HTTP/1.1
    status_code: 200
version: 1
