interactions:
- request:
    body: '{"notes": "Test setup for cherrydb-client-py test test_geo_layer_repo_create_all__online_offline"}'
    headers:
      X-API-Key:
      - DUMMY
      accept:
      - '*/*'
      accept-encoding:
      - gzip, deflate
      connection:
      - keep-alive
      content-length:
      - '98'
      content-type:
      - application/json
      host:
      - localhost:8000
      user-agent:
      - cherrydb-client-py
    method: POST
    uri: http://localhost:8000/api/v1/meta/
  response:
    content: '{"detail":"Unknown API key."}'
    headers:
      content-length:
      - '29'
      content-type:
      - application/json
      date:
      - Tue, 21 Feb 2023 18:57:26 GMT
      server:
      - uvicorn
    http_version: HTTP/1.1
    status_code: 401
- request:
    body: '{"notes": "Test setup for cherrydb-client-py test test_geo_layer_repo_create_all__online_offline"}'
    headers:
      X-API-Key:
      - DUMMY
      accept:
      - '*/*'
      accept-encoding:
      - gzip, deflate
      connection:
      - keep-alive
      content-length:
      - '98'
      content-type:
      - application/json
      host:
      - localhost:8000
      user-agent:
      - cherrydb-client-py
    method: POST
    uri: http://localhost:8000/api/v1/meta/
  response:
    content: '{"notes":"Test setup for cherrydb-client-py test test_geo_layer_repo_create_all__online_offline","uuid":"f7c6d89a-bcee-485d-85d2-c35406ee3dca","created_at":"2023-02-21T18:57:38.930830+00:00","created_by":"pjrule@me.com"}'
    headers:
      content-length:
      - '220'
      content-type:
      - application/json
      date:
      - Tue, 21 Feb 2023 18:57:38 GMT
      server:
      - uvicorn
    http_version: HTTP/1.1
    status_code: 201
- request:
    body: '{"path": "test_geo_layer_repo_create_all__online_offline", "description":
      "cherrydb-client-py test test_geo_layer_repo_create_all__online_offline", "public":
      true}'
    headers:
      X-API-Key:
      - DUMMY
      accept:
      - '*/*'
      accept-encoding:
      - gzip, deflate
      connection:
      - keep-alive
      content-length:
      - '163'
      content-type:
      - application/json
      host:
      - localhost:8000
      user-agent:
      - cherrydb-client-py
      x-cherry-meta-id:
      - f7c6d89a-bcee-485d-85d2-c35406ee3dca
    method: POST
    uri: http://localhost:8000/api/v1/namespaces/
  response:
    content: '{"path":"test_geo_layer_repo_create_all__online_offline","description":"cherrydb-client-py
      test test_geo_layer_repo_create_all__online_offline","public":true,"meta":{"notes":"Test
      setup for cherrydb-client-py test test_geo_layer_repo_create_all__online_offline","uuid":"f7c6d89a-bcee-485d-85d2-c35406ee3dca","created_at":"2023-02-21T18:57:38.930830+00:00","created_by":"pjrule@me.com"}}'
    headers:
      content-length:
      - '386'
      content-type:
      - application/json
      date:
      - Tue, 21 Feb 2023 18:57:38 GMT
      etag:
      - '"9174f3b9-10d5-4b00-8f24-3ac405c1dd2d"'
      server:
      - uvicorn
    http_version: HTTP/1.1
    status_code: 201
- request:
    body: '{"notes": "adding a geographic layer"}'
    headers:
      X-API-Key:
      - DUMMY
      accept:
      - '*/*'
      accept-encoding:
      - gzip, deflate
      connection:
      - keep-alive
      content-length:
      - '38'
      content-type:
      - application/json
      host:
      - localhost:8000
      user-agent:
      - cherrydb-client-py
    method: POST
    uri: http://localhost:8000/api/v1/meta/
  response:
    content: '{"notes":"adding a geographic layer","uuid":"29c2b3bd-af90-4f5e-841a-e2b487c04d9d","created_at":"2023-02-21T18:57:38.970177+00:00","created_by":"pjrule@me.com"}'
    headers:
      content-length:
      - '160'
      content-type:
      - application/json
      date:
      - Tue, 21 Feb 2023 18:57:38 GMT
      server:
      - uvicorn
    http_version: HTTP/1.1
    status_code: 201
- request:
    body: '{"path": "blocks/2020", "description": "2020 Census blocks", "source_url":
      null}'
    headers:
      X-API-Key:
      - DUMMY
      accept:
      - '*/*'
      accept-encoding:
      - gzip, deflate
      connection:
      - keep-alive
      content-length:
      - '80'
      content-type:
      - application/json
      host:
      - localhost:8000
      user-agent:
      - cherrydb-client-py
      x-cherry-meta-id:
      - 29c2b3bd-af90-4f5e-841a-e2b487c04d9d
    method: POST
    uri: http://localhost:8000/api/v1/layers/test_geo_layer_repo_create_all__online_offline
  response:
    content: '{"path":"blocks/2020","description":"2020 Census blocks","source_url":null,"meta":{"notes":"adding
      a geographic layer","uuid":"29c2b3bd-af90-4f5e-841a-e2b487c04d9d","created_at":"2023-02-21T18:57:38.970177+00:00","created_by":"pjrule@me.com"},"namespace":"test_geo_layer_repo_create_all__online_offline"}'
    headers:
      content-length:
      - '304'
      content-type:
      - application/json
      date:
      - Tue, 21 Feb 2023 18:57:38 GMT
      etag:
      - '"6c18eef7-05f8-43f3-97fa-8e73a63c8e26"'
      server:
      - uvicorn
    http_version: HTTP/1.1
    status_code: 201
- request:
    body: ''
    headers:
      X-API-Key:
      - DUMMY
      accept:
      - '*/*'
      accept-encoding:
      - gzip, deflate
      connection:
      - keep-alive
      host:
      - localhost:8000
      user-agent:
      - cherrydb-client-py
    method: GET
    uri: http://localhost:8000/api/v1/layers/test_geo_layer_repo_create_all__online_offline
  response:
    content: '[{"path":"blocks/2020","description":"2020 Census blocks","source_url":null,"meta":{"notes":"adding
      a geographic layer","uuid":"29c2b3bd-af90-4f5e-841a-e2b487c04d9d","created_at":"2023-02-21T18:57:38.970177+00:00","created_by":"pjrule@me.com"},"namespace":"test_geo_layer_repo_create_all__online_offline"}]'
    headers:
      content-length:
      - '306'
      content-type:
      - application/json
      date:
      - Tue, 21 Feb 2023 18:57:38 GMT
      etag:
      - '"6c18eef7-05f8-43f3-97fa-8e73a63c8e26"'
      server:
      - uvicorn
    http_version: HTTP/1.1
    status_code: 200
- request:
    body: '{"notes": "Test setup for cherrydb-client-py test test_geo_layer_repo_create_all__online_offline"}'
    headers:
      X-API-Key:
      - DUMMY
      accept:
      - '*/*'
      accept-encoding:
      - gzip, deflate
      connection:
      - keep-alive
      content-length:
      - '98'
      content-type:
      - application/json
      host:
      - localhost:8000
      user-agent:
      - cherrydb-client-py
    method: POST
    uri: http://localhost:8000/api/v1/meta/
  response:
    content: '{"notes":"Test setup for cherrydb-client-py test test_geo_layer_repo_create_all__online_offline","uuid":"67300de3-8221-4195-8c79-b925a1317fb1","created_at":"2023-02-21T19:35:54.927774+00:00","created_by":"pjrule@me.com"}'
    headers:
      content-length:
      - '220'
      content-type:
      - application/json
      date:
      - Tue, 21 Feb 2023 19:35:54 GMT
      server:
      - uvicorn
    http_version: HTTP/1.1
    status_code: 201
- request:
    body: '{"path": "test_geo_layer_repo_create_all__online_offline", "description":
      "cherrydb-client-py test test_geo_layer_repo_create_all__online_offline", "public":
      true}'
    headers:
      X-API-Key:
      - DUMMY
      accept:
      - '*/*'
      accept-encoding:
      - gzip, deflate
      connection:
      - keep-alive
      content-length:
      - '163'
      content-type:
      - application/json
      host:
      - localhost:8000
      user-agent:
      - cherrydb-client-py
      x-cherry-meta-id:
      - 67300de3-8221-4195-8c79-b925a1317fb1
    method: POST
    uri: http://localhost:8000/api/v1/namespaces/
  response:
    content: '{"path":"test_geo_layer_repo_create_all__online_offline","description":"cherrydb-client-py
      test test_geo_layer_repo_create_all__online_offline","public":true,"meta":{"notes":"Test
      setup for cherrydb-client-py test test_geo_layer_repo_create_all__online_offline","uuid":"67300de3-8221-4195-8c79-b925a1317fb1","created_at":"2023-02-21T19:35:54.927774+00:00","created_by":"pjrule@me.com"}}'
    headers:
      content-length:
      - '386'
      content-type:
      - application/json
      date:
      - Tue, 21 Feb 2023 19:35:54 GMT
      etag:
      - '"3cf4f65b-39f5-4a12-be7f-e388a81ac5e1"'
      server:
      - uvicorn
    http_version: HTTP/1.1
    status_code: 201
- request:
    body: '{"notes": "adding a geographic layer"}'
    headers:
      X-API-Key:
      - DUMMY
      accept:
      - '*/*'
      accept-encoding:
      - gzip, deflate
      connection:
      - keep-alive
      content-length:
      - '38'
      content-type:
      - application/json
      host:
      - localhost:8000
      user-agent:
      - cherrydb-client-py
    method: POST
    uri: http://localhost:8000/api/v1/meta/
  response:
    content: '{"notes":"adding a geographic layer","uuid":"41d78b65-ace6-4602-a5ae-3459d2032698","created_at":"2023-02-21T19:35:54.969075+00:00","created_by":"pjrule@me.com"}'
    headers:
      content-length:
      - '160'
      content-type:
      - application/json
      date:
      - Tue, 21 Feb 2023 19:35:54 GMT
      server:
      - uvicorn
    http_version: HTTP/1.1
    status_code: 201
- request:
    body: '{"notes": "Test setup for cherrydb-client-py test test_geo_layer_repo_create_all__online_offline"}'
    headers:
      X-API-Key:
      - DUMMY
      accept:
      - '*/*'
      accept-encoding:
      - gzip, deflate
      connection:
      - keep-alive
      content-length:
      - '98'
      content-type:
      - application/json
      host:
      - localhost:8000
      user-agent:
      - cherrydb-client-py
    method: POST
    uri: http://localhost:8000/api/v1/meta/
  response:
    content: '{"notes":"Test setup for cherrydb-client-py test test_geo_layer_repo_create_all__online_offline","uuid":"a6681b7b-9d4e-4824-acab-f206a71ab94d","created_at":"2023-02-21T19:39:53.900998+00:00","created_by":"pjrule@me.com"}'
    headers:
      content-length:
      - '220'
      content-type:
      - application/json
      date:
      - Tue, 21 Feb 2023 19:39:53 GMT
      server:
      - uvicorn
    http_version: HTTP/1.1
    status_code: 201
- request:
    body: '{"path": "test_geo_layer_repo_create_all__online_offline", "description":
      "cherrydb-client-py test test_geo_layer_repo_create_all__online_offline", "public":
      true}'
    headers:
      X-API-Key:
      - DUMMY
      accept:
      - '*/*'
      accept-encoding:
      - gzip, deflate
      connection:
      - keep-alive
      content-length:
      - '163'
      content-type:
      - application/json
      host:
      - localhost:8000
      user-agent:
      - cherrydb-client-py
      x-cherry-meta-id:
      - a6681b7b-9d4e-4824-acab-f206a71ab94d
    method: POST
    uri: http://localhost:8000/api/v1/namespaces/
  response:
    content: '{"detail":"Object creation failed. Reason: Failed to create namespace
      ''test_geo_layer_repo_create_all__online_offline''. (The namespace may already
      exist.)"}'
    headers:
      content-length:
      - '156'
      content-type:
      - application/json
      date:
      - Tue, 21 Feb 2023 19:39:53 GMT
      server:
      - uvicorn
    http_version: HTTP/1.1
    status_code: 422
- request:
    body: '{"notes": "Test setup for cherrydb-client-py test test_geo_layer_repo_create_all__online_offline"}'
    headers:
      X-API-Key:
      - DUMMY
      accept:
      - '*/*'
      accept-encoding:
      - gzip, deflate
      connection:
      - keep-alive
      content-length:
      - '98'
      content-type:
      - application/json
      host:
      - localhost:8000
      user-agent:
      - cherrydb-client-py
    method: POST
    uri: http://localhost:8000/api/v1/meta/
  response:
    content: '{"notes":"Test setup for cherrydb-client-py test test_geo_layer_repo_create_all__online_offline","uuid":"b5475aaa-4732-4f43-a2f1-e823a313798f","created_at":"2023-02-21T19:40:01.484057+00:00","created_by":"pjrule@me.com"}'
    headers:
      content-length:
      - '220'
      content-type:
      - application/json
      date:
      - Tue, 21 Feb 2023 19:40:00 GMT
      server:
      - uvicorn
    http_version: HTTP/1.1
    status_code: 201
- request:
    body: '{"path": "test_geo_layer_repo_create_all__online_offline", "description":
      "cherrydb-client-py test test_geo_layer_repo_create_all__online_offline", "public":
      true}'
    headers:
      X-API-Key:
      - DUMMY
      accept:
      - '*/*'
      accept-encoding:
      - gzip, deflate
      connection:
      - keep-alive
      content-length:
      - '163'
      content-type:
      - application/json
      host:
      - localhost:8000
      user-agent:
      - cherrydb-client-py
      x-cherry-meta-id:
      - b5475aaa-4732-4f43-a2f1-e823a313798f
    method: POST
    uri: http://localhost:8000/api/v1/namespaces/
  response:
    content: '{"path":"test_geo_layer_repo_create_all__online_offline","description":"cherrydb-client-py
      test test_geo_layer_repo_create_all__online_offline","public":true,"meta":{"notes":"Test
      setup for cherrydb-client-py test test_geo_layer_repo_create_all__online_offline","uuid":"b5475aaa-4732-4f43-a2f1-e823a313798f","created_at":"2023-02-21T19:40:01.484057+00:00","created_by":"pjrule@me.com"}}'
    headers:
      content-length:
      - '386'
      content-type:
      - application/json
      date:
      - Tue, 21 Feb 2023 19:40:00 GMT
      etag:
      - '"2aadbe01-5c23-4d8a-b4f7-c2cfce6931c9"'
      server:
      - uvicorn
    http_version: HTTP/1.1
    status_code: 201
- request:
    body: '{"notes": "adding a geographic layer"}'
    headers:
      X-API-Key:
      - DUMMY
      accept:
      - '*/*'
      accept-encoding:
      - gzip, deflate
      connection:
      - keep-alive
      content-length:
      - '38'
      content-type:
      - application/json
      host:
      - localhost:8000
      user-agent:
      - cherrydb-client-py
    method: POST
    uri: http://localhost:8000/api/v1/meta/
  response:
    content: '{"notes":"adding a geographic layer","uuid":"e7f04138-47a5-4378-bc77-b0fed2619645","created_at":"2023-02-21T19:40:01.531907+00:00","created_by":"pjrule@me.com"}'
    headers:
      content-length:
      - '160'
      content-type:
      - application/json
      date:
      - Tue, 21 Feb 2023 19:40:00 GMT
      server:
      - uvicorn
    http_version: HTTP/1.1
    status_code: 201
- request:
    body: '{"notes": "Test setup for cherrydb-client-py test test_geo_layer_repo_create_all__online_offline"}'
    headers:
      X-API-Key:
      - DUMMY
      accept:
      - '*/*'
      accept-encoding:
      - gzip, deflate
      connection:
      - keep-alive
      content-length:
      - '98'
      content-type:
      - application/json
      host:
      - localhost:8000
      user-agent:
      - cherrydb-client-py
    method: POST
    uri: http://localhost:8000/api/v1/meta/
  response:
    content: '{"notes":"Test setup for cherrydb-client-py test test_geo_layer_repo_create_all__online_offline","uuid":"35f66ccf-8aab-4592-bdef-baa78847a36f","created_at":"2023-02-21T19:40:44.875686+00:00","created_by":"pjrule@me.com"}'
    headers:
      content-length:
      - '220'
      content-type:
      - application/json
      date:
      - Tue, 21 Feb 2023 19:40:44 GMT
      server:
      - uvicorn
    http_version: HTTP/1.1
    status_code: 201
- request:
    body: '{"path": "test_geo_layer_repo_create_all__online_offline", "description":
      "cherrydb-client-py test test_geo_layer_repo_create_all__online_offline", "public":
      true}'
    headers:
      X-API-Key:
      - DUMMY
      accept:
      - '*/*'
      accept-encoding:
      - gzip, deflate
      connection:
      - keep-alive
      content-length:
      - '163'
      content-type:
      - application/json
      host:
      - localhost:8000
      user-agent:
      - cherrydb-client-py
      x-cherry-meta-id:
      - 35f66ccf-8aab-4592-bdef-baa78847a36f
    method: POST
    uri: http://localhost:8000/api/v1/namespaces/
  response:
    content: '{"path":"test_geo_layer_repo_create_all__online_offline","description":"cherrydb-client-py
      test test_geo_layer_repo_create_all__online_offline","public":true,"meta":{"notes":"Test
      setup for cherrydb-client-py test test_geo_layer_repo_create_all__online_offline","uuid":"35f66ccf-8aab-4592-bdef-baa78847a36f","created_at":"2023-02-21T19:40:44.875686+00:00","created_by":"pjrule@me.com"}}'
    headers:
      content-length:
      - '386'
      content-type:
      - application/json
      date:
      - Tue, 21 Feb 2023 19:40:44 GMT
      etag:
      - '"6b1898f4-521f-4557-bb5d-f9705ffcd97a"'
      server:
      - uvicorn
    http_version: HTTP/1.1
    status_code: 201
- request:
    body: '{"notes": "adding a geographic layer"}'
    headers:
      X-API-Key:
      - DUMMY
      accept:
      - '*/*'
      accept-encoding:
      - gzip, deflate
      connection:
      - keep-alive
      content-length:
      - '38'
      content-type:
      - application/json
      host:
      - localhost:8000
      user-agent:
      - cherrydb-client-py
    method: POST
    uri: http://localhost:8000/api/v1/meta/
  response:
    content: '{"notes":"adding a geographic layer","uuid":"25777e4c-5113-4337-8fff-7c1e0a8dea88","created_at":"2023-02-21T19:40:44.917299+00:00","created_by":"pjrule@me.com"}'
    headers:
      content-length:
      - '160'
      content-type:
      - application/json
      date:
      - Tue, 21 Feb 2023 19:40:44 GMT
      server:
      - uvicorn
    http_version: HTTP/1.1
    status_code: 201
- request:
    body: '{"path": "blocks/2020", "description": "2020 Census blocks", "source_url":
      null}'
    headers:
      X-API-Key:
      - DUMMY
      accept:
      - '*/*'
      accept-encoding:
      - gzip, deflate
      connection:
      - keep-alive
      content-length:
      - '80'
      content-type:
      - application/json
      host:
      - localhost:8000
      user-agent:
      - cherrydb-client-py
      x-cherry-meta-id:
      - 25777e4c-5113-4337-8fff-7c1e0a8dea88
    method: POST
    uri: http://localhost:8000/api/v1/layers/test_geo_layer_repo_create_all__online_offline
  response:
    content: '{"path":"blocks/2020","description":"2020 Census blocks","source_url":null,"meta":{"notes":"adding
      a geographic layer","uuid":"25777e4c-5113-4337-8fff-7c1e0a8dea88","created_at":"2023-02-21T19:40:44.917299+00:00","created_by":"pjrule@me.com"},"namespace":"test_geo_layer_repo_create_all__online_offline"}'
    headers:
      content-length:
      - '304'
      content-type:
      - application/json
      date:
      - Tue, 21 Feb 2023 19:40:44 GMT
      etag:
      - '"d537f6a5-e95c-4147-aae3-59521354b9c3"'
      server:
      - uvicorn
    http_version: HTTP/1.1
    status_code: 201
- request:
    body: ''
    headers:
      X-API-Key:
      - DUMMY
      accept:
      - '*/*'
      accept-encoding:
      - gzip, deflate
      connection:
      - keep-alive
      host:
      - localhost:8000
      user-agent:
      - cherrydb-client-py
    method: GET
    uri: http://localhost:8000/api/v1/layers/test_geo_layer_repo_create_all__online_offline
  response:
    content: '[{"path":"blocks/2020","description":"2020 Census blocks","source_url":null,"meta":{"notes":"adding
      a geographic layer","uuid":"25777e4c-5113-4337-8fff-7c1e0a8dea88","created_at":"2023-02-21T19:40:44.917299+00:00","created_by":"pjrule@me.com"},"namespace":"test_geo_layer_repo_create_all__online_offline"}]'
    headers:
      content-length:
      - '306'
      content-type:
      - application/json
      date:
      - Tue, 21 Feb 2023 19:40:44 GMT
      etag:
      - '"d537f6a5-e95c-4147-aae3-59521354b9c3"'
      server:
      - uvicorn
    http_version: HTTP/1.1
    status_code: 200
- request:
    body: '{"notes": "Test setup for cherrydb-client-py test test_geo_layer_repo_create_all__online_offline"}'
    headers:
      X-API-Key:
      - DUMMY
      accept:
      - '*/*'
      accept-encoding:
      - gzip, deflate
      connection:
      - keep-alive
      content-length:
      - '98'
      content-type:
      - application/json
      host:
      - localhost:8000
      user-agent:
      - cherrydb-client-py
    method: POST
    uri: http://localhost:8000/api/v1/meta/
  response:
    content: '{"notes":"Test setup for cherrydb-client-py test test_geo_layer_repo_create_all__online_offline","uuid":"f824ce2d-7641-41d0-bf13-dd174e2c3afe","created_at":"2023-02-21T19:42:08.476780+00:00","created_by":"pjrule@me.com"}'
    headers:
      content-length:
      - '220'
      content-type:
      - application/json
      date:
      - Tue, 21 Feb 2023 19:42:07 GMT
      server:
      - uvicorn
    http_version: HTTP/1.1
    status_code: 201
- request:
    body: '{"path": "test_geo_layer_repo_create_all__online_offline", "description":
      "cherrydb-client-py test test_geo_layer_repo_create_all__online_offline", "public":
      true}'
    headers:
      X-API-Key:
      - DUMMY
      accept:
      - '*/*'
      accept-encoding:
      - gzip, deflate
      connection:
      - keep-alive
      content-length:
      - '163'
      content-type:
      - application/json
      host:
      - localhost:8000
      user-agent:
      - cherrydb-client-py
      x-cherry-meta-id:
      - f824ce2d-7641-41d0-bf13-dd174e2c3afe
    method: POST
    uri: http://localhost:8000/api/v1/namespaces/
  response:
    content: '{"path":"test_geo_layer_repo_create_all__online_offline","description":"cherrydb-client-py
      test test_geo_layer_repo_create_all__online_offline","public":true,"meta":{"notes":"Test
      setup for cherrydb-client-py test test_geo_layer_repo_create_all__online_offline","uuid":"f824ce2d-7641-41d0-bf13-dd174e2c3afe","created_at":"2023-02-21T19:42:08.476780+00:00","created_by":"pjrule@me.com"}}'
    headers:
      content-length:
      - '386'
      content-type:
      - application/json
      date:
      - Tue, 21 Feb 2023 19:42:07 GMT
      etag:
      - '"6b1f98cb-4ff5-4cbe-8a35-7850801bd656"'
      server:
      - uvicorn
    http_version: HTTP/1.1
    status_code: 201
- request:
    body: '{"notes": "adding a geographic layer"}'
    headers:
      X-API-Key:
      - DUMMY
      accept:
      - '*/*'
      accept-encoding:
      - gzip, deflate
      connection:
      - keep-alive
      content-length:
      - '38'
      content-type:
      - application/json
      host:
      - localhost:8000
      user-agent:
      - cherrydb-client-py
    method: POST
    uri: http://localhost:8000/api/v1/meta/
  response:
    content: '{"notes":"adding a geographic layer","uuid":"0d427af5-8276-4699-9c26-2ab2b50f6abf","created_at":"2023-02-21T19:42:08.518369+00:00","created_by":"pjrule@me.com"}'
    headers:
      content-length:
      - '160'
      content-type:
      - application/json
      date:
      - Tue, 21 Feb 2023 19:42:07 GMT
      server:
      - uvicorn
    http_version: HTTP/1.1
    status_code: 201
- request:
    body: '{"path": "blocks/2020", "description": "2020 Census blocks", "source_url":
      null}'
    headers:
      X-API-Key:
      - DUMMY
      accept:
      - '*/*'
      accept-encoding:
      - gzip, deflate
      connection:
      - keep-alive
      content-length:
      - '80'
      content-type:
      - application/json
      host:
      - localhost:8000
      user-agent:
      - cherrydb-client-py
      x-cherry-meta-id:
      - 0d427af5-8276-4699-9c26-2ab2b50f6abf
    method: POST
    uri: http://localhost:8000/api/v1/layers/test_geo_layer_repo_create_all__online_offline
  response:
    content: '{"path":"blocks/2020","description":"2020 Census blocks","source_url":null,"meta":{"notes":"adding
      a geographic layer","uuid":"0d427af5-8276-4699-9c26-2ab2b50f6abf","created_at":"2023-02-21T19:42:08.518369+00:00","created_by":"pjrule@me.com"},"namespace":"test_geo_layer_repo_create_all__online_offline"}'
    headers:
      content-length:
      - '304'
      content-type:
      - application/json
      date:
      - Tue, 21 Feb 2023 19:42:07 GMT
      etag:
      - '"5454bbb2-5afe-4465-8b19-bb5647c2a12a"'
      server:
      - uvicorn
    http_version: HTTP/1.1
    status_code: 201
- request:
    body: ''
    headers:
      X-API-Key:
      - DUMMY
      accept:
      - '*/*'
      accept-encoding:
      - gzip, deflate
      connection:
      - keep-alive
      host:
      - localhost:8000
      user-agent:
      - cherrydb-client-py
    method: GET
    uri: http://localhost:8000/api/v1/layers/test_geo_layer_repo_create_all__online_offline
  response:
    content: '[{"path":"blocks/2020","description":"2020 Census blocks","source_url":null,"meta":{"notes":"adding
      a geographic layer","uuid":"0d427af5-8276-4699-9c26-2ab2b50f6abf","created_at":"2023-02-21T19:42:08.518369+00:00","created_by":"pjrule@me.com"},"namespace":"test_geo_layer_repo_create_all__online_offline"}]'
    headers:
      content-length:
      - '306'
      content-type:
      - application/json
      date:
      - Tue, 21 Feb 2023 19:42:07 GMT
      etag:
      - '"5454bbb2-5afe-4465-8b19-bb5647c2a12a"'
      server:
      - uvicorn
    http_version: HTTP/1.1
    status_code: 200
- request:
    body: '{"notes": "Test setup for cherrydb-client-py test test_geo_layer_repo_create_all__online_offline"}'
    headers:
      X-API-Key:
      - DUMMY
      accept:
      - '*/*'
      accept-encoding:
      - gzip, deflate
      connection:
      - keep-alive
      content-length:
      - '98'
      content-type:
      - application/json
      host:
      - localhost:8000
      user-agent:
      - cherrydb-client-py
    method: POST
    uri: http://localhost:8000/api/v1/meta/
  response:
    content: '{"notes":"Test setup for cherrydb-client-py test test_geo_layer_repo_create_all__online_offline","uuid":"cf49779c-f0e1-4b4a-be7e-2aff591b1675","created_at":"2023-02-21T19:42:49.741382+00:00","created_by":"pjrule@me.com"}'
    headers:
      content-length:
      - '220'
      content-type:
      - application/json
      date:
      - Tue, 21 Feb 2023 19:42:49 GMT
      server:
      - uvicorn
    http_version: HTTP/1.1
    status_code: 201
- request:
    body: '{"path": "test_geo_layer_repo_create_all__online_offline", "description":
      "cherrydb-client-py test test_geo_layer_repo_create_all__online_offline", "public":
      true}'
    headers:
      X-API-Key:
      - DUMMY
      accept:
      - '*/*'
      accept-encoding:
      - gzip, deflate
      connection:
      - keep-alive
      content-length:
      - '163'
      content-type:
      - application/json
      host:
      - localhost:8000
      user-agent:
      - cherrydb-client-py
      x-cherry-meta-id:
      - cf49779c-f0e1-4b4a-be7e-2aff591b1675
    method: POST
    uri: http://localhost:8000/api/v1/namespaces/
  response:
    content: '{"detail":"Object creation failed. Reason: Failed to create namespace
      ''test_geo_layer_repo_create_all__online_offline''. (The namespace may already
      exist.)"}'
    headers:
      content-length:
      - '156'
      content-type:
      - application/json
      date:
      - Tue, 21 Feb 2023 19:42:49 GMT
      server:
      - uvicorn
    http_version: HTTP/1.1
    status_code: 422
- request:
    body: '{"notes": "Test setup for cherrydb-client-py test test_geo_layer_repo_create_all__online_offline"}'
    headers:
      X-API-Key:
      - DUMMY
      accept:
      - '*/*'
      accept-encoding:
      - gzip, deflate
      connection:
      - keep-alive
      content-length:
      - '98'
      content-type:
      - application/json
      host:
      - localhost:8000
      user-agent:
      - cherrydb-client-py
    method: POST
    uri: http://localhost:8000/api/v1/meta/
  response:
    content: '{"notes":"Test setup for cherrydb-client-py test test_geo_layer_repo_create_all__online_offline","uuid":"35032d97-37c9-42a9-83bd-3de87e804362","created_at":"2023-02-21T19:42:58.615666+00:00","created_by":"pjrule@me.com"}'
    headers:
      content-length:
      - '220'
      content-type:
      - application/json
      date:
      - Tue, 21 Feb 2023 19:42:57 GMT
      server:
      - uvicorn
    http_version: HTTP/1.1
    status_code: 201
- request:
    body: '{"path": "test_geo_layer_repo_create_all__online_offline", "description":
      "cherrydb-client-py test test_geo_layer_repo_create_all__online_offline", "public":
      true}'
    headers:
      X-API-Key:
      - DUMMY
      accept:
      - '*/*'
      accept-encoding:
      - gzip, deflate
      connection:
      - keep-alive
      content-length:
      - '163'
      content-type:
      - application/json
      host:
      - localhost:8000
      user-agent:
      - cherrydb-client-py
      x-cherry-meta-id:
      - 35032d97-37c9-42a9-83bd-3de87e804362
    method: POST
    uri: http://localhost:8000/api/v1/namespaces/
  response:
    content: '{"path":"test_geo_layer_repo_create_all__online_offline","description":"cherrydb-client-py
      test test_geo_layer_repo_create_all__online_offline","public":true,"meta":{"notes":"Test
      setup for cherrydb-client-py test test_geo_layer_repo_create_all__online_offline","uuid":"35032d97-37c9-42a9-83bd-3de87e804362","created_at":"2023-02-21T19:42:58.615666+00:00","created_by":"pjrule@me.com"}}'
    headers:
      content-length:
      - '386'
      content-type:
      - application/json
      date:
      - Tue, 21 Feb 2023 19:42:57 GMT
      etag:
      - '"4ac89c13-9c01-4d52-afd8-a85e515c5107"'
      server:
      - uvicorn
    http_version: HTTP/1.1
    status_code: 201
- request:
    body: '{"notes": "adding a geographic layer"}'
    headers:
      X-API-Key:
      - DUMMY
      accept:
      - '*/*'
      accept-encoding:
      - gzip, deflate
      connection:
      - keep-alive
      content-length:
      - '38'
      content-type:
      - application/json
      host:
      - localhost:8000
      user-agent:
      - cherrydb-client-py
    method: POST
    uri: http://localhost:8000/api/v1/meta/
  response:
    content: '{"notes":"adding a geographic layer","uuid":"3fed1df3-9695-4064-813e-1d9102cc1bab","created_at":"2023-02-21T19:42:58.661408+00:00","created_by":"pjrule@me.com"}'
    headers:
      content-length:
      - '160'
      content-type:
      - application/json
      date:
      - Tue, 21 Feb 2023 19:42:57 GMT
      server:
      - uvicorn
    http_version: HTTP/1.1
    status_code: 201
- request:
    body: '{"path": "blocks/2020", "description": "2020 Census blocks", "source_url":
      null}'
    headers:
      X-API-Key:
      - DUMMY
      accept:
      - '*/*'
      accept-encoding:
      - gzip, deflate
      connection:
      - keep-alive
      content-length:
      - '80'
      content-type:
      - application/json
      host:
      - localhost:8000
      user-agent:
      - cherrydb-client-py
      x-cherry-meta-id:
      - 3fed1df3-9695-4064-813e-1d9102cc1bab
    method: POST
    uri: http://localhost:8000/api/v1/layers/test_geo_layer_repo_create_all__online_offline
  response:
    content: '{"path":"blocks/2020","description":"2020 Census blocks","source_url":null,"meta":{"notes":"adding
      a geographic layer","uuid":"3fed1df3-9695-4064-813e-1d9102cc1bab","created_at":"2023-02-21T19:42:58.661408+00:00","created_by":"pjrule@me.com"},"namespace":"test_geo_layer_repo_create_all__online_offline"}'
    headers:
      content-length:
      - '304'
      content-type:
      - application/json
      date:
      - Tue, 21 Feb 2023 19:42:57 GMT
      etag:
      - '"ab5902e9-d55e-49e8-9c82-4902d096548a"'
      server:
      - uvicorn
    http_version: HTTP/1.1
    status_code: 201
- request:
    body: ''
    headers:
      X-API-Key:
      - DUMMY
      accept:
      - '*/*'
      accept-encoding:
      - gzip, deflate
      connection:
      - keep-alive
      host:
      - localhost:8000
      user-agent:
      - cherrydb-client-py
    method: GET
    uri: http://localhost:8000/api/v1/layers/test_geo_layer_repo_create_all__online_offline
  response:
    content: '[{"path":"blocks/2020","description":"2020 Census blocks","source_url":null,"meta":{"notes":"adding
      a geographic layer","uuid":"3fed1df3-9695-4064-813e-1d9102cc1bab","created_at":"2023-02-21T19:42:58.661408+00:00","created_by":"pjrule@me.com"},"namespace":"test_geo_layer_repo_create_all__online_offline"}]'
    headers:
      content-length:
      - '306'
      content-type:
      - application/json
      date:
      - Tue, 21 Feb 2023 19:42:57 GMT
      etag:
      - '"ab5902e9-d55e-49e8-9c82-4902d096548a"'
      server:
      - uvicorn
    http_version: HTTP/1.1
    status_code: 200
- request:
    body: '{"notes": "Test setup for cherrydb-client-py test test_geo_layer_repo_create_all__online_offline"}'
    headers:
      X-API-Key:
      - DUMMY
      accept:
      - '*/*'
      accept-encoding:
      - gzip, deflate
      connection:
      - keep-alive
      content-length:
      - '98'
      content-type:
      - application/json
      host:
      - localhost:8000
      user-agent:
      - cherrydb-client-py
    method: POST
    uri: http://localhost:8000/api/v1/meta/
  response:
    content: '{"notes":"Test setup for cherrydb-client-py test test_geo_layer_repo_create_all__online_offline","uuid":"19419fb4-f082-4bbf-8f50-a8ea21b00ed6","created_at":"2023-02-21T19:43:42.517381+00:00","created_by":"pjrule@me.com"}'
    headers:
      content-length:
      - '220'
      content-type:
      - application/json
      date:
      - Tue, 21 Feb 2023 19:43:42 GMT
      server:
      - uvicorn
    http_version: HTTP/1.1
    status_code: 201
- request:
    body: '{"path": "test_geo_layer_repo_create_all__online_offline", "description":
      "cherrydb-client-py test test_geo_layer_repo_create_all__online_offline", "public":
      true}'
    headers:
      X-API-Key:
      - DUMMY
      accept:
      - '*/*'
      accept-encoding:
      - gzip, deflate
      connection:
      - keep-alive
      content-length:
      - '163'
      content-type:
      - application/json
      host:
      - localhost:8000
      user-agent:
      - cherrydb-client-py
      x-cherry-meta-id:
      - 19419fb4-f082-4bbf-8f50-a8ea21b00ed6
    method: POST
    uri: http://localhost:8000/api/v1/namespaces/
  response:
    content: '{"path":"test_geo_layer_repo_create_all__online_offline","description":"cherrydb-client-py
      test test_geo_layer_repo_create_all__online_offline","public":true,"meta":{"notes":"Test
      setup for cherrydb-client-py test test_geo_layer_repo_create_all__online_offline","uuid":"19419fb4-f082-4bbf-8f50-a8ea21b00ed6","created_at":"2023-02-21T19:43:42.517381+00:00","created_by":"pjrule@me.com"}}'
    headers:
      content-length:
      - '386'
      content-type:
      - application/json
      date:
      - Tue, 21 Feb 2023 19:43:42 GMT
      etag:
      - '"a1eb0f71-a80d-4feb-b851-c61aad428fd6"'
      server:
      - uvicorn
    http_version: HTTP/1.1
    status_code: 201
- request:
    body: '{"notes": "adding a geographic layer"}'
    headers:
      X-API-Key:
      - DUMMY
      accept:
      - '*/*'
      accept-encoding:
      - gzip, deflate
      connection:
      - keep-alive
      content-length:
      - '38'
      content-type:
      - application/json
      host:
      - localhost:8000
      user-agent:
      - cherrydb-client-py
    method: POST
    uri: http://localhost:8000/api/v1/meta/
  response:
    content: '{"notes":"adding a geographic layer","uuid":"29f4a6e4-33d7-41bf-aa2a-8da44521e432","created_at":"2023-02-21T19:43:42.577093+00:00","created_by":"pjrule@me.com"}'
    headers:
      content-length:
      - '160'
      content-type:
      - application/json
      date:
      - Tue, 21 Feb 2023 19:43:42 GMT
      server:
      - uvicorn
    http_version: HTTP/1.1
    status_code: 201
- request:
    body: '{"path": "blocks/2020", "description": "2020 Census blocks", "source_url":
      null}'
    headers:
      X-API-Key:
      - DUMMY
      accept:
      - '*/*'
      accept-encoding:
      - gzip, deflate
      connection:
      - keep-alive
      content-length:
      - '80'
      content-type:
      - application/json
      host:
      - localhost:8000
      user-agent:
      - cherrydb-client-py
      x-cherry-meta-id:
      - 29f4a6e4-33d7-41bf-aa2a-8da44521e432
    method: POST
    uri: http://localhost:8000/api/v1/layers/test_geo_layer_repo_create_all__online_offline
  response:
    content: '{"path":"blocks/2020","description":"2020 Census blocks","source_url":null,"meta":{"notes":"adding
      a geographic layer","uuid":"29f4a6e4-33d7-41bf-aa2a-8da44521e432","created_at":"2023-02-21T19:43:42.577093+00:00","created_by":"pjrule@me.com"},"namespace":"test_geo_layer_repo_create_all__online_offline"}'
    headers:
      content-length:
      - '304'
      content-type:
      - application/json
      date:
      - Tue, 21 Feb 2023 19:43:42 GMT
      etag:
      - '"d494baf0-ac4c-476d-9a41-0c540a275899"'
      server:
      - uvicorn
    http_version: HTTP/1.1
    status_code: 201
- request:
    body: ''
    headers:
      X-API-Key:
      - DUMMY
      accept:
      - '*/*'
      accept-encoding:
      - gzip, deflate
      connection:
      - keep-alive
      host:
      - localhost:8000
      user-agent:
      - cherrydb-client-py
    method: GET
    uri: http://localhost:8000/api/v1/layers/test_geo_layer_repo_create_all__online_offline
  response:
    content: '[{"path":"blocks/2020","description":"2020 Census blocks","source_url":null,"meta":{"notes":"adding
      a geographic layer","uuid":"29f4a6e4-33d7-41bf-aa2a-8da44521e432","created_at":"2023-02-21T19:43:42.577093+00:00","created_by":"pjrule@me.com"},"namespace":"test_geo_layer_repo_create_all__online_offline"}]'
    headers:
      content-length:
      - '306'
      content-type:
      - application/json
      date:
      - Tue, 21 Feb 2023 19:43:42 GMT
      etag:
      - '"d494baf0-ac4c-476d-9a41-0c540a275899"'
      server:
      - uvicorn
    http_version: HTTP/1.1
    status_code: 200
- request:
    body: '{"notes": "Test setup for cherrydb-client-py test test_geo_layer_repo_create_all__online_offline"}'
    headers:
      X-API-Key:
      - DUMMY
      accept:
      - '*/*'
      accept-encoding:
      - gzip, deflate
      connection:
      - keep-alive
      content-length:
      - '98'
      content-type:
      - application/json
      host:
      - localhost:8000
      user-agent:
      - cherrydb-client-py
    method: POST
    uri: http://localhost:8000/api/v1/meta/
  response:
    content: '{"notes":"Test setup for cherrydb-client-py test test_geo_layer_repo_create_all__online_offline","uuid":"81cb5735-d138-48d0-8731-551489caa2af","created_at":"2023-02-21T19:44:41.317240+00:00","created_by":"pjrule@me.com"}'
    headers:
      content-length:
      - '220'
      content-type:
      - application/json
      date:
      - Tue, 21 Feb 2023 19:44:40 GMT
      server:
      - uvicorn
    http_version: HTTP/1.1
    status_code: 201
- request:
    body: '{"path": "test_geo_layer_repo_create_all__online_offline", "description":
      "cherrydb-client-py test test_geo_layer_repo_create_all__online_offline", "public":
      true}'
    headers:
      X-API-Key:
      - DUMMY
      accept:
      - '*/*'
      accept-encoding:
      - gzip, deflate
      connection:
      - keep-alive
      content-length:
      - '163'
      content-type:
      - application/json
      host:
      - localhost:8000
      user-agent:
      - cherrydb-client-py
      x-cherry-meta-id:
      - 81cb5735-d138-48d0-8731-551489caa2af
    method: POST
    uri: http://localhost:8000/api/v1/namespaces/
  response:
    content: '{"path":"test_geo_layer_repo_create_all__online_offline","description":"cherrydb-client-py
      test test_geo_layer_repo_create_all__online_offline","public":true,"meta":{"notes":"Test
      setup for cherrydb-client-py test test_geo_layer_repo_create_all__online_offline","uuid":"81cb5735-d138-48d0-8731-551489caa2af","created_at":"2023-02-21T19:44:41.317240+00:00","created_by":"pjrule@me.com"}}'
    headers:
      content-length:
      - '386'
      content-type:
      - application/json
      date:
      - Tue, 21 Feb 2023 19:44:40 GMT
      etag:
      - '"28d27dc1-de4d-4339-bfc8-87ca6a80de05"'
      server:
      - uvicorn
    http_version: HTTP/1.1
    status_code: 201
- request:
    body: '{"notes": "adding a geographic layer"}'
    headers:
      X-API-Key:
      - DUMMY
      accept:
      - '*/*'
      accept-encoding:
      - gzip, deflate
      connection:
      - keep-alive
      content-length:
      - '38'
      content-type:
      - application/json
      host:
      - localhost:8000
      user-agent:
      - cherrydb-client-py
    method: POST
    uri: http://localhost:8000/api/v1/meta/
  response:
    content: '{"notes":"adding a geographic layer","uuid":"dc964026-8359-45cb-a1b8-4fee22596b49","created_at":"2023-02-21T19:44:41.356768+00:00","created_by":"pjrule@me.com"}'
    headers:
      content-length:
      - '160'
      content-type:
      - application/json
      date:
      - Tue, 21 Feb 2023 19:44:40 GMT
      server:
      - uvicorn
    http_version: HTTP/1.1
    status_code: 201
- request:
    body: '{"path": "blocks/2020", "description": "2020 Census blocks", "source_url":
      null}'
    headers:
      X-API-Key:
      - DUMMY
      accept:
      - '*/*'
      accept-encoding:
      - gzip, deflate
      connection:
      - keep-alive
      content-length:
      - '80'
      content-type:
      - application/json
      host:
      - localhost:8000
      user-agent:
      - cherrydb-client-py
      x-cherry-meta-id:
      - dc964026-8359-45cb-a1b8-4fee22596b49
    method: POST
    uri: http://localhost:8000/api/v1/layers/test_geo_layer_repo_create_all__online_offline
  response:
    content: '{"path":"blocks/2020","description":"2020 Census blocks","source_url":null,"meta":{"notes":"adding
      a geographic layer","uuid":"dc964026-8359-45cb-a1b8-4fee22596b49","created_at":"2023-02-21T19:44:41.356768+00:00","created_by":"pjrule@me.com"},"namespace":"test_geo_layer_repo_create_all__online_offline"}'
    headers:
      content-length:
      - '304'
      content-type:
      - application/json
      date:
      - Tue, 21 Feb 2023 19:44:40 GMT
      etag:
      - '"8c7e576d-e8c3-4321-92d2-6fb8ae144894"'
      server:
      - uvicorn
    http_version: HTTP/1.1
    status_code: 201
- request:
    body: ''
    headers:
      X-API-Key:
      - DUMMY
      accept:
      - '*/*'
      accept-encoding:
      - gzip, deflate
      connection:
      - keep-alive
      host:
      - localhost:8000
      user-agent:
      - cherrydb-client-py
    method: GET
    uri: http://localhost:8000/api/v1/layers/test_geo_layer_repo_create_all__online_offline
  response:
    content: '[{"path":"blocks/2020","description":"2020 Census blocks","source_url":null,"meta":{"notes":"adding
      a geographic layer","uuid":"dc964026-8359-45cb-a1b8-4fee22596b49","created_at":"2023-02-21T19:44:41.356768+00:00","created_by":"pjrule@me.com"},"namespace":"test_geo_layer_repo_create_all__online_offline"}]'
    headers:
      content-length:
      - '306'
      content-type:
      - application/json
      date:
      - Tue, 21 Feb 2023 19:44:40 GMT
      etag:
      - '"8c7e576d-e8c3-4321-92d2-6fb8ae144894"'
      server:
      - uvicorn
    http_version: HTTP/1.1
    status_code: 200
- request:
    body: '{"notes": "Test setup for cherrydb-client-py test test_geo_layer_repo_create_all__online_offline"}'
    headers:
      X-API-Key:
      - DUMMY
      accept:
      - '*/*'
      accept-encoding:
      - gzip, deflate
      connection:
      - keep-alive
      content-length:
      - '98'
      content-type:
      - application/json
      host:
      - localhost:8000
      user-agent:
      - cherrydb-client-py
    method: POST
    uri: http://localhost:8000/api/v1/meta/
  response:
    content: '{"notes":"Test setup for cherrydb-client-py test test_geo_layer_repo_create_all__online_offline","uuid":"5ac494bb-1ee9-4241-9dbe-21fcfddb15ef","created_at":"2023-02-21T19:48:20.242169+00:00","created_by":"pjrule@me.com"}'
    headers:
      content-length:
      - '220'
      content-type:
      - application/json
      date:
      - Tue, 21 Feb 2023 19:48:19 GMT
      server:
      - uvicorn
    http_version: HTTP/1.1
    status_code: 201
- request:
    body: '{"path": "test_geo_layer_repo_create_all__online_offline", "description":
      "cherrydb-client-py test test_geo_layer_repo_create_all__online_offline", "public":
      true}'
    headers:
      X-API-Key:
      - DUMMY
      accept:
      - '*/*'
      accept-encoding:
      - gzip, deflate
      connection:
      - keep-alive
      content-length:
      - '163'
      content-type:
      - application/json
      host:
      - localhost:8000
      user-agent:
      - cherrydb-client-py
      x-cherry-meta-id:
      - 5ac494bb-1ee9-4241-9dbe-21fcfddb15ef
    method: POST
    uri: http://localhost:8000/api/v1/namespaces/
  response:
    content: '{"path":"test_geo_layer_repo_create_all__online_offline","description":"cherrydb-client-py
      test test_geo_layer_repo_create_all__online_offline","public":true,"meta":{"notes":"Test
      setup for cherrydb-client-py test test_geo_layer_repo_create_all__online_offline","uuid":"5ac494bb-1ee9-4241-9dbe-21fcfddb15ef","created_at":"2023-02-21T19:48:20.242169+00:00","created_by":"pjrule@me.com"}}'
    headers:
      content-length:
      - '386'
      content-type:
      - application/json
      date:
      - Tue, 21 Feb 2023 19:48:19 GMT
      etag:
      - '"b75fa61a-9f55-45c2-8d95-2cef054c083d"'
      server:
      - uvicorn
    http_version: HTTP/1.1
    status_code: 201
- request:
    body: '{"notes": "adding a geographic layer"}'
    headers:
      X-API-Key:
      - DUMMY
      accept:
      - '*/*'
      accept-encoding:
      - gzip, deflate
      connection:
      - keep-alive
      content-length:
      - '38'
      content-type:
      - application/json
      host:
      - localhost:8000
      user-agent:
      - cherrydb-client-py
    method: POST
    uri: http://localhost:8000/api/v1/meta/
  response:
    content: '{"notes":"adding a geographic layer","uuid":"9a089415-66e5-40fa-a832-25bb9c5b0f35","created_at":"2023-02-21T19:48:20.280930+00:00","created_by":"pjrule@me.com"}'
    headers:
      content-length:
      - '160'
      content-type:
      - application/json
      date:
      - Tue, 21 Feb 2023 19:48:19 GMT
      server:
      - uvicorn
    http_version: HTTP/1.1
    status_code: 201
- request:
    body: '{"path": "blocks/2020", "description": "2020 Census blocks", "source_url":
      null}'
    headers:
      X-API-Key:
      - DUMMY
      accept:
      - '*/*'
      accept-encoding:
      - gzip, deflate
      connection:
      - keep-alive
      content-length:
      - '80'
      content-type:
      - application/json
      host:
      - localhost:8000
      user-agent:
      - cherrydb-client-py
      x-cherry-meta-id:
      - 9a089415-66e5-40fa-a832-25bb9c5b0f35
    method: POST
    uri: http://localhost:8000/api/v1/layers/test_geo_layer_repo_create_all__online_offline
  response:
    content: '{"path":"blocks/2020","description":"2020 Census blocks","source_url":null,"meta":{"notes":"adding
      a geographic layer","uuid":"9a089415-66e5-40fa-a832-25bb9c5b0f35","created_at":"2023-02-21T19:48:20.280930+00:00","created_by":"pjrule@me.com"},"namespace":"test_geo_layer_repo_create_all__online_offline"}'
    headers:
      content-length:
      - '304'
      content-type:
      - application/json
      date:
      - Tue, 21 Feb 2023 19:48:19 GMT
      etag:
      - '"384df244-6f60-45f8-9c5a-88657b4a4aa2"'
      server:
      - uvicorn
    http_version: HTTP/1.1
    status_code: 201
- request:
    body: ''
    headers:
      X-API-Key:
      - DUMMY
      accept:
      - '*/*'
      accept-encoding:
      - gzip, deflate
      connection:
      - keep-alive
      host:
      - localhost:8000
      user-agent:
      - cherrydb-client-py
    method: GET
    uri: http://localhost:8000/api/v1/layers/test_geo_layer_repo_create_all__online_offline
  response:
    content: '[{"path":"blocks/2020","description":"2020 Census blocks","source_url":null,"meta":{"notes":"adding
      a geographic layer","uuid":"9a089415-66e5-40fa-a832-25bb9c5b0f35","created_at":"2023-02-21T19:48:20.280930+00:00","created_by":"pjrule@me.com"},"namespace":"test_geo_layer_repo_create_all__online_offline"}]'
    headers:
      content-length:
      - '306'
      content-type:
      - application/json
      date:
      - Tue, 21 Feb 2023 19:48:19 GMT
      etag:
      - '"384df244-6f60-45f8-9c5a-88657b4a4aa2"'
      server:
      - uvicorn
    http_version: HTTP/1.1
    status_code: 200
- request:
    body: '{"notes": "Test setup for cherrydb-client-py test test_geo_layer_repo_create_all__online_offline"}'
    headers:
      X-API-Key:
      - DUMMY
      accept:
      - '*/*'
      accept-encoding:
      - gzip, deflate
      connection:
      - keep-alive
      content-length:
      - '98'
      content-type:
      - application/json
      host:
      - localhost:8000
      user-agent:
      - cherrydb-client-py
    method: POST
    uri: http://localhost:8000/api/v1/meta/
  response:
    content: '{"notes":"Test setup for cherrydb-client-py test test_geo_layer_repo_create_all__online_offline","uuid":"473e2eb0-259b-4c3c-b7eb-a54b4c81d9f1","created_at":"2023-02-21T19:48:52.769207+00:00","created_by":"pjrule@me.com"}'
    headers:
      content-length:
      - '220'
      content-type:
      - application/json
      date:
      - Tue, 21 Feb 2023 19:48:52 GMT
      server:
      - uvicorn
    http_version: HTTP/1.1
    status_code: 201
- request:
    body: '{"path": "test_geo_layer_repo_create_all__online_offline", "description":
      "cherrydb-client-py test test_geo_layer_repo_create_all__online_offline", "public":
      true}'
    headers:
      X-API-Key:
      - DUMMY
      accept:
      - '*/*'
      accept-encoding:
      - gzip, deflate
      connection:
      - keep-alive
      content-length:
      - '163'
      content-type:
      - application/json
      host:
      - localhost:8000
      user-agent:
      - cherrydb-client-py
      x-cherry-meta-id:
      - 473e2eb0-259b-4c3c-b7eb-a54b4c81d9f1
    method: POST
    uri: http://localhost:8000/api/v1/namespaces/
  response:
    content: '{"detail":"Object creation failed. Reason: Failed to create namespace
      ''test_geo_layer_repo_create_all__online_offline''. (The namespace may already
      exist.)"}'
    headers:
      content-length:
      - '156'
      content-type:
      - application/json
      date:
      - Tue, 21 Feb 2023 19:48:52 GMT
      server:
      - uvicorn
    http_version: HTTP/1.1
    status_code: 422
- request:
    body: '{"notes": "Test setup for cherrydb-client-py test test_geo_layer_repo_create_all__online_offline"}'
    headers:
      X-API-Key:
      - DUMMY
      accept:
      - '*/*'
      accept-encoding:
      - gzip, deflate
      connection:
      - keep-alive
      content-length:
      - '98'
      content-type:
      - application/json
      host:
      - localhost:8000
      user-agent:
      - cherrydb-client-py
    method: POST
    uri: http://localhost:8000/api/v1/meta/
  response:
    content: '{"notes":"Test setup for cherrydb-client-py test test_geo_layer_repo_create_all__online_offline","uuid":"65c076c2-c87b-4583-9c95-29e5eccfc241","created_at":"2023-02-21T19:49:02.289156+00:00","created_by":"pjrule@me.com"}'
    headers:
      content-length:
      - '220'
      content-type:
      - application/json
      date:
      - Tue, 21 Feb 2023 19:49:02 GMT
      server:
      - uvicorn
    http_version: HTTP/1.1
    status_code: 201
- request:
    body: '{"path": "test_geo_layer_repo_create_all__online_offline", "description":
      "cherrydb-client-py test test_geo_layer_repo_create_all__online_offline", "public":
      true}'
    headers:
      X-API-Key:
      - DUMMY
      accept:
      - '*/*'
      accept-encoding:
      - gzip, deflate
      connection:
      - keep-alive
      content-length:
      - '163'
      content-type:
      - application/json
      host:
      - localhost:8000
      user-agent:
      - cherrydb-client-py
      x-cherry-meta-id:
      - 65c076c2-c87b-4583-9c95-29e5eccfc241
    method: POST
    uri: http://localhost:8000/api/v1/namespaces/
  response:
    content: '{"path":"test_geo_layer_repo_create_all__online_offline","description":"cherrydb-client-py
      test test_geo_layer_repo_create_all__online_offline","public":true,"meta":{"notes":"Test
      setup for cherrydb-client-py test test_geo_layer_repo_create_all__online_offline","uuid":"65c076c2-c87b-4583-9c95-29e5eccfc241","created_at":"2023-02-21T19:49:02.289156+00:00","created_by":"pjrule@me.com"}}'
    headers:
      content-length:
      - '386'
      content-type:
      - application/json
      date:
      - Tue, 21 Feb 2023 19:49:02 GMT
      etag:
      - '"48b40136-b34e-4289-b939-d74a541af945"'
      server:
      - uvicorn
    http_version: HTTP/1.1
    status_code: 201
- request:
    body: '{"notes": "adding a geographic layer"}'
    headers:
      X-API-Key:
      - DUMMY
      accept:
      - '*/*'
      accept-encoding:
      - gzip, deflate
      connection:
      - keep-alive
      content-length:
      - '38'
      content-type:
      - application/json
      host:
      - localhost:8000
      user-agent:
      - cherrydb-client-py
    method: POST
    uri: http://localhost:8000/api/v1/meta/
  response:
    content: '{"notes":"adding a geographic layer","uuid":"c2a28421-9781-46d8-86cf-af81308326a5","created_at":"2023-02-21T19:49:02.330865+00:00","created_by":"pjrule@me.com"}'
    headers:
      content-length:
      - '160'
      content-type:
      - application/json
      date:
      - Tue, 21 Feb 2023 19:49:02 GMT
      server:
      - uvicorn
    http_version: HTTP/1.1
    status_code: 201
- request:
    body: '{"path": "blocks/2020", "description": "2020 Census blocks", "source_url":
      null}'
    headers:
      X-API-Key:
      - DUMMY
      accept:
      - '*/*'
      accept-encoding:
      - gzip, deflate
      connection:
      - keep-alive
      content-length:
      - '80'
      content-type:
      - application/json
      host:
      - localhost:8000
      user-agent:
      - cherrydb-client-py
      x-cherry-meta-id:
      - c2a28421-9781-46d8-86cf-af81308326a5
    method: POST
    uri: http://localhost:8000/api/v1/layers/test_geo_layer_repo_create_all__online_offline
  response:
    content: '{"path":"blocks/2020","description":"2020 Census blocks","source_url":null,"meta":{"notes":"adding
      a geographic layer","uuid":"c2a28421-9781-46d8-86cf-af81308326a5","created_at":"2023-02-21T19:49:02.330865+00:00","created_by":"pjrule@me.com"},"namespace":"test_geo_layer_repo_create_all__online_offline"}'
    headers:
      content-length:
      - '304'
      content-type:
      - application/json
      date:
      - Tue, 21 Feb 2023 19:49:02 GMT
      etag:
      - '"24d81c7a-6ba3-499c-8497-dcc638ae2f25"'
      server:
      - uvicorn
    http_version: HTTP/1.1
    status_code: 201
- request:
    body: ''
    headers:
      X-API-Key:
      - DUMMY
      accept:
      - '*/*'
      accept-encoding:
      - gzip, deflate
      connection:
      - keep-alive
      host:
      - localhost:8000
      user-agent:
      - cherrydb-client-py
    method: GET
    uri: http://localhost:8000/api/v1/layers/test_geo_layer_repo_create_all__online_offline
  response:
    content: '[{"path":"blocks/2020","description":"2020 Census blocks","source_url":null,"meta":{"notes":"adding
      a geographic layer","uuid":"c2a28421-9781-46d8-86cf-af81308326a5","created_at":"2023-02-21T19:49:02.330865+00:00","created_by":"pjrule@me.com"},"namespace":"test_geo_layer_repo_create_all__online_offline"}]'
    headers:
      content-length:
      - '306'
      content-type:
      - application/json
      date:
      - Tue, 21 Feb 2023 19:49:02 GMT
      etag:
      - '"24d81c7a-6ba3-499c-8497-dcc638ae2f25"'
      server:
      - uvicorn
    http_version: HTTP/1.1
    status_code: 200
- request:
    body: '{"notes": "Test setup for cherrydb-client-py test test_geo_layer_repo_create_all__online_offline"}'
    headers:
      X-API-Key:
      - DUMMY
      accept:
      - '*/*'
      accept-encoding:
      - gzip, deflate
      connection:
      - keep-alive
      content-length:
      - '98'
      content-type:
      - application/json
      host:
      - localhost:8000
      user-agent:
      - cherrydb-client-py
    method: POST
    uri: http://localhost:8000/api/v1/meta/
  response:
    content: '{"notes":"Test setup for cherrydb-client-py test test_geo_layer_repo_create_all__online_offline","uuid":"2944ca32-fbfa-4bb8-9d0b-2321adb07737","created_at":"2023-02-21T19:58:02.128686+00:00","created_by":"pjrule@me.com"}'
    headers:
      content-length:
      - '220'
      content-type:
      - application/json
      date:
      - Tue, 21 Feb 2023 19:58:01 GMT
      server:
      - uvicorn
    http_version: HTTP/1.1
    status_code: 201
- request:
    body: '{"path": "test_geo_layer_repo_create_all__online_offline", "description":
      "cherrydb-client-py test test_geo_layer_repo_create_all__online_offline", "public":
      true}'
    headers:
      X-API-Key:
      - DUMMY
      accept:
      - '*/*'
      accept-encoding:
      - gzip, deflate
      connection:
      - keep-alive
      content-length:
      - '163'
      content-type:
      - application/json
      host:
      - localhost:8000
      user-agent:
      - cherrydb-client-py
      x-cherry-meta-id:
      - 2944ca32-fbfa-4bb8-9d0b-2321adb07737
    method: POST
    uri: http://localhost:8000/api/v1/namespaces/
  response:
    content: '{"path":"test_geo_layer_repo_create_all__online_offline","description":"cherrydb-client-py
      test test_geo_layer_repo_create_all__online_offline","public":true,"meta":{"notes":"Test
      setup for cherrydb-client-py test test_geo_layer_repo_create_all__online_offline","uuid":"2944ca32-fbfa-4bb8-9d0b-2321adb07737","created_at":"2023-02-21T19:58:02.128686+00:00","created_by":"pjrule@me.com"}}'
    headers:
      content-length:
      - '386'
      content-type:
      - application/json
      date:
      - Tue, 21 Feb 2023 19:58:01 GMT
      etag:
      - '"c1dcfe8d-5195-4c15-8532-dd88e53ecf5d"'
      server:
      - uvicorn
    http_version: HTTP/1.1
    status_code: 201
- request:
    body: '{"notes": "adding a geographic layer"}'
    headers:
      X-API-Key:
      - DUMMY
      accept:
      - '*/*'
      accept-encoding:
      - gzip, deflate
      connection:
      - keep-alive
      content-length:
      - '38'
      content-type:
      - application/json
      host:
      - localhost:8000
      user-agent:
      - cherrydb-client-py
    method: POST
    uri: http://localhost:8000/api/v1/meta/
  response:
    content: '{"notes":"adding a geographic layer","uuid":"6f053213-e0f1-410b-bfe3-106984ece8e4","created_at":"2023-02-21T19:58:02.162692+00:00","created_by":"pjrule@me.com"}'
    headers:
      content-length:
      - '160'
      content-type:
      - application/json
      date:
      - Tue, 21 Feb 2023 19:58:01 GMT
      server:
      - uvicorn
    http_version: HTTP/1.1
    status_code: 201
- request:
    body: '{"path": "blocks/2020", "description": "2020 Census blocks", "source_url":
      null}'
    headers:
      X-API-Key:
      - DUMMY
      accept:
      - '*/*'
      accept-encoding:
      - gzip, deflate
      connection:
      - keep-alive
      content-length:
      - '80'
      content-type:
      - application/json
      host:
      - localhost:8000
      user-agent:
      - cherrydb-client-py
      x-cherry-meta-id:
      - 6f053213-e0f1-410b-bfe3-106984ece8e4
    method: POST
    uri: http://localhost:8000/api/v1/layers/test_geo_layer_repo_create_all__online_offline
  response:
    content: '{"path":"blocks/2020","description":"2020 Census blocks","source_url":null,"meta":{"notes":"adding
      a geographic layer","uuid":"6f053213-e0f1-410b-bfe3-106984ece8e4","created_at":"2023-02-21T19:58:02.162692+00:00","created_by":"pjrule@me.com"},"namespace":"test_geo_layer_repo_create_all__online_offline"}'
    headers:
      content-length:
      - '304'
      content-type:
      - application/json
      date:
      - Tue, 21 Feb 2023 19:58:01 GMT
      etag:
      - '"66dd4df6-af48-4b05-a707-f6ac8d88e417"'
      server:
      - uvicorn
    http_version: HTTP/1.1
    status_code: 201
- request:
    body: ''
    headers:
      X-API-Key:
      - DUMMY
      accept:
      - '*/*'
      accept-encoding:
      - gzip, deflate
      connection:
      - keep-alive
      host:
      - localhost:8000
      user-agent:
      - cherrydb-client-py
    method: GET
    uri: http://localhost:8000/api/v1/layers/test_geo_layer_repo_create_all__online_offline
  response:
    content: '[{"path":"blocks/2020","description":"2020 Census blocks","source_url":null,"meta":{"notes":"adding
      a geographic layer","uuid":"6f053213-e0f1-410b-bfe3-106984ece8e4","created_at":"2023-02-21T19:58:02.162692+00:00","created_by":"pjrule@me.com"},"namespace":"test_geo_layer_repo_create_all__online_offline"}]'
    headers:
      content-length:
      - '306'
      content-type:
      - application/json
      date:
      - Tue, 21 Feb 2023 19:58:01 GMT
      etag:
      - '"66dd4df6-af48-4b05-a707-f6ac8d88e417"'
      server:
      - uvicorn
    http_version: HTTP/1.1
    status_code: 200
- request:
    body: '{"notes": "Test setup for cherrydb-client-py test test_geo_layer_repo_create_all__online_offline"}'
    headers:
      X-API-Key:
      - DUMMY
      accept:
      - '*/*'
      accept-encoding:
      - gzip, deflate
      connection:
      - keep-alive
      content-length:
      - '98'
      content-type:
      - application/json
      host:
      - localhost:8000
      user-agent:
      - cherrydb-client-py
    method: POST
    uri: http://localhost:8000/api/v1/meta/
  response:
    content: '{"notes":"Test setup for cherrydb-client-py test test_geo_layer_repo_create_all__online_offline","uuid":"fcc80de5-ebb1-4bfe-af8c-6e8259b48cc2","created_at":"2023-02-21T19:59:18.425244+00:00","created_by":"pjrule@me.com"}'
    headers:
      content-length:
      - '220'
      content-type:
      - application/json
      date:
      - Tue, 21 Feb 2023 19:59:18 GMT
      server:
      - uvicorn
    http_version: HTTP/1.1
    status_code: 201
- request:
    body: '{"path": "test_geo_layer_repo_create_all__online_offline", "description":
      "cherrydb-client-py test test_geo_layer_repo_create_all__online_offline", "public":
      true}'
    headers:
      X-API-Key:
      - DUMMY
      accept:
      - '*/*'
      accept-encoding:
      - gzip, deflate
      connection:
      - keep-alive
      content-length:
      - '163'
      content-type:
      - application/json
      host:
      - localhost:8000
      user-agent:
      - cherrydb-client-py
      x-cherry-meta-id:
      - fcc80de5-ebb1-4bfe-af8c-6e8259b48cc2
    method: POST
    uri: http://localhost:8000/api/v1/namespaces/
  response:
    content: '{"path":"test_geo_layer_repo_create_all__online_offline","description":"cherrydb-client-py
      test test_geo_layer_repo_create_all__online_offline","public":true,"meta":{"notes":"Test
      setup for cherrydb-client-py test test_geo_layer_repo_create_all__online_offline","uuid":"fcc80de5-ebb1-4bfe-af8c-6e8259b48cc2","created_at":"2023-02-21T19:59:18.425244+00:00","created_by":"pjrule@me.com"}}'
    headers:
      content-length:
      - '386'
      content-type:
      - application/json
      date:
      - Tue, 21 Feb 2023 19:59:18 GMT
      etag:
      - '"e5730243-cf15-4827-baee-adb618501d62"'
      server:
      - uvicorn
    http_version: HTTP/1.1
    status_code: 201
- request:
    body: '{"notes": "adding a geographic layer"}'
    headers:
      X-API-Key:
      - DUMMY
      accept:
      - '*/*'
      accept-encoding:
      - gzip, deflate
      connection:
      - keep-alive
      content-length:
      - '38'
      content-type:
      - application/json
      host:
      - localhost:8000
      user-agent:
      - cherrydb-client-py
    method: POST
    uri: http://localhost:8000/api/v1/meta/
  response:
    content: '{"notes":"adding a geographic layer","uuid":"3417ff07-8abe-4093-bbd5-04a75a367895","created_at":"2023-02-21T19:59:18.486604+00:00","created_by":"pjrule@me.com"}'
    headers:
      content-length:
      - '160'
      content-type:
      - application/json
      date:
      - Tue, 21 Feb 2023 19:59:18 GMT
      server:
      - uvicorn
    http_version: HTTP/1.1
    status_code: 201
- request:
    body: '{"path": "blocks/2020", "description": "2020 Census blocks", "source_url":
      null}'
    headers:
      X-API-Key:
      - DUMMY
      accept:
      - '*/*'
      accept-encoding:
      - gzip, deflate
      connection:
      - keep-alive
      content-length:
      - '80'
      content-type:
      - application/json
      host:
      - localhost:8000
      user-agent:
      - cherrydb-client-py
      x-cherry-meta-id:
      - 3417ff07-8abe-4093-bbd5-04a75a367895
    method: POST
    uri: http://localhost:8000/api/v1/layers/test_geo_layer_repo_create_all__online_offline
  response:
    content: '{"path":"blocks/2020","description":"2020 Census blocks","source_url":null,"meta":{"notes":"adding
      a geographic layer","uuid":"3417ff07-8abe-4093-bbd5-04a75a367895","created_at":"2023-02-21T19:59:18.486604+00:00","created_by":"pjrule@me.com"},"namespace":"test_geo_layer_repo_create_all__online_offline"}'
    headers:
      content-length:
      - '304'
      content-type:
      - application/json
      date:
      - Tue, 21 Feb 2023 19:59:18 GMT
      etag:
      - '"95722693-e334-4a21-ae3d-22b7405a0a66"'
      server:
      - uvicorn
    http_version: HTTP/1.1
    status_code: 201
- request:
    body: ''
    headers:
      X-API-Key:
      - DUMMY
      accept:
      - '*/*'
      accept-encoding:
      - gzip, deflate
      connection:
      - keep-alive
      host:
      - localhost:8000
      user-agent:
      - cherrydb-client-py
    method: GET
    uri: http://localhost:8000/api/v1/layers/test_geo_layer_repo_create_all__online_offline
  response:
    content: '[{"path":"blocks/2020","description":"2020 Census blocks","source_url":null,"meta":{"notes":"adding
      a geographic layer","uuid":"3417ff07-8abe-4093-bbd5-04a75a367895","created_at":"2023-02-21T19:59:18.486604+00:00","created_by":"pjrule@me.com"},"namespace":"test_geo_layer_repo_create_all__online_offline"}]'
    headers:
      content-length:
      - '306'
      content-type:
      - application/json
      date:
      - Tue, 21 Feb 2023 19:59:18 GMT
      etag:
      - '"95722693-e334-4a21-ae3d-22b7405a0a66"'
      server:
      - uvicorn
    http_version: HTTP/1.1
    status_code: 200
- request:
    body: '{"notes": "Test setup for cherrydb-client-py test test_geo_layer_repo_create_all__online_offline"}'
    headers:
      X-API-Key:
      - DUMMY
      accept:
      - '*/*'
      accept-encoding:
      - gzip, deflate
      connection:
      - keep-alive
      content-length:
      - '98'
      content-type:
      - application/json
      host:
      - localhost:8000
      user-agent:
      - cherrydb-client-py
    method: POST
    uri: http://localhost:8000/api/v1/meta/
  response:
    content: '{"notes":"Test setup for cherrydb-client-py test test_geo_layer_repo_create_all__online_offline","uuid":"7e66d4f0-1ce2-4e11-884b-bf0b9e0177c1","created_at":"2023-02-21T19:59:53.294347+00:00","created_by":"pjrule@me.com"}'
    headers:
      content-length:
      - '220'
      content-type:
      - application/json
      date:
      - Tue, 21 Feb 2023 19:59:52 GMT
      server:
      - uvicorn
    http_version: HTTP/1.1
    status_code: 201
- request:
    body: '{"path": "test_geo_layer_repo_create_all__online_offline", "description":
      "cherrydb-client-py test test_geo_layer_repo_create_all__online_offline", "public":
      true}'
    headers:
      X-API-Key:
      - DUMMY
      accept:
      - '*/*'
      accept-encoding:
      - gzip, deflate
      connection:
      - keep-alive
      content-length:
      - '163'
      content-type:
      - application/json
      host:
      - localhost:8000
      user-agent:
      - cherrydb-client-py
      x-cherry-meta-id:
      - 7e66d4f0-1ce2-4e11-884b-bf0b9e0177c1
    method: POST
    uri: http://localhost:8000/api/v1/namespaces/
  response:
    content: '{"path":"test_geo_layer_repo_create_all__online_offline","description":"cherrydb-client-py
      test test_geo_layer_repo_create_all__online_offline","public":true,"meta":{"notes":"Test
      setup for cherrydb-client-py test test_geo_layer_repo_create_all__online_offline","uuid":"7e66d4f0-1ce2-4e11-884b-bf0b9e0177c1","created_at":"2023-02-21T19:59:53.294347+00:00","created_by":"pjrule@me.com"}}'
    headers:
      content-length:
      - '386'
      content-type:
      - application/json
      date:
      - Tue, 21 Feb 2023 19:59:52 GMT
      etag:
      - '"60c97046-d097-41a2-8684-1f4f02a4906a"'
      server:
      - uvicorn
    http_version: HTTP/1.1
    status_code: 201
- request:
    body: '{"notes": "adding a geographic layer"}'
    headers:
      X-API-Key:
      - DUMMY
      accept:
      - '*/*'
      accept-encoding:
      - gzip, deflate
      connection:
      - keep-alive
      content-length:
      - '38'
      content-type:
      - application/json
      host:
      - localhost:8000
      user-agent:
      - cherrydb-client-py
    method: POST
    uri: http://localhost:8000/api/v1/meta/
  response:
    content: '{"notes":"adding a geographic layer","uuid":"d83c0eb8-6a56-43cb-b5cf-a3eac9f7c47a","created_at":"2023-02-21T19:59:53.337025+00:00","created_by":"pjrule@me.com"}'
    headers:
      content-length:
      - '160'
      content-type:
      - application/json
      date:
      - Tue, 21 Feb 2023 19:59:52 GMT
      server:
      - uvicorn
    http_version: HTTP/1.1
    status_code: 201
- request:
    body: '{"path": "blocks/2020", "description": "2020 Census blocks", "source_url":
      null}'
    headers:
      X-API-Key:
      - DUMMY
      accept:
      - '*/*'
      accept-encoding:
      - gzip, deflate
      connection:
      - keep-alive
      content-length:
      - '80'
      content-type:
      - application/json
      host:
      - localhost:8000
      user-agent:
      - cherrydb-client-py
      x-cherry-meta-id:
      - d83c0eb8-6a56-43cb-b5cf-a3eac9f7c47a
    method: POST
    uri: http://localhost:8000/api/v1/layers/test_geo_layer_repo_create_all__online_offline
  response:
    content: '{"path":"blocks/2020","description":"2020 Census blocks","source_url":null,"meta":{"notes":"adding
      a geographic layer","uuid":"d83c0eb8-6a56-43cb-b5cf-a3eac9f7c47a","created_at":"2023-02-21T19:59:53.337025+00:00","created_by":"pjrule@me.com"},"namespace":"test_geo_layer_repo_create_all__online_offline"}'
    headers:
      content-length:
      - '304'
      content-type:
      - application/json
      date:
      - Tue, 21 Feb 2023 19:59:52 GMT
      etag:
      - '"99adae8c-8c20-497e-8661-ff95467c0466"'
      server:
      - uvicorn
    http_version: HTTP/1.1
    status_code: 201
- request:
    body: ''
    headers:
      X-API-Key:
      - DUMMY
      accept:
      - '*/*'
      accept-encoding:
      - gzip, deflate
      connection:
      - keep-alive
      host:
      - localhost:8000
      user-agent:
      - cherrydb-client-py
    method: GET
    uri: http://localhost:8000/api/v1/layers/test_geo_layer_repo_create_all__online_offline
  response:
    content: '[{"path":"blocks/2020","description":"2020 Census blocks","source_url":null,"meta":{"notes":"adding
      a geographic layer","uuid":"d83c0eb8-6a56-43cb-b5cf-a3eac9f7c47a","created_at":"2023-02-21T19:59:53.337025+00:00","created_by":"pjrule@me.com"},"namespace":"test_geo_layer_repo_create_all__online_offline"}]'
    headers:
      content-length:
      - '306'
      content-type:
      - application/json
      date:
      - Tue, 21 Feb 2023 19:59:53 GMT
      etag:
      - '"99adae8c-8c20-497e-8661-ff95467c0466"'
      server:
      - uvicorn
    http_version: HTTP/1.1
    status_code: 200
- request:
    body: '{"notes": "Test setup for cherrydb-client-py test test_geo_layer_repo_create_all__online_offline"}'
    headers:
      X-API-Key:
      - DUMMY
      accept:
      - '*/*'
      accept-encoding:
      - gzip, deflate
      connection:
      - keep-alive
      content-length:
      - '98'
      content-type:
      - application/json
      host:
      - localhost:8000
      user-agent:
      - cherrydb-client-py
    method: POST
    uri: http://localhost:8000/api/v1/meta/
  response:
    content: '{"notes":"Test setup for cherrydb-client-py test test_geo_layer_repo_create_all__online_offline","uuid":"c1e77bf0-c60f-4b0b-bb6c-ab9922cca3b1","created_at":"2023-02-21T21:29:32.652770+00:00","created_by":"pjrule@me.com"}'
    headers:
      content-length:
      - '220'
      content-type:
      - application/json
      date:
      - Tue, 21 Feb 2023 21:29:32 GMT
      server:
      - uvicorn
    http_version: HTTP/1.1
    status_code: 201
- request:
    body: '{"path": "test_geo_layer_repo_create_all__online_offline", "description":
      "cherrydb-client-py test test_geo_layer_repo_create_all__online_offline", "public":
      true}'
    headers:
      X-API-Key:
      - DUMMY
      accept:
      - '*/*'
      accept-encoding:
      - gzip, deflate
      connection:
      - keep-alive
      content-length:
      - '163'
      content-type:
      - application/json
      host:
      - localhost:8000
      user-agent:
      - cherrydb-client-py
      x-cherry-meta-id:
      - c1e77bf0-c60f-4b0b-bb6c-ab9922cca3b1
    method: POST
    uri: http://localhost:8000/api/v1/namespaces/
  response:
    content: '{"path":"test_geo_layer_repo_create_all__online_offline","description":"cherrydb-client-py
      test test_geo_layer_repo_create_all__online_offline","public":true,"meta":{"notes":"Test
      setup for cherrydb-client-py test test_geo_layer_repo_create_all__online_offline","uuid":"c1e77bf0-c60f-4b0b-bb6c-ab9922cca3b1","created_at":"2023-02-21T21:29:32.652770+00:00","created_by":"pjrule@me.com"}}'
    headers:
      content-length:
      - '386'
      content-type:
      - application/json
      date:
      - Tue, 21 Feb 2023 21:29:32 GMT
      etag:
      - '"bd6f2210-21ac-4c15-9dc2-44ab56a1ed83"'
      server:
      - uvicorn
    http_version: HTTP/1.1
    status_code: 201
- request:
    body: '{"notes": "adding a geographic layer"}'
    headers:
      X-API-Key:
      - DUMMY
      accept:
      - '*/*'
      accept-encoding:
      - gzip, deflate
      connection:
      - keep-alive
      content-length:
      - '38'
      content-type:
      - application/json
      host:
      - localhost:8000
      user-agent:
      - cherrydb-client-py
    method: POST
    uri: http://localhost:8000/api/v1/meta/
  response:
    content: '{"notes":"adding a geographic layer","uuid":"99cde95c-ce62-452f-9242-12e512a3df38","created_at":"2023-02-21T21:29:32.694020+00:00","created_by":"pjrule@me.com"}'
    headers:
      content-length:
      - '160'
      content-type:
      - application/json
      date:
      - Tue, 21 Feb 2023 21:29:32 GMT
      server:
      - uvicorn
    http_version: HTTP/1.1
    status_code: 201
- request:
    body: '{"path": "blocks/2020", "description": "2020 Census blocks", "source_url":
      null}'
    headers:
      X-API-Key:
      - DUMMY
      accept:
      - '*/*'
      accept-encoding:
      - gzip, deflate
      connection:
      - keep-alive
      content-length:
      - '80'
      content-type:
      - application/json
      host:
      - localhost:8000
      user-agent:
      - cherrydb-client-py
      x-cherry-meta-id:
      - 99cde95c-ce62-452f-9242-12e512a3df38
    method: POST
    uri: http://localhost:8000/api/v1/layers/test_geo_layer_repo_create_all__online_offline
  response:
    content: '{"path":"blocks/2020","description":"2020 Census blocks","source_url":null,"meta":{"notes":"adding
      a geographic layer","uuid":"99cde95c-ce62-452f-9242-12e512a3df38","created_at":"2023-02-21T21:29:32.694020+00:00","created_by":"pjrule@me.com"},"namespace":"test_geo_layer_repo_create_all__online_offline"}'
    headers:
      content-length:
      - '304'
      content-type:
      - application/json
      date:
      - Tue, 21 Feb 2023 21:29:32 GMT
      etag:
      - '"ff2c1470-064f-4f0f-ad16-705fc62b7d93"'
      server:
      - uvicorn
    http_version: HTTP/1.1
    status_code: 201
- request:
    body: ''
    headers:
      X-API-Key:
      - DUMMY
      accept:
      - '*/*'
      accept-encoding:
      - gzip, deflate
      connection:
      - keep-alive
      host:
      - localhost:8000
      user-agent:
      - cherrydb-client-py
    method: GET
    uri: http://localhost:8000/api/v1/layers/test_geo_layer_repo_create_all__online_offline
  response:
    content: '[{"path":"blocks/2020","description":"2020 Census blocks","source_url":null,"meta":{"notes":"adding
      a geographic layer","uuid":"99cde95c-ce62-452f-9242-12e512a3df38","created_at":"2023-02-21T21:29:32.694020+00:00","created_by":"pjrule@me.com"},"namespace":"test_geo_layer_repo_create_all__online_offline"}]'
    headers:
      content-length:
      - '306'
      content-type:
      - application/json
      date:
      - Tue, 21 Feb 2023 21:29:32 GMT
      etag:
      - '"ff2c1470-064f-4f0f-ad16-705fc62b7d93"'
      server:
      - uvicorn
    http_version: HTTP/1.1
    status_code: 200
- request:
    body: '{"notes": "Test setup for cherrydb-client-py test test_geo_layer_repo_create_all__online_offline"}'
    headers:
      X-API-Key:
      - DUMMY
      accept:
      - '*/*'
      accept-encoding:
      - gzip, deflate
      connection:
      - keep-alive
      content-length:
      - '98'
      content-type:
      - application/json
      host:
      - localhost:8000
      user-agent:
      - cherrydb-client-py
    method: POST
    uri: http://localhost:8000/api/v1/meta/
  response:
    content: '{"notes":"Test setup for cherrydb-client-py test test_geo_layer_repo_create_all__online_offline","uuid":"e240b3e8-b271-4868-b8a2-191462c4c08e","created_at":"2023-02-21T21:32:52.326809+00:00","created_by":"pjrule@me.com"}'
    headers:
      content-length:
      - '220'
      content-type:
      - application/json
      date:
      - Tue, 21 Feb 2023 21:32:51 GMT
      server:
      - uvicorn
    http_version: HTTP/1.1
    status_code: 201
- request:
    body: '{"path": "test_geo_layer_repo_create_all__online_offline", "description":
      "cherrydb-client-py test test_geo_layer_repo_create_all__online_offline", "public":
      true}'
    headers:
      X-API-Key:
      - DUMMY
      accept:
      - '*/*'
      accept-encoding:
      - gzip, deflate
      connection:
      - keep-alive
      content-length:
      - '163'
      content-type:
      - application/json
      host:
      - localhost:8000
      user-agent:
      - cherrydb-client-py
      x-cherry-meta-id:
      - e240b3e8-b271-4868-b8a2-191462c4c08e
    method: POST
    uri: http://localhost:8000/api/v1/namespaces/
  response:
    content: '{"path":"test_geo_layer_repo_create_all__online_offline","description":"cherrydb-client-py
      test test_geo_layer_repo_create_all__online_offline","public":true,"meta":{"notes":"Test
      setup for cherrydb-client-py test test_geo_layer_repo_create_all__online_offline","uuid":"e240b3e8-b271-4868-b8a2-191462c4c08e","created_at":"2023-02-21T21:32:52.326809+00:00","created_by":"pjrule@me.com"}}'
    headers:
      content-length:
      - '386'
      content-type:
      - application/json
      date:
      - Tue, 21 Feb 2023 21:32:52 GMT
      etag:
      - '"7954a827-daa1-431d-b6aa-1430c8810e8c"'
      server:
      - uvicorn
    http_version: HTTP/1.1
    status_code: 201
- request:
    body: '{"notes": "adding a geographic layer"}'
    headers:
      X-API-Key:
      - DUMMY
      accept:
      - '*/*'
      accept-encoding:
      - gzip, deflate
      connection:
      - keep-alive
      content-length:
      - '38'
      content-type:
      - application/json
      host:
      - localhost:8000
      user-agent:
      - cherrydb-client-py
    method: POST
    uri: http://localhost:8000/api/v1/meta/
  response:
    content: '{"notes":"adding a geographic layer","uuid":"6fdc0f6f-11f1-4664-8436-3eb15e481f74","created_at":"2023-02-21T21:32:52.379679+00:00","created_by":"pjrule@me.com"}'
    headers:
      content-length:
      - '160'
      content-type:
      - application/json
      date:
      - Tue, 21 Feb 2023 21:32:52 GMT
      server:
      - uvicorn
    http_version: HTTP/1.1
    status_code: 201
- request:
    body: '{"path": "blocks/2020", "description": "2020 Census blocks", "source_url":
      null}'
    headers:
      X-API-Key:
      - DUMMY
      accept:
      - '*/*'
      accept-encoding:
      - gzip, deflate
      connection:
      - keep-alive
      content-length:
      - '80'
      content-type:
      - application/json
      host:
      - localhost:8000
      user-agent:
      - cherrydb-client-py
      x-cherry-meta-id:
      - 6fdc0f6f-11f1-4664-8436-3eb15e481f74
    method: POST
    uri: http://localhost:8000/api/v1/layers/test_geo_layer_repo_create_all__online_offline
  response:
    content: '{"path":"blocks/2020","description":"2020 Census blocks","source_url":null,"meta":{"notes":"adding
      a geographic layer","uuid":"6fdc0f6f-11f1-4664-8436-3eb15e481f74","created_at":"2023-02-21T21:32:52.379679+00:00","created_by":"pjrule@me.com"},"namespace":"test_geo_layer_repo_create_all__online_offline"}'
    headers:
      content-length:
      - '304'
      content-type:
      - application/json
      date:
      - Tue, 21 Feb 2023 21:32:52 GMT
      etag:
      - '"c02d8d59-6e2d-4bc5-9d62-0ce602a03fae"'
      server:
      - uvicorn
    http_version: HTTP/1.1
    status_code: 201
- request:
    body: ''
    headers:
      X-API-Key:
      - DUMMY
      accept:
      - '*/*'
      accept-encoding:
      - gzip, deflate
      connection:
      - keep-alive
      host:
      - localhost:8000
      user-agent:
      - cherrydb-client-py
    method: GET
    uri: http://localhost:8000/api/v1/layers/test_geo_layer_repo_create_all__online_offline
  response:
    content: '[{"path":"blocks/2020","description":"2020 Census blocks","source_url":null,"meta":{"notes":"adding
      a geographic layer","uuid":"6fdc0f6f-11f1-4664-8436-3eb15e481f74","created_at":"2023-02-21T21:32:52.379679+00:00","created_by":"pjrule@me.com"},"namespace":"test_geo_layer_repo_create_all__online_offline"}]'
    headers:
      content-length:
      - '306'
      content-type:
      - application/json
      date:
      - Tue, 21 Feb 2023 21:32:52 GMT
      etag:
      - '"c02d8d59-6e2d-4bc5-9d62-0ce602a03fae"'
      server:
      - uvicorn
    http_version: HTTP/1.1
    status_code: 200
- request:
    body: '{"notes": "Test setup for cherrydb-client-py test test_geo_layer_repo_create_all__online_offline"}'
    headers:
      X-API-Key:
      - DUMMY
      accept:
      - '*/*'
      accept-encoding:
      - gzip, deflate
      connection:
      - keep-alive
      content-length:
      - '98'
      content-type:
      - application/json
      host:
      - localhost:8000
      user-agent:
      - cherrydb-client-py
    method: POST
    uri: http://localhost:8000/api/v1/meta/
  response:
    content: '{"notes":"Test setup for cherrydb-client-py test test_geo_layer_repo_create_all__online_offline","uuid":"a36badae-8ff2-497c-aef5-ec348659ca37","created_at":"2023-02-21T21:33:14.401388+00:00","created_by":"pjrule@me.com"}'
    headers:
      content-length:
      - '220'
      content-type:
      - application/json
      date:
      - Tue, 21 Feb 2023 21:33:14 GMT
      server:
      - uvicorn
    http_version: HTTP/1.1
    status_code: 201
- request:
    body: '{"path": "test_geo_layer_repo_create_all__online_offline", "description":
      "cherrydb-client-py test test_geo_layer_repo_create_all__online_offline", "public":
      true}'
    headers:
      X-API-Key:
      - DUMMY
      accept:
      - '*/*'
      accept-encoding:
      - gzip, deflate
      connection:
      - keep-alive
      content-length:
      - '163'
      content-type:
      - application/json
      host:
      - localhost:8000
      user-agent:
      - cherrydb-client-py
      x-cherry-meta-id:
      - a36badae-8ff2-497c-aef5-ec348659ca37
    method: POST
    uri: http://localhost:8000/api/v1/namespaces/
  response:
    content: '{"path":"test_geo_layer_repo_create_all__online_offline","description":"cherrydb-client-py
      test test_geo_layer_repo_create_all__online_offline","public":true,"meta":{"notes":"Test
      setup for cherrydb-client-py test test_geo_layer_repo_create_all__online_offline","uuid":"a36badae-8ff2-497c-aef5-ec348659ca37","created_at":"2023-02-21T21:33:14.401388+00:00","created_by":"pjrule@me.com"}}'
    headers:
      content-length:
      - '386'
      content-type:
      - application/json
      date:
      - Tue, 21 Feb 2023 21:33:14 GMT
      etag:
      - '"83b6ba03-675f-404c-a1be-0ffce70b6791"'
      server:
      - uvicorn
    http_version: HTTP/1.1
    status_code: 201
- request:
    body: '{"notes": "adding a geographic layer"}'
    headers:
      X-API-Key:
      - DUMMY
      accept:
      - '*/*'
      accept-encoding:
      - gzip, deflate
      connection:
      - keep-alive
      content-length:
      - '38'
      content-type:
      - application/json
      host:
      - localhost:8000
      user-agent:
      - cherrydb-client-py
    method: POST
    uri: http://localhost:8000/api/v1/meta/
  response:
    content: '{"notes":"adding a geographic layer","uuid":"b2396708-1b0a-4384-8e09-874f9d4691e7","created_at":"2023-02-21T21:33:14.489991+00:00","created_by":"pjrule@me.com"}'
    headers:
      content-length:
      - '160'
      content-type:
      - application/json
      date:
      - Tue, 21 Feb 2023 21:33:14 GMT
      server:
      - uvicorn
    http_version: HTTP/1.1
    status_code: 201
- request:
    body: '{"path": "blocks/2020", "description": "2020 Census blocks", "source_url":
      null}'
    headers:
      X-API-Key:
      - DUMMY
      accept:
      - '*/*'
      accept-encoding:
      - gzip, deflate
      connection:
      - keep-alive
      content-length:
      - '80'
      content-type:
      - application/json
      host:
      - localhost:8000
      user-agent:
      - cherrydb-client-py
      x-cherry-meta-id:
      - b2396708-1b0a-4384-8e09-874f9d4691e7
    method: POST
    uri: http://localhost:8000/api/v1/layers/test_geo_layer_repo_create_all__online_offline
  response:
    content: '{"path":"blocks/2020","description":"2020 Census blocks","source_url":null,"meta":{"notes":"adding
      a geographic layer","uuid":"b2396708-1b0a-4384-8e09-874f9d4691e7","created_at":"2023-02-21T21:33:14.489991+00:00","created_by":"pjrule@me.com"},"namespace":"test_geo_layer_repo_create_all__online_offline"}'
    headers:
      content-length:
      - '304'
      content-type:
      - application/json
      date:
      - Tue, 21 Feb 2023 21:33:14 GMT
      etag:
      - '"aafc85b2-b400-4cde-b458-e4143dbaa774"'
      server:
      - uvicorn
    http_version: HTTP/1.1
    status_code: 201
- request:
    body: ''
    headers:
      X-API-Key:
      - DUMMY
      accept:
      - '*/*'
      accept-encoding:
      - gzip, deflate
      connection:
      - keep-alive
      host:
      - localhost:8000
      user-agent:
      - cherrydb-client-py
    method: GET
    uri: http://localhost:8000/api/v1/layers/test_geo_layer_repo_create_all__online_offline
  response:
    content: '[{"path":"blocks/2020","description":"2020 Census blocks","source_url":null,"meta":{"notes":"adding
      a geographic layer","uuid":"b2396708-1b0a-4384-8e09-874f9d4691e7","created_at":"2023-02-21T21:33:14.489991+00:00","created_by":"pjrule@me.com"},"namespace":"test_geo_layer_repo_create_all__online_offline"}]'
    headers:
      content-length:
      - '306'
      content-type:
      - application/json
      date:
      - Tue, 21 Feb 2023 21:33:14 GMT
      etag:
      - '"aafc85b2-b400-4cde-b458-e4143dbaa774"'
      server:
      - uvicorn
    http_version: HTTP/1.1
    status_code: 200
- request:
    body: '{"notes": "Test setup for cherrydb-client-py test test_geo_layer_repo_create_all__online_offline"}'
    headers:
      X-API-Key:
      - DUMMY
      accept:
      - '*/*'
      accept-encoding:
      - gzip, deflate
      connection:
      - keep-alive
      content-length:
      - '98'
      content-type:
      - application/json
      host:
      - localhost:8000
      user-agent:
      - cherrydb-client-py
    method: POST
    uri: http://localhost:8000/api/v1/meta/
  response:
    content: '{"notes":"Test setup for cherrydb-client-py test test_geo_layer_repo_create_all__online_offline","uuid":"39e4395a-c8cd-425d-b364-4f4c63a62a2b","created_at":"2023-02-21T21:41:28.863678+00:00","created_by":"pjrule@me.com"}'
    headers:
      content-length:
      - '220'
      content-type:
      - application/json
      date:
      - Tue, 21 Feb 2023 21:41:28 GMT
      server:
      - uvicorn
    http_version: HTTP/1.1
    status_code: 201
- request:
    body: '{"path": "test_geo_layer_repo_create_all__online_offline", "description":
      "cherrydb-client-py test test_geo_layer_repo_create_all__online_offline", "public":
      true}'
    headers:
      X-API-Key:
      - DUMMY
      accept:
      - '*/*'
      accept-encoding:
      - gzip, deflate
      connection:
      - keep-alive
      content-length:
      - '163'
      content-type:
      - application/json
      host:
      - localhost:8000
      user-agent:
      - cherrydb-client-py
      x-cherry-meta-id:
      - 39e4395a-c8cd-425d-b364-4f4c63a62a2b
    method: POST
    uri: http://localhost:8000/api/v1/namespaces/
  response:
    content: '{"path":"test_geo_layer_repo_create_all__online_offline","description":"cherrydb-client-py
      test test_geo_layer_repo_create_all__online_offline","public":true,"meta":{"notes":"Test
      setup for cherrydb-client-py test test_geo_layer_repo_create_all__online_offline","uuid":"39e4395a-c8cd-425d-b364-4f4c63a62a2b","created_at":"2023-02-21T21:41:28.863678+00:00","created_by":"pjrule@me.com"}}'
    headers:
      content-length:
      - '386'
      content-type:
      - application/json
      date:
      - Tue, 21 Feb 2023 21:41:28 GMT
      etag:
      - '"21127934-1ff2-40c2-bb59-56c86fb67398"'
      server:
      - uvicorn
    http_version: HTTP/1.1
    status_code: 201
- request:
    body: '{"notes": "adding a geographic layer"}'
    headers:
      X-API-Key:
      - DUMMY
      accept:
      - '*/*'
      accept-encoding:
      - gzip, deflate
      connection:
      - keep-alive
      content-length:
      - '38'
      content-type:
      - application/json
      host:
      - localhost:8000
      user-agent:
      - cherrydb-client-py
    method: POST
    uri: http://localhost:8000/api/v1/meta/
  response:
    content: '{"notes":"adding a geographic layer","uuid":"63ea9175-e3e5-4315-bcdf-ebe09762ab7e","created_at":"2023-02-21T21:41:28.903827+00:00","created_by":"pjrule@me.com"}'
    headers:
      content-length:
      - '160'
      content-type:
      - application/json
      date:
      - Tue, 21 Feb 2023 21:41:28 GMT
      server:
      - uvicorn
    http_version: HTTP/1.1
    status_code: 201
- request:
    body: '{"path": "blocks/2020", "description": "2020 Census blocks", "source_url":
      null}'
    headers:
      X-API-Key:
      - DUMMY
      accept:
      - '*/*'
      accept-encoding:
      - gzip, deflate
      connection:
      - keep-alive
      content-length:
      - '80'
      content-type:
      - application/json
      host:
      - localhost:8000
      user-agent:
      - cherrydb-client-py
      x-cherry-meta-id:
      - 63ea9175-e3e5-4315-bcdf-ebe09762ab7e
    method: POST
    uri: http://localhost:8000/api/v1/layers/test_geo_layer_repo_create_all__online_offline
  response:
    content: '{"path":"blocks/2020","description":"2020 Census blocks","source_url":null,"meta":{"notes":"adding
      a geographic layer","uuid":"63ea9175-e3e5-4315-bcdf-ebe09762ab7e","created_at":"2023-02-21T21:41:28.903827+00:00","created_by":"pjrule@me.com"},"namespace":"test_geo_layer_repo_create_all__online_offline"}'
    headers:
      content-length:
      - '304'
      content-type:
      - application/json
      date:
      - Tue, 21 Feb 2023 21:41:28 GMT
      etag:
      - '"a9b6ce71-1d19-46a8-b908-16f0f545e3f5"'
      server:
      - uvicorn
    http_version: HTTP/1.1
    status_code: 201
- request:
    body: ''
    headers:
      X-API-Key:
      - DUMMY
      accept:
      - '*/*'
      accept-encoding:
      - gzip, deflate
      connection:
      - keep-alive
      host:
      - localhost:8000
      user-agent:
      - cherrydb-client-py
    method: GET
    uri: http://localhost:8000/api/v1/layers/test_geo_layer_repo_create_all__online_offline
  response:
    content: '[{"path":"blocks/2020","description":"2020 Census blocks","source_url":null,"meta":{"notes":"adding
      a geographic layer","uuid":"63ea9175-e3e5-4315-bcdf-ebe09762ab7e","created_at":"2023-02-21T21:41:28.903827+00:00","created_by":"pjrule@me.com"},"namespace":"test_geo_layer_repo_create_all__online_offline"}]'
    headers:
      content-length:
      - '306'
      content-type:
      - application/json
      date:
      - Tue, 21 Feb 2023 21:41:28 GMT
      etag:
      - '"a9b6ce71-1d19-46a8-b908-16f0f545e3f5"'
      server:
      - uvicorn
    http_version: HTTP/1.1
    status_code: 200
- request:
    body: '{"notes": "Test setup for cherrydb-client-py test test_geo_layer_repo_create_all__online_offline"}'
    headers:
      X-API-Key:
      - DUMMY
      accept:
      - '*/*'
      accept-encoding:
      - gzip, deflate
      connection:
      - keep-alive
      content-length:
      - '98'
      content-type:
      - application/json
      host:
      - localhost:8000
      user-agent:
      - cherrydb-client-py
    method: POST
    uri: http://localhost:8000/api/v1/meta/
  response:
    content: '{"notes":"Test setup for cherrydb-client-py test test_geo_layer_repo_create_all__online_offline","uuid":"6ae2302e-8211-4c55-8ddc-611699aa6db9","created_at":"2023-02-21T21:56:36.326311+00:00","created_by":"pjrule@me.com"}'
    headers:
      content-length:
      - '220'
      content-type:
      - application/json
      date:
      - Tue, 21 Feb 2023 21:56:35 GMT
      server:
      - uvicorn
    http_version: HTTP/1.1
    status_code: 201
- request:
    body: '{"path": "test_geo_layer_repo_create_all__online_offline", "description":
      "cherrydb-client-py test test_geo_layer_repo_create_all__online_offline", "public":
      true}'
    headers:
      X-API-Key:
      - DUMMY
      accept:
      - '*/*'
      accept-encoding:
      - gzip, deflate
      connection:
      - keep-alive
      content-length:
      - '163'
      content-type:
      - application/json
      host:
      - localhost:8000
      user-agent:
      - cherrydb-client-py
      x-cherry-meta-id:
      - 6ae2302e-8211-4c55-8ddc-611699aa6db9
    method: POST
    uri: http://localhost:8000/api/v1/namespaces/
  response:
    content: '{"path":"test_geo_layer_repo_create_all__online_offline","description":"cherrydb-client-py
      test test_geo_layer_repo_create_all__online_offline","public":true,"meta":{"notes":"Test
      setup for cherrydb-client-py test test_geo_layer_repo_create_all__online_offline","uuid":"6ae2302e-8211-4c55-8ddc-611699aa6db9","created_at":"2023-02-21T21:56:36.326311+00:00","created_by":"pjrule@me.com"}}'
    headers:
      content-length:
      - '386'
      content-type:
      - application/json
      date:
      - Tue, 21 Feb 2023 21:56:35 GMT
      etag:
      - '"229c85c6-4647-47ac-aba5-73ad7d3aadd2"'
      server:
      - uvicorn
    http_version: HTTP/1.1
    status_code: 201
- request:
    body: '{"notes": "adding a geographic layer"}'
    headers:
      X-API-Key:
      - DUMMY
      accept:
      - '*/*'
      accept-encoding:
      - gzip, deflate
      connection:
      - keep-alive
      content-length:
      - '38'
      content-type:
      - application/json
      host:
      - localhost:8000
      user-agent:
      - cherrydb-client-py
    method: POST
    uri: http://localhost:8000/api/v1/meta/
  response:
    content: '{"notes":"adding a geographic layer","uuid":"f3d1aeb1-0438-4cde-8d24-ebafbc74b1c8","created_at":"2023-02-21T21:56:36.370447+00:00","created_by":"pjrule@me.com"}'
    headers:
      content-length:
      - '160'
      content-type:
      - application/json
      date:
      - Tue, 21 Feb 2023 21:56:35 GMT
      server:
      - uvicorn
    http_version: HTTP/1.1
    status_code: 201
- request:
    body: '{"path": "blocks/2020", "description": "2020 Census blocks", "source_url":
      null}'
    headers:
      X-API-Key:
      - DUMMY
      accept:
      - '*/*'
      accept-encoding:
      - gzip, deflate
      connection:
      - keep-alive
      content-length:
      - '80'
      content-type:
      - application/json
      host:
      - localhost:8000
      user-agent:
      - cherrydb-client-py
      x-cherry-meta-id:
      - f3d1aeb1-0438-4cde-8d24-ebafbc74b1c8
    method: POST
    uri: http://localhost:8000/api/v1/layers/test_geo_layer_repo_create_all__online_offline
  response:
    content: '{"path":"blocks/2020","description":"2020 Census blocks","source_url":null,"meta":{"notes":"adding
      a geographic layer","uuid":"f3d1aeb1-0438-4cde-8d24-ebafbc74b1c8","created_at":"2023-02-21T21:56:36.370447+00:00","created_by":"pjrule@me.com"},"namespace":"test_geo_layer_repo_create_all__online_offline"}'
    headers:
      content-length:
      - '304'
      content-type:
      - application/json
      date:
      - Tue, 21 Feb 2023 21:56:35 GMT
      etag:
      - '"aa4cf725-d596-45ae-a682-d19c4650f161"'
      server:
      - uvicorn
    http_version: HTTP/1.1
    status_code: 201
- request:
    body: ''
    headers:
      X-API-Key:
      - DUMMY
      accept:
      - '*/*'
      accept-encoding:
      - gzip, deflate
      connection:
      - keep-alive
      host:
      - localhost:8000
      user-agent:
      - cherrydb-client-py
    method: GET
    uri: http://localhost:8000/api/v1/layers/test_geo_layer_repo_create_all__online_offline
  response:
    content: '[{"path":"blocks/2020","description":"2020 Census blocks","source_url":null,"meta":{"notes":"adding
      a geographic layer","uuid":"f3d1aeb1-0438-4cde-8d24-ebafbc74b1c8","created_at":"2023-02-21T21:56:36.370447+00:00","created_by":"pjrule@me.com"},"namespace":"test_geo_layer_repo_create_all__online_offline"}]'
    headers:
      content-length:
      - '306'
      content-type:
      - application/json
      date:
      - Tue, 21 Feb 2023 21:56:35 GMT
      etag:
      - '"aa4cf725-d596-45ae-a682-d19c4650f161"'
      server:
      - uvicorn
    http_version: HTTP/1.1
    status_code: 200
- request:
    body: '{"notes": "Test setup for cherrydb-client-py test test_geo_layer_repo_create_all__online_offline"}'
    headers:
      X-API-Key:
      - DUMMY
      accept:
      - '*/*'
      accept-encoding:
      - gzip, deflate
      connection:
      - keep-alive
      content-length:
      - '98'
      content-type:
      - application/json
      host:
      - localhost:8000
      user-agent:
      - cherrydb-client-py
    method: POST
    uri: http://localhost:8000/api/v1/meta/
  response:
    content: '{"notes":"Test setup for cherrydb-client-py test test_geo_layer_repo_create_all__online_offline","uuid":"e4b33755-dac4-46ad-a5ff-4d4d1d6315db","created_at":"2023-02-21T21:57:04.933193+00:00","created_by":"pjrule@me.com"}'
    headers:
      content-length:
      - '220'
      content-type:
      - application/json
      date:
      - Tue, 21 Feb 2023 21:57:04 GMT
      server:
      - uvicorn
    http_version: HTTP/1.1
    status_code: 201
- request:
    body: '{"path": "test_geo_layer_repo_create_all__online_offline", "description":
      "cherrydb-client-py test test_geo_layer_repo_create_all__online_offline", "public":
      true}'
    headers:
      X-API-Key:
      - DUMMY
      accept:
      - '*/*'
      accept-encoding:
      - gzip, deflate
      connection:
      - keep-alive
      content-length:
      - '163'
      content-type:
      - application/json
      host:
      - localhost:8000
      user-agent:
      - cherrydb-client-py
      x-cherry-meta-id:
      - e4b33755-dac4-46ad-a5ff-4d4d1d6315db
    method: POST
    uri: http://localhost:8000/api/v1/namespaces/
  response:
    content: '{"path":"test_geo_layer_repo_create_all__online_offline","description":"cherrydb-client-py
      test test_geo_layer_repo_create_all__online_offline","public":true,"meta":{"notes":"Test
      setup for cherrydb-client-py test test_geo_layer_repo_create_all__online_offline","uuid":"e4b33755-dac4-46ad-a5ff-4d4d1d6315db","created_at":"2023-02-21T21:57:04.933193+00:00","created_by":"pjrule@me.com"}}'
    headers:
      content-length:
      - '386'
      content-type:
      - application/json
      date:
      - Tue, 21 Feb 2023 21:57:04 GMT
      etag:
      - '"a4498a49-2fac-41be-bf09-eff234de2c74"'
      server:
      - uvicorn
    http_version: HTTP/1.1
    status_code: 201
- request:
    body: '{"notes": "adding a geographic layer"}'
    headers:
      X-API-Key:
      - DUMMY
      accept:
      - '*/*'
      accept-encoding:
      - gzip, deflate
      connection:
      - keep-alive
      content-length:
      - '38'
      content-type:
      - application/json
      host:
      - localhost:8000
      user-agent:
      - cherrydb-client-py
    method: POST
    uri: http://localhost:8000/api/v1/meta/
  response:
    content: '{"notes":"adding a geographic layer","uuid":"4138c403-e286-40b7-a01b-0b036f032204","created_at":"2023-02-21T21:57:04.994466+00:00","created_by":"pjrule@me.com"}'
    headers:
      content-length:
      - '160'
      content-type:
      - application/json
      date:
      - Tue, 21 Feb 2023 21:57:04 GMT
      server:
      - uvicorn
    http_version: HTTP/1.1
    status_code: 201
- request:
    body: '{"path": "blocks/2020", "description": "2020 Census blocks", "source_url":
      null}'
    headers:
      X-API-Key:
      - DUMMY
      accept:
      - '*/*'
      accept-encoding:
      - gzip, deflate
      connection:
      - keep-alive
      content-length:
      - '80'
      content-type:
      - application/json
      host:
      - localhost:8000
      user-agent:
      - cherrydb-client-py
      x-cherry-meta-id:
      - 4138c403-e286-40b7-a01b-0b036f032204
    method: POST
    uri: http://localhost:8000/api/v1/layers/test_geo_layer_repo_create_all__online_offline
  response:
    content: '{"path":"blocks/2020","description":"2020 Census blocks","source_url":null,"meta":{"notes":"adding
      a geographic layer","uuid":"4138c403-e286-40b7-a01b-0b036f032204","created_at":"2023-02-21T21:57:04.994466+00:00","created_by":"pjrule@me.com"},"namespace":"test_geo_layer_repo_create_all__online_offline"}'
    headers:
      content-length:
      - '304'
      content-type:
      - application/json
      date:
      - Tue, 21 Feb 2023 21:57:04 GMT
      etag:
      - '"89d80cd2-7ed2-45ff-9f1c-b3f65fb70203"'
      server:
      - uvicorn
    http_version: HTTP/1.1
    status_code: 201
- request:
    body: ''
    headers:
      X-API-Key:
      - DUMMY
      accept:
      - '*/*'
      accept-encoding:
      - gzip, deflate
      connection:
      - keep-alive
      host:
      - localhost:8000
      user-agent:
      - cherrydb-client-py
    method: GET
    uri: http://localhost:8000/api/v1/layers/test_geo_layer_repo_create_all__online_offline
  response:
    content: '[{"path":"blocks/2020","description":"2020 Census blocks","source_url":null,"meta":{"notes":"adding
      a geographic layer","uuid":"4138c403-e286-40b7-a01b-0b036f032204","created_at":"2023-02-21T21:57:04.994466+00:00","created_by":"pjrule@me.com"},"namespace":"test_geo_layer_repo_create_all__online_offline"}]'
    headers:
      content-length:
      - '306'
      content-type:
      - application/json
      date:
      - Tue, 21 Feb 2023 21:57:05 GMT
      etag:
      - '"89d80cd2-7ed2-45ff-9f1c-b3f65fb70203"'
      server:
      - uvicorn
    http_version: HTTP/1.1
    status_code: 200
- request:
    body: '{"notes": "Test setup for cherrydb-client-py test test_geo_layer_repo_create_all__online_offline"}'
    headers:
      X-API-Key:
      - DUMMY
      accept:
      - '*/*'
      accept-encoding:
      - gzip, deflate
      connection:
      - keep-alive
      content-length:
      - '98'
      content-type:
      - application/json
      host:
      - localhost:8000
      user-agent:
      - cherrydb-client-py
    method: POST
    uri: http://localhost:8000/api/v1/meta/
  response:
    content: '{"notes":"Test setup for cherrydb-client-py test test_geo_layer_repo_create_all__online_offline","uuid":"694f334d-5986-459a-b3ae-3ee0f278cb9f","created_at":"2023-02-21T21:58:07.931964+00:00","created_by":"pjrule@me.com"}'
    headers:
      content-length:
      - '220'
      content-type:
      - application/json
      date:
      - Tue, 21 Feb 2023 21:58:07 GMT
      server:
      - uvicorn
    http_version: HTTP/1.1
    status_code: 201
- request:
    body: '{"path": "test_geo_layer_repo_create_all__online_offline", "description":
      "cherrydb-client-py test test_geo_layer_repo_create_all__online_offline", "public":
      true}'
    headers:
      X-API-Key:
      - DUMMY
      accept:
      - '*/*'
      accept-encoding:
      - gzip, deflate
      connection:
      - keep-alive
      content-length:
      - '163'
      content-type:
      - application/json
      host:
      - localhost:8000
      user-agent:
      - cherrydb-client-py
      x-cherry-meta-id:
      - 694f334d-5986-459a-b3ae-3ee0f278cb9f
    method: POST
    uri: http://localhost:8000/api/v1/namespaces/
  response:
    content: '{"path":"test_geo_layer_repo_create_all__online_offline","description":"cherrydb-client-py
      test test_geo_layer_repo_create_all__online_offline","public":true,"meta":{"notes":"Test
      setup for cherrydb-client-py test test_geo_layer_repo_create_all__online_offline","uuid":"694f334d-5986-459a-b3ae-3ee0f278cb9f","created_at":"2023-02-21T21:58:07.931964+00:00","created_by":"pjrule@me.com"}}'
    headers:
      content-length:
      - '386'
      content-type:
      - application/json
      date:
      - Tue, 21 Feb 2023 21:58:07 GMT
      etag:
      - '"d46f01d7-3fc0-4ad7-8bbb-3c0e9bd7f3c8"'
      server:
      - uvicorn
    http_version: HTTP/1.1
    status_code: 201
- request:
    body: '{"notes": "adding a geographic layer"}'
    headers:
      X-API-Key:
      - DUMMY
      accept:
      - '*/*'
      accept-encoding:
      - gzip, deflate
      connection:
      - keep-alive
      content-length:
      - '38'
      content-type:
      - application/json
      host:
      - localhost:8000
      user-agent:
      - cherrydb-client-py
    method: POST
    uri: http://localhost:8000/api/v1/meta/
  response:
    content: '{"notes":"adding a geographic layer","uuid":"fa3bcd64-8b25-4fba-98d1-2ced7a62eab2","created_at":"2023-02-21T21:58:07.971877+00:00","created_by":"pjrule@me.com"}'
    headers:
      content-length:
      - '160'
      content-type:
      - application/json
      date:
      - Tue, 21 Feb 2023 21:58:07 GMT
      server:
      - uvicorn
    http_version: HTTP/1.1
    status_code: 201
- request:
    body: '{"path": "blocks/2020", "description": "2020 Census blocks", "source_url":
      null}'
    headers:
      X-API-Key:
      - DUMMY
      accept:
      - '*/*'
      accept-encoding:
      - gzip, deflate
      connection:
      - keep-alive
      content-length:
      - '80'
      content-type:
      - application/json
      host:
      - localhost:8000
      user-agent:
      - cherrydb-client-py
      x-cherry-meta-id:
      - fa3bcd64-8b25-4fba-98d1-2ced7a62eab2
    method: POST
    uri: http://localhost:8000/api/v1/layers/test_geo_layer_repo_create_all__online_offline
  response:
    content: '{"path":"blocks/2020","description":"2020 Census blocks","source_url":null,"meta":{"notes":"adding
      a geographic layer","uuid":"fa3bcd64-8b25-4fba-98d1-2ced7a62eab2","created_at":"2023-02-21T21:58:07.971877+00:00","created_by":"pjrule@me.com"},"namespace":"test_geo_layer_repo_create_all__online_offline"}'
    headers:
      content-length:
      - '304'
      content-type:
      - application/json
      date:
      - Tue, 21 Feb 2023 21:58:07 GMT
      etag:
      - '"a8a7e5cb-2e4d-4ca5-8506-95f3749e25c7"'
      server:
      - uvicorn
    http_version: HTTP/1.1
    status_code: 201
- request:
    body: ''
    headers:
      X-API-Key:
      - DUMMY
      accept:
      - '*/*'
      accept-encoding:
      - gzip, deflate
      connection:
      - keep-alive
      host:
      - localhost:8000
      user-agent:
      - cherrydb-client-py
    method: GET
    uri: http://localhost:8000/api/v1/layers/test_geo_layer_repo_create_all__online_offline
  response:
    content: '[{"path":"blocks/2020","description":"2020 Census blocks","source_url":null,"meta":{"notes":"adding
      a geographic layer","uuid":"fa3bcd64-8b25-4fba-98d1-2ced7a62eab2","created_at":"2023-02-21T21:58:07.971877+00:00","created_by":"pjrule@me.com"},"namespace":"test_geo_layer_repo_create_all__online_offline"}]'
    headers:
      content-length:
      - '306'
      content-type:
      - application/json
      date:
      - Tue, 21 Feb 2023 21:58:07 GMT
      etag:
      - '"a8a7e5cb-2e4d-4ca5-8506-95f3749e25c7"'
      server:
      - uvicorn
    http_version: HTTP/1.1
    status_code: 200
- request:
    body: '{"notes": "Test setup for cherrydb-client-py test test_geo_layer_repo_create_all__online_offline"}'
    headers:
      X-API-Key:
      - DUMMY
      accept:
      - '*/*'
      accept-encoding:
      - gzip, deflate
      connection:
      - keep-alive
      content-length:
      - '98'
      content-type:
      - application/json
      host:
      - localhost:8000
      user-agent:
      - cherrydb-client-py
    method: POST
    uri: http://localhost:8000/api/v1/meta/
  response:
    content: '{"notes":"Test setup for cherrydb-client-py test test_geo_layer_repo_create_all__online_offline","uuid":"6682cdd7-d349-4318-8768-147098f5891b","created_at":"2023-02-21T21:58:36.117294+00:00","created_by":"pjrule@me.com"}'
    headers:
      content-length:
      - '220'
      content-type:
      - application/json
      date:
      - Tue, 21 Feb 2023 21:58:35 GMT
      server:
      - uvicorn
    http_version: HTTP/1.1
    status_code: 201
- request:
    body: '{"path": "test_geo_layer_repo_create_all__online_offline", "description":
      "cherrydb-client-py test test_geo_layer_repo_create_all__online_offline", "public":
      true}'
    headers:
      X-API-Key:
      - DUMMY
      accept:
      - '*/*'
      accept-encoding:
      - gzip, deflate
      connection:
      - keep-alive
      content-length:
      - '163'
      content-type:
      - application/json
      host:
      - localhost:8000
      user-agent:
      - cherrydb-client-py
      x-cherry-meta-id:
      - 6682cdd7-d349-4318-8768-147098f5891b
    method: POST
    uri: http://localhost:8000/api/v1/namespaces/
  response:
    content: '{"path":"test_geo_layer_repo_create_all__online_offline","description":"cherrydb-client-py
      test test_geo_layer_repo_create_all__online_offline","public":true,"meta":{"notes":"Test
      setup for cherrydb-client-py test test_geo_layer_repo_create_all__online_offline","uuid":"6682cdd7-d349-4318-8768-147098f5891b","created_at":"2023-02-21T21:58:36.117294+00:00","created_by":"pjrule@me.com"}}'
    headers:
      content-length:
      - '386'
      content-type:
      - application/json
      date:
      - Tue, 21 Feb 2023 21:58:35 GMT
      etag:
      - '"2f98bf86-8415-4a81-b425-bf2e24a2b23f"'
      server:
      - uvicorn
    http_version: HTTP/1.1
    status_code: 201
- request:
    body: '{"notes": "adding a geographic layer"}'
    headers:
      X-API-Key:
      - DUMMY
      accept:
      - '*/*'
      accept-encoding:
      - gzip, deflate
      connection:
      - keep-alive
      content-length:
      - '38'
      content-type:
      - application/json
      host:
      - localhost:8000
      user-agent:
      - cherrydb-client-py
    method: POST
    uri: http://localhost:8000/api/v1/meta/
  response:
    content: '{"notes":"adding a geographic layer","uuid":"688c6228-7785-4cc1-a12c-c0e18c593674","created_at":"2023-02-21T21:58:36.158165+00:00","created_by":"pjrule@me.com"}'
    headers:
      content-length:
      - '160'
      content-type:
      - application/json
      date:
      - Tue, 21 Feb 2023 21:58:36 GMT
      server:
      - uvicorn
    http_version: HTTP/1.1
    status_code: 201
- request:
    body: '{"path": "blocks/2020", "description": "2020 Census blocks", "source_url":
      null}'
    headers:
      X-API-Key:
      - DUMMY
      accept:
      - '*/*'
      accept-encoding:
      - gzip, deflate
      connection:
      - keep-alive
      content-length:
      - '80'
      content-type:
      - application/json
      host:
      - localhost:8000
      user-agent:
      - cherrydb-client-py
      x-cherry-meta-id:
      - 688c6228-7785-4cc1-a12c-c0e18c593674
    method: POST
    uri: http://localhost:8000/api/v1/layers/test_geo_layer_repo_create_all__online_offline
  response:
    content: '{"path":"blocks/2020","description":"2020 Census blocks","source_url":null,"meta":{"notes":"adding
      a geographic layer","uuid":"688c6228-7785-4cc1-a12c-c0e18c593674","created_at":"2023-02-21T21:58:36.158165+00:00","created_by":"pjrule@me.com"},"namespace":"test_geo_layer_repo_create_all__online_offline"}'
    headers:
      content-length:
      - '304'
      content-type:
      - application/json
      date:
      - Tue, 21 Feb 2023 21:58:36 GMT
      etag:
      - '"d49a7f72-c54c-4ff6-a932-b082d7ef0b67"'
      server:
      - uvicorn
    http_version: HTTP/1.1
    status_code: 201
- request:
    body: ''
    headers:
      X-API-Key:
      - DUMMY
      accept:
      - '*/*'
      accept-encoding:
      - gzip, deflate
      connection:
      - keep-alive
      host:
      - localhost:8000
      user-agent:
      - cherrydb-client-py
    method: GET
    uri: http://localhost:8000/api/v1/layers/test_geo_layer_repo_create_all__online_offline
  response:
    content: '[{"path":"blocks/2020","description":"2020 Census blocks","source_url":null,"meta":{"notes":"adding
      a geographic layer","uuid":"688c6228-7785-4cc1-a12c-c0e18c593674","created_at":"2023-02-21T21:58:36.158165+00:00","created_by":"pjrule@me.com"},"namespace":"test_geo_layer_repo_create_all__online_offline"}]'
    headers:
      content-length:
      - '306'
      content-type:
      - application/json
      date:
      - Tue, 21 Feb 2023 21:58:36 GMT
      etag:
      - '"d49a7f72-c54c-4ff6-a932-b082d7ef0b67"'
      server:
      - uvicorn
    http_version: HTTP/1.1
    status_code: 200
version: 1
