interactions:
- request:
    body: '{"notes": "Test setup for cherrydb-client-py test test_column_repo_create_all__online_offline"}'
    headers:
      X-API-Key:
      - DUMMY
      accept:
      - '*/*'
      accept-encoding:
      - gzip, deflate
      connection:
      - keep-alive
      content-length:
      - '95'
      content-type:
      - application/json
      host:
      - localhost:8000
      user-agent:
      - cherrydb-client-py
    method: POST
    uri: http://localhost:8000/api/v1/meta/
  response:
    content: '{"detail":"Unknown API key."}'
    headers:
      content-length:
      - '29'
      content-type:
      - application/json
      date:
      - Tue, 21 Feb 2023 18:57:26 GMT
      server:
      - uvicorn
    http_version: HTTP/1.1
    status_code: 401
- request:
    body: '{"notes": "Test setup for cherrydb-client-py test test_column_repo_create_all__online_offline"}'
    headers:
      X-API-Key:
      - DUMMY
      accept:
      - '*/*'
      accept-encoding:
      - gzip, deflate
      connection:
      - keep-alive
      content-length:
      - '95'
      content-type:
      - application/json
      host:
      - localhost:8000
      user-agent:
      - cherrydb-client-py
    method: POST
    uri: http://localhost:8000/api/v1/meta/
  response:
    content: '{"notes":"Test setup for cherrydb-client-py test test_column_repo_create_all__online_offline","uuid":"51694496-f748-4a89-9aa7-1e07dd2b38b9","created_at":"2023-02-21T18:57:38.114657+00:00","created_by":"pjrule@me.com"}'
    headers:
      content-length:
      - '217'
      content-type:
      - application/json
      date:
      - Tue, 21 Feb 2023 18:57:37 GMT
      server:
      - uvicorn
    http_version: HTTP/1.1
    status_code: 201
- request:
    body: '{"path": "test_column_repo_create_all__online_offline", "description":
      "cherrydb-client-py test test_column_repo_create_all__online_offline", "public":
      true}'
    headers:
      X-API-Key:
      - DUMMY
      accept:
      - '*/*'
      accept-encoding:
      - gzip, deflate
      connection:
      - keep-alive
      content-length:
      - '157'
      content-type:
      - application/json
      host:
      - localhost:8000
      user-agent:
      - cherrydb-client-py
      x-cherry-meta-id:
      - 51694496-f748-4a89-9aa7-1e07dd2b38b9
    method: POST
    uri: http://localhost:8000/api/v1/namespaces/
  response:
    content: '{"path":"test_column_repo_create_all__online_offline","description":"cherrydb-client-py
      test test_column_repo_create_all__online_offline","public":true,"meta":{"notes":"Test
      setup for cherrydb-client-py test test_column_repo_create_all__online_offline","uuid":"51694496-f748-4a89-9aa7-1e07dd2b38b9","created_at":"2023-02-21T18:57:38.114657+00:00","created_by":"pjrule@me.com"}}'
    headers:
      content-length:
      - '377'
      content-type:
      - application/json
      date:
      - Tue, 21 Feb 2023 18:57:37 GMT
      etag:
      - '"544f977e-a6a8-48d3-88b8-d82d95cda840"'
      server:
      - uvicorn
    http_version: HTTP/1.1
    status_code: 201
- request:
    body: '{"notes": "adding a column"}'
    headers:
      X-API-Key:
      - DUMMY
      accept:
      - '*/*'
      accept-encoding:
      - gzip, deflate
      connection:
      - keep-alive
      content-length:
      - '28'
      content-type:
      - application/json
      host:
      - localhost:8000
      user-agent:
      - cherrydb-client-py
    method: POST
    uri: http://localhost:8000/api/v1/meta/
  response:
    content: '{"notes":"adding a column","uuid":"1ffaa3a6-51fc-436b-b8d7-95b4f3b98279","created_at":"2023-02-21T18:57:38.147548+00:00","created_by":"pjrule@me.com"}'
    headers:
      content-length:
      - '150'
      content-type:
      - application/json
      date:
      - Tue, 21 Feb 2023 18:57:37 GMT
      server:
      - uvicorn
    http_version: HTTP/1.1
    status_code: 201
- request:
    body: '{"canonical_path": "total_pop", "namespace": "test_column_repo_create_all__online_offline",
      "description": "2020 Census total population", "source_url": "https://www.census.gov/",
      "kind": "count", "type": "int", "aliases": ["totpop", "p001001", "p0001001"]}'
    headers:
      X-API-Key:
      - DUMMY
      accept:
      - '*/*'
      accept-encoding:
      - gzip, deflate
      connection:
      - keep-alive
      content-length:
      - '257'
      content-type:
      - application/json
      host:
      - localhost:8000
      user-agent:
      - cherrydb-client-py
      x-cherry-meta-id:
      - 1ffaa3a6-51fc-436b-b8d7-95b4f3b98279
    method: POST
    uri: http://localhost:8000/api/v1/columns/test_column_repo_create_all__online_offline
  response:
    content: '{"canonical_path":"total_pop","namespace":"test_column_repo_create_all__online_offline","description":"2020
      Census total population","source_url":null,"kind":"count","type":"int","aliases":["totpop","p001001","p0001001"],"meta":{"notes":"adding
      a column","uuid":"1ffaa3a6-51fc-436b-b8d7-95b4f3b98279","created_at":"2023-02-21T18:57:38.147548+00:00","created_by":"pjrule@me.com"}}'
    headers:
      content-length:
      - '379'
      content-type:
      - application/json
      date:
      - Tue, 21 Feb 2023 18:57:37 GMT
      etag:
      - '"41c6afd1-90b6-4157-aecf-70ace4276115"'
      server:
      - uvicorn
    http_version: HTTP/1.1
    status_code: 201
- request:
    body: ''
    headers:
      X-API-Key:
      - DUMMY
      accept:
      - '*/*'
      accept-encoding:
      - gzip, deflate
      connection:
      - keep-alive
      host:
      - localhost:8000
      user-agent:
      - cherrydb-client-py
    method: GET
    uri: http://localhost:8000/api/v1/columns/test_column_repo_create_all__online_offline
  response:
    content: '[{"canonical_path":"total_pop","namespace":"test_column_repo_create_all__online_offline","description":"2020
      Census total population","source_url":null,"kind":"count","type":"int","aliases":["totpop","p001001","p0001001"],"meta":{"notes":"adding
      a column","uuid":"1ffaa3a6-51fc-436b-b8d7-95b4f3b98279","created_at":"2023-02-21T18:57:38.147548+00:00","created_by":"pjrule@me.com"}}]'
    headers:
      content-length:
      - '381'
      content-type:
      - application/json
      date:
      - Tue, 21 Feb 2023 18:57:37 GMT
      etag:
      - '"41c6afd1-90b6-4157-aecf-70ace4276115"'
      server:
      - uvicorn
    http_version: HTTP/1.1
    status_code: 200
version: 1
